ANALYZE_PROGRESS v2-128k-F256-attempt1
ANALYZE_PROGRESS v2-128k-F256-attempt2
ANALYZE_PROGRESS v2-128k-F256-attempt3
ANALYZE_PROGRESS v2-128k-FF-attempt1
ANALYZE_PROGRESS v2-128k-FF-attempt2
ANALYZE_PROGRESS v2-128k-FF-attempt3
ANALYZE_PROGRESS v2-128k-current-attempt1
ANALYZE_PROGRESS v2-128k-current-attempt2
ANALYZE_PROGRESS v2-128k-current-attempt3
ANALYZE_PROGRESS v2-256k-F256-attempt1
ANALYZE_PROGRESS v2-256k-F256-attempt2
ANALYZE_PROGRESS v2-256k-F256-attempt3
ANALYZE_PROGRESS v2-256k-FF-attempt1
ANALYZE_PROGRESS v2-256k-FF-attempt2
ANALYZE_PROGRESS v2-256k-FF-attempt3
ANALYZE_PROGRESS v2-256k-current-attempt1
ANALYZE_PROGRESS v2-256k-current-attempt2
ANALYZE_PROGRESS v2-256k-current-attempt3
ANALYZE_PROGRESS v2-32k-6464-attempt1
ANALYZE_PROGRESS v2-32k-6464-attempt2
ANALYZE_PROGRESS v2-32k-6464-attempt3
ANALYZE_PROGRESS v2-32k-64F-attempt1
ANALYZE_PROGRESS v2-32k-64F-attempt2
ANALYZE_PROGRESS v2-32k-64F-attempt3
ANALYZE_PROGRESS v2-32k-F64-attempt1
ANALYZE_PROGRESS v2-32k-F64-attempt2
ANALYZE_PROGRESS v2-32k-F64-attempt3
ANALYZE_PROGRESS v2-32k-FF-attempt1
ANALYZE_PROGRESS v2-32k-FF-attempt2
ANALYZE_PROGRESS v2-32k-FF-attempt3
ANALYZE_PROGRESS v2-32k-current-attempt1
ANALYZE_PROGRESS v2-32k-current-attempt2
ANALYZE_PROGRESS v2-32k-current-attempt3
DERIVED 33 requests 11 cells
128k F256 {'min': 78.51120068850642, 'median': 80.94429743867423, 'max': 83.40273380152348} {'min': -1.0717815016505134, 'median': -0.8002574002573993, 'max': -0.04910416439220184}
128k FF {'min': 96.79256474302471, 'median': 97.03884633699676, 'max': 101.22928333819378} {'min': 1.0, 'median': 1.0, 'max': 1.0}
128k current {'min': 84.09589724532555, 'median': 87.0130477084723, 'max': 87.3871125343756} {'min': 0.0, 'median': 0.0, 'max': 0.0}
256k F256 {'min': 70.90504332893639, 'median': 73.05349706162997, 'max': 78.55381204619638} {'min': -2.0647285287662376, 'median': -1.1253165662387554, 'max': -0.12306693246345315}
256k FF {'min': 86.13963621986638, 'median': 89.82672827633999, 'max': 91.620606583889} {'min': 1.0, 'median': 1.0, 'max': 1.0}
256k current {'min': 79.80096517085316, 'median': 79.8060961258193, 'max': 81.38287303794954} {'min': 0.0, 'median': 0.0, 'max': 0.0}
32k 6464 {'min': 88.25132667857427, 'median': 91.83238795596708, 'max': 95.00173953380494} {'min': -1.7665819658505337, 'median': -0.7483457802886676, 'max': -0.4587830500935421}
32k 64F {'min': 102.25939333416552, 'median': 115.96566329188465, 'max': 120.80030200075501} {'min': -0.25671471656890554, 'median': 0.7596447780830384, 'max': 0.9405131022933925}
32k F64 {'min': 90.97592558453587, 'median': 93.73812825829249, 'max': 95.32919526426156} {'min': -1.1214229737110846, 'median': -1.117478620903147, 'max': -0.24473749623873353}
32k FF {'min': 117.82608570582025, 'median': 120.19308361576948, 'max': 122.44226888872281} {'min': 1.0, 'median': 1.0, 'max': 1.0}
32k current {'min': 99.66858249667854, 'median': 104.36439889826255, 'max': 105.09570482886028} {'min': 0.0, 'median': 0.0, 'max': 0.0}
