PASS logical 50 63562800
PASS complete 50 roles 484264 links 10391
PASS logical 6 180
PASS complete 6 roles 150 links 12
PASS logical 8 1680
PASS complete 8 roles 683 links 121
PASS /srv/ai/work/rad/integer-multiplication-bounds/20261007T222521Z/derived/review/20261008T010700Z-singleton-final219/certificate.json
	Command being timed: "env OPENBLAS_NUM_THREADS=1 OMP_NUM_THREADS=1 MKL_NUM_THREADS=1 PYTHONDONTWRITEBYTECODE=1 /srv/ai/work/rad/integer-multiplication-bounds/20261007T222521Z/envs/math/bin/python -B research/integer-multiplication-bounds/code/review_singleton_positions.py --reference /srv/ai/work/rad/integer-multiplication-bounds/20261007T222521Z/repos/upstream-reference --candidate /srv/ai/work/rad/integer-multiplication-bounds/20261007T222521Z/derived/finite/20261008T004828Z-finite-singleton-neighborhood/cases/6a112b577b3feb05a94dcdfee41c449777edf0894e7fb73513ad805a5b141bd4.json --small-controls --output /srv/ai/work/rad/integer-multiplication-bounds/20261007T222521Z/derived/review/20261008T010700Z-singleton-final219/certificate.json"
	User time (seconds): 96.14
	System time (seconds): 2.24
	Percent of CPU this job got: 98%
	Elapsed (wall clock) time (h:mm:ss or m:ss): 1:39.96
	Average shared text size (kbytes): 0
	Average unshared data size (kbytes): 0
	Average stack size (kbytes): 0
	Average total size (kbytes): 0
	Maximum resident set size (kbytes): 3052716
	Average resident set size (kbytes): 0
	Major (requiring I/O) page faults: 186
	Minor (reclaiming a frame) page faults: 877482
	Voluntary context switches: 2538
	Involuntary context switches: 11753
	Swaps: 0
	File system inputs: 0
	File system outputs: 26
	Socket messages sent: 0
	Socket messages received: 0
	Signals delivered: 0
	Page size (bytes): 4096
	Exit status: 0
