Test project /srv/ai/research/iq3s-residency-20261004T230051Z/builds/diagnostic-direct-parts-v2
      Start  2: gguf_split_test
 1/14 Test  #2: gguf_split_test .....................   Passed    0.00 sec
      Start 47: conv_cache_test
 2/14 Test #47: conv_cache_test .....................   Passed    0.00 sec
      Start 54: native_expert_parity_q4_K_q5_1
 3/14 Test #54: native_expert_parity_q4_K_q5_1 ......   Passed    0.85 sec
      Start 55: native_expert_parity_q4_K_q8_0
 4/14 Test #55: native_expert_parity_q4_K_q8_0 ......   Passed    0.72 sec
      Start 56: native_expert_parity_q5_K_q8_0
 5/14 Test #56: native_expert_parity_q5_K_q8_0 ......   Passed    0.68 sec
      Start 57: native_expert_parity_q8_0_q8_0
 6/14 Test #57: native_expert_parity_q8_0_q8_0 ......   Passed    0.51 sec
      Start 58: native_expert_parity_q4_K_q5_0
 7/14 Test #58: native_expert_parity_q4_K_q5_0 ......   Passed    0.74 sec
      Start 59: native_expert_parity_q5_0_q8_0
 8/14 Test #59: native_expert_parity_q5_0_q8_0 ......   Passed    0.60 sec
      Start 60: native_expert_parity_q5_1_min
 9/14 Test #60: native_expert_parity_q5_1_min .......   Passed    0.43 sec
      Start 61: native_expert_parity_bf16_embd
10/14 Test #61: native_expert_parity_bf16_embd ......   Passed    0.43 sec
      Start 62: native_expert_parity_refuses_q6_K
11/14 Test #62: native_expert_parity_refuses_q6_K ...   Passed    0.44 sec
      Start 64: expert_multi_test
12/14 Test #64: expert_multi_test ...................   Passed    0.08 sec
      Start 68: direct_file_async_test
13/14 Test #68: direct_file_async_test ..............   Passed    0.00 sec
      Start 69: lab_direct_parts_test
14/14 Test #69: lab_direct_parts_test ...............   Passed    0.67 sec

100% tests passed, 0 tests failed out of 14

Total Test time (real) =   6.19 sec
