PASS conservative original 65237923327287454236494811472631/5000000000000000000000000000000000000000
PASS conservative balanced 130475848356972833771244000725867/10000000000000000000000000000000000000000
PASS tight original 13047621994979230665214607608847/1000000000000000000000000000000000000000
PASS tight balanced 32619055413049181525783353878563/2500000000000000000000000000000000000000
	Command being timed: "timeout 60 /srv/ai/work/rad/integer-multiplication-bounds/20261007T222521Z/envs/math/bin/python -B /srv/ai/research/research/integer-multiplication-bounds/code/review_householder_assembly.py --certificate /srv/ai/research/research/integer-multiplication-bounds/runs/20261008T055025Z-downstream-householder-semantic-bulk/results/certificate.json --previous /srv/ai/research/research/integer-multiplication-bounds/runs/20261008T053614Z-downstream-uncapped-middle-semantic-bulk/results/certificate.json --previous-review /srv/ai/research/research/integer-multiplication-bounds/runs/20261008T054255Z-review-uncapped-assembly/results/certificate.json --primitive /srv/ai/research/research/integer-multiplication-bounds/runs/20261008T054607Z-downstream-householder-characteristic/results/certificate.json --reflection-review /srv/ai/research/research/integer-multiplication-bounds/runs/20261008T0541Z-review-reflected-basis-repair/results/certificate.json --output /srv/ai/work/rad/integer-multiplication-bounds/20261007T222521Z/derived/20261008T062808Z-review-householder-assembly/certificate.json"
	User time (seconds): 0.04
	System time (seconds): 0.01
	Percent of CPU this job got: 89%
	Elapsed (wall clock) time (h:mm:ss or m:ss): 0:00.06
	Average shared text size (kbytes): 0
	Average unshared data size (kbytes): 0
	Average stack size (kbytes): 0
	Average total size (kbytes): 0
	Maximum resident set size (kbytes): 23596
	Average resident set size (kbytes): 0
	Major (requiring I/O) page faults: 0
	Minor (reclaiming a frame) page faults: 4372
	Voluntary context switches: 317
	Involuntary context switches: 1
	Swaps: 0
	File system inputs: 0
	File system outputs: 53
	Socket messages sent: 0
	Socket messages received: 0
	Signals delivered: 0
	Page size (bytes): 4096
	Exit status: 0
