PASS logical 50 63562800
PASS complete 50 roles 472879 links 33795
PASS logical 6 180
PASS complete 6 roles 150 links 12
PASS logical 8 1680
PASS complete 8 roles 667 links 128
PASS /srv/ai/work/rad/integer-multiplication-bounds/20261007T222521Z/derived/review/20261008T032418Z-review-refinement472879/certificate.json
	Command being timed: "/srv/ai/work/rad/integer-multiplication-bounds/20261007T222521Z/envs/math/bin/python -B /srv/ai/research/research/integer-multiplication-bounds/code/review_singleton_positions.py --reference /srv/ai/work/rad/integer-multiplication-bounds/20261007T222521Z/repos/upstream-reference --candidate /srv/ai/research/research/integer-multiplication-bounds/runs/20261008T032418Z-review-refinement472879/results/candidate.json --small-controls --output /srv/ai/work/rad/integer-multiplication-bounds/20261007T222521Z/derived/review/20261008T032418Z-review-refinement472879/certificate.json"
	User time (seconds): 97.48
	System time (seconds): 2.28
	Percent of CPU this job got: 98%
	Elapsed (wall clock) time (h:mm:ss or m:ss): 1:40.87
	Average shared text size (kbytes): 0
	Average unshared data size (kbytes): 0
	Average stack size (kbytes): 0
	Average total size (kbytes): 0
	Maximum resident set size (kbytes): 3112288
	Average resident set size (kbytes): 0
	Major (requiring I/O) page faults: 176
	Minor (reclaiming a frame) page faults: 875681
	Voluntary context switches: 2532
	Involuntary context switches: 3262
	Swaps: 0
	File system inputs: 0
	File system outputs: 26
	Socket messages sent: 0
	Socket messages received: 0
	Signals delivered: 0
	Page size (bytes): 4096
	Exit status: 0
