{
  "state": "COMPLETE_MIXED",
  "comparisons": [
    {
      "profile": "32k",
      "median_delta_pct": {
        "PP": 0.30767285524622157,
        "TG": 16.17842876165114,
        "TTFT_s": -0.15953376163369004,
        "wall_s": -9.188371967381325
      },
      "capacity_identical": true,
      "paired": [
        {
          "run": 1,
          "same_input_ids": true,
          "same_output_hash": false,
          "first_diverging_visible_character": 178,
          "reference_TG": 167.8,
          "candidate_TG": 179.7,
          "TG_delta_pct": 7.091775923718702,
          "MTP_acceptance_delta_pp": 5.305549492970243
        },
        {
          "run": 2,
          "same_input_ids": true,
          "same_output_hash": false,
          "first_diverging_visible_character": 58,
          "reference_TG": 136.7,
          "candidate_TG": 169.2,
          "TG_delta_pct": 23.77468910021947,
          "MTP_acceptance_delta_pp": 1.7520365093020729
        },
        {
          "run": 3,
          "same_input_ids": true,
          "same_output_hash": false,
          "first_diverging_visible_character": 363,
          "reference_TG": 150.2,
          "candidate_TG": 174.5,
          "TG_delta_pct": 16.17842876165114,
          "MTP_acceptance_delta_pp": -0.41909200671770463
        }
      ]
    },
    {
      "profile": "128k",
      "median_delta_pct": {
        "PP": -0.33195989790981706,
        "TG": -11.787072243346019,
        "TTFT_s": 1.3958059370387854,
        "wall_s": 7.527781440107506
      },
      "capacity_identical": true,
      "paired": [
        {
          "run": 1,
          "same_input_ids": true,
          "same_output_hash": false,
          "first_diverging_visible_character": 308,
          "reference_TG": 158.5,
          "candidate_TG": 122.0,
          "TG_delta_pct": -23.02839116719243,
          "MTP_acceptance_delta_pp": -2.411495047600951
        },
        {
          "run": 2,
          "same_input_ids": true,
          "same_output_hash": false,
          "first_diverging_visible_character": 506,
          "reference_TG": 155.8,
          "candidate_TG": 139.2,
          "TG_delta_pct": -10.654685494223381,
          "MTP_acceptance_delta_pp": 0.722064707376262
        },
        {
          "run": 3,
          "same_input_ids": true,
          "same_output_hash": false,
          "first_diverging_visible_character": 417,
          "reference_TG": 157.8,
          "candidate_TG": 141.9,
          "TG_delta_pct": -10.076045627376429,
          "MTP_acceptance_delta_pp": 0.14995483010693533
        }
      ]
    }
  ]
}
