{
  "command": [
    "/srv/ai/research/iq3s-residency-20261004T230051Z/src/control/.venv/bin/python",
    "/srv/ai/research/iq3s-residency-20261004T230051Z/scripts/replay.py",
    "/srv/ai/research/iq3s-residency-20261004T230051Z/experiments/E003-diagnostics/v5/32k/traces/runtime-request2",
    "--output",
    "/srv/ai/research/iq3s-residency-20261004T230051Z/experiments/E007-causal-signals/v1/32k-rate12p6",
    "--policies",
    "markov-scaled",
    "token-bigram-hybrid",
    "--rate",
    "12.6"
  ],
  "cwd": "/srv/ai/research/iq3s-residency-20261004T230051Z",
  "timeout_s": 120,
  "started_epoch": 1791161788.2920732,
  "environment": {
    "CUDA_VISIBLE_DEVICES": null,
    "OPENBLAS_NUM_THREADS": null,
    "OMP_NUM_THREADS": null,
    "MKL_NUM_THREADS": null
  },
  "pid": 1304645,
  "create_time": 1791161788.16,
  "returncode": 0,
  "elapsed_s": 12.245721578598022
}
{"policy": "markov-scaled", "nonlocal_entries": 52624, "promotion_bytes": 5654912000, "modeled_pending_wait_s": 0.08790416420605934, "offline_Python_selector_wall_s": 0.8519851625314914}
{"policy": "token-bigram-hybrid", "nonlocal_entries": 35703, "promotion_bytes": 11885824000, "modeled_pending_wait_s": 0.27238951061806727, "offline_Python_selector_wall_s": 0.16543521836865693}

{
  "command": [
    "/srv/ai/research/iq3s-residency-20261004T230051Z/src/control/.venv/bin/python",
    "/srv/ai/research/iq3s-residency-20261004T230051Z/scripts/replay.py",
    "/srv/ai/research/iq3s-residency-20261004T230051Z/experiments/E003-diagnostics/v5-portfix/128k/traces/runtime-request2",
    "--output",
    "/srv/ai/research/iq3s-residency-20261004T230051Z/experiments/E007-causal-signals/v1/128k-rate12p6",
    "--policies",
    "markov-scaled",
    "token-bigram-hybrid",
    "--rate",
    "12.6"
  ],
  "cwd": "/srv/ai/research/iq3s-residency-20261004T230051Z",
  "timeout_s": 120,
  "started_epoch": 1791161800.6373901,
  "environment": {
    "CUDA_VISIBLE_DEVICES": null,
    "OPENBLAS_NUM_THREADS": null,
    "OMP_NUM_THREADS": null,
    "MKL_NUM_THREADS": null
  },
  "pid": 1304724,
  "create_time": 1791161800.5,
  "returncode": 0,
  "elapsed_s": 10.036945819854736
}
{"policy": "markov-scaled", "nonlocal_entries": 60116, "promotion_bytes": 6828057600, "modeled_pending_wait_s": 0.11752911652345513, "offline_Python_selector_wall_s": 0.6258356686448678}
{"policy": "token-bigram-hybrid", "nonlocal_entries": 44699, "promotion_bytes": 15511936000, "modeled_pending_wait_s": 0.41594968404631927, "offline_Python_selector_wall_s": 0.16881357081001624}

{
  "command": [
    "/srv/ai/research/iq3s-residency-20261004T230051Z/src/control/.venv/bin/python",
    "/srv/ai/research/iq3s-residency-20261004T230051Z/scripts/replay.py",
    "/srv/ai/research/iq3s-residency-20261004T230051Z/experiments/E003-diagnostics/v5/32k/traces/runtime-request2",
    "--output",
    "/srv/ai/research/iq3s-residency-20261004T230051Z/experiments/E004-replay/v4-sensitivity/32k-rate1p8",
    "--policies",
    "current",
    "frequency",
    "future-nextuse",
    "--rate",
    "1.8"
  ],
  "cwd": "/srv/ai/research/iq3s-residency-20261004T230051Z",
  "timeout_s": 120,
  "started_epoch": 1791161810.7342012,
  "environment": {
    "CUDA_VISIBLE_DEVICES": null,
    "OPENBLAS_NUM_THREADS": null,
    "OMP_NUM_THREADS": null,
    "MKL_NUM_THREADS": null
  },
  "pid": 1304767,
  "create_time": 1791161810.6,
  "returncode": 1,
  "elapsed_s": 7.4847729206085205
}
{"policy": "current", "nonlocal_entries": 36777, "promotion_bytes": 10697139200, "modeled_pending_wait_s": 4.977443356443656, "offline_Python_selector_wall_s": 0.02087641431717202}
{"policy": "frequency", "nonlocal_entries": 31572, "promotion_bytes": 12042419200, "modeled_pending_wait_s": 5.716234166999156, "offline_Python_selector_wall_s": 0.2764124111854471}
Traceback (most recent call last):
  File "/srv/ai/research/iq3s-residency-20261004T230051Z/scripts/replay.py", line 199, in <module>
    runner=Replay(trace,policy,a.rate,library());result=runner.run()
                                                        ~~~~~~~~~~^^
  File "/srv/ai/research/iq3s-residency-20261004T230051Z/scripts/replay.py", line 178, in run
    self.issue(swaps,issue,i)
    ~~~~~~~~~~^^^^^^^^^^^^^^^
  File "/srv/ai/research/iq3s-residency-20261004T230051Z/scripts/replay.py", line 55, in issue
    assert not self.queues
           ^^^^^^^^^^^^^^^
AssertionError

