{
  "32k": {
    "state": "PASS",
    "parity": {
      "actual_output_IDs": true,
      "window_inputs": true,
      "window_T": true,
      "acceptance": true,
      "router_IDs": true,
      "paths": true,
      "initial_residency": true,
      "final_residency": true,
      "initial_heat": true,
      "final_heat": true,
      "first_head_bit_identical": true
    },
    "head": {
      "top1": [
        2,
        2
      ],
      "KL_old_to_new": 0.0,
      "max_abs_difference": 0.0
    },
    "footer": {
      "local": true,
      "CPU": true,
      "mapped": true,
      "windows": true,
      "accepted": true
    },
    "extra_explicit_device_bytes": [
      81984,
      67880
    ],
    "mapped_CPU_ID_bytes": [
      4000,
      3680
    ]
  },
  "128k": {
    "state": "PASS",
    "parity": {
      "actual_output_IDs": true,
      "window_inputs": true,
      "window_T": true,
      "acceptance": true,
      "router_IDs": true,
      "paths": true,
      "initial_residency": true,
      "final_residency": true,
      "initial_heat": true,
      "final_heat": true,
      "first_head_bit_identical": true
    },
    "head": {
      "top1": [
        2,
        2
      ],
      "KL_old_to_new": 0.0,
      "max_abs_difference": 0.0
    },
    "footer": {
      "local": true,
      "CPU": true,
      "mapped": true,
      "windows": true,
      "accepted": true
    },
    "extra_explicit_device_bytes": [
      81528,
      67560
    ],
    "mapped_CPU_ID_bytes": [
      4000,
      3680
    ]
  }
}
