PASS conservative original 26467065316420880261434206082241/5000000000000000000000000000000000000000
PASS conservative balanced 423473047304356120283232175469/80000000000000000000000000000000000000
PASS tight original 2117371283157620008634707069231/400000000000000000000000000000000000000
PASS tight balanced 2646714117957216181019532004157/500000000000000000000000000000000000000
	Command being timed: "timeout 60 /srv/ai/work/rad/integer-multiplication-bounds/20261007T222521Z/envs/math/bin/python -B /srv/ai/research/research/integer-multiplication-bounds/code/review_batched_bulk_assembly.py --certificate /srv/ai/research/research/integer-multiplication-bounds/runs/20261008T045209Z-downstream-batched-semantic-bulk/results/certificate.json --uniform /srv/ai/research/research/integer-multiplication-bounds/runs/20261008T042624Z-downstream-odd51-semantic-bulk/results/certificate.json --uniform-review /srv/ai/research/research/integer-multiplication-bounds/runs/20261008T043000Z-review-odd51-bulk/results/certificate.json --primitive /srv/ai/research/research/integer-multiplication-bounds/runs/20261008T043510Z-downstream-diagonal-join-bound/results/certificate.json --interface-review /srv/ai/research/research/integer-multiplication-bounds/runs/20261008T0439Z-review-pivot-batching/results/certificate.json --kernel-review /srv/ai/research/research/integer-multiplication-bounds/runs/20261008T0443Z-review-pivot-forbidden/results/certificate.json --finite-review /srv/ai/research/research/integer-multiplication-bounds/runs/20261008T041200Z-review-odd51/results/certificate.json --output /srv/ai/work/rad/integer-multiplication-bounds/20261007T222521Z/derived/20261008T045824Z-review-batched-bulk-repair/certificate.json"
	User time (seconds): 0.09
	System time (seconds): 0.01
	Percent of CPU this job got: 25%
	Elapsed (wall clock) time (h:mm:ss or m:ss): 0:00.42
	Average shared text size (kbytes): 0
	Average unshared data size (kbytes): 0
	Average stack size (kbytes): 0
	Average total size (kbytes): 0
	Maximum resident set size (kbytes): 22464
	Average resident set size (kbytes): 0
	Major (requiring I/O) page faults: 0
	Minor (reclaiming a frame) page faults: 4076
	Voluntary context switches: 303
	Involuntary context switches: 20
	Swaps: 0
	File system inputs: 0
	File system outputs: 84
	Socket messages sent: 0
	Socket messages received: 0
	Signals delivered: 0
	Page size (bytes): 4096
	Exit status: 0
