{
  "state": "PASS",
  "cells": [
    {
      "arm": "F256",
      "attempts": 3,
      "valid": 3,
      "TG_median": 105.02994994666447,
      "TG_min_median_max": {
        "min": 95.33918030650057,
        "median": 105.02994994666447,
        "max": 106.94852058027928
      },
      "wall_median": 19.356121954973787,
      "paired_TG_pct": 5.120210059899866,
      "gain_retention": 0.3943750987517766,
      "copy_GB": {
        "min": 46.2639104,
        "median": 51.0470144,
        "max": 52.4754944
      },
      "victim_absent": {
        "min": 3678,
        "median": 4371,
        "max": 5864
      }
    },
    {
      "arm": "FF",
      "attempts": 3,
      "valid": 3,
      "TG_median": 115.76376955774622,
      "TG_min_median_max": {
        "min": 113.99309807414004,
        "median": 115.76376955774622,
        "max": 119.45452212358413
      },
      "wall_median": 18.52963187196292,
      "paired_TG_pct": 16.372502128950227,
      "gain_retention": 1.0,
      "copy_GB": {
        "min": 31.5884544,
        "median": 31.6442624,
        "max": 32.5873664
      },
      "victim_absent": {
        "min": 139,
        "median": 487,
        "max": 562
      }
    },
    {
      "arm": "current",
      "attempts": 3,
      "valid": 3,
      "TG_median": 99.91413628912655,
      "TG_min_median_max": {
        "min": 94.51028168494112,
        "median": 99.91413628912655,
        "max": 102.64840915014335
      },
      "wall_median": 19.920739943976514,
      "paired_TG_pct": 0.0,
      "gain_retention": 0.0,
      "copy_GB": {
        "min": 18.0990976,
        "median": 18.0990976,
        "max": 18.0990976
      },
      "victim_absent": {
        "min": 0,
        "median": 0,
        "max": 0
      }
    }
  ]
}
