{
  "32k": {
    "predicted_entries": 273120,
    "correct_predicted_entries": 123647,
    "precision_when_dictionary_hit_pct": 45.27204159343878,
    "all_true_next_first_row_entries": 595200,
    "unconditional_next_row_recall_pct": 20.774025537634408,
    "true_nonlocal_next_row_entries": 9781,
    "predicted_true_nonlocal_entries": 598,
    "unconditional_nonlocal_recall_pct": 6.113894284837951,
    "hit_queries": 569,
    "total_queries": 1240,
    "per_layer": "saved",
    "timing": "Inputs are known output IDs after previous verify. Targets are next actual routed row only for evaluation; no future target is used by the dictionary."
  },
  "128k": {
    "predicted_entries": 162240,
    "correct_predicted_entries": 71884,
    "precision_when_dictionary_hit_pct": 44.307199211045365,
    "all_true_next_first_row_entries": 695040,
    "unconditional_next_row_recall_pct": 10.342426335174954,
    "true_nonlocal_next_row_entries": 13468,
    "predicted_true_nonlocal_entries": 498,
    "unconditional_nonlocal_recall_pct": 3.697653697653698,
    "hit_queries": 338,
    "total_queries": 1448,
    "per_layer": "saved",
    "timing": "Inputs are known output IDs after previous verify. Targets are next actual routed row only for evaluation; no future target is used by the dictionary."
  }
}
