PASS whole routes 4280 tiny complete addresses; 450 large/boundary probes; {'completed_original_field_interchanges': 428712, 'elementary_four_quarter_CNOTs': 112024, 'bad_address_corrections': 36461, 'good_compact_invocations': 18709, 'compact_invocations': 55170, 'actual_inverse_composites': 110340, 'nonzero_dirty_field_invocations': 35400, 'sources_at_inactive_selected_positions': 570, 'sources_inside_active_guard_segments': 29600, 'short_prefix_matching_fallbacks': 8740, 'small_word_matching_fallbacks': 200, 'complete_scratch_reservoir_classes': 2070, 'complete_spectator_classes': 1070}
	Command being timed: "python3 -B /srv/ai/research/research/integer-multiplication-bounds/code/review_arbitrary_routing.py --output /srv/ai/work/rad/integer-multiplication-bounds/20261007T222521Z/derived/review/20261008T023243Z-review-arbitrary-routing/certificate.json"
	User time (seconds): 2.37
	System time (seconds): 0.01
	Percent of CPU this job got: 94%
	Elapsed (wall clock) time (h:mm:ss or m:ss): 0:02.51
	Average shared text size (kbytes): 0
	Average unshared data size (kbytes): 0
	Average stack size (kbytes): 0
	Average total size (kbytes): 0
	Maximum resident set size (kbytes): 22216
	Average resident set size (kbytes): 0
	Major (requiring I/O) page faults: 0
	Minor (reclaiming a frame) page faults: 2926
	Voluntary context switches: 41
	Involuntary context switches: 333
	Swaps: 0
	File system inputs: 0
	File system outputs: 6
	Socket messages sent: 0
	Socket messages received: 0
	Signals delivered: 0
	Page size (bytes): 4096
	Exit status: 0
