{
  "state": "COMPLETE_MIXED",
  "comparisons": [
    {
      "profile": "32k",
      "median_delta_pct": {
        "PP": 0.547195622435015,
        "TG": 7.210626185958269,
        "TTFT_s": -0.4516617625577757,
        "wall_s": -6.602940967819504
      },
      "capacity_identical": true,
      "paired": [
        {
          "run": 1,
          "same_input_ids": true,
          "same_output_hash": true,
          "first_diverging_visible_character": null,
          "reference_TG": 166.0,
          "candidate_TG": 157.3,
          "TG_delta_pct": -5.240963855421676,
          "MTP_acceptance_delta_pp": 0.0
        },
        {
          "run": 2,
          "same_input_ids": true,
          "same_output_hash": true,
          "first_diverging_visible_character": null,
          "reference_TG": 155.9,
          "candidate_TG": 172.4,
          "TG_delta_pct": 10.583707504810768,
          "MTP_acceptance_delta_pp": 0.0
        },
        {
          "run": 3,
          "same_input_ids": true,
          "same_output_hash": true,
          "first_diverging_visible_character": null,
          "reference_TG": 158.1,
          "candidate_TG": 169.5,
          "TG_delta_pct": 7.210626185958269,
          "MTP_acceptance_delta_pp": 0.0
        }
      ]
    },
    {
      "profile": "128k",
      "median_delta_pct": {
        "PP": -0.7024159103043326,
        "TG": -10.087173100871727,
        "TTFT_s": 0.6873332731661019,
        "wall_s": 12.356839029073274
      },
      "capacity_identical": true,
      "paired": [
        {
          "run": 1,
          "same_input_ids": true,
          "same_output_hash": true,
          "first_diverging_visible_character": null,
          "reference_TG": 133.1,
          "candidate_TG": 144.4,
          "TG_delta_pct": 8.489857250187827,
          "MTP_acceptance_delta_pp": 0.0
        },
        {
          "run": 2,
          "same_input_ids": true,
          "same_output_hash": true,
          "first_diverging_visible_character": null,
          "reference_TG": 160.6,
          "candidate_TG": 131.4,
          "TG_delta_pct": -18.181818181818176,
          "MTP_acceptance_delta_pp": 0.0
        },
        {
          "run": 3,
          "same_input_ids": true,
          "same_output_hash": true,
          "first_diverging_visible_character": null,
          "reference_TG": 163.0,
          "candidate_TG": 153.2,
          "TG_delta_pct": -6.0122699386503164,
          "MTP_acceptance_delta_pp": 0.0
        }
      ]
    }
  ]
}
