CAUSAL dev-code static 181859 0
CAUSAL dev-code current 32419 16019865600
CAUSAL dev-code ema 58042 5867315200
CAUSAL dev-code recency 33855 20243046400
CAUSAL dev-code frequency 103121 1502617600
CAUSAL dev-code least-stale-inspired 58042 5867315200
CAUSAL dev-code markov 66943 4363980800
CAUSAL dev-code jev-linear 60411 5075968000
CAUSAL dev-code jev-mlp 62816 4859392000
CAUSAL dev-code jev-temporal-mlp 69550 3838771200
CAUSAL dev-code hybrid-history 43993 9374105600
CAUSAL dev-math static 304882 0
CAUSAL dev-math current 42730 17927270400
CAUSAL dev-math ema 67739 6713139200
CAUSAL dev-math recency 44305 21453004800
CAUSAL dev-math frequency 103499 2974822400
CAUSAL dev-math least-stale-inspired 67739 6713139200
CAUSAL dev-math markov 75630 5111296000
CAUSAL dev-math jev-linear 68151 6086656000
CAUSAL dev-math jev-mlp 69311 5855334400
CAUSAL dev-math jev-temporal-mlp 74084 4937625600
CAUSAL dev-math hybrid-history 54590 10518732800
CAUSAL cal-prose static 195675 0
CAUSAL cal-prose current 44611 22487142400
CAUSAL cal-prose ema 65322 7838720000
CAUSAL cal-prose recency 46842 26054860800
CAUSAL cal-prose frequency 116924 1948160000
CAUSAL cal-prose least-stale-inspired 64866 7742464000
CAUSAL cal-prose markov 73435 5968896000
CAUSAL cal-prose jev-linear 71123 6594560000
CAUSAL cal-prose jev-mlp 72839 5815193600
CAUSAL cal-prose jev-temporal-mlp 80042 4596940800
CAUSAL cal-prose hybrid-history 52430 13020467200
CAUSAL hold-code static 228225 0
CAUSAL hold-code current 48193 20814233600
CAUSAL hold-code ema 75951 8625356800
CAUSAL hold-code recency 49133 23541964800
CAUSAL hold-code frequency 151397 1570611200
CAUSAL hold-code least-stale-inspired 75951 8625356800
CAUSAL hold-code markov 87002 6400307200
CAUSAL hold-code jev-linear 82025 7156940800
CAUSAL hold-code jev-mlp 83740 6798233600
CAUSAL hold-code jev-temporal-mlp 93530 5571993600
CAUSAL hold-code hybrid-history 59704 13219020800
CAUSAL hold-structured static 205004 0
CAUSAL hold-structured current 48692 15943372800
CAUSAL hold-structured ema 77652 6721843200
CAUSAL hold-structured recency 49736 19089715200
CAUSAL hold-structured frequency 121519 2425139200
CAUSAL hold-structured least-stale-inspired 77652 6721843200
CAUSAL hold-structured markov 88421 5094912000
CAUSAL hold-structured jev-linear 78449 6597324800
CAUSAL hold-structured jev-mlp 78671 6381056000
CAUSAL hold-structured jev-temporal-mlp 86118 5296435200
CAUSAL hold-structured hybrid-history 59608 10990080000
CAUSAL hold-math static 296443 0
CAUSAL hold-math current 43922 16778649600
CAUSAL hold-math ema 65355 6501888000
CAUSAL hold-math recency 46530 21630668800
CAUSAL hold-math frequency 102724 3049881600
CAUSAL hold-math least-stale-inspired 65081 6429696000
CAUSAL hold-math markov 72978 4899942400
CAUSAL hold-math jev-linear 68062 5926400000
CAUSAL hold-math jev-mlp 68205 5526118400
CAUSAL hold-math jev-temporal-mlp 72863 4689715200
CAUSAL hold-math hybrid-history 52955 9897062400
CAUSAL 32k static 587167 0
CAUSAL 32k current 227427 87417753600
CAUSAL 32k ema 259641 15900672000
CAUSAL 32k recency 238174 90325094400
CAUSAL 32k frequency 532117 763289600
CAUSAL 32k least-stale-inspired 259641 15900672000
CAUSAL 32k markov 317479 7826227200
CAUSAL 32k jev-linear 286089 11947827200
CAUSAL 32k jev-mlp 293462 9980211200
CAUSAL 32k jev-temporal-mlp 332472 6608076800
CAUSAL 32k hybrid-history 228464 41387724800
CAUSAL 128k static 626660 0
CAUSAL 128k current 267959 99367321600
CAUSAL 128k ema 289687 25663897600
CAUSAL 128k recency 278249 103558656000
CAUSAL 128k frequency 575367 761139200
CAUSAL 128k least-stale-inspired 289651 25598873600
CAUSAL 128k markov 316356 11418931200
CAUSAL 128k jev-linear 299289 14928998400
CAUSAL 128k jev-mlp 309316 12358553600
CAUSAL 128k jev-temporal-mlp 339258 8253337600
CAUSAL 128k hybrid-history 271831 57203609600
CAUSAL 256k static 590326 0
CAUSAL 256k current 246896 96480972800
CAUSAL 256k ema 269096 19765657600
CAUSAL 256k recency 258533 101843456000
CAUSAL 256k frequency 564553 717721600
CAUSAL 256k least-stale-inspired 269096 19765657600
CAUSAL 256k markov 309472 9372569600
CAUSAL 256k jev-linear 287283 12875878400
CAUSAL 256k jev-mlp 297806 10563788800
CAUSAL 256k jev-temporal-mlp 334354 6984601600
CAUSAL 256k hybrid-history 250670 50296217600
