EARLY_PROJECT cost-h1-cal-prose False True 319 39482 4014
EARLY_PROJECT cost-h1-cal-prose True True 310 39403 4003
EARLY_PROJECT cost-h1-cal-prose True False 170 40064 4129
EARLY_PROJECT cost-h1-dev-code False True 117 28983 2920
EARLY_PROJECT cost-h1-dev-code True True 118 28933 2926
EARLY_PROJECT cost-h1-dev-code True False 117 29168 2978
EARLY_PROJECT cost-h1-dev-math False True 190 36523 4545
EARLY_PROJECT cost-h1-dev-math True True 192 36533 4547
EARLY_PROJECT cost-h1-dev-math True False 118 37545 4725
EARLY_PROJECT cost-h4-cal-prose False True 307 39487 4058
EARLY_PROJECT cost-h4-cal-prose True True 322 39446 4055
EARLY_PROJECT cost-h4-cal-prose True False 172 40040 4129
EARLY_PROJECT cost-h4-dev-code False True 196 28667 2905
EARLY_PROJECT cost-h4-dev-code True True 213 28660 2909
EARLY_PROJECT cost-h4-dev-code True False 138 29092 2969
EARLY_PROJECT cost-h4-dev-math False True 161 36943 4644
EARLY_PROJECT cost-h4-dev-math True True 166 36873 4633
EARLY_PROJECT cost-h4-dev-math True False 121 37388 4717
EARLY_PROJECT cost-h8-128k-run1 False True 734 229926 36410
EARLY_PROJECT cost-h8-128k-run1 True True 734 229050 36257
EARLY_PROJECT cost-h8-128k-run1 True False 835 229030 36138
EARLY_PROJECT cost-h8-256k-run1 False True 728 212869 32776
EARLY_PROJECT cost-h8-256k-run1 True True 728 212030 32575
EARLY_PROJECT cost-h8-256k-run1 True False 805 211862 32528
EARLY_PROJECT cost-h8-32k-run1 False True 640 195372 31025
EARLY_PROJECT cost-h8-32k-run1 True True 609 194806 30798
EARLY_PROJECT cost-h8-32k-run1 True False 616 194959 30864
EARLY_PROJECT cost-h8-cal-prose False True 230 39727 4103
EARLY_PROJECT cost-h8-cal-prose True True 215 39746 4101
EARLY_PROJECT cost-h8-cal-prose True False 247 39863 4062
EARLY_PROJECT cost-h8-dev-code False True 114 29057 2960
EARLY_PROJECT cost-h8-dev-code True True 120 29048 2952
EARLY_PROJECT cost-h8-dev-code True False 157 29134 2989
EARLY_PROJECT cost-h8-dev-math False True 109 37347 4709
EARLY_PROJECT cost-h8-dev-math True True 115 37280 4699
EARLY_PROJECT cost-h8-dev-math True False 148 37203 4705
EARLY_PROJECT cost-h8-hold-code False True 141 42369 5353
EARLY_PROJECT cost-h8-hold-code True True 144 42325 5347
EARLY_PROJECT cost-h8-hold-code True False 176 42408 5365
EARLY_PROJECT cost-h8-hold-math False True 122 38351 5126
EARLY_PROJECT cost-h8-hold-math True True 129 38266 5104
EARLY_PROJECT cost-h8-hold-math True False 170 38211 5094
EARLY_PROJECT cost-h8-hold-structured False True 86 41523 6442
EARLY_PROJECT cost-h8-hold-structured True True 92 41484 6424
EARLY_PROJECT cost-h8-hold-structured True False 136 41403 6414
