[
  {
    "variant": "control",
    "profile": "32k",
    "valid": 3,
    "TG": {
      "min": 106.8,
      "median": 109.9,
      "max": 110.1,
      "mean": 108.93333333333334
    },
    "wall": {
      "min": 54.87841522396775,
      "median": 54.961291952989995,
      "max": 56.53252476704074,
      "mean": 55.457410647999495
    }
  },
  {
    "variant": "control",
    "profile": "128k",
    "valid": 3,
    "TG": {
      "min": 90.7,
      "median": 92.4,
      "max": 93.0,
      "mean": 92.03333333333333
    },
    "wall": {
      "min": 115.14908336399822,
      "median": 115.99133913597325,
      "max": 116.49807541602058,
      "mean": 115.87949930533068
    }
  },
  {
    "variant": "control",
    "profile": "256k",
    "valid": 3,
    "TG": {
      "min": 83.5,
      "median": 85.9,
      "max": 90.9,
      "mean": 86.76666666666667
    },
    "wall": {
      "min": 159.31520484702196,
      "median": 168.76851534697926,
      "max": 172.9126440709806,
      "mean": 166.99878808832727
    }
  },
  {
    "variant": "history-v2",
    "profile": "32k",
    "valid": 3,
    "TG": {
      "min": 98.3,
      "median": 112.0,
      "max": 114.5,
      "mean": 108.26666666666667
    },
    "wall": {
      "min": 53.55854392598849,
      "median": 54.35273641702952,
      "max": 59.6760824790108,
      "mean": 55.8624542740096
    }
  },
  {
    "variant": "history-v2",
    "profile": "128k",
    "valid": 3,
    "TG": {
      "min": 95.0,
      "median": 95.8,
      "max": 96.4,
      "mean": 95.73333333333333
    },
    "wall": {
      "min": 113.60498853301397,
      "median": 113.8055474840221,
      "max": 114.22357065696269,
      "mean": 113.87803555799958
    }
  },
  {
    "variant": "history-v2",
    "profile": "256k",
    "valid": 3,
    "TG": {
      "min": 87.9,
      "median": 91.2,
      "max": 93.5,
      "mean": 90.86666666666667
    },
    "wall": {
      "min": 167.07787144801114,
      "median": 168.2460715690395,
      "max": 171.38059110200265,
      "mean": 168.90151137301777
    }
  },
  {
    "variant": "early-v1",
    "profile": "32k",
    "valid": 3,
    "TG": {
      "min": 89.3,
      "median": 105.7,
      "max": 106.7,
      "mean": 100.56666666666666
    },
    "wall": {
      "min": 56.064937977993395,
      "median": 56.45040006499039,
      "max": 63.95324358996004,
      "mean": 58.82286054431461
    }
  },
  {
    "variant": "early-v1",
    "profile": "128k",
    "valid": 3,
    "TG": {
      "min": 89.5,
      "median": 90.4,
      "max": 93.8,
      "mean": 91.23333333333333
    },
    "wall": {
      "min": 114.53430245496565,
      "median": 116.19856267701834,
      "max": 116.80522575398209,
      "mean": 115.84603029532202
    }
  },
  {
    "variant": "early-v1",
    "profile": "256k",
    "valid": 3,
    "TG": {
      "min": 83.6,
      "median": 84.2,
      "max": 84.5,
      "mean": 84.1
    },
    "wall": {
      "min": 171.9526852100389,
      "median": 172.25175560999196,
      "max": 172.8237455090275,
      "mean": 172.3427287763528
    }
  }
]
