INDEPENDENT [
  {
    "variant": "history-v2",
    "n": 3,
    "ratios": {
      "TG": {
        "min": 0.8682525160109791,
        "median": 1.021043000914913,
        "max": 1.0454054054054054,
        "mean": 0.9782336407770992
      },
      "wall_s": {
        "min": 0.9591310178958622,
        "median": 0.980932958359763,
        "max": 1.1424627187862295,
        "mean": 1.0275088983472849
      },
      "TTFT_s": {
        "min": 1.0062998596294408,
        "median": 1.0122397559026335,
        "max": 1.013090045223779,
        "mean": 1.010543220251951
      },
      "PP": {
        "min": 0.9940068493150684,
        "median": 0.9940323955669224,
        "max": 0.995741056218058,
        "mean": 0.9945934337000163
      }
    }
  },
  {
    "variant": "early-v1",
    "n": 3,
    "ratios": {
      "TG": {
        "min": 0.8444647758462946,
        "median": 0.9835315645013724,
        "max": 1.1708108108108108,
        "mean": 0.9996023837194926
      },
      "wall_s": {
        "min": 0.8618644691539136,
        "median": 1.0155898691883345,
        "max": 1.1750059374981074,
        "mean": 1.017486758613452
      },
      "TTFT_s": {
        "min": 0.99384512163509,
        "median": 1.0010492297159843,
        "max": 1.0121890855068834,
        "mean": 1.0023611456193193
      },
      "PP": {
        "min": 0.994037478705281,
        "median": 1.0,
        "max": 1.0017123287671232,
        "mean": 0.9985832691574681
      }
    }
  }
]
DIAGNOSTIC_ABLATION [
  {
    "variant": "early-diagnostic",
    "issued": 5917,
    "published": 917,
    "issued_GB": 18.177024,
    "unpublished_GB": 15.36,
    "observed_local_entries_after_admission": 24411,
    "victim_absent_entries_descriptive": 3176
  },
  {
    "variant": "early-reactive-diagnostic",
    "issued": 2293,
    "published": 387,
    "issued_GB": 7.044096,
    "unpublished_GB": 5.855232,
    "observed_local_entries_after_admission": 13922,
    "victim_absent_entries_descriptive": 1631
  }
]
