[followup-pool-persistent-20261005 250fb90] Preserve Q4 Residency v2 traces, causal study and isolated runtime prototypes
 196 files changed, 30503 insertions(+)
 create mode 100644 campaigns/q4-residency-v2-20261005T202441Z/.gitignore
 create mode 100644 campaigns/q4-residency-v2-20261005T202441Z/DECISIONS.md
 create mode 100644 campaigns/q4-residency-v2-20261005T202441Z/GOAL.md
 create mode 100644 campaigns/q4-residency-v2-20261005T202441Z/STATUS.json
 create mode 100644 campaigns/q4-residency-v2-20261005T202441Z/STATUS.md
 create mode 100644 campaigns/q4-residency-v2-20261005T202441Z/analysis/current-selector/compile.json
 create mode 100644 campaigns/q4-residency-v2-20261005T202441Z/analysis/current-selector/replay_selector.cpp
 create mode 100644 campaigns/q4-residency-v2-20261005T202441Z/configs/control-128k.json
 create mode 100644 campaigns/q4-residency-v2-20261005T202441Z/configs/control-256k.json
 create mode 100644 campaigns/q4-residency-v2-20261005T202441Z/configs/control-32k.json
 create mode 100644 campaigns/q4-residency-v2-20261005T202441Z/configs/cost-h1-128k.json
 create mode 100644 campaigns/q4-residency-v2-20261005T202441Z/configs/cost-h1-256k.json
 create mode 100644 campaigns/q4-residency-v2-20261005T202441Z/configs/cost-h1-32k.json
 create mode 100644 campaigns/q4-residency-v2-20261005T202441Z/configs/cost-h4-128k.json
 create mode 100644 campaigns/q4-residency-v2-20261005T202441Z/configs/cost-h4-256k.json
 create mode 100644 campaigns/q4-residency-v2-20261005T202441Z/configs/cost-h4-32k.json
 create mode 100644 campaigns/q4-residency-v2-20261005T202441Z/configs/cost-h8-128k.json
 create mode 100644 campaigns/q4-residency-v2-20261005T202441Z/configs/cost-h8-256k.json
 create mode 100644 campaigns/q4-residency-v2-20261005T202441Z/configs/cost-h8-32k.json
 create mode 100644 campaigns/q4-residency-v2-20261005T202441Z/configs/diagnostic-128k.json
 create mode 100644 campaigns/q4-residency-v2-20261005T202441Z/configs/diagnostic-256k.json
 create mode 100644 campaigns/q4-residency-v2-20261005T202441Z/configs/diagnostic-32k.json
 create mode 100644 campaigns/q4-residency-v2-20261005T202441Z/configs/early-delayed-128k.json
 create mode 100644 campaigns/q4-residency-v2-20261005T202441Z/configs/early-delayed-256k.json
 create mode 100644 campaigns/q4-residency-v2-20261005T202441Z/configs/early-delayed-32k.json
 create mode 100644 campaigns/q4-residency-v2-20261005T202441Z/configs/early-diagnostic-128k.json
 create mode 100644 campaigns/q4-residency-v2-20261005T202441Z/configs/early-diagnostic-256k.json
 create mode 100644 campaigns/q4-residency-v2-20261005T202441Z/configs/early-diagnostic-32k.json
 create mode 100644 campaigns/q4-residency-v2-20261005T202441Z/configs/early-off-128k.json
 create mode 100644 campaigns/q4-residency-v2-20261005T202441Z/configs/early-off-256k.json
 create mode 100644 campaigns/q4-residency-v2-20261005T202441Z/configs/early-off-32k.json
 create mode 100644 campaigns/q4-residency-v2-20261005T202441Z/configs/early-reactive-128k.json
 create mode 100644 campaigns/q4-residency-v2-20261005T202441Z/configs/early-reactive-256k.json
 create mode 100644 campaigns/q4-residency-v2-20261005T202441Z/configs/early-reactive-32k.json
 create mode 100644 campaigns/q4-residency-v2-20261005T202441Z/configs/early-v1-128k.json
 create mode 100644 campaigns/q4-residency-v2-20261005T202441Z/configs/early-v1-256k.json
 create mode 100644 campaigns/q4-residency-v2-20261005T202441Z/configs/early-v1-32k.json
 create mode 100644 campaigns/q4-residency-v2-20261005T202441Z/configs/early-wrong-128k.json
 create mode 100644 campaigns/q4-residency-v2-20261005T202441Z/configs/early-wrong-256k.json
 create mode 100644 campaigns/q4-residency-v2-20261005T202441Z/configs/early-wrong-32k.json
 create mode 100644 campaigns/q4-residency-v2-20261005T202441Z/configs/history-off-128k.json
 create mode 100644 campaigns/q4-residency-v2-20261005T202441Z/configs/history-off-256k.json
 create mode 100644 campaigns/q4-residency-v2-20261005T202441Z/configs/history-off-32k.json
 create mode 100644 campaigns/q4-residency-v2-20261005T202441Z/configs/history-v2-128k.json
 create mode 100644 campaigns/q4-residency-v2-20261005T202441Z/configs/history-v2-256k.json
 create mode 100644 campaigns/q4-residency-v2-20261005T202441Z/configs/history-v2-32k.json
 create mode 100644 campaigns/q4-residency-v2-20261005T202441Z/datasets/manifest.json
 create mode 100644 campaigns/q4-residency-v2-20261005T202441Z/datasets/splits.json
 create mode 100644 campaigns/q4-residency-v2-20261005T202441Z/deadline.json
 create mode 100644 campaigns/q4-residency-v2-20261005T202441Z/git/build-compatibility.json
 create mode 100644 campaigns/q4-residency-v2-20261005T202441Z/git/builds/cost-router-v1/commands.json
 create mode 100644 campaigns/q4-residency-v2-20261005T202441Z/git/builds/cost-router-v1/identity.json
 create mode 100644 campaigns/q4-residency-v2-20261005T202441Z/git/builds/early-v1/commands.json
 create mode 100644 campaigns/q4-residency-v2-20261005T202441Z/git/builds/early-v1/identity.json
 create mode 100644 campaigns/q4-residency-v2-20261005T202441Z/git/builds/history-v1/commands.json
 create mode 100644 campaigns/q4-residency-v2-20261005T202441Z/git/builds/history-v2/commands.json
 create mode 100644 campaigns/q4-residency-v2-20261005T202441Z/git/builds/history-v2/failed-patch.diff
 create mode 100644 campaigns/q4-residency-v2-20261005T202441Z/git/builds/history-v2/identity.json
 create mode 100644 campaigns/q4-residency-v2-20261005T202441Z/git/builds/history-v2/repair-commands.json
 create mode 100644 campaigns/q4-residency-v2-20261005T202441Z/git/frozen-identity.json
 create mode 100644 campaigns/q4-residency-v2-20261005T202441Z/git/model.json
 create mode 100644 campaigns/q4-residency-v2-20261005T202441Z/git/patches/cost-router-v1.diff
 create mode 100644 campaigns/q4-residency-v2-20261005T202441Z/git/patches/early-v1.diff
 create mode 100644 campaigns/q4-residency-v2-20261005T202441Z/git/patches/history-v2.diff
 create mode 100644 campaigns/q4-residency-v2-20261005T202441Z/git/python-lock-command.json
 create mode 100644 campaigns/q4-residency-v2-20261005T202441Z/git/python-lock.txt
 create mode 100644 campaigns/q4-residency-v2-20261005T202441Z/git/shared-harness.json
 create mode 100644 campaigns/q4-residency-v2-20261005T202441Z/git/starting-evidence.json
 create mode 100644 campaigns/q4-residency-v2-20261005T202441Z/git/starting-evidence/campaigns/pool-persistent-20261005T094800Z/previous-root/report.md
 create mode 100644 campaigns/q4-residency-v2-20261005T202441Z/git/starting-evidence/campaigns/q4-multigpu-20261005T164628Z/protocol.json
 create mode 100644 campaigns/q4-residency-v2-20261005T202441Z/git/starting-evidence/campaigns/q4-multigpu-20261005T164628Z/report.md
 create mode 100644 campaigns/q4-residency-v2-20261005T202441Z/git/starting-evidence/campaigns/q4-pool-spin-20261005T184831Z/git/model.json
 create mode 100644 campaigns/q4-residency-v2-20261005T202441Z/git/starting-evidence/campaigns/q4-pool-spin-20261005T184831Z/protocol.json
 create mode 100644 campaigns/q4-residency-v2-20261005T202441Z/git/starting-evidence/campaigns/q4-pool-spin-20261005T184831Z/report.md
 create mode 100644 campaigns/q4-residency-v2-20261005T202441Z/git/starting-evidence/campaigns/q4-pool-spin-20261005T184831Z/summary.csv
 create mode 100644 campaigns/q4-residency-v2-20261005T202441Z/git/starting-evidence/experiments.jsonl
 create mode 100644 campaigns/q4-residency-v2-20261005T202441Z/git/starting-evidence/experiments/E004-replay/report.md
 create mode 100644 campaigns/q4-residency-v2-20261005T202441Z/git/starting-evidence/experiments/E005-expert-jev/report.md
 create mode 100644 campaigns/q4-residency-v2-20261005T202441Z/git/starting-evidence/experiments/E015-lowrank-router/report.md
 create mode 100644 campaigns/q4-residency-v2-20261005T202441Z/git/starting-evidence/experiments/E017-gpu-router/report.md
 create mode 100644 campaigns/q4-residency-v2-20261005T202441Z/git/starting-evidence/experiments/E018-router-transactions/report.md
 create mode 100644 campaigns/q4-residency-v2-20261005T202441Z/git/starting-evidence/experiments/E020-wide-gate-lookahead/report.md
 create mode 100644 campaigns/q4-residency-v2-20261005T202441Z/git/starting-evidence/experiments/E028-persistent-replay/report.md
 create mode 100644 campaigns/q4-residency-v2-20261005T202441Z/git/starting-evidence/experiments/E029-persistent-runtime/report.md
 create mode 100644 campaigns/q4-residency-v2-20261005T202441Z/git/starting-evidence/references/hardware/cost-model.json
 create mode 100644 campaigns/q4-residency-v2-20261005T202441Z/git/starting-evidence/references/hardware/final-code-manifest.json
 create mode 100644 campaigns/q4-residency-v2-20261005T202441Z/git/starting-evidence/references/hardware/followup-source-manifest.json
 create mode 100644 campaigns/q4-residency-v2-20261005T202441Z/git/starting-evidence/references/hardware/inventory.json
 create mode 100644 campaigns/q4-residency-v2-20261005T202441Z/git/starting-evidence/references/hardware/report.md
 create mode 100644 campaigns/q4-residency-v2-20261005T202441Z/git/starting-evidence/references/hardware/scheduler-envelope.json
 create mode 100644 campaigns/q4-residency-v2-20261005T202441Z/git/starting-evidence/references/hardware/summary.csv
 create mode 100644 campaigns/q4-residency-v2-20261005T202441Z/git/starting-evidence/sources.json
 create mode 100644 campaigns/q4-residency-v2-20261005T202441Z/inputs/cal-prose.json
 create mode 100644 campaigns/q4-residency-v2-20261005T202441Z/inputs/dev-code.json
 create mode 100644 campaigns/q4-residency-v2-20261005T202441Z/inputs/dev-math.json
 create mode 100644 campaigns/q4-residency-v2-20261005T202441Z/inputs/hold-code.json
 create mode 100644 campaigns/q4-residency-v2-20261005T202441Z/inputs/hold-math.json
 create mode 100644 campaigns/q4-residency-v2-20261005T202441Z/inputs/hold-structured.json
 create mode 100644 campaigns/q4-residency-v2-20261005T202441Z/inputs/manifest.json
 create mode 100644 campaigns/q4-residency-v2-20261005T202441Z/inputs/quality-cal-prose.json
 create mode 100644 campaigns/q4-residency-v2-20261005T202441Z/inputs/quality-hold-code.json
 create mode 100644 campaigns/q4-residency-v2-20261005T202441Z/inputs/quality-hold-math.json
 create mode 100644 campaigns/q4-residency-v2-20261005T202441Z/inputs/quality-hold-structured.json
 create mode 100644 campaigns/q4-residency-v2-20261005T202441Z/inputs/warmup.json
 create mode 100644 campaigns/q4-residency-v2-20261005T202441Z/ledger.jsonl
 create mode 100644 campaigns/q4-residency-v2-20261005T202441Z/owned-process.json
 create mode 100644 campaigns/q4-residency-v2-20261005T202441Z/phase-a/report.md
 create mode 100644 campaigns/q4-residency-v2-20261005T202441Z/phase-a/summary.json
 create mode 100644 campaigns/q4-residency-v2-20261005T202441Z/phase-a/trace-validation.json
 create mode 100644 campaigns/q4-residency-v2-20261005T202441Z/phase-b/competition-progress.json
 create mode 100644 campaigns/q4-residency-v2-20261005T202441Z/phase-b/competition.json
 create mode 100644 campaigns/q4-residency-v2-20261005T202441Z/phase-b/dev-static-summary.json
 create mode 100644 campaigns/q4-residency-v2-20261005T202441Z/phase-b/dev-static/128k.json
 create mode 100644 campaigns/q4-residency-v2-20261005T202441Z/phase-b/dev-static/256k.json
 create mode 100644 campaigns/q4-residency-v2-20261005T202441Z/phase-b/dev-static/32k.json
 create mode 100644 campaigns/q4-residency-v2-20261005T202441Z/phase-b/dev-static/cal-prose.json
 create mode 100644 campaigns/q4-residency-v2-20261005T202441Z/phase-b/dev-static/dev-code.json
 create mode 100644 campaigns/q4-residency-v2-20261005T202441Z/phase-b/dev-static/dev-math.json
 create mode 100644 campaigns/q4-residency-v2-20261005T202441Z/phase-b/dev-static/hold-code.json
 create mode 100644 campaigns/q4-residency-v2-20261005T202441Z/phase-b/dev-static/hold-math.json
 create mode 100644 campaigns/q4-residency-v2-20261005T202441Z/phase-b/dev-static/hold-structured.json
 create mode 100644 campaigns/q4-residency-v2-20261005T202441Z/phase-b/learned/evaluation-progress.json
 create mode 100644 campaigns/q4-residency-v2-20261005T202441Z/phase-b/learned/evaluation.json
 create mode 100644 campaigns/q4-residency-v2-20261005T202441Z/phase-b/learned/export.json
 create mode 100644 campaigns/q4-residency-v2-20261005T202441Z/phase-b/learned/training.json
 create mode 100644 campaigns/q4-residency-v2-20261005T202441Z/phase-b/report.md
 create mode 100644 campaigns/q4-residency-v2-20261005T202441Z/phase-b/summary.json
 create mode 100644 campaigns/q4-residency-v2-20261005T202441Z/phase-c/existing-tests.json
 create mode 100644 campaigns/q4-residency-v2-20261005T202441Z/phase-c/order-proof-status.json
 create mode 100644 campaigns/q4-residency-v2-20261005T202441Z/protocol.json
 create mode 100644 campaigns/q4-residency-v2-20261005T202441Z/scripts/analyze_costs.py
 create mode 100644 campaigns/q4-residency-v2-20261005T202441Z/scripts/build.py
 create mode 100644 campaigns/q4-residency-v2-20261005T202441Z/scripts/campaign.py
 create mode 100644 campaigns/q4-residency-v2-20261005T202441Z/scripts/causal_policies.py
 create mode 100644 campaigns/q4-residency-v2-20261005T202441Z/scripts/collect_costs.py
 create mode 100644 campaigns/q4-residency-v2-20261005T202441Z/scripts/compare_build_flags.py
 create mode 100644 campaigns/q4-residency-v2-20261005T202441Z/scripts/compete_history.py
 create mode 100644 campaigns/q4-residency-v2-20261005T202441Z/scripts/confirm_h4_signal.py
 create mode 100644 campaigns/q4-residency-v2-20261005T202441Z/scripts/correctness_live.py
 create mode 100644 campaigns/q4-residency-v2-20261005T202441Z/scripts/dev_profile_reference.py
 create mode 100644 campaigns/q4-residency-v2-20261005T202441Z/scripts/early_projection.py
 create mode 100644 campaigns/q4-residency-v2-20261005T202441Z/scripts/export_linear.py
 create mode 100644 campaigns/q4-residency-v2-20261005T202441Z/scripts/finish_b_then_c.py
 create mode 100644 campaigns/q4-residency-v2-20261005T202441Z/scripts/gate_matrix.py
 create mode 100644 campaigns/q4-residency-v2-20261005T202441Z/scripts/init_campaign.py
 create mode 100644 campaigns/q4-residency-v2-20261005T202441Z/scripts/lab.py
 create mode 100644 campaigns/q4-residency-v2-20261005T202441Z/scripts/live_tests.py
 create mode 100644 campaigns/q4-residency-v2-20261005T202441Z/scripts/main_matrix.py
 create mode 100644 campaigns/q4-residency-v2-20261005T202441Z/scripts/observed_admissions.py
 create mode 100644 campaigns/q4-residency-v2-20261005T202441Z/scripts/parallel_reference.py
 create mode 100644 campaigns/q4-residency-v2-20261005T202441Z/scripts/patch_cost_router.py
 create mode 100644 campaigns/q4-residency-v2-20261005T202441Z/scripts/patch_early.py
 create mode 100644 campaigns/q4-residency-v2-20261005T202441Z/scripts/patch_history.py
 create mode 100644 campaigns/q4-residency-v2-20261005T202441Z/scripts/phase_a_report.py
 create mode 100644 campaigns/q4-residency-v2-20261005T202441Z/scripts/phase_b_report.py
 create mode 100644 campaigns/q4-residency-v2-20261005T202441Z/scripts/prepare_live.py
 create mode 100644 campaigns/q4-residency-v2-20261005T202441Z/scripts/primary_sources.py
 create mode 100644 campaigns/q4-residency-v2-20261005T202441Z/scripts/project_paths.py
 create mode 100644 campaigns/q4-residency-v2-20261005T202441Z/scripts/q4_features.py
 create mode 100644 campaigns/q4-residency-v2-20261005T202441Z/scripts/q4_multigpu.py
 create mode 100644 campaigns/q4-residency-v2-20261005T202441Z/scripts/q4_replay.py
 create mode 100644 campaigns/q4-residency-v2-20261005T202441Z/scripts/record_shared_provenance.py
 create mode 100644 campaigns/q4-residency-v2-20261005T202441Z/scripts/record_ui_metrics.py
 create mode 100644 campaigns/q4-residency-v2-20261005T202441Z/scripts/repair_patch_build.py
 create mode 100644 campaigns/q4-residency-v2-20261005T202441Z/scripts/run_order_proof.py
 create mode 100644 campaigns/q4-residency-v2-20261005T202441Z/scripts/run_references.py
 create mode 100644 campaigns/q4-residency-v2-20261005T202441Z/scripts/run_utility_reference.py
 create mode 100644 campaigns/q4-residency-v2-20261005T202441Z/scripts/serve_capture.py
 create mode 100644 campaigns/q4-residency-v2-20261005T202441Z/scripts/templates/q4_copy_cost.hpp
 create mode 100644 campaigns/q4-residency-v2-20261005T202441Z/scripts/templates/q4_early_policy.hpp
 create mode 100644 campaigns/q4-residency-v2-20261005T202441Z/scripts/templates/q4_history_policy.hpp
 create mode 100644 campaigns/q4-residency-v2-20261005T202441Z/scripts/templates/q4_linear_constants.hpp
 create mode 100644 campaigns/q4-residency-v2-20261005T202441Z/scripts/test_history_selector.py
 create mode 100644 campaigns/q4-residency-v2-20261005T202441Z/scripts/tests_async_order.cu
 create mode 100644 campaigns/q4-residency-v2-20261005T202441Z/scripts/trace_reader.py
 create mode 100644 campaigns/q4-residency-v2-20261005T202441Z/scripts/train_q4.py
 create mode 100644 campaigns/q4-residency-v2-20261005T202441Z/scripts/validate_q4_traces.py
 create mode 100644 campaigns/q4-residency-v2-20261005T202441Z/scripts/wide_reference.py
 create mode 100644 campaigns/q4-residency-v2-20261005T202441Z/sources/Zefan-Cai-Open-Jev/LICENSE
 create mode 100644 campaigns/q4-residency-v2-20261005T202441Z/sources/Zefan-Cai-Open-Jev/README.md
 create mode 100644 campaigns/q4-residency-v2-20261005T202441Z/sources/Zefan-Cai-Open-Jev/jev/model.py
 create mode 100644 campaigns/q4-residency-v2-20261005T202441Z/sources/Zefan-Cai-Open-Jev/jev/sharded_model.py
 create mode 100644 campaigns/q4-residency-v2-20261005T202441Z/sources/Zefan-Cai-Open-Jev/metadata.json
 create mode 100644 campaigns/q4-residency-v2-20261005T202441Z/sources/Zefan-Cai-Open-Jev/pyproject.toml
 create mode 100644 campaigns/q4-residency-v2-20261005T202441Z/sources/Zefan-Cai-Open-Jev/scripts/frontier_v8_native_model.py
 create mode 100644 campaigns/q4-residency-v2-20261005T202441Z/sources/Zefan-Cai-Open-Jev/tests/test_frontier_v8_native_model.py
 create mode 100644 campaigns/q4-residency-v2-20261005T202441Z/sources/fate-v1.html
 create mode 100644 campaigns/q4-residency-v2-20261005T202441Z/sources/manifest.json
 create mode 100644 campaigns/q4-residency-v2-20261005T202441Z/sources/rkinas-basal/LICENSE
 create mode 100644 campaigns/q4-residency-v2-20261005T202441Z/sources/rkinas-basal/README.md
 create mode 100644 campaigns/q4-residency-v2-20261005T202441Z/sources/rkinas-basal/basal/engine.py
 create mode 100644 campaigns/q4-residency-v2-20261005T202441Z/sources/rkinas-basal/basal/facts.py
 create mode 100644 campaigns/q4-residency-v2-20261005T202441Z/sources/rkinas-basal/basal/prompt.py
 create mode 100644 campaigns/q4-residency-v2-20261005T202441Z/sources/rkinas-basal/metadata.json
 create mode 100644 campaigns/q4-residency-v2-20261005T202441Z/sources/rkinas-basal/pyproject.toml
 create mode 100644 campaigns/q4-residency-v2-20261005T202441Z/sources/specmd-v1.html
