PASS logical 50 63562800
PASS complete 50 roles 472885 links 33783
PASS logical 6 180
PASS complete 6 roles 150 links 12
PASS logical 8 1680
PASS complete 8 roles 667 links 128
PASS /srv/ai/work/rad/integer-multiplication-bounds/20261007T222521Z/derived/review/20261008T030515Z-review-singleton-cutoff2/certificate.json
	Command being timed: "/srv/ai/work/rad/integer-multiplication-bounds/20261007T222521Z/envs/math/bin/python -B /srv/ai/research/research/integer-multiplication-bounds/code/review_singleton_positions.py --reference /srv/ai/work/rad/integer-multiplication-bounds/20261007T222521Z/repos/upstream-reference --candidate /srv/ai/work/rad/integer-multiplication-bounds/20261007T222521Z/derived/finite/20261008T022630Z-finite-cutoff-cohort/cases/f49b6b448c76fb29cb36514a81022e20659b094464cd9b7e114ee38e6f9ec3e4.json --small-controls --output /srv/ai/work/rad/integer-multiplication-bounds/20261007T222521Z/derived/review/20261008T030515Z-review-singleton-cutoff2/certificate.json"
	User time (seconds): 95.80
	System time (seconds): 1.87
	Percent of CPU this job got: 99%
	Elapsed (wall clock) time (h:mm:ss or m:ss): 1:38.48
	Average shared text size (kbytes): 0
	Average unshared data size (kbytes): 0
	Average stack size (kbytes): 0
	Average total size (kbytes): 0
	Maximum resident set size (kbytes): 3112140
	Average resident set size (kbytes): 0
	Major (requiring I/O) page faults: 175
	Minor (reclaiming a frame) page faults: 876862
	Voluntary context switches: 2522
	Involuntary context switches: 6582
	Swaps: 0
	File system inputs: 0
	File system outputs: 26
	Socket messages sent: 0
	Socket messages received: 0
	Signals delivered: 0
	Page size (bytes): 4096
	Exit status: 0
