PASS 485680 conservative original 168377068528058274541772676016409/10000000000000000000000000000000000000000
PASS 485680 conservative balanced 84188535681573725193361402784901/5000000000000000000000000000000000000000
PASS 485680 tight original 42094387564944828182208826060349/2500000000000000000000000000000000000000
PASS 485680 tight balanced 33675510618975860722801055113417/2000000000000000000000000000000000000000
	Command being timed: "timeout 60 /srv/ai/work/rad/integer-multiplication-bounds/20261007T222521Z/envs/math/bin/python -B /srv/ai/research/research/integer-multiplication-bounds/code/review_joined_assembly_repair.py --certificate /srv/ai/research/research/integer-multiplication-bounds/runs/20261008T062330Z-downstream-descendant-joined-assembly-repair/results/certificate.json --previous /srv/ai/research/research/integer-multiplication-bounds/runs/20261008T061117Z-downstream-joined-block-semantic-bulk/results/certificate.json --previous-review /srv/ai/research/research/integer-multiplication-bounds/runs/20261008T063322Z-review-fixed-joined-assembly-repair/results/certificate.json --primitive /srv/ai/research/research/integer-multiplication-bounds/runs/20261008T062036Z-downstream-descendant-joined-repair/results/certificate.json --joined-review /srv/ai/research/research/integer-multiplication-bounds/runs/20261008T0603Z-review-joined-block-drain/results/certificate.json --finite-review /srv/ai/research/research/integer-multiplication-bounds/runs/20261008T060418Z-review-descendant-clone-repair/results/certificate.json --clone-proof /srv/ai/research/research/integer-multiplication-bounds/runs/20261008T0550Z-review-descendant-clone/results/certificate.json --literal-producer /srv/ai/work/rad/integer-multiplication-bounds/20261007T222521Z/derived/finite/20261008T052900Z-finite-clone-descendant51/certificate.json --output /srv/ai/work/rad/integer-multiplication-bounds/20261007T222521Z/derived/20261008T063322Z-review-descendant-joined-assembly-repair/certificate.json"
	User time (seconds): 0.08
	System time (seconds): 0.06
	Percent of CPU this job got: 94%
	Elapsed (wall clock) time (h:mm:ss or m:ss): 0:00.15
	Average shared text size (kbytes): 0
	Average unshared data size (kbytes): 0
	Average stack size (kbytes): 0
	Average total size (kbytes): 0
	Maximum resident set size (kbytes): 65916
	Average resident set size (kbytes): 0
	Major (requiring I/O) page faults: 0
	Minor (reclaiming a frame) page faults: 19944
	Voluntary context switches: 375
	Involuntary context switches: 0
	Swaps: 0
	File system inputs: 0
	File system outputs: 57
	Socket messages sent: 0
	Socket messages received: 0
	Signals delivered: 0
	Page size (bytes): 4096
	Exit status: 0
