PASS original97586 conservative original 189700405764318163719266770798721/5000000000000000000000000000000000000000
PASS original97586 conservative balanced 379400825923161907779286798455613/10000000000000000000000000000000000000000
PASS original97586 tight original 379402258831601704590775927248419/10000000000000000000000000000000000000000
PASS original97586 tight balanced 189701136613104825688811147134241/5000000000000000000000000000000000000000
PASS controller92309 conservative original 200170098083216810395528749549729/5000000000000000000000000000000000000000
PASS controller92309 conservative balanced 400340212193692098624885121543603/10000000000000000000000000000000000000000
PASS controller92309 tight original 200170861673507010709965930725339/5000000000000000000000000000000000000000
PASS controller92309 tight balanced 400341739374364208307342473772447/10000000000000000000000000000000000000000
	Command being timed: "timeout 60 /srv/ai/work/rad/integer-multiplication-bounds/20261007T222521Z/envs/math/bin/python -B /srv/ai/research/research/integer-multiplication-bounds/code/review_general_beta_assembly.py --certificate /srv/ai/research/research/integer-multiplication-bounds/runs/20261008T065403Z-downstream-generic-general-beta-repair/results/certificate.json --previous /srv/ai/research/research/integer-multiplication-bounds/runs/20261008T062330Z-downstream-descendant-joined-assembly-repair/results/certificate.json --previous-review /srv/ai/research/research/integer-multiplication-bounds/runs/20261008T063322Z-review-descendant-joined-assembly-repair/results/certificate.json --primitive /srv/ai/research/research/integer-multiplication-bounds/runs/20261008T063741Z-downstream-generic-metric-characteristic/results/certificate.json --generic-inputs /srv/ai/research/research/integer-multiplication-bounds/runs/20261008T064015Z-review-generic-composition-inputs/results/certificate.json --complex-review /srv/ai/research/research/integer-multiplication-bounds/runs/20261008T0415Z-review-complex-controller/results/certificate.json --output /srv/ai/work/rad/integer-multiplication-bounds/20261007T222521Z/derived/20261008T070246Z-review-general-beta-assembly/certificate.json"
	User time (seconds): 0.05
	System time (seconds): 0.01
	Percent of CPU this job got: 81%
	Elapsed (wall clock) time (h:mm:ss or m:ss): 0:00.09
	Average shared text size (kbytes): 0
	Average unshared data size (kbytes): 0
	Average stack size (kbytes): 0
	Average total size (kbytes): 0
	Maximum resident set size (kbytes): 23316
	Average resident set size (kbytes): 0
	Major (requiring I/O) page faults: 0
	Minor (reclaiming a frame) page faults: 4277
	Voluntary context switches: 407
	Involuntary context switches: 17
	Swaps: 0
	File system inputs: 0
	File system outputs: 136
	Socket messages sent: 0
	Socket messages received: 0
	Signals delivered: 0
	Page size (bytes): 4096
	Exit status: 0
