PASS balanced conservative kappa 994534685160017727606094518339/625000000000000000000000000000000000000 strict conditions 37 cutoff 15082430223
PASS balanced tight kappa 15912554970473077566829018782963/10000000000000000000000000000000000000000 strict conditions 37 cutoff 55340232221128654848
	Command being timed: "python3 -B /srv/ai/research/research/integer-multiplication-bounds/code/review_balanced_assembly.py --certificate /srv/ai/research/research/integer-multiplication-bounds/runs/20261008T021723Z-downstream-balanced472985/results/certificate.json --previous /srv/ai/research/research/integer-multiplication-bounds/runs/20261008T021722Z-downstream-generic-compact472985/results/certificate.json --previous-review /srv/ai/research/research/integer-multiplication-bounds/runs/20261008T021825Z-review-compact-generic472985/results/certificate.json --layout /srv/ai/research/research/integer-multiplication-bounds/runs/20261008T014406Z-downstream-balanced-layout/results/certificate.json --operator-review /srv/ai/research/research/integer-multiplication-bounds/runs/20261008T015953Z-review-balanced-operators/results/certificate.json --reference /srv/ai/work/rad/integer-multiplication-bounds/20261007T222521Z/repos/upstream-compact-control-6e564879 --output /srv/ai/work/rad/integer-multiplication-bounds/20261007T222521Z/derived/review/20261008T021825Z-review-balanced-assembly472985/certificate.json"
	User time (seconds): 0.05
	System time (seconds): 0.00
	Percent of CPU this job got: 83%
	Elapsed (wall clock) time (h:mm:ss or m:ss): 0:00.07
	Average shared text size (kbytes): 0
	Average unshared data size (kbytes): 0
	Average stack size (kbytes): 0
	Average total size (kbytes): 0
	Maximum resident set size (kbytes): 23360
	Average resident set size (kbytes): 0
	Major (requiring I/O) page faults: 0
	Minor (reclaiming a frame) page faults: 3391
	Voluntary context switches: 242
	Involuntary context switches: 21
	Swaps: 0
	File system inputs: 0
	File system outputs: 39
	Socket messages sent: 0
	Socket messages received: 0
	Signals delivered: 0
	Page size (bytes): 4096
	Exit status: 0
