{
  "status": "PASS",
  "checks": {
    "six_primary_cells": true,
    "exactly18_valid_primary": true,
    "fixed4096_reuse0": true,
    "counts_close_to_targets": true,
    "three_per_cell": true,
    "single_engine_generation_record": true,
    "payload_hashes": true,
    "input_id_hashes_and_counts": true,
    "equal_fixed_warmup": true,
    "lightweight_telemetry_present": true,
    "frozen_settings": true,
    "frozen_K": true,
    "preserved_binary_hashes": true,
    "model_sizes_mtimes_unchanged": true,
    "GPUs_no_compute_processes": true,
    "no_Strata_engine": true,
    "no_benchmark_server": true,
    "no_periodic_PSS": true
  },
  "primary_valid_count": 18,
  "total_enriched_valid_count": 18,
  "GPU_compute_apps": "",
  "remaining_engine_processes": [],
  "time_UTC": "2026-10-04T22:12:32Z",
  "limitations": [
    "128K current API input IDs differ by official quoted-tag escaping; older/helper identical",
    "Approximate1Hz progression; no in-request cache/MTP/miss identity counters",
    "No valid16K median claimed if optional natural EOS occurs",
    "No independent arena SSD-read counter; unavailable is not zero"
  ]
}
