PASS 1130200 exact fine-grid halvings; 594 stopped cases
	Command being timed: "python3 -B /srv/ai/research/research/integer-multiplication-bounds/code/review_semantic_guard.py --reference /srv/ai/work/rad/integer-multiplication-bounds/20261007T222521Z/repos/upstream-reference --output /srv/ai/work/rad/integer-multiplication-bounds/20261007T222521Z/derived/review/20261008T025235Z-review-semantic-guard/certificate.json"
	User time (seconds): 3.57
	System time (seconds): 0.00
	Percent of CPU this job got: 99%
	Elapsed (wall clock) time (h:mm:ss or m:ss): 0:03.61
	Average shared text size (kbytes): 0
	Average unshared data size (kbytes): 0
	Average stack size (kbytes): 0
	Average total size (kbytes): 0
	Maximum resident set size (kbytes): 23292
	Average resident set size (kbytes): 0
	Major (requiring I/O) page faults: 0
	Minor (reclaiming a frame) page faults: 3295
	Voluntary context switches: 100
	Involuntary context switches: 214
	Swaps: 0
	File system inputs: 0
	File system outputs: 10
	Socket messages sent: 0
	Socket messages received: 0
	Signals delivered: 0
	Page size (bytes): 4096
	Exit status: 0
