PASS compressed flow 50 roles 485237 vertices 2291542 -> 35581
	Command being timed: "env OPENBLAS_NUM_THREADS=1 OMP_NUM_THREADS=1 MKL_NUM_THREADS=1 PYTHONDONTWRITEBYTECODE=1 /srv/ai/work/rad/integer-multiplication-bounds/20261007T222521Z/envs/math/bin/python -B research/integer-multiplication-bounds/code/review_compressed_flow.py --reference /srv/ai/work/rad/integer-multiplication-bounds/20261007T222521Z/repos/upstream-reference --candidate /srv/ai/work/rad/integer-multiplication-bounds/20261007T222521Z/derived/20261008T004115Z-singleton-throughput/cases/abda739268bd6b9473e6b5d05fa63c4e7ca721783ecc2e4c3c1289635f261563.json --labels direct --output /srv/ai/work/rad/integer-multiplication-bounds/20261007T222521Z/derived/review/20261008T010350Z-compressed-flow/full50.json"
	User time (seconds): 59.33
	System time (seconds): 2.37
	Percent of CPU this job got: 98%
	Elapsed (wall clock) time (h:mm:ss or m:ss): 1:02.47
	Average shared text size (kbytes): 0
	Average unshared data size (kbytes): 0
	Average stack size (kbytes): 0
	Average total size (kbytes): 0
	Maximum resident set size (kbytes): 3076420
	Average resident set size (kbytes): 0
	Major (requiring I/O) page faults: 177
	Minor (reclaiming a frame) page faults: 1059750
	Voluntary context switches: 2420
	Involuntary context switches: 4932
	Swaps: 0
	File system inputs: 0
	File system outputs: 14
	Socket messages sent: 0
	Socket messages received: 0
	Signals delivered: 0
	Page size (bytes): 4096
	Exit status: 0
