PASS compressed flow 8 roles 686 vertices 3508 -> 538
PASS compressed flow 12 roles 3798 vertices 19232 -> 1752
	Command being timed: "env OPENBLAS_NUM_THREADS=1 OMP_NUM_THREADS=1 MKL_NUM_THREADS=1 PYTHONDONTWRITEBYTECODE=1 /srv/ai/work/rad/integer-multiplication-bounds/20261007T222521Z/envs/math/bin/python -B research/integer-multiplication-bounds/code/review_compressed_flow.py --reference /srv/ai/work/rad/integer-multiplication-bounds/20261007T222521Z/repos/upstream-reference --h 8 12 --labels direct --output /srv/ai/work/rad/integer-multiplication-bounds/20261007T222521Z/derived/review/20261008T010350Z-compressed-flow/small.json"
	User time (seconds): 21.38
	System time (seconds): 0.15
	Percent of CPU this job got: 94%
	Elapsed (wall clock) time (h:mm:ss or m:ss): 0:22.83
	Average shared text size (kbytes): 0
	Average unshared data size (kbytes): 0
	Average stack size (kbytes): 0
	Average total size (kbytes): 0
	Maximum resident set size (kbytes): 73504
	Average resident set size (kbytes): 0
	Major (requiring I/O) page faults: 187
	Minor (reclaiming a frame) page faults: 16710
	Voluntary context switches: 2417
	Involuntary context switches: 27050
	Swaps: 0
	File system inputs: 0
	File system outputs: 26
	Socket messages sent: 0
	Socket messages received: 0
	Signals delivered: 0
	Page size (bytes): 4096
	Exit status: 0
