{
  "state": "PASS",
  "prefix": "experiments/E008-router-boundary/v2/128k/traces/runtime-request2",
  "activation_records": 384,
  "numeric_rows": 1140,
  "capture_bytes": 12507568,
  "geometry": [
    {
      "device": 0,
      "width": 2560,
      "experts": 512,
      "hc": 4,
      "first": 0,
      "last": 25,
      "capture_windows": 64,
      "timing_events": 4
    },
    {
      "device": 1,
      "width": 2560,
      "experts": 512,
      "hc": 4,
      "first": 25,
      "last": 48,
      "capture_windows": 64,
      "timing_events": 4
    }
  ],
  "gate_memory_CPU_bytes": 31457280,
  "router_quality": {
    "6": {
      "rows": 190,
      "top10_precision_pct": 49.21052631578947,
      "nonlocal_recall_pct": 56.666666666666664,
      "true_nonlocal_entries": 30,
      "predicted_nonresident_entries": 68,
      "lead_us": {
        "n": 190,
        "min": 170.489,
        "median": 244.169,
        "p95": 1078.856,
        "max": 3359.257,
        "sum": 77041.234
      },
      "batch_score_us": {
        "n": 190,
        "min": 51.3,
        "median": 348.839,
        "p95": 445.689,
        "max": 783.406,
        "sum": 67749.613
      },
      "batch_top10_us": {
        "n": 190,
        "min": 5.351,
        "median": 13.93,
        "p95": 24.49,
        "max": 49.419,
        "sum": 2721.18
      },
      "optimistic_ready_fraction": 0.1,
      "warm_windows_only": {
        "rows": 187,
        "lead_us": {
          "n": 187,
          "min": 170.489,
          "median": 245.039,
          "p95": 1078.856,
          "max": 3359.257,
          "sum": 76346.82999999999
        },
        "optimistic_ready_fraction": 0.10160427807486631
      }
    },
    "21": {
      "rows": 190,
      "top10_precision_pct": 45.94736842105263,
      "nonlocal_recall_pct": 22.727272727272727,
      "true_nonlocal_entries": 22,
      "predicted_nonresident_entries": 72,
      "lead_us": {
        "n": 190,
        "min": 164.369,
        "median": 230.38,
        "p95": 383.2204499999991,
        "max": 3068.688,
        "sum": 60979.90299999999
      },
      "batch_score_us": {
        "n": 190,
        "min": 50.999,
        "median": 340.328,
        "p95": 412.0085499999999,
        "max": 491.959,
        "sum": 64145.01700000001
      },
      "batch_top10_us": {
        "n": 190,
        "min": 5.02,
        "median": 13.12,
        "p95": 15.05,
        "max": 21.41,
        "sum": 2383.605
      },
      "optimistic_ready_fraction": 0.042105263157894736,
      "warm_windows_only": {
        "rows": 187,
        "lead_us": {
          "n": 187,
          "min": 164.369,
          "median": 230.619,
          "p95": 390.8462999999994,
          "max": 3068.688,
          "sum": 60348.199
        },
        "optimistic_ready_fraction": 0.0427807486631016
      }
    },
    "25": {
      "rows": 190,
      "top10_precision_pct": 55.73684210526316,
      "nonlocal_recall_pct": 44.44444444444444,
      "true_nonlocal_entries": 45,
      "predicted_nonresident_entries": 52,
      "lead_us": {
        "n": 190,
        "min": 214.519,
        "median": 309.048,
        "p95": 477.919,
        "max": 16141.878,
        "sum": 108425.95800000001
      },
      "batch_score_us": {
        "n": 190,
        "min": 50.32,
        "median": 355.589,
        "p95": 446.608,
        "max": 532.118,
        "sum": 67630.214
      },
      "batch_top10_us": {
        "n": 190,
        "min": 4.91,
        "median": 12.75,
        "p95": 14.44,
        "max": 19.37,
        "sum": 2279.0870000000004
      },
      "optimistic_ready_fraction": 0.03684210526315789,
      "warm_windows_only": {
        "rows": 187,
        "lead_us": {
          "n": 187,
          "min": 214.519,
          "median": 308.658,
          "p95": 469.999,
          "max": 658.447,
          "sum": 60000.32399999999
        },
        "optimistic_ready_fraction": 0.0213903743315508
      }
    },
    "26": {
      "rows": 190,
      "top10_precision_pct": 31.736842105263158,
      "nonlocal_recall_pct": 6.451612903225806,
      "true_nonlocal_entries": 31,
      "predicted_nonresident_entries": 68,
      "lead_us": {
        "n": 190,
        "min": 169.67,
        "median": 254.129,
        "p95": 533.288,
        "max": 3361.486,
        "sum": 64788.116999999984
      },
      "batch_score_us": {
        "n": 190,
        "min": 49.41,
        "median": 348.769,
        "p95": 431.57489999999996,
        "max": 452.918,
        "sum": 64667.94799999999
      },
      "batch_top10_us": {
        "n": 190,
        "min": 5.09,
        "median": 13.784500000000001,
        "p95": 17.3,
        "max": 25.069,
        "sum": 2547.0780000000004
      },
      "optimistic_ready_fraction": 0.05789473684210526,
      "warm_windows_only": {
        "rows": 187,
        "lead_us": {
          "n": 187,
          "min": 169.67,
          "median": 254.129,
          "p95": 533.288,
          "max": 3361.486,
          "sum": 63962.999999999985
        },
        "optimistic_ready_fraction": 0.058823529411764705
      }
    },
    "41": {
      "rows": 190,
      "top10_precision_pct": 52.73684210526316,
      "nonlocal_recall_pct": 58.8235294117647,
      "true_nonlocal_entries": 17,
      "predicted_nonresident_entries": 65,
      "lead_us": {
        "n": 190,
        "min": 160.159,
        "median": 221.52800000000002,
        "p95": 491.789,
        "max": 1913.353,
        "sum": 52086.345
      },
      "batch_score_us": {
        "n": 190,
        "min": 53.96,
        "median": 364.10900000000004,
        "p95": 459.078,
        "max": 471.069,
        "sum": 68741.43200000002
      },
      "batch_top10_us": {
        "n": 190,
        "min": 5.04,
        "median": 12.82,
        "p95": 20.009,
        "max": 25.251,
        "sum": 2387.83
      },
      "optimistic_ready_fraction": 0.03684210526315789,
      "warm_windows_only": {
        "rows": 187,
        "lead_us": {
          "n": 187,
          "min": 160.159,
          "median": 221.768,
          "p95": 491.789,
          "max": 1913.353,
          "sum": 51441.285
        },
        "optimistic_ready_fraction": 0.0374331550802139
      }
    },
    "47": {
      "rows": 190,
      "top10_precision_pct": 32.31578947368421,
      "nonlocal_recall_pct": 22.22222222222222,
      "true_nonlocal_entries": 45,
      "predicted_nonresident_entries": 573,
      "lead_us": {
        "n": 190,
        "min": 307.969,
        "median": 442.418,
        "p95": 2346.751,
        "max": 3029.789,
        "sum": 127163.39100000002
      },
      "batch_score_us": {
        "n": 190,
        "min": 48.8,
        "median": 350.078,
        "p95": 429.529,
        "max": 448.949,
        "sum": 64323.541
      },
      "batch_top10_us": {
        "n": 190,
        "min": 5.0,
        "median": 13.08,
        "p95": 22.289,
        "max": 26.36,
        "sum": 2491.464
      },
      "optimistic_ready_fraction": 0.26842105263157895,
      "warm_windows_only": {
        "rows": 187,
        "lead_us": {
          "n": 187,
          "min": 307.969,
          "median": 442.418,
          "p95": 2346.751,
          "max": 3029.789,
          "sum": 120782.11500000002
        },
        "optimistic_ready_fraction": 0.25668449197860965
      }
    }
  },
  "boundary_timings": {
    "0": {
      "0": {
        "host_elapsed_us": {
          "n": 1449,
          "min": 0.16,
          "median": 0.32,
          "p95": 1.98,
          "max": 6.5,
          "sum": 662.97
        }
      },
      "1": {
        "host_elapsed_us": {
          "n": 1449,
          "min": 8.529,
          "median": 21.61,
          "p95": 40.986999999999995,
          "max": 2066.152,
          "sum": 40645.664000000004
        }
      },
      "2": {
        "host_elapsed_us": {
          "n": 1449,
          "min": 21.75,
          "median": 82.759,
          "p95": 122.139,
          "max": 1078.897,
          "sum": 117194.648
        }
      },
      "4": {
        "host_elapsed_us": {
          "n": 1449,
          "min": 0.0,
          "median": 0.0,
          "p95": 0.0,
          "max": 0.0,
          "sum": 0.0
        }
      },
      "5": {
        "host_elapsed_us": {
          "n": 1449,
          "min": 0.02,
          "median": 0.1,
          "p95": 0.131,
          "max": 9291.395,
          "sum": 9494.975000000002
        }
      },
      "10": {
        "gpu_elapsed_us": null,
        "copy_bytes": null
      },
      "11": {
        "gpu_elapsed_us": {
          "n": 64,
          "min": 8.192000389099121,
          "median": 19.45599937438965,
          "p95": 24.576000213623047,
          "max": 24.576000213623047,
          "sum": 1157.1199979782104
        },
        "copy_bytes": {
          "n": 64,
          "min": 51216.0,
          "median": 153648.0,
          "p95": 204864.0,
          "max": 204864.0,
          "sum": 9731040.0
        }
      }
    },
    "1": {
      "0": {
        "host_elapsed_us": {
          "n": 1449,
          "min": 0.18,
          "median": 0.33,
          "p95": 1.7799999999999956,
          "max": 13.929,
          "sum": 684.113
        }
      },
      "1": {
        "host_elapsed_us": {
          "n": 1449,
          "min": 10.629,
          "median": 23.131,
          "p95": 38.977399999999996,
          "max": 72.35,
          "sum": 36154.925
        }
      },
      "2": {
        "host_elapsed_us": {
          "n": 1449,
          "min": 651.398,
          "median": 735.007,
          "p95": 841.117,
          "max": 4942.881,
          "sum": 1132555.523
        }
      },
      "4": {
        "host_elapsed_us": {
          "n": 1449,
          "min": 0.0,
          "median": 0.0,
          "p95": 0.0,
          "max": 0.0,
          "sum": 0.0
        }
      },
      "5": {
        "host_elapsed_us": {
          "n": 1449,
          "min": 0.02,
          "median": 0.08,
          "p95": 0.111,
          "max": 15847.759,
          "sum": 15987.711999999998
        }
      },
      "10": {
        "gpu_elapsed_us": {
          "n": 64,
          "min": 11.263999938964844,
          "median": 19.96799945831299,
          "p95": 23.552000045776367,
          "max": 26.624000549316406,
          "sum": 1243.1359968185425
        },
        "copy_bytes": {
          "n": 64,
          "min": 51216.0,
          "median": 153648.0,
          "p95": 204864.0,
          "max": 204864.0,
          "sum": 9731040.0
        }
      },
      "11": {
        "gpu_elapsed_us": null,
        "copy_bytes": null
      }
    }
  },
  "host_stage_transition_gap_us": {
    "n": 1449,
    "min": 0.071,
    "median": 0.2,
    "p95": 1.3785999999999972,
    "max": 29.46,
    "sum": 587.699
  },
  "first_window_logits": {
    "count": 248320,
    "all_finite": true,
    "top1": 2
  },
  "timing_kinds": {
    "0": "stage_inputs CPU bracket",
    "1": "cudaGraphLaunch CPU bracket",
    "2": "existing stage-tail cudaStreamSynchronize CPU bracket",
    "4": "stage call entry marker",
    "5": "capture/capture_commit CPU bracket",
    "10": "actual incoming mapped activation copy GPU elapsed",
    "11": "actual outgoing mapped activation copy GPU elapsed"
  },
  "limitations": [
    "Diagnostic-only, not a headline speed build; first64 windows selected six next-layer pairs, no generalization guarantee.",
    "Single-thread offline CPU numeric cost excludes feature capture, scheduling, victim selection and contention. BF16 native gate snapshot converted exactly into float32; no model mutation.",
    "Prediction uses current-layer normalized MoE activation, not true next-layer activation. True next-router IDs are evaluation labels only.",
    "Lead ends at host observation of the true next router, a conservative deadline for avoidance of its nonlocal execution; diagnostic copying itself can increase observed lead.",
    "Optimistic one-blob test ignores competing predictions, slot eviction and in-flight reader hazards; passing does not prove runtime feasibility.",
    "CUDA durations stay on one device clock. CPU completion timestamps do not identify device event start. No unrelated timers are summed into miss cost.",
    "Host tail synchronize includes final resident compute, dense/KV/head/argmax and cannot be labeled expert miss or boundary transfer time."
  ]
}
