[PHASE 1 | STEP 2/5] Offline code-heg-full complete | elapsed 32.1min | remaining 207.9min
[PHASE 1 | STEP 2/5] Offline code-heg-native-0.2 complete | elapsed 32.2min | remaining 207.8min
[PHASE 1 | STEP 2/5] Offline code-heg-native-0.5 complete | elapsed 32.2min | remaining 207.8min
[PHASE 1 | STEP 2/5] Offline code-heg-recency-0.2 complete | elapsed 32.2min | remaining 207.8min
[PHASE 1 | STEP 2/5] Offline code-heg-recency-0.5 complete | elapsed 32.2min | remaining 207.8min
[PHASE 1 | STEP 2/5] Offline code-heg-logistic-0.2 complete | elapsed 32.3min | remaining 207.7min
[PHASE 1 | STEP 2/5] Offline code-heg-logistic-0.5 complete | elapsed 32.3min | remaining 207.7min
[PHASE 1 | STEP 2/5] Offline code-heg-tree-0.2 complete | elapsed 32.3min | remaining 207.7min
[PHASE 1 | STEP 2/5] Offline code-heg-tree-0.5 complete | elapsed 32.4min | remaining 207.6min
[PHASE 1 | STEP 2/5] Offline math-rational-full complete | elapsed 32.4min | remaining 207.6min
[PHASE 1 | STEP 2/5] Offline math-rational-native-0.2 complete | elapsed 32.4min | remaining 207.6min
[PHASE 1 | STEP 2/5] Offline math-rational-native-0.5 complete | elapsed 32.5min | remaining 207.5min
[PHASE 1 | STEP 2/5] Offline math-rational-recency-0.2 complete | elapsed 32.5min | remaining 207.5min
[PHASE 1 | STEP 2/5] Offline math-rational-recency-0.5 complete | elapsed 32.5min | remaining 207.5min
[PHASE 1 | STEP 2/5] Offline math-rational-logistic-0.2 complete | elapsed 32.5min | remaining 207.5min
[PHASE 1 | STEP 2/5] Offline math-rational-logistic-0.5 complete | elapsed 32.6min | remaining 207.4min
[PHASE 1 | STEP 2/5] Offline math-rational-tree-0.2 complete | elapsed 32.6min | remaining 207.4min
[PHASE 1 | STEP 2/5] Offline math-rational-tree-0.5 complete | elapsed 32.6min | remaining 207.4min
[PHASE 1 | STEP 2/5] Offline text-http-full complete | elapsed 32.7min | remaining 207.3min
[PHASE 1 | STEP 2/5] Offline text-http-native-0.2 complete | elapsed 32.7min | remaining 207.3min
[PHASE 1 | STEP 2/5] Offline text-http-native-0.5 complete | elapsed 32.7min | remaining 207.3min
[PHASE 1 | STEP 2/5] Offline text-http-recency-0.2 complete | elapsed 32.7min | remaining 207.3min
[PHASE 1 | STEP 2/5] Offline text-http-recency-0.5 complete | elapsed 32.8min | remaining 207.2min
[PHASE 1 | STEP 2/5] Offline text-http-logistic-0.2 complete | elapsed 32.8min | remaining 207.2min
[PHASE 1 | STEP 2/5] Offline text-http-logistic-0.5 complete | elapsed 32.8min | remaining 207.2min
[PHASE 1 | STEP 2/5] Offline text-http-tree-0.2 complete | elapsed 32.8min | remaining 207.2min
[PHASE 1 | STEP 2/5] Offline text-http-tree-0.5 complete | elapsed 32.9min | remaining 207.1min
[PHASE 1 | STEP 2/5] Offline mixed-build-full complete | elapsed 32.9min | remaining 207.1min
[PHASE 1 | STEP 2/5] Offline mixed-build-native-0.2 complete | elapsed 32.9min | remaining 207.1min
[PHASE 1 | STEP 2/5] Offline mixed-build-native-0.5 complete | elapsed 32.9min | remaining 207.1min
[PHASE 1 | STEP 2/5] Offline mixed-build-recency-0.2 complete | elapsed 33.0min | remaining 207.0min
[PHASE 1 | STEP 2/5] Offline mixed-build-recency-0.5 complete | elapsed 33.0min | remaining 207.0min
[PHASE 1 | STEP 2/5] Offline mixed-build-logistic-0.2 complete | elapsed 33.0min | remaining 207.0min
[PHASE 1 | STEP 2/5] Offline mixed-build-logistic-0.5 complete | elapsed 33.0min | remaining 207.0min
[PHASE 1 | STEP 2/5] Offline mixed-build-tree-0.2 complete | elapsed 33.1min | remaining 206.9min
[PHASE 1 | STEP 2/5] Offline mixed-build-tree-0.5 complete | elapsed 33.1min | remaining 206.9min
[PHASE 1 | STEP 2/5] Offline code-queue-full complete | elapsed 33.1min | remaining 206.9min
[PHASE 1 | STEP 2/5] Offline code-queue-native-0.2 complete | elapsed 33.2min | remaining 206.8min
[PHASE 1 | STEP 2/5] Offline code-queue-native-0.5 complete | elapsed 33.2min | remaining 206.8min
[PHASE 1 | STEP 2/5] Offline code-queue-recency-0.2 complete | elapsed 33.2min | remaining 206.8min
[PHASE 1 | STEP 2/5] Offline code-queue-recency-0.5 complete | elapsed 33.2min | remaining 206.8min
[PHASE 1 | STEP 2/5] Offline code-queue-logistic-0.2 complete | elapsed 33.2min | remaining 206.8min
[PHASE 1 | STEP 2/5] Offline code-queue-logistic-0.5 complete | elapsed 33.3min | remaining 206.7min
[PHASE 1 | STEP 2/5] Offline code-queue-tree-0.2 complete | elapsed 33.3min | remaining 206.7min
[PHASE 1 | STEP 2/5] Offline code-queue-tree-0.5 complete | elapsed 33.4min | remaining 206.6min
[PHASE 1 | STEP 2/5] Offline math-sensor-full complete | elapsed 33.4min | remaining 206.6min
[PHASE 1 | STEP 2/5] Offline math-sensor-native-0.2 complete | elapsed 33.4min | remaining 206.6min
[PHASE 1 | STEP 2/5] Offline math-sensor-native-0.5 complete | elapsed 33.4min | remaining 206.6min
[PHASE 1 | STEP 2/5] Offline math-sensor-recency-0.2 complete | elapsed 33.4min | remaining 206.6min
[PHASE 1 | STEP 2/5] Offline math-sensor-recency-0.5 complete | elapsed 33.5min | remaining 206.5min
[PHASE 1 | STEP 2/5] Offline math-sensor-logistic-0.2 complete | elapsed 33.5min | remaining 206.5min
[PHASE 1 | STEP 2/5] Offline math-sensor-logistic-0.5 complete | elapsed 33.5min | remaining 206.5min
[PHASE 1 | STEP 2/5] Offline math-sensor-tree-0.2 complete | elapsed 33.5min | remaining 206.5min
[PHASE 1 | STEP 2/5] Offline math-sensor-tree-0.5 complete | elapsed 33.6min | remaining 206.4min
[PHASE 1 | STEP 2/5] Offline text-tls-full complete | elapsed 33.6min | remaining 206.4min
[PHASE 1 | STEP 2/5] Offline text-tls-native-0.2 complete | elapsed 33.6min | remaining 206.4min
[PHASE 1 | STEP 2/5] Offline text-tls-native-0.5 complete | elapsed 33.7min | remaining 206.3min
[PHASE 1 | STEP 2/5] Offline text-tls-recency-0.2 complete | elapsed 33.7min | remaining 206.3min
[PHASE 1 | STEP 2/5] Offline text-tls-recency-0.5 complete | elapsed 33.7min | remaining 206.3min
[PHASE 1 | STEP 2/5] Offline text-tls-logistic-0.2 complete | elapsed 33.7min | remaining 206.3min
[PHASE 1 | STEP 2/5] Offline text-tls-logistic-0.5 complete | elapsed 33.8min | remaining 206.2min
[PHASE 1 | STEP 2/5] Offline text-tls-tree-0.2 complete | elapsed 33.8min | remaining 206.2min
[PHASE 1 | STEP 2/5] Offline text-tls-tree-0.5 complete | elapsed 33.9min | remaining 206.1min
[PHASE 1 | STEP 2/5] Offline mixed-fields-full complete | elapsed 33.9min | remaining 206.1min
[PHASE 1 | STEP 2/5] Offline mixed-fields-native-0.2 complete | elapsed 33.9min | remaining 206.1min
[PHASE 1 | STEP 2/5] Offline mixed-fields-native-0.5 complete | elapsed 33.9min | remaining 206.1min
[PHASE 1 | STEP 2/5] Offline mixed-fields-recency-0.2 complete | elapsed 33.9min | remaining 206.1min
[PHASE 1 | STEP 2/5] Offline mixed-fields-recency-0.5 complete | elapsed 34.0min | remaining 206.0min
[PHASE 1 | STEP 2/5] Offline mixed-fields-logistic-0.2 complete | elapsed 34.0min | remaining 206.0min
[PHASE 1 | STEP 2/5] Offline mixed-fields-logistic-0.5 complete | elapsed 34.0min | remaining 206.0min
[PHASE 1 | STEP 2/5] Offline mixed-fields-tree-0.2 complete | elapsed 34.0min | remaining 206.0min
[PHASE 1 | STEP 2/5] Offline mixed-fields-tree-0.5 complete | elapsed 34.1min | remaining 205.9min
Traceback (most recent call last):
  File "/srv/ai/research/iq3s-residency-20261004T230051Z/campaigns/golden-swap-phase1-20261006T200037Z/scripts/offline_campaign.py", line 51, in <module>
    if __name__=='__main__':main()
                            ~~~~^^
  File "/srv/ai/research/iq3s-residency-20261004T230051Z/campaigns/golden-swap-phase1-20261006T200037Z/scripts/offline_campaign.py", line 50, in main
    learned=[r for r in scores if r['policy'] in ['logistic','tree']];best=min(learned,key=lambda r:r['calibration_mean_proxy']);cheap=min([r for r in scores if r['policy'] in ['native','recency']],key=lambda r:r['calibration_mean_proxy']);best.update(selection_scope='All four families, predeclared; development fit and calibration operating point only',candidates=scores,cheap_reference=cheap,promising=best['calibration_task_wins']>=3 and best['calibration_mean_proxy']<1,version='cost-guard-v3',copy_cost_assumptions={'staging_GB_s':25,'H2D_GB_s':13.2,'assumed_net_entry_gain_us':160},checkpoint_sha256=hashlib.sha256((C/'models'/(best['policy']+'.txt')).read_bytes()).hexdigest(),ranking_weights=[1,.5,.25,.125],fallback='Invalid scores use same causal native-heat proxy; no victim-future fallback',frozen_utc=__import__('datetime').datetime.now(__import__('datetime').timezone.utc).isoformat());save(C/'models/selection.json',best);ledger('Runtime finalist frozen before reserved evaluation',**best);print('FROZEN',best,flush=True)
                                                                                                                                                                                                                                                                                                                                                                                                                                                                                                                                                                                                                                                                                                                                                                                                                                                                                                                                     ~~~~^^^^^^^^^^^^^^^^^^^^^^^^^^^^^^^^
  File "/srv/ai/research/iq3s-residency-20261004T230051Z/campaigns/golden-swap-phase1-20261006T200037Z/scripts/common.py", line 7, in save
    p=pathlib.Path(p);p.parent.mkdir(parents=True,exist_ok=True);tmp=p.with_name(p.name+'.tmp.'+str(os.getpid())+'.'+str(threading.get_ident())+'.'+str(time.monotonic_ns()));tmp.write_text(json.dumps(x,indent=2)+'\n');os.replace(tmp,p)
                                                                                                                                                                                             ~~~~~~~~~~^^^^^^^^^^^^
  File "/usr/lib/python3.14/json/__init__.py", line 242, in dumps
    **kw).encode(obj)
          ~~~~~~^^^^^
  File "/usr/lib/python3.14/json/encoder.py", line 202, in encode
    chunks = self.iterencode(o, _one_shot=True)
  File "/usr/lib/python3.14/json/encoder.py", line 263, in iterencode
    return _iterencode(o, 0)
ValueError: Circular reference detected
when serializing list item 5
when serializing dict item 'candidates'
