[PHASE 1 | STEP 2/5] Offline code-heg-full complete | elapsed 21.9min | remaining 218.1min
[PHASE 1 | STEP 2/5] Offline code-heg-native-0.2 complete | elapsed 22.0min | remaining 218.0min
[PHASE 1 | STEP 2/5] Offline code-heg-native-0.5 complete | elapsed 22.0min | remaining 218.0min
[PHASE 1 | STEP 2/5] Offline code-heg-recency-0.2 complete | elapsed 22.1min | remaining 217.9min
[PHASE 1 | STEP 2/5] Offline code-heg-recency-0.5 complete | elapsed 22.1min | remaining 217.9min
[PHASE 1 | STEP 2/5] Offline code-heg-logistic-0.2 complete | elapsed 22.1min | remaining 217.9min
[PHASE 1 | STEP 2/5] Offline code-heg-logistic-0.5 complete | elapsed 22.2min | remaining 217.8min
[PHASE 1 | STEP 2/5] Offline code-heg-tree-0.2 complete | elapsed 22.3min | remaining 217.7min
[PHASE 1 | STEP 2/5] Offline code-heg-tree-0.5 complete | elapsed 22.4min | remaining 217.6min
Traceback (most recent call last):
  File "/srv/ai/research/iq3s-residency-20261004T230051Z/campaigns/golden-swap-phase1-20261006T200037Z/scripts/offline_campaign.py", line 41, in <module>
    if __name__=='__main__':main()
                            ~~~~^^
  File "/srv/ai/research/iq3s-residency-20261004T230051Z/campaigns/golden-swap-phase1-20261006T200037Z/scripts/offline_campaign.py", line 27, in main
    for policy,threshold in policies:rows.append(point(task,policy,threshold));save(C/'results'/('offline-'+args.phase+'.json'),rows)
                                                 ~~~~~^^^^^^^^^^^^^^^^^^^^^^^
  File "/srv/ai/research/iq3s-residency-20261004T230051Z/campaigns/golden-swap-phase1-20261006T200037Z/scripts/offline_campaign.py", line 11, in point
    label=task['task_id']+'-'+policy+('-'+str(threshold) if threshold is not None else '');p=C/'results/offline'/label;p.mkdir(parents=True,exist_ok=False);env={k:v for k,v in os.environ.items() if not k.startswith('STRATA_')};env.update(STRATA_Q4_TAPE=task['trace_path'],STRATA_Q4_TAPE_MODE='replay',STRATA_Q4_ORACLE_MODE='full',STRATA_Q4_ORACLE_INCOMING='full',STRATA_Q4_ORACLE_VICTIM='full',STRATA_Q4_CAUSAL_VICTIM='off' if policy=='full' else policy)
                                                                                                                       ~~~~~~~^^^^^^^^^^^^^^^^^^^^^^^^^^^^^
  File "/usr/lib/python3.14/pathlib/__init__.py", line 1012, in mkdir
    os.mkdir(self, mode)
    ~~~~~~~~^^^^^^^^^^^^
FileExistsError: [Errno 17] File exists: '/srv/ai/research/iq3s-residency-20261004T230051Z/campaigns/golden-swap-phase1-20261006T200037Z/results/offline/math-rational-full'
