[PHASE 1 | STEP 2/5] Offline math-rational-full complete | elapsed 23.4min | remaining 216.6min
[PHASE 1 | STEP 2/5] Offline math-rational-native-0.2 complete | elapsed 23.5min | remaining 216.5min
[PHASE 1 | STEP 2/5] Offline math-rational-native-0.5 complete | elapsed 23.5min | remaining 216.5min
[PHASE 1 | STEP 2/5] Offline math-rational-recency-0.2 complete | elapsed 23.5min | remaining 216.5min
[PHASE 1 | STEP 2/5] Offline math-rational-recency-0.5 complete | elapsed 23.6min | remaining 216.4min
[PHASE 1 | STEP 2/5] Offline math-rational-logistic-0.2 complete | elapsed 23.6min | remaining 216.4min
[PHASE 1 | STEP 2/5] Offline math-rational-logistic-0.5 complete | elapsed 23.6min | remaining 216.4min
[PHASE 1 | STEP 2/5] Offline math-rational-tree-0.2 complete | elapsed 23.7min | remaining 216.3min
[PHASE 1 | STEP 2/5] Offline math-rational-tree-0.5 complete | elapsed 23.8min | remaining 216.2min
[PHASE 1 | STEP 2/5] Offline text-http-full complete | elapsed 23.8min | remaining 216.2min
[PHASE 1 | STEP 2/5] Offline text-http-native-0.2 complete | elapsed 23.9min | remaining 216.1min
[PHASE 1 | STEP 2/5] Offline text-http-native-0.5 complete | elapsed 23.9min | remaining 216.1min
[PHASE 1 | STEP 2/5] Offline text-http-recency-0.2 complete | elapsed 24.0min | remaining 216.0min
[PHASE 1 | STEP 2/5] Offline text-http-recency-0.5 complete | elapsed 24.0min | remaining 216.0min
[PHASE 1 | STEP 2/5] Offline text-http-logistic-0.2 complete | elapsed 24.0min | remaining 216.0min
[PHASE 1 | STEP 2/5] Offline text-http-logistic-0.5 complete | elapsed 24.1min | remaining 215.9min
[PHASE 1 | STEP 2/5] Offline text-http-tree-0.2 complete | elapsed 24.2min | remaining 215.8min
[PHASE 1 | STEP 2/5] Offline text-http-tree-0.5 complete | elapsed 24.3min | remaining 215.7min
[PHASE 1 | STEP 2/5] Offline mixed-build-full complete | elapsed 24.3min | remaining 215.7min
[PHASE 1 | STEP 2/5] Offline mixed-build-native-0.2 complete | elapsed 24.3min | remaining 215.7min
[PHASE 1 | STEP 2/5] Offline mixed-build-native-0.5 complete | elapsed 24.4min | remaining 215.6min
[PHASE 1 | STEP 2/5] Offline mixed-build-recency-0.2 complete | elapsed 24.4min | remaining 215.6min
[PHASE 1 | STEP 2/5] Offline mixed-build-recency-0.5 complete | elapsed 24.4min | remaining 215.6min
[PHASE 1 | STEP 2/5] Offline mixed-build-logistic-0.2 complete | elapsed 24.5min | remaining 215.5min
[PHASE 1 | STEP 2/5] Offline mixed-build-logistic-0.5 complete | elapsed 24.5min | remaining 215.5min
[PHASE 1 | STEP 2/5] Offline mixed-build-tree-0.2 complete | elapsed 24.6min | remaining 215.4min
[PHASE 1 | STEP 2/5] Offline mixed-build-tree-0.5 complete | elapsed 24.7min | remaining 215.3min
[PHASE 1 | STEP 2/5] Offline code-queue-full complete | elapsed 24.7min | remaining 215.3min
[PHASE 1 | STEP 2/5] Offline code-queue-native-0.2 complete | elapsed 24.7min | remaining 215.3min
[PHASE 1 | STEP 2/5] Offline code-queue-native-0.5 complete | elapsed 24.8min | remaining 215.2min
[PHASE 1 | STEP 2/5] Offline code-queue-recency-0.2 complete | elapsed 24.8min | remaining 215.2min
[PHASE 1 | STEP 2/5] Offline code-queue-recency-0.5 complete | elapsed 24.8min | remaining 215.2min
[PHASE 1 | STEP 2/5] Offline code-queue-logistic-0.2 complete | elapsed 24.9min | remaining 215.1min
[PHASE 1 | STEP 2/5] Offline code-queue-logistic-0.5 complete | elapsed 24.9min | remaining 215.1min
[PHASE 1 | STEP 2/5] Offline code-queue-tree-0.2 complete | elapsed 25.0min | remaining 215.0min
[PHASE 1 | STEP 2/5] Offline code-queue-tree-0.5 complete | elapsed 25.1min | remaining 214.9min
[PHASE 1 | STEP 2/5] Offline math-sensor-full complete | elapsed 25.2min | remaining 214.8min
[PHASE 1 | STEP 2/5] Offline math-sensor-native-0.2 complete | elapsed 25.2min | remaining 214.8min
[PHASE 1 | STEP 2/5] Offline math-sensor-native-0.5 complete | elapsed 25.2min | remaining 214.8min
[PHASE 1 | STEP 2/5] Offline math-sensor-recency-0.2 complete | elapsed 25.3min | remaining 214.7min
[PHASE 1 | STEP 2/5] Offline math-sensor-recency-0.5 complete | elapsed 25.3min | remaining 214.7min
[PHASE 1 | STEP 2/5] Offline math-sensor-logistic-0.2 complete | elapsed 25.3min | remaining 214.7min
[PHASE 1 | STEP 2/5] Offline math-sensor-logistic-0.5 complete | elapsed 25.4min | remaining 214.6min
[PHASE 1 | STEP 2/5] Offline math-sensor-tree-0.2 complete | elapsed 25.5min | remaining 214.5min
[PHASE 1 | STEP 2/5] Offline math-sensor-tree-0.5 complete | elapsed 25.6min | remaining 214.4min
[PHASE 1 | STEP 2/5] Offline text-tls-full complete | elapsed 25.6min | remaining 214.4min
[PHASE 1 | STEP 2/5] Offline text-tls-native-0.2 complete | elapsed 25.6min | remaining 214.4min
[PHASE 1 | STEP 2/5] Offline text-tls-native-0.5 complete | elapsed 25.7min | remaining 214.3min
[PHASE 1 | STEP 2/5] Offline text-tls-recency-0.2 complete | elapsed 25.7min | remaining 214.3min
[PHASE 1 | STEP 2/5] Offline text-tls-recency-0.5 complete | elapsed 25.8min | remaining 214.2min
[PHASE 1 | STEP 2/5] Offline text-tls-logistic-0.2 complete | elapsed 25.8min | remaining 214.2min
[PHASE 1 | STEP 2/5] Offline text-tls-logistic-0.5 complete | elapsed 25.8min | remaining 214.2min
[PHASE 1 | STEP 2/5] Offline text-tls-tree-0.2 complete | elapsed 26.0min | remaining 214.0min
[PHASE 1 | STEP 2/5] Offline text-tls-tree-0.5 complete | elapsed 26.1min | remaining 213.9min
[PHASE 1 | STEP 2/5] Offline mixed-fields-full complete | elapsed 26.1min | remaining 213.9min
[PHASE 1 | STEP 2/5] Offline mixed-fields-native-0.2 complete | elapsed 26.1min | remaining 213.9min
[PHASE 1 | STEP 2/5] Offline mixed-fields-native-0.5 complete | elapsed 26.2min | remaining 213.8min
[PHASE 1 | STEP 2/5] Offline mixed-fields-recency-0.2 complete | elapsed 26.2min | remaining 213.8min
[PHASE 1 | STEP 2/5] Offline mixed-fields-recency-0.5 complete | elapsed 26.2min | remaining 213.8min
[PHASE 1 | STEP 2/5] Offline mixed-fields-logistic-0.2 complete | elapsed 26.3min | remaining 213.7min
[PHASE 1 | STEP 2/5] Offline mixed-fields-logistic-0.5 complete | elapsed 26.3min | remaining 213.7min
[PHASE 1 | STEP 2/5] Offline mixed-fields-tree-0.2 complete | elapsed 26.4min | remaining 213.6min
[PHASE 1 | STEP 2/5] Offline mixed-fields-tree-0.5 complete | elapsed 26.5min | remaining 213.5min
Traceback (most recent call last):
  File "/srv/ai/research/iq3s-residency-20261004T230051Z/campaigns/golden-swap-phase1-20261006T200037Z/scripts/offline_campaign.py", line 51, in <module>
    if __name__=='__main__':main()
                            ~~~~^^
  File "/srv/ai/research/iq3s-residency-20261004T230051Z/campaigns/golden-swap-phase1-20261006T200037Z/scripts/offline_campaign.py", line 50, in main
    learned=[r for r in scores if r['policy'] in ['logistic','tree']];best=min(learned,key=lambda r:r['calibration_mean_proxy']);cheap=min([r for r in scores if r['policy'] in ['native','recency']],key=lambda r:r['calibration_mean_proxy']);best.update(selection_scope='All four families, predeclared; development fit and calibration operating point only',candidates=scores,cheap_reference=cheap,promising=best['calibration_task_wins']>=3,checkpoint_sha256=hashlib.sha256((C/'models'/(best['policy']+'.txt')).read_bytes()).hexdigest(),ranking_weights=[1,.5,.25,.125],fallback='Invalid scores use same causal native-heat proxy; no victim-future fallback',frozen_utc=__import__('datetime').datetime.now(__import__('datetime').timezone.utc).isoformat());save(C/'models/selection.json',best);ledger('Runtime finalist frozen before reserved evaluation',**best);print('FROZEN',best,flush=True)
                                                                                                                                                                                                                                                                                                                                                                                                                                                                                                                                                                                                                                                                                                                                                                              ~~~~^^^^^^^^^^^^^^^^^^^^^^^^^^^^^^^^
  File "/srv/ai/research/iq3s-residency-20261004T230051Z/campaigns/golden-swap-phase1-20261006T200037Z/scripts/common.py", line 7, in save
    p=pathlib.Path(p);p.parent.mkdir(parents=True,exist_ok=True);tmp=p.with_name(p.name+'.tmp.'+str(os.getpid())+'.'+str(threading.get_ident())+'.'+str(time.monotonic_ns()));tmp.write_text(json.dumps(x,indent=2)+'\n');os.replace(tmp,p)
                                                                                                                                                                                             ~~~~~~~~~~^^^^^^^^^^^^
  File "/usr/lib/python3.14/json/__init__.py", line 242, in dumps
    **kw).encode(obj)
          ~~~~~~^^^^^
  File "/usr/lib/python3.14/json/encoder.py", line 202, in encode
    chunks = self.iterencode(o, _one_shot=True)
  File "/usr/lib/python3.14/json/encoder.py", line 263, in iterencode
    return _iterencode(o, 0)
ValueError: Circular reference detected
when serializing list item 4
when serializing dict item 'candidates'
