[PHASE 1 | STEP 2/5] offline-competition START | elapsed 37.6min | remaining 202.4min
[PHASE 1 | STEP 2/5] offline-competition COMPLETE | elapsed 37.6min | remaining 202.4min
[PHASE 1 | STEP 2/5] offline-reserved START | elapsed 37.6min | remaining 202.4min
[PHASE 1 | STEP 2/5] offline-reserved COMPLETE | elapsed 38.0min | remaining 202.0min
[PHASE 1 | STEP 2/5] prediction-reserved START | elapsed 38.0min | remaining 202.0min
[PHASE 1 | STEP 2/5] HEARTBEAT prediction-reserved | elapsed 38.4min | remaining 201.6min
[PHASE 1 | STEP 2/5] HEARTBEAT prediction-reserved | elapsed 38.8min | remaining 201.2min
[PHASE 1 | STEP 2/5] HEARTBEAT prediction-reserved | elapsed 39.2min | remaining 200.8min
[PHASE 1 | STEP 2/5] HEARTBEAT prediction-reserved | elapsed 39.6min | remaining 200.4min
[PHASE 1 | STEP 2/5] HEARTBEAT prediction-reserved | elapsed 40.1min | remaining 199.9min
[PHASE 1 | STEP 2/5] HEARTBEAT prediction-reserved | elapsed 40.5min | remaining 199.5min
[PHASE 1 | STEP 2/5] HEARTBEAT prediction-reserved | elapsed 40.9min | remaining 199.1min
[PHASE 1 | STEP 2/5] HEARTBEAT prediction-reserved | elapsed 41.3min | remaining 198.7min
[PHASE 1 | STEP 2/5] HEARTBEAT prediction-reserved | elapsed 41.7min | remaining 198.3min
[PHASE 1 | STEP 2/5] HEARTBEAT prediction-reserved | elapsed 42.1min | remaining 197.9min
[PHASE 1 | STEP 2/5] HEARTBEAT prediction-reserved | elapsed 42.6min | remaining 197.4min
[PHASE 1 | STEP 2/5] HEARTBEAT prediction-reserved | elapsed 43.0min | remaining 197.0min
[PHASE 1 | STEP 2/5] HEARTBEAT prediction-reserved | elapsed 43.4min | remaining 196.6min
[PHASE 1 | STEP 2/5] HEARTBEAT prediction-reserved | elapsed 43.8min | remaining 196.2min
[PHASE 1 | STEP 2/5] HEARTBEAT prediction-reserved | elapsed 44.2min | remaining 195.8min
[PHASE 1 | STEP 2/5] HEARTBEAT prediction-reserved | elapsed 44.6min | remaining 195.4min
[PHASE 1 | STEP 2/5] prediction-reserved COMPLETE | elapsed 44.7min | remaining 195.3min
[PHASE 1 | STEP 2/5] STEP 2 END: frozen finalist and reserved evaluation complete | elapsed 44.7min | remaining 195.3min
