Using Python 3.14.4 environment at: /srv/ai/research/iq3s-residency-20261004T230051Z/campaigns/golden-swap-phase1-20261006T200037Z/.venv
Resolved 11 packages in 482ms
Downloading fonttools (5.1MiB)
Downloading matplotlib (10.4MiB)
Downloading kiwisolver (1.4MiB)
 Downloaded kiwisolver
 Downloaded fonttools
 Downloaded matplotlib
Prepared 4 packages in 1.20s
warning: Failed to hardlink files; falling back to full copy. This may lead to degraded performance.
         If the cache and target directories are on different filesystems, hardlinking may not be supported.
         If this is intentional, set `export UV_LINK_MODE=copy` or use `--link-mode=copy` to suppress this warning.
Installed 10 packages in 303ms
 + contourpy==1.4.0
 + cycler==0.12.1
 + fonttools==4.66.1
 + kiwisolver==1.5.1
 + matplotlib==3.11.2
 + packaging==26.3
 + pillow==12.3.0
 + pyparsing==3.3.3
 + python-dateutil==2.9.0.post0
 + six==1.17.0
