[PHASE 1 | STEP 2/5] HEARTBEAT fit and prediction evaluation | elapsed 38.4min | remaining 201.6min
[PHASE 1 | STEP 2/5] HEARTBEAT fit and prediction evaluation | elapsed 38.8min | remaining 201.2min
[PHASE 1 | STEP 2/5] Prediction evaluation code-archive logistic | elapsed 39.0min | remaining 201.0min
[PHASE 1 | STEP 2/5] HEARTBEAT fit and prediction evaluation | elapsed 39.2min | remaining 200.8min
[PHASE 1 | STEP 2/5] HEARTBEAT fit and prediction evaluation | elapsed 39.7min | remaining 200.3min
[PHASE 1 | STEP 2/5] HEARTBEAT fit and prediction evaluation | elapsed 40.1min | remaining 199.9min
[PHASE 1 | STEP 2/5] Prediction evaluation math-inventory logistic | elapsed 40.1min | remaining 199.9min
[PHASE 1 | STEP 2/5] HEARTBEAT fit and prediction evaluation | elapsed 40.5min | remaining 199.5min
[PHASE 1 | STEP 2/5] Prediction evaluation text-websocket logistic | elapsed 40.8min | remaining 199.2min
[PHASE 1 | STEP 2/5] HEARTBEAT fit and prediction evaluation | elapsed 40.9min | remaining 199.1min
[PHASE 1 | STEP 2/5] HEARTBEAT fit and prediction evaluation | elapsed 41.3min | remaining 198.7min
[PHASE 1 | STEP 2/5] Prediction evaluation mixed-chinook logistic | elapsed 41.3min | remaining 198.7min
[PHASE 1 | STEP 2/5] HEARTBEAT fit and prediction evaluation | elapsed 41.7min | remaining 198.3min
[PHASE 1 | STEP 2/5] HEARTBEAT fit and prediction evaluation | elapsed 42.2min | remaining 197.8min
[PHASE 1 | STEP 2/5] Prediction evaluation code-archive tree | elapsed 42.4min | remaining 197.6min
[PHASE 1 | STEP 2/5] HEARTBEAT fit and prediction evaluation | elapsed 42.6min | remaining 197.4min
[PHASE 1 | STEP 2/5] HEARTBEAT fit and prediction evaluation | elapsed 43.0min | remaining 197.0min
[PHASE 1 | STEP 2/5] HEARTBEAT fit and prediction evaluation | elapsed 43.4min | remaining 196.6min
[PHASE 1 | STEP 2/5] Prediction evaluation math-inventory tree | elapsed 43.4min | remaining 196.6min
[PHASE 1 | STEP 2/5] HEARTBEAT fit and prediction evaluation | elapsed 43.8min | remaining 196.2min
[PHASE 1 | STEP 2/5] Prediction evaluation text-websocket tree | elapsed 44.1min | remaining 195.9min
[PHASE 1 | STEP 2/5] HEARTBEAT fit and prediction evaluation | elapsed 44.2min | remaining 195.8min
[PHASE 1 | STEP 2/5] HEARTBEAT fit and prediction evaluation | elapsed 44.7min | remaining 195.3min
[PHASE 1 | STEP 2/5] Prediction evaluation mixed-chinook tree | elapsed 44.7min | remaining 195.3min
