[PHASE 1 | STEP 2/5] logistic fit H1 complete | elapsed 5.1min | remaining 234.9min
[PHASE 1 | STEP 2/5] logistic fit H4 complete | elapsed 5.1min | remaining 234.9min
[PHASE 1 | STEP 2/5] logistic fit H16 complete | elapsed 5.1min | remaining 234.9min
[PHASE 1 | STEP 2/5] logistic fit H64 complete | elapsed 5.1min | remaining 234.9min
[PHASE 1 | STEP 2/5] tree fit H1 complete | elapsed 5.1min | remaining 234.9min
[PHASE 1 | STEP 2/5] tree fit H4 complete | elapsed 5.2min | remaining 234.8min
[PHASE 1 | STEP 2/5] tree fit H16 complete | elapsed 5.2min | remaining 234.8min
[PHASE 1 | STEP 2/5] tree fit H64 complete | elapsed 5.3min | remaining 234.7min
[PHASE 1 | STEP 2/5] Prediction evaluation code-heg logistic | elapsed 6.1min | remaining 233.9min
[PHASE 1 | STEP 2/5] Prediction evaluation math-rational logistic | elapsed 6.9min | remaining 233.1min
[PHASE 1 | STEP 2/5] Prediction evaluation text-http logistic | elapsed 7.9min | remaining 232.1min
[PHASE 1 | STEP 2/5] Prediction evaluation mixed-build logistic | elapsed 8.5min | remaining 231.5min
[PHASE 1 | STEP 2/5] Prediction evaluation code-queue logistic | elapsed 9.4min | remaining 230.6min
[PHASE 1 | STEP 2/5] Prediction evaluation math-sensor logistic | elapsed 10.3min | remaining 229.7min
[PHASE 1 | STEP 2/5] Prediction evaluation text-tls logistic | elapsed 12.1min | remaining 227.9min
[PHASE 1 | STEP 2/5] Prediction evaluation mixed-fields logistic | elapsed 12.9min | remaining 227.1min
[PHASE 1 | STEP 2/5] Prediction evaluation code-heg tree | elapsed 13.8min | remaining 226.2min
[PHASE 1 | STEP 2/5] Prediction evaluation math-rational tree | elapsed 14.6min | remaining 225.4min
[PHASE 1 | STEP 2/5] Prediction evaluation text-http tree | elapsed 15.6min | remaining 224.4min
[PHASE 1 | STEP 2/5] Prediction evaluation mixed-build tree | elapsed 16.3min | remaining 223.7min
[PHASE 1 | STEP 2/5] Prediction evaluation code-queue tree | elapsed 17.2min | remaining 222.8min
[PHASE 1 | STEP 2/5] Prediction evaluation math-sensor tree | elapsed 18.0min | remaining 222.0min
[PHASE 1 | STEP 2/5] Prediction evaluation text-tls tree | elapsed 19.7min | remaining 220.3min
[PHASE 1 | STEP 2/5] Prediction evaluation mixed-fields tree | elapsed 20.4min | remaining 219.6min
