{
  "state": "COMPLETE_MIXED",
  "comparisons": [
    {
      "profile": "32k",
      "median_delta_pct": {
        "PP": 0.38669272639386687,
        "TG": -6.727480045610045,
        "TTFT_s": -0.2595441422404088,
        "wall_s": 0.809292517857374
      },
      "capacity_identical": true,
      "paired": [
        {
          "run": 1,
          "same_input_ids": true,
          "same_output_hash": true,
          "first_diverging_visible_character": null,
          "reference_TG": 179.3,
          "candidate_TG": 180.3,
          "TG_delta_pct": 0.557724484104849,
          "MTP_acceptance_delta_pp": 0.0
        },
        {
          "run": 2,
          "same_input_ids": true,
          "same_output_hash": true,
          "first_diverging_visible_character": null,
          "reference_TG": 156.4,
          "candidate_TG": 163.6,
          "TG_delta_pct": 4.603580562659837,
          "MTP_acceptance_delta_pp": 0.0
        },
        {
          "run": 3,
          "same_input_ids": true,
          "same_output_hash": true,
          "first_diverging_visible_character": null,
          "reference_TG": 175.4,
          "candidate_TG": 152.6,
          "TG_delta_pct": -12.99885974914482,
          "MTP_acceptance_delta_pp": 0.0
        }
      ]
    },
    {
      "profile": "128k",
      "median_delta_pct": {
        "PP": 0.27267890396383,
        "TG": 0.1890359168241984,
        "TTFT_s": -1.2045387927525408,
        "wall_s": -0.3766223834883009
      },
      "capacity_identical": true,
      "paired": [
        {
          "run": 1,
          "same_input_ids": true,
          "same_output_hash": true,
          "first_diverging_visible_character": null,
          "reference_TG": 138.7,
          "candidate_TG": 127.2,
          "TG_delta_pct": -8.291276135544335,
          "MTP_acceptance_delta_pp": 0.0
        },
        {
          "run": 2,
          "same_input_ids": true,
          "same_output_hash": true,
          "first_diverging_visible_character": null,
          "reference_TG": 159.3,
          "candidate_TG": 159.0,
          "TG_delta_pct": -0.18832391713747842,
          "MTP_acceptance_delta_pp": 0.0
        },
        {
          "run": 3,
          "same_input_ids": true,
          "same_output_hash": true,
          "first_diverging_visible_character": null,
          "reference_TG": 158.7,
          "candidate_TG": 161.3,
          "TG_delta_pct": 1.6383112791430454,
          "MTP_acceptance_delta_pp": 0.0
        }
      ]
    }
  ]
}
