{
  "control": {
    "checks": {
      "math_product_answer_contains1776": true,
      "linear_equation_answer_contains_x8": true,
      "strict_JSON_case9": true,
      "strict_JSON_case10": true,
      "all_answers_nonempty": true
    },
    "state": "PASS",
    "scope": "Limited exact-output/schema/numeric checks. Code/prose differences inspected and retained; no general semantic proof or quality ranking."
  },
  "frequency-v1-ready": {
    "checks": {
      "math_product_answer_contains1776": true,
      "linear_equation_answer_contains_x8": true,
      "strict_JSON_case9": true,
      "strict_JSON_case10": true,
      "all_answers_nonempty": true
    },
    "state": "PASS",
    "scope": "Limited exact-output/schema/numeric checks. Code/prose differences inspected and retained; no general semantic proof or quality ranking."
  }
}
