native-tests 8 rt_parity_q4_K_q5_1 ......   Passed    0.59 sec
      Start 55: native_expert_parity_q4_K_q8_0
55/68 Test #55: native_expert_parity_q4_K_q8_0 ......   Passed    0.56 sec
      Start 56: native_expert_parity_q5_K_q8_0
56/68 Test #56: native_expert_parity_q5_K_q8_0 ......   Passed    0.55 sec
      Start 57: native_expert_parity_q8_0_q8_0
57/68 Test #57: native_expert_parity_q8_0_q8_0 ......   Passed    0.44 sec
      Start 58: native_expert_parity_q4_K_q5_0
58/68 Test #58: native_expert_parity_q4_K_q5_0 ......   Passed    0.56 sec
      Start 59: native_expert_parity_q5_0_q8_0
59/68 Test #59: native_expert_parity_q5_0_q8_0 ......   Passed    0.43 sec
      Start 60: native_expert_parity_q5_1_min
60/68 Test #60: native_expert_parity_q5_1_min .......   Passed    0.33 sec
      Start 61: native_expert_parity_bf16_embd
61/68 Test #61: native_expert_parity_bf16_embd ......   Passed    0.34 sec
      Start 62: native_expert_parity_refuses_q6_K
62/68 Test #62: native_expert_parity_refuses_q6_K ...   Passed    0.32 sec
      Start 63: pool_affinity_test
63/68 Test #63: pool_affinity_test ..................   Passed    0.00 sec
      Start 64: expert_multi_test
64/68 Test #64: expert_multi_test ...................   Passed    0.03 sec
      Start 65: expert_parity
65/68 Test #65: expert_parity .......................***Failed    0.00 sec
cannot read expert 0 (layer 0) from pack/full/experts.bin
  AVX512 F/BW/VL/VNNI/VBMI                     all present

      Start 66: pool_test
66/68 Test #66: pool_test ...........................***Failed    0.00 sec
cannot read expert 0 of layer 0 from pack/full/experts.bin

      Start 67: pool_stress
67/68 Test #67: pool_stress .........................   Passed   20.02 sec
      Start 68: direct_file_async_test
68/68 Test #68: direct_file_async_test ..............   Passed    0.00 sec

94% tests passed, 4 tests failed out of 68

Total Test time (real) = 105.05 sec

The following tests did not run:
	  8 - iq_parity_fixtures (Skipped)
	  9 - iq_parity (Skipped)

The following tests FAILED:
	 33 - ple_parity (Failed)
	 40 - platform_memory_test (Failed)
	 65 - expert_parity (Failed)
	 66 - pool_test (Failed)
Errors while running CTest

python-tests 0 255 tokens in 0 s (87174.8 tok/s) (stop, cancel=False)
[strata] done: 282 tokens in 0 s (77621.3 tok/s) (stop, cancel=False)
.[strata] done: 26 tokens in 0 s (257197.9 tok/s) (stop, cancel=False)
[strata] done: 26 tokens in 0 s (218979.7 tok/s) (stop, cancel=False)
[strata] done: 25 tokens in 0 s (223101.3 tok/s) (stop, cancel=False)
[strata] done: 25 tokens in 0 s (202037.8 tok/s) (stop, cancel=False)
[strata] done: 270 tokens in 0 s (74784.5 tok/s) (stop, cancel=False)
[strata] done: 270 tokens in 0 s (92840.0 tok/s) (stop, cancel=False)
[strata] done: 257 tokens in 0 s (79776.2 tok/s) (stop, cancel=False)
[strata] done: 257 tokens in 0 s (93352.1 tok/s) (stop, cancel=False)
.[strata] done: 13 tokens in 0 s (264689.1 tok/s) (stop, cancel=False)
..[strata] done: 13 tokens in 0 s (247845.2 tok/s) (stop, cancel=False)
[strata] done: 3 tokens in 0 s (167772.2 tok/s) (stop, cancel=False)
[strata] done: 10 tokens in 0 s (136622.3 tok/s) (stop, cancel=False)
[strata] done: 14 tokens in 0 s (259824.1 tok/s) (stop, cancel=False)
[strata] done: 12 tokens in 0 s (292625.9 tok/s) (stop, cancel=False)
[strata] done: 15 tokens in 0 s (277156.7 tok/s) (stop, cancel=False)
[strata] done: 5 tokens in 0 s (139810.1 tok/s) (length, cancel=False)
[strata] done: 7 tokens in 0 s (212754.6 tok/s) (stop, cancel=False)
.[strata] done: 21 tokens in 0 s (240656.8 tok/s) (stop, cancel=False)
..[strata] done: 255 tokens in 0 s (95461.2 tok/s) (stop, cancel=False)
[strata] done: 26 tokens in 0 s (282517.9 tok/s) (stop, cancel=False)
[strata] done: 7 tokens in 0 s (236775.2 tok/s) (stop, cancel=False)
[strata] done: 13 tokens in 0 s (203455.0 tok/s) (stop, cancel=False)
.....[strata] refused an API request from the web page 'https://other.example' (no API key; add its host to "allowed_hosts" or its origin to "cors_origins" in the config)
.[strata] VRAM: 4000 MiB free, expert cache 2000 of 6000 MiB (100 experts)
[strata] VRAM: 700 MiB free, expert cache 5300 of 6000 MiB (3300 experts)
.[strata] loading the model again (it was unloaded) ...
[strata] the engine is running again
.ss
----------------------------------------------------------------------
Ran 268 tests in 112.126s

OK (skipped=7)

iq3s-real-expert-parity 0 gpu decode-once vs per-entry kernels: bitwise equal
          GPU dequant vs ggml to_float: rel 0.00e+00, 0 of 4915200 values differ in any bit; fp16 of it: 0 differ; embedding rows: 0 of 640 differ
layer 1   iq2_s   /q2_0    blob  1510400  cpu rel 1.31e-02  gpu rel 1.15e-02  cpu-gpu 1.51e-02  ok
          iq2_s avx512 gate rows vs ggml vec_dot: rel 1.00e-07
          gate+up one token one thread: avx512 198 us (5.30 GB/s), ggml 160 us (6.57 GB/s)
          gate+up 3 tokens one thread: avx512 240 us vs ggml 3 x 160 us
          iq2_s avx2 gate rows vs ggml vec_dot: rel 3.33e-08
          gate+up one token one thread: avx2 205 us (5.11 GB/s), ggml 160 us (6.57 GB/s)
          gate+up 3 tokens one thread: avx2 258 us vs ggml 3 x 160 us
          width invariance (1 vs 3 tokens): gate/up 0, down 0 rows differ
          iq4_nl AVX-2 multi-token down vs ggml down: rel 1.03e-07
          down 3 tokens one thread: avx2 120 us (7.68 GB/s) vs ggml 163 us (5.65 GB/s)
          gpu decode-once vs per-entry kernels: bitwise equal
          GPU dequant vs ggml to_float: rel 0.00e+00, 0 of 4915200 values differ in any bit; fp16 of it: 0 differ; embedding rows: 0 of 640 differ
layer 2   iq2_s   /iq4_nl  blob  1971200  cpu rel 1.31e-02  gpu rel 1.20e-02  cpu-gpu 1.52e-02  ok
          iq3_xxs avx512 gate rows vs ggml vec_dot: rel 9.55e-08
          gate+up one token one thread: avx512 261 us (4.81 GB/s), ggml 207 us (6.06 GB/s)
          gate+up 3 tokens one thread: avx512 342 us vs ggml 3 x 207 us
          iq3_xxs avx2 gate rows vs ggml vec_dot: rel 3.00e-08
          gate+up one token one thread: avx2 203 us (6.17 GB/s), ggml 207 us (6.06 GB/s)
          gate+up 3 tokens one thread: avx2 277 us vs ggml 3 x 207 us
          width invariance (1 vs 3 tokens): gate/up 0, down 0 rows differ
          q2_0 AVX-512 down vs ggml down: rel 1.82e-04
          gpu decode-once vs per-entry kernels: bitwise equal
          GPU dequant vs ggml to_float: rel 0.00e+00, 0 of 4915200 values differ in any bit; fp16 of it: 0 differ; embedding rows: 0 of 640 differ
layer 12  iq3_xxs /q2_0    blob  1715200  cpu rel 1.33e-02  gpu rel 1.19e-02  cpu-gpu 1.54e-02  ok
native_expert_parity: 0 failures

