PASS logical 50 63562800
PASS complete 50 roles 472985 links 33883
PASS logical 6 180
PASS complete 6 roles 150 links 12
PASS logical 8 1680
PASS complete 8 roles 683 links 121
PASS /srv/ai/work/rad/integer-multiplication-bounds/20261007T222521Z/derived/review/20261008T021221Z-review-singleton-structured450/certificate.json
	Command being timed: "/srv/ai/work/rad/integer-multiplication-bounds/20261007T222521Z/envs/math/bin/python -B /srv/ai/research/research/integer-multiplication-bounds/code/review_singleton_positions.py --reference /srv/ai/work/rad/integer-multiplication-bounds/20261007T222521Z/repos/upstream-reference --candidate /srv/ai/work/rad/integer-multiplication-bounds/20261007T222521Z/derived/finite/20261008T013948Z-finite-singleton-structured/cases/2af21b3008b368a4d6533a1fe5df2b4dc82979de24ac58260e708c2da8a16b04.json --small-controls --output /srv/ai/work/rad/integer-multiplication-bounds/20261007T222521Z/derived/review/20261008T021221Z-review-singleton-structured450/certificate.json"
	User time (seconds): 88.42
	System time (seconds): 2.11
	Percent of CPU this job got: 99%
	Elapsed (wall clock) time (h:mm:ss or m:ss): 1:31.43
	Average shared text size (kbytes): 0
	Average unshared data size (kbytes): 0
	Average stack size (kbytes): 0
	Average total size (kbytes): 0
	Maximum resident set size (kbytes): 3099704
	Average resident set size (kbytes): 0
	Major (requiring I/O) page faults: 186
	Minor (reclaiming a frame) page faults: 876688
	Voluntary context switches: 2524
	Involuntary context switches: 2807
	Swaps: 0
	File system inputs: 0
	File system outputs: 26
	Socket messages sent: 0
	Socket messages received: 0
	Signals delivered: 0
	Page size (bytes): 4096
	Exit status: 0
