compile 0 
targeted-default 0 PASS batches4000 jobs33600 gaps1384 cycles8 workers15

random-default 0 pool_stress: 15 workers + host, 20 s
pool_stress: 37497 batches (607 after the workers slept), 0 jobs not run
pool_stress OK

targeted-100us 0 PASS batches4000 jobs33600 gaps1384 cycles8 workers15

random-100us 0 pool_stress: 15 workers + host, 20 s
pool_stress: 36950 batches (600 after the workers slept), 0 jobs not run
pool_stress OK

real-native-IQ 0 own 0 rows differ
          iq4_nl AVX-2 multi-token down vs ggml down: rel 1.03e-07
          down 3 tokens one thread: avx2 122 us (7.58 GB/s) vs ggml 166 us (5.54 GB/s)
          gpu decode-once vs per-entry kernels: bitwise equal
          GPU dequant vs ggml to_float: rel 0.00e+00, 0 of 4915200 values differ in any bit; fp16 of it: 0 differ; embedding rows: 0 of 640 differ
layer 2   iq2_s   /iq4_nl  blob  1971200  cpu rel 1.31e-02  gpu rel 1.20e-02  cpu-gpu 1.52e-02  ok
          iq3_xxs avx512 gate rows vs ggml vec_dot: rel 9.55e-08
          gate+up one token one thread: avx512 262 us (4.79 GB/s), ggml 207 us (6.05 GB/s)
          gate+up 3 tokens one thread: avx512 361 us vs ggml 3 x 207 us
          iq3_xxs avx2 gate rows vs ggml vec_dot: rel 3.00e-08
          gate+up one token one thread: avx2 196 us (6.40 GB/s), ggml 207 us (6.05 GB/s)
          gate+up 3 tokens one thread: avx2 260 us vs ggml 3 x 207 us
          width invariance (1 vs 3 tokens): gate/up 0, down 0 rows differ
          q2_0 AVX-512 down vs ggml down: rel 1.82e-04
          gpu decode-once vs per-entry kernels: bitwise equal
          GPU dequant vs ggml to_float: rel 0.00e+00, 0 of 4915200 values differ in any bit; fp16 of it: 0 differ; embedding rows: 0 of 640 differ
layer 12  iq3_xxs /q2_0    blob  1715200  cpu rel 1.33e-02  gpu rel 1.19e-02  cpu-gpu 1.54e-02  ok
native_expert_parity: 0 failures

