{
  "command": [
    "/srv/ai/research/iq3s-residency-20261004T230051Z/src/control/.venv/bin/python",
    "/srv/ai/research/iq3s-residency-20261004T230051Z/scripts/replay.py",
    "/srv/ai/research/iq3s-residency-20261004T230051Z/experiments/E003-diagnostics/v5/32k/traces/runtime-request2",
    "--output",
    "/srv/ai/research/iq3s-residency-20261004T230051Z/experiments/E007-causal-signals/v2/32k-rate12p6",
    "--policies",
    "markov-scaled",
    "token-bigram-hybrid",
    "--rate",
    "12.6"
  ],
  "cwd": "/srv/ai/research/iq3s-residency-20261004T230051Z",
  "timeout_s": 120,
  "started_epoch": 1791161957.13719,
  "environment": {
    "CUDA_VISIBLE_DEVICES": null,
    "OPENBLAS_NUM_THREADS": null,
    "OMP_NUM_THREADS": null,
    "MKL_NUM_THREADS": null
  },
  "pid": 1305653,
  "create_time": 1791161957.0,
  "returncode": 0,
  "elapsed_s": 15.004640817642212
}
{"policy": "markov-scaled", "nonlocal_entries": 52624, "promotion_bytes": 5654912000, "modeled_pending_wait_s": 0.08790416420605934, "offline_Python_selector_wall_s": 0.8430109116015956}
{"policy": "token-bigram-hybrid", "nonlocal_entries": 35703, "promotion_bytes": 11885824000, "modeled_pending_wait_s": 0.27238951061806727, "offline_Python_selector_wall_s": 0.27775817998917773}

{
  "command": [
    "/srv/ai/research/iq3s-residency-20261004T230051Z/src/control/.venv/bin/python",
    "/srv/ai/research/iq3s-residency-20261004T230051Z/scripts/replay.py",
    "/srv/ai/research/iq3s-residency-20261004T230051Z/experiments/E003-diagnostics/v5-portfix/128k/traces/runtime-request2",
    "--output",
    "/srv/ai/research/iq3s-residency-20261004T230051Z/experiments/E007-causal-signals/v2/128k-rate12p6",
    "--policies",
    "markov-scaled",
    "token-bigram-hybrid",
    "--rate",
    "12.6"
  ],
  "cwd": "/srv/ai/research/iq3s-residency-20261004T230051Z",
  "timeout_s": 120,
  "started_epoch": 1791161972.2837586,
  "environment": {
    "CUDA_VISIBLE_DEVICES": null,
    "OPENBLAS_NUM_THREADS": null,
    "OMP_NUM_THREADS": null,
    "MKL_NUM_THREADS": null
  },
  "pid": 1305702,
  "create_time": 1791161972.15,
  "returncode": 0,
  "elapsed_s": 18.364547729492188
}
{"policy": "markov-scaled", "nonlocal_entries": 60116, "promotion_bytes": 6828057600, "modeled_pending_wait_s": 0.11752911652345513, "offline_Python_selector_wall_s": 0.9930832866812125}
{"policy": "token-bigram-hybrid", "nonlocal_entries": 44699, "promotion_bytes": 15511936000, "modeled_pending_wait_s": 0.41594968404631927, "offline_Python_selector_wall_s": 0.3270691336947493}

{
  "command": [
    "/srv/ai/research/iq3s-residency-20261004T230051Z/src/control/.venv/bin/python",
    "/srv/ai/research/iq3s-residency-20261004T230051Z/scripts/replay.py",
    "/srv/ai/research/iq3s-residency-20261004T230051Z/experiments/E003-diagnostics/v5/32k/traces/runtime-request2",
    "--output",
    "/srv/ai/research/iq3s-residency-20261004T230051Z/experiments/E004-replay/v5-sensitivity/32k-rate1p8",
    "--policies",
    "current",
    "frequency",
    "future-nextuse",
    "--rate",
    "1.8"
  ],
  "cwd": "/srv/ai/research/iq3s-residency-20261004T230051Z",
  "timeout_s": 120,
  "started_epoch": 1791161990.7922502,
  "environment": {
    "CUDA_VISIBLE_DEVICES": null,
    "OPENBLAS_NUM_THREADS": null,
    "OMP_NUM_THREADS": null,
    "MKL_NUM_THREADS": null
  },
  "pid": 1305773,
  "create_time": 1791161990.66,
  "returncode": 0,
  "elapsed_s": 21.570303201675415
}
{"policy": "current", "nonlocal_entries": 36776, "promotion_bytes": 10697139200, "modeled_pending_wait_s": 4.977443356443656, "offline_Python_selector_wall_s": 0.035458370053675026}
{"policy": "frequency", "nonlocal_entries": 31572, "promotion_bytes": 12042419200, "modeled_pending_wait_s": 5.716234166999156, "offline_Python_selector_wall_s": 0.5144864689209498}
{"policy": "future-nextuse", "nonlocal_entries": 4, "promotion_bytes": 18693555200, "modeled_pending_wait_s": 7.368192124665114, "offline_Python_selector_wall_s": 1.8990918700001203}

{
  "command": [
    "/srv/ai/research/iq3s-residency-20261004T230051Z/src/control/.venv/bin/python",
    "/srv/ai/research/iq3s-residency-20261004T230051Z/scripts/replay.py",
    "/srv/ai/research/iq3s-residency-20261004T230051Z/experiments/E003-diagnostics/v5-portfix/128k/traces/runtime-request2",
    "--output",
    "/srv/ai/research/iq3s-residency-20261004T230051Z/experiments/E004-replay/v5-sensitivity/128k-rate1p8",
    "--policies",
    "current",
    "frequency",
    "future-nextuse",
    "--rate",
    "1.8"
  ],
  "cwd": "/srv/ai/research/iq3s-residency-20261004T230051Z",
  "timeout_s": 120,
  "started_epoch": 1791162012.5101557,
  "environment": {
    "CUDA_VISIBLE_DEVICES": null,
    "OPENBLAS_NUM_THREADS": null,
    "OMP_NUM_THREADS": null,
    "MKL_NUM_THREADS": null
  },
  "pid": 1305838,
  "create_time": 1791162012.37,
  "returncode": 0,
  "elapsed_s": 27.633127689361572
}
{"policy": "current", "nonlocal_entries": 45276, "promotion_bytes": 14373222400, "modeled_pending_wait_s": 6.88820989077662, "offline_Python_selector_wall_s": 0.0466363764135167}
{"policy": "frequency", "nonlocal_entries": 42179, "promotion_bytes": 13233484800, "modeled_pending_wait_s": 6.278087554109819, "offline_Python_selector_wall_s": 0.626144822628703}
{"policy": "future-nextuse", "nonlocal_entries": 3, "promotion_bytes": 25479603200, "modeled_pending_wait_s": 10.6600054636641, "offline_Python_selector_wall_s": 2.186270623758901}

{
  "command": [
    "/srv/ai/research/iq3s-residency-20261004T230051Z/src/control/.venv/bin/python",
    "/srv/ai/research/iq3s-residency-20261004T230051Z/scripts/replay.py",
    "/srv/ai/research/iq3s-residency-20261004T230051Z/experiments/E003-diagnostics/v5/32k/traces/runtime-request2",
    "--output",
    "/srv/ai/research/iq3s-residency-20261004T230051Z/experiments/E004-replay/v5-sensitivity/32k-rate0p5",
    "--policies",
    "current",
    "frequency",
    "future-nextuse",
    "--rate",
    "0.5"
  ],
  "cwd": "/srv/ai/research/iq3s-residency-20261004T230051Z",
  "timeout_s": 120,
  "started_epoch": 1791162040.2826552,
  "environment": {
    "CUDA_VISIBLE_DEVICES": null,
    "OPENBLAS_NUM_THREADS": null,
    "OMP_NUM_THREADS": null,
    "MKL_NUM_THREADS": null
  },
  "pid": 1305899,
  "create_time": 1791162040.15,
  "returncode": 0,
  "elapsed_s": 19.662400007247925
}
{"policy": "current", "nonlocal_entries": 36776, "promotion_bytes": 10697139200, "modeled_pending_wait_s": 20.408000855996264, "offline_Python_selector_wall_s": 0.0362251985934563}
{"policy": "frequency", "nonlocal_entries": 31572, "promotion_bytes": 12042419200, "modeled_pending_wait_s": 23.09436842699625, "offline_Python_selector_wall_s": 0.5246145376004279}
{"policy": "future-nextuse", "nonlocal_entries": 4, "promotion_bytes": 18693555200, "modeled_pending_wait_s": 34.065002983991114, "offline_Python_selector_wall_s": 1.4394976092153229}

{
  "command": [
    "/srv/ai/research/iq3s-residency-20261004T230051Z/src/control/.venv/bin/python",
    "/srv/ai/research/iq3s-residency-20261004T230051Z/scripts/replay.py",
    "/srv/ai/research/iq3s-residency-20261004T230051Z/experiments/E003-diagnostics/v5-portfix/128k/traces/runtime-request2",
    "--output",
    "/srv/ai/research/iq3s-residency-20261004T230051Z/experiments/E004-replay/v5-sensitivity/128k-rate0p5",
    "--policies",
    "current",
    "frequency",
    "future-nextuse",
    "--rate",
    "0.5"
  ],
  "cwd": "/srv/ai/research/iq3s-residency-20261004T230051Z",
  "timeout_s": 120,
  "started_epoch": 1791162060.060413,
  "environment": {
    "CUDA_VISIBLE_DEVICES": null,
    "OPENBLAS_NUM_THREADS": null,
    "OMP_NUM_THREADS": null,
    "MKL_NUM_THREADS": null
  },
  "pid": 1305941,
  "create_time": 1791162059.92,
  "returncode": 0,
  "elapsed_s": 15.650296688079834
}
{"policy": "current", "nonlocal_entries": 45276, "promotion_bytes": 14373222400, "modeled_pending_wait_s": 27.637574299993425, "offline_Python_selector_wall_s": 0.0354979446856305}
{"policy": "frequency", "nonlocal_entries": 42179, "promotion_bytes": 13233484800, "modeled_pending_wait_s": 25.36004645299494, "offline_Python_selector_wall_s": 0.30762128450442106}
{"policy": "future-nextuse", "nonlocal_entries": 3, "promotion_bytes": 25479603200, "modeled_pending_wait_s": 47.17402388400443, "offline_Python_selector_wall_s": 1.0677934164414182}

