{
  "state": "COMPLETE_NEGATIVE",
  "parity": {
    "32k": {
      "all_output_ids_identical": true,
      "all_router_entries_identical": true,
      "all_T_identical": true,
      "all_accepted_identical": true,
      "first_head_bit_identical": true,
      "first_head_max_abs_difference": 0.0,
      "initial_usage_identical": true,
      "final_usage_identical": true
    },
    "128k": {
      "all_output_ids_identical": true,
      "all_router_entries_identical": true,
      "all_T_identical": true,
      "all_accepted_identical": true,
      "first_head_bit_identical": true,
      "first_head_max_abs_difference": 0.0,
      "initial_usage_identical": true,
      "final_usage_identical": true
    }
  }
}
