Using Python 3.14.4 environment at: /srv/ai/research/iq3s-residency-20261004T230051Z/src/control/.venv
Resolved 11 packages in 579ms
Downloading cmake (28.1MiB)
 Downloaded cmake
Prepared 4 packages in 2.64s
warning: Failed to hardlink files; falling back to full copy. This may lead to degraded performance.
         If the cache and target directories are on different filesystems, hardlinking may not be supported.
         If this is intentional, set `export UV_LINK_MODE=copy` or use `--link-mode=copy` to suppress this warning.
Installed 11 packages in 1.81s
 + attrs==26.1.0
 + cmake==4.3.0
 + jinja2==3.1.6
 + jsonschema==4.26.0
 + jsonschema-specifications==2025.9.1
 + markupsafe==3.0.4
 + ninja==1.13.0
 + numpy==2.5.3
 + psutil==7.2.2
 + referencing==0.37.0
 + rpds-py==2026.9.1
