concurrent.futures.process._RemoteTraceback: 
"""
Traceback (most recent call last):
  File "/usr/lib/python3.14/concurrent/futures/process.py", line 254, in _process_worker
    r = call_item.fn(*call_item.args, **call_item.kwargs)
  File "/usr/lib/python3.14/concurrent/futures/process.py", line 203, in _process_chunk
    return [fn(*args) for args in chunk]
            ~~^^^^^^^
  File "/home/user/DEV/rad-breakthrough/research/integer-mult-breakthrough/code/complex/outer_axis_interface_review.py", line 272, in worker
    spec, result = algebra_probe(h, s, t)
                   ~~~~~~~~~~~~~^^^^^^^^^
  File "/home/user/DEV/rad-breakthrough/research/integer-mult-breakthrough/code/complex/outer_axis_interface_review.py", line 173, in algebra_probe
    raise AssertionError('Polar image/projector identity failed')
AssertionError: Polar image/projector identity failed
"""

The above exception was the direct cause of the following exception:

Traceback (most recent call last):
  File "/home/user/DEV/rad-breakthrough/research/integer-mult-breakthrough/code/complex/outer_axis_interface_review.py", line 314, in <module>
    main()
    ~~~~^^
  File "/home/user/DEV/rad-breakthrough/research/integer-mult-breakthrough/code/complex/outer_axis_interface_review.py", line 302, in main
    results = list(pool.map(worker, cases))
  File "/usr/lib/python3.14/concurrent/futures/process.py", line 617, in _chain_from_iterable_of_lists
    for element in iterable:
                   ^^^^^^^^
  File "/usr/lib/python3.14/concurrent/futures/_base.py", line 639, in result_iterator
    yield _result_or_cancel(fs.pop())
          ~~~~~~~~~~~~~~~~~^^^^^^^^^^
  File "/usr/lib/python3.14/concurrent/futures/_base.py", line 311, in _result_or_cancel
    return fut.result(timeout)
           ~~~~~~~~~~^^^^^^^^^
  File "/usr/lib/python3.14/concurrent/futures/_base.py", line 450, in result
    return self.__get_result()
           ~~~~~~~~~~~~~~~~~^^
  File "/usr/lib/python3.14/concurrent/futures/_base.py", line 395, in __get_result
    raise self._exception
AssertionError: Polar image/projector identity failed
