ANALYZED24 [
  {
    "policy": "100us",
    "profile": "32k",
    "TG": {
      "min": 94.6,
      "median": 97.0,
      "max": 108.5,
      "mean": 100.03333333333333
    },
    "wall": {
      "min": 53.21213218901539,
      "median": 57.74151846894529,
      "max": 58.691490630968474,
      "mean": 56.54838042964305
    },
    "CPU": {
      "min": 46.62105263157895,
      "median": 48.79767441860465,
      "max": 50.18333333333333,
      "mean": 48.53402012783898
    }
  },
  {
    "policy": "100us",
    "profile": "128k",
    "TG": {
      "min": 79.2,
      "median": 80.2,
      "max": 80.5,
      "mean": 79.96666666666667
    },
    "wall": {
      "min": 112.44795736501692,
      "median": 112.76939902600134,
      "max": 113.33565851202002,
      "mean": 112.85100496767943
    },
    "CPU": {
      "min": 47.674509803921566,
      "median": 48.44705882352941,
      "max": 48.69423076923077,
      "mean": 48.27193313222725
    }
  },
  {
    "policy": "500us",
    "profile": "32k",
    "TG": {
      "min": 96.4,
      "median": 99.4,
      "max": 100.5,
      "mean": 98.76666666666667
    },
    "wall": {
      "min": 56.27324068901362,
      "median": 56.790009984979406,
      "max": 57.98400465899613,
      "mean": 57.01575177766305
    },
    "CPU": {
      "min": 70.94146341463414,
      "median": 70.9452380952381,
      "max": 72.8390243902439,
      "mean": 71.57524196670538
    }
  },
  {
    "policy": "500us",
    "profile": "128k",
    "TG": {
      "min": 80.0,
      "median": 81.6,
      "max": 83.2,
      "mean": 81.6
    },
    "wall": {
      "min": 110.93756624695379,
      "median": 111.88601559901144,
      "max": 112.95094218000304,
      "mean": 111.92484134198942
    },
    "CPU": {
      "min": 70.376,
      "median": 70.50408163265305,
      "max": 71.39411764705882,
      "mean": 70.75806642657062
    }
  },
  {
    "policy": "2000us",
    "profile": "32k",
    "TG": {
      "min": 90.1,
      "median": 90.9,
      "max": 94.3,
      "mean": 91.76666666666667
    },
    "wall": {
      "min": 58.878511885006446,
      "median": 60.54140940803336,
      "max": 60.86772506503621,
      "mean": 60.09588211935867
    },
    "CPU": {
      "min": 82.94418604651163,
      "median": 83.2,
      "max": 83.57555555555555,
      "mean": 83.23991386735572
    }
  },
  {
    "policy": "2000us",
    "profile": "128k",
    "TG": {
      "min": 73.1,
      "median": 75.3,
      "max": 77.1,
      "mean": 75.16666666666666
    },
    "wall": {
      "min": 114.70612345001427,
      "median": 115.92696199199418,
      "max": 117.55439525598194,
      "mean": 116.0624935659968
    },
    "CPU": {
      "min": 83.5811320754717,
      "median": 83.79814814814814,
      "max": 83.9125,
      "mean": 83.76392674120662
    }
  },
  {
    "policy": "default20ms",
    "profile": "32k",
    "TG": {
      "min": 89.8,
      "median": 92.5,
      "max": 95.4,
      "mean": 92.56666666666666
    },
    "wall": {
      "min": 58.35110184102086,
      "median": 59.79994109697873,
      "max": 61.07766367297154,
      "mean": 59.742902203657046
    },
    "CPU": {
      "min": 98.75,
      "median": 98.98139534883721,
      "max": 99.01304347826087,
      "mean": 98.91481294236603
    }
  },
  {
    "policy": "default20ms",
    "profile": "128k",
    "TG": {
      "min": 73.5,
      "median": 76.5,
      "max": 78.8,
      "mean": 76.26666666666667
    },
    "wall": {
      "min": 113.48830198199721,
      "median": 115.16416530899005,
      "max": 117.27830148400972,
      "mean": 115.31025625833233
    },
    "CPU": {
      "min": 98.86666666666667,
      "median": 98.9875,
      "max": 99.04038461538462,
      "mean": 98.96485042735043
    }
  }
]
