PASS conservative original 15915933965768912554070037666007/5000000000000000000000000000000000000000 40 strict conditions
PASS conservative balanced 31831868032864800297452664026527/10000000000000000000000000000000000000000 40 strict conditions
PASS tight original 31831959003444860653738042989433/10000000000000000000000000000000000000000 40 strict conditions
PASS tight balanced 31831959104772222375982318046677/10000000000000000000000000000000000000000 41 strict conditions
	Command being timed: "python3 -B /srv/ai/research/research/integer-multiplication-bounds/code/review_semantic_bulk_assembly.py --certificate /srv/ai/research/research/integer-multiplication-bounds/runs/20261008T033039Z-downstream-semantic-bulk472879/results/certificate.json --generic-compact /srv/ai/research/research/integer-multiplication-bounds/runs/20261008T033039Z-downstream-generic-compact472879/results/certificate.json --bit-review /srv/ai/research/research/integer-multiplication-bounds/runs/20261008T032418Z-review-refinement472879/results/certificate.json --reference /srv/ai/work/rad/integer-multiplication-bounds/20261007T222521Z/repos/upstream-compact-control-6e564879 --complex-review /srv/ai/research/research/integer-multiplication-bounds/runs/20261008T013158Z-review-complex28/results/independent-audit.json --complex-candidate /srv/ai/research/research/integer-multiplication-bounds/runs/20261008T013158Z-review-complex28/results/producer-copy.json --calibration /srv/ai/research/research/integer-multiplication-bounds/runs/20261008T004215Z-review-complex-transfer/results/small-binary-independent.json --output /srv/ai/work/rad/integer-multiplication-bounds/20261007T222521Z/derived/review/20261008T033303Z-review-semantic-bulk472879/certificate.json"
	User time (seconds): 0.05
	System time (seconds): 0.00
	Percent of CPU this job got: 89%
	Elapsed (wall clock) time (h:mm:ss or m:ss): 0:00.06
	Average shared text size (kbytes): 0
	Average unshared data size (kbytes): 0
	Average stack size (kbytes): 0
	Average total size (kbytes): 0
	Maximum resident set size (kbytes): 23708
	Average resident set size (kbytes): 0
	Major (requiring I/O) page faults: 0
	Minor (reclaiming a frame) page faults: 3513
	Voluntary context switches: 307
	Involuntary context switches: 0
	Swaps: 0
	File system inputs: 0
	File system outputs: 107
	Socket messages sent: 0
	Socket messages received: 0
	Signals delivered: 0
	Page size (bytes): 4096
	Exit status: 0
