BUILD_STEP add 0
BUILD_STEP commit 0
BUILD_STEP configure 0
BUILD_PROGRESS oracle-v1 build 15
BUILD_STEP build 1
arch/iq3s-residency-20261004T230051Z/campaigns/q4-live-oracle-20261006T040656Z/src/oracle-v1/include/strata/research/q4_oracle.hpp:37:21: note: ...this statement, but the latter is misleadingly indented as if it were guarded by the ‘if’
   37 |   if(!active)return;uint64_t t=ns();for(int d=0;d<2;++d)for(int c=0;c<3;++c){if(d==1&&c==2)continue;int pick=-1;double value=-1e100;for(int l=d*24;l<(d+1)*24;++l)if(cls(l)==c)for(int e=0;e<512;++e){if(res[l*512+e]<0)continue;const auto& first=q4_tape.windows.front();bool protected_first=false;for(int j=0;j<first.T*10;++j)protected_first|=first.routes.ids[l][j]==e;if(protected_first)continue;int nx=next(l,e,0);double val=!horizon?(nx<0?1e12:nx):(nx<0?double(horizon+1)-std::log1p(std::max(0.f,heat[l*512+e])):nx);if(val>value){value=val;pick=l*512+e;}}require(pick>=0,"no same-class reserve");donor_layer[d][c]=pick/512;donor_expert[d][c]=pick%512;spare[d][c]=res[pick];res[pick]=-1;int old;ck(cudaGetDevice(&old));ck(cudaSetDevice(d));ck(cudaMemcpy(dres[d]+pick,res+pick,4,cudaMemcpyHostToDevice));ck(cudaSetDevice(old));std::fprintf(stderr,"Q4_ORACLE_RESERVE device=%d class=%d bytes=%llu slot=%d layer=%d expert=%d active_minus1\n",d,c,(unsigned long long)sizes[c],spare[d][c],pick/512,pick%512);}planner_ns+=ns()-t;
      |                     ^~~~~~~~
/srv/ai/research/iq3s-residency-20261004T230051Z/campaigns/q4-live-oracle-20261006T040656Z/src/oracle-v1/include/strata/research/q4_oracle.hpp:37:478: error: ‘log1p’ is not a member of ‘std’
   37 |   if(!active)return;uint64_t t=ns();for(int d=0;d<2;++d)for(int c=0;c<3;++c){if(d==1&&c==2)continue;int pick=-1;double value=-1e100;for(int l=d*24;l<(d+1)*24;++l)if(cls(l)==c)for(int e=0;e<512;++e){if(res[l*512+e]<0)continue;const auto& first=q4_tape.windows.front();bool protected_first=false;for(int j=0;j<first.T*10;++j)protected_first|=first.routes.ids[l][j]==e;if(protected_first)continue;int nx=next(l,e,0);double val=!horizon?(nx<0?1e12:nx):(nx<0?double(horizon+1)-std::log1p(std::max(0.f,heat[l*512+e])):nx);if(val>value){value=val;pick=l*512+e;}}require(pick>=0,"no same-class reserve");donor_layer[d][c]=pick/512;donor_expert[d][c]=pick%512;spare[d][c]=res[pick];res[pick]=-1;int old;ck(cudaGetDevice(&old));ck(cudaSetDevice(d));ck(cudaMemcpy(dres[d]+pick,res+pick,4,cudaMemcpyHostToDevice));ck(cudaSetDevice(old));std::fprintf(stderr,"Q4_ORACLE_RESERVE device=%d class=%d bytes=%llu slot=%d layer=%d expert=%d active_minus1\n",d,c,(unsigned long long)sizes[c],spare[d][c],pick/512,pick%512);}planner_ns+=ns()-t;
      |                                                                                                                                                                                                                                                                                                                                                                                                                                                                                              ^~~~~
/srv/ai/research/iq3s-residency-20261004T230051Z/campaigns/q4-live-oracle-20261006T040656Z/src/oracle-v1/include/strata/research/q4_oracle.hpp: In member function ‘void strata::research::Q4Oracle::plan(Worker&)’:
/srv/ai/research/iq3s-residency-20261004T230051Z/campaigns/q4-live-oracle-20261006T040656Z/src/oracle-v1/include/strata/research/q4_oracle.hpp:42:81: error: ‘ceil’ is not a member of ‘std’
   42 |  void plan(Worker& w){if(w.state.load()!=0)return;int lead=std::clamp((int)std::ceil(copy_us/std::max(40.,event_us))+1,2,16);int limit=horizon?horizon:64;int end=std::min((int)q4_tape.windows.size()*48-1,current+limit);int bestl=-1,beste=-1,besttarget=-1;double best=-1e100;if(++seen_generation==0){candidate_seen.fill(0);++seen_generation;}
      |                                                                                 ^~~~
/srv/ai/research/iq3s-residency-20261004T230051Z/campaigns/q4-live-oracle-20261006T040656Z/src/oracle-v1/include/strata/research/q4_oracle.hpp:42:81: note: suggested alternatives:
In file included from /usr/include/c++/15/chrono:45,
                 from /srv/ai/research/iq3s-residency-20261004T230051Z/campaigns/q4-live-oracle-20261006T040656Z/src/oracle-v1/include/strata/research/q4_tape.hpp:7,
                 from /srv/ai/research/iq3s-residency-20261004T230051Z/campaigns/q4-live-oracle-20261006T040656Z/src/oracle-v1/include/strata/research/q4_oracle.hpp:3:
/usr/include/c++/15/bits/chrono.h:1066:7: note:   ‘std::chrono::ceil’
 1066 |       ceil(const time_point<_Clock, _Dur>& __tp)
      |       ^~~~
/usr/include/c++/15/bits/chrono.h:412:7: note:   ‘std::chrono::ceil’
  412 |       ceil(const duration<_Rep, _Period>& __d)
      |       ^~~~
[89/270] Building CXX object CMakeFiles/strata_engine.dir/src/core/session.cpp.o
[90/270] Building CXX object CMakeFiles/strata_kernels_cpu.dir/src/kernels/cpu/iq_avx2.cpp.o
[91/270] Building CXX object CMakeFiles/strata_engine.dir/src/core/remote_experts.cpp.o
[92/270] Building CXX object CMakeFiles/strata_engine.dir/src/core/expert_cache.cpp.o
[93/270] Building CUDA object CMakeFiles/strata_kernels.dir/src/kernels/cuda/iq_kernels.cu.o
[94/270] Building CUDA object CMakeFiles/strata_engine.dir/src/core/remote_expert_opt.cu.o
/srv/ai/research/iq3s-residency-20261004T230051Z/campaigns/q4-live-oracle-20261006T040656Z/src/oracle-v1/include/strata/core/expert_source.hpp(414): warning #611-D: overloaded virtual function "strata::core::ExpertSource::prefetch" is only partially overridden in class "strata::core::FileExpertSource"
  class FileExpertSource : public ExpertSource {
        ^

Remark: The warnings can be suppressed with "-diag-suppress <warning-number>"

/srv/ai/research/iq3s-residency-20261004T230051Z/campaigns/q4-live-oracle-20261006T040656Z/src/oracle-v1/include/strata/core/expert_source.hpp(653): warning #611-D: overloaded virtual function "strata::core::ExpertSource::prefetch" is only partially overridden in class "strata::core::ArenaExpertSource"
  class ArenaExpertSource : public ExpertSource {
        ^

/srv/ai/research/iq3s-residency-20261004T230051Z/campaigns/q4-live-oracle-20261006T040656Z/src/oracle-v1/include/strata/core/expert_source.hpp(414): warning #611-D: overloaded virtual function "strata::core::ExpertSource::prefetch" is only partially overridden in class "strata::core::FileExpertSource"
  class FileExpertSource : public ExpertSource {
        ^

Remark: The warnings can be suppressed with "-diag-suppress <warning-number>"

/srv/ai/research/iq3s-residency-20261004T230051Z/campaigns/q4-live-oracle-20261006T040656Z/src/oracle-v1/include/strata/core/expert_source.hpp(653): warning #611-D: overloaded virtual function "strata::core::ExpertSource::prefetch" is only partially overridden in class "strata::core::ArenaExpertSource"
  class ArenaExpertSource : public ExpertSource {
        ^

[95/270] Building CUDA object CMakeFiles/strata_kernels.dir/src/kernels/cuda/native_mmvq.cu.o
ninja: build stopped: subcommand failed.

