INVENTORY_PROGRESS 50 0.3
INVENTORY_PROGRESS 100 0.4
INVENTORY_PROGRESS 150 0.5
INVENTORY_PROGRESS 200 0.5
INVENTORY_PROGRESS 250 0.6
INVENTORY_PROGRESS 300 0.7
INVENTORY_PROGRESS 350 0.7
INVENTORY_PROGRESS 400 0.7
INVENTORY_PROGRESS 450 0.8
INVENTORY_PROGRESS 500 0.8
INVENTORY_PROGRESS 550 0.8
INVENTORY_PROGRESS 600 0.9
INVENTORY_PROGRESS 650 0.9
INVENTORY_PROGRESS 700 1.0
INVENTORY_PROGRESS 750 1.0
INVENTORY_PROGRESS 800 1.0
INVENTORY_PROGRESS 850 1.0
INVENTORY_PROGRESS 900 1.0
INVENTORY_PROGRESS 950 1.0
INVENTORY_PROGRESS 1000 1.1
INVENTORY_PROGRESS 1050 1.3
INVENTORY_PROGRESS 1100 1.4
INVENTORY_PROGRESS 1150 1.5
INVENTORY_PROGRESS 1200 1.6
INVENTORY_PROGRESS 1250 1.7
INVENTORY_PROGRESS 1300 1.8
INVENTORY_PROGRESS 1350 2.0
INVENTORY_PROGRESS 1400 2.1
INVENTORY_PROGRESS 1450 2.1
INVENTORY_PROGRESS 1500 2.3
INVENTORY_PROGRESS 1550 2.4
INVENTORY_PROGRESS 1600 2.5
INVENTORY_PROGRESS 1650 2.7
INVENTORY_PROGRESS 1700 2.8
INVENTORY_PROGRESS 1750 2.9
INVENTORY_PROGRESS 1800 8.7
INVENTORY_PROGRESS 1850 9.0
INVENTORY_PROGRESS 1900 9.0
INVENTORY_PROGRESS 1950 9.0
INVENTORY_PROGRESS 2000 9.0
INVENTORY_PROGRESS 2050 9.1
INVENTORY_PROGRESS 2100 9.1
INVENTORY_COMPLETE 2121 9.08
