INVENTORY_PROGRESS 50 0.4
INVENTORY_PROGRESS 100 0.5
INVENTORY_PROGRESS 150 0.6
INVENTORY_PROGRESS 200 0.7
INVENTORY_PROGRESS 250 0.8
INVENTORY_PROGRESS 300 0.8
INVENTORY_PROGRESS 350 0.8
INVENTORY_PROGRESS 400 0.9
INVENTORY_PROGRESS 450 0.9
INVENTORY_PROGRESS 500 0.9
INVENTORY_PROGRESS 550 1.0
INVENTORY_PROGRESS 600 1.0
INVENTORY_PROGRESS 650 1.0
INVENTORY_PROGRESS 700 1.1
INVENTORY_PROGRESS 750 1.1
INVENTORY_PROGRESS 800 1.1
INVENTORY_PROGRESS 850 1.1
INVENTORY_PROGRESS 900 1.2
INVENTORY_PROGRESS 950 1.2
INVENTORY_PROGRESS 1000 1.3
INVENTORY_PROGRESS 1050 1.5
INVENTORY_PROGRESS 1100 1.7
INVENTORY_PROGRESS 1150 1.7
INVENTORY_PROGRESS 1200 1.9
INVENTORY_PROGRESS 1250 2.1
INVENTORY_PROGRESS 1300 2.2
INVENTORY_PROGRESS 1350 2.5
INVENTORY_PROGRESS 1400 2.6
INVENTORY_PROGRESS 1450 2.7
INVENTORY_PROGRESS 1500 2.9
INVENTORY_PROGRESS 1550 3.0
INVENTORY_PROGRESS 1600 3.1
INVENTORY_PROGRESS 1650 3.2
INVENTORY_PROGRESS 1700 3.3
INVENTORY_PROGRESS 1750 3.4
INVENTORY_PROGRESS 1800 8.5
INVENTORY_PROGRESS 1850 8.8
INVENTORY_PROGRESS 1900 8.8
INVENTORY_PROGRESS 1950 8.8
INVENTORY_PROGRESS 2000 8.8
INVENTORY_PROGRESS 2050 8.8
INVENTORY_PROGRESS 2100 8.9
INVENTORY_COMPLETE 2125 8.87
