AUDIT_START capture-128k-v3
AUDIT_PASS capture-128k-v3 14.34
AUDIT_START capture-256k-v3
AUDIT_PASS capture-256k-v3 13.0
AUDIT_START capture-32k-v3
AUDIT_PASS capture-32k-v3 12.3
AUDIT_START development-capture-v3
AUDIT_PASS development-capture-v3 0.64
AUDIT_START independent-code4-capture-v3
AUDIT_PASS independent-code4-capture-v3 3.65
AUDIT_START independent-code4-v3-current-attempt1
AUDIT_PASS independent-code4-v3-current-attempt1 2.94
AUDIT_START independent-code4-v3-current-attempt2
AUDIT_PASS independent-code4-v3-current-attempt2 3.9
AUDIT_START independent-code4-v3-current-attempt3
AUDIT_PASS independent-code4-v3-current-attempt3 3.03
AUDIT_START independent-code4-v3-oracle-attempt1
AUDIT_PASS independent-code4-v3-oracle-attempt1 3.9
AUDIT_START independent-code4-v3-oracle-attempt2
AUDIT_PASS independent-code4-v3-oracle-attempt2 3.49
AUDIT_START independent-code4-v3-oracle-attempt3
AUDIT_PASS independent-code4-v3-oracle-attempt3 4.21
AUDIT_START overhead-v3-replay-attempt1
AUDIT_PASS overhead-v3-replay-attempt1 1.52
AUDIT_START overhead-v3-replay-attempt2
AUDIT_PASS overhead-v3-replay-attempt2 1.08
AUDIT_START overhead-v3-replay-attempt3
AUDIT_PASS overhead-v3-replay-attempt3 0.69
AUDIT_START short64-v3-32k-attempt1
AUDIT_PASS short64-v3-32k-attempt1 8.45
AUDIT_START v3-current-128k-attempt1
AUDIT_PASS v3-current-128k-attempt1 11.38
AUDIT_START v3-current-128k-attempt2
AUDIT_PASS v3-current-128k-attempt2 7.86
AUDIT_START v3-current-128k-attempt3
AUDIT_PASS v3-current-128k-attempt3 7.79
AUDIT_START v3-current-256k-attempt1
AUDIT_PASS v3-current-256k-attempt1 9.56
AUDIT_START v3-current-256k-attempt2
AUDIT_PASS v3-current-256k-attempt2 10.98
AUDIT_START v3-current-256k-attempt3
AUDIT_PASS v3-current-256k-attempt3 10.91
AUDIT_START v3-current-32k-attempt1
AUDIT_PASS v3-current-32k-attempt1 7.08
AUDIT_START v3-current-32k-attempt2
AUDIT_PASS v3-current-32k-attempt2 9.1
AUDIT_START v3-current-32k-attempt3
AUDIT_PASS v3-current-32k-attempt3 6.73
AUDIT_START v3-oracle-128k-attempt1
AUDIT_PASS v3-oracle-128k-attempt1 8.75
AUDIT_START v3-oracle-128k-attempt2
AUDIT_PASS v3-oracle-128k-attempt2 8.16
AUDIT_START v3-oracle-128k-attempt3
AUDIT_PASS v3-oracle-128k-attempt3 8.22
AUDIT_START v3-oracle-256k-attempt1
AUDIT_PASS v3-oracle-256k-attempt1 8.53
AUDIT_START v3-oracle-256k-attempt2
AUDIT_PASS v3-oracle-256k-attempt2 8.94
AUDIT_START v3-oracle-256k-attempt3
AUDIT_PASS v3-oracle-256k-attempt3 10.47
AUDIT_START v3-oracle-32k-attempt1
AUDIT_PASS v3-oracle-32k-attempt1 8.82
AUDIT_START v3-oracle-32k-attempt2
AUDIT_PASS v3-oracle-32k-attempt2 8.37
AUDIT_START v3-oracle-32k-attempt3
AUDIT_PASS v3-oracle-32k-attempt3 8.07
SUMMARY COMPLETE 18 valid 18
