add 'campaigns/q4-live-oracle-20261006T040656Z/.gitignore'
add 'campaigns/q4-live-oracle-20261006T040656Z/DECISIONS.md'
add 'campaigns/q4-live-oracle-20261006T040656Z/GOAL.md'
add 'campaigns/q4-live-oracle-20261006T040656Z/README.md'
add 'campaigns/q4-live-oracle-20261006T040656Z/STATUS.json'
add 'campaigns/q4-live-oracle-20261006T040656Z/STATUS.md'
add 'campaigns/q4-live-oracle-20261006T040656Z/analysis/capture-128k-v2-oracle.json'
add 'campaigns/q4-live-oracle-20261006T040656Z/analysis/capture-128k-v2-progression.json'
add 'campaigns/q4-live-oracle-20261006T040656Z/analysis/capture-128k-v3-event-diagnostics.json'
add 'campaigns/q4-live-oracle-20261006T040656Z/analysis/capture-128k-v3-oracle.json'
add 'campaigns/q4-live-oracle-20261006T040656Z/analysis/capture-128k-v3-progression.json'
add 'campaigns/q4-live-oracle-20261006T040656Z/analysis/capture-128k-v3-system.json'
add 'campaigns/q4-live-oracle-20261006T040656Z/analysis/capture-256k-v2-oracle.json'
add 'campaigns/q4-live-oracle-20261006T040656Z/analysis/capture-256k-v2-progression.json'
add 'campaigns/q4-live-oracle-20261006T040656Z/analysis/capture-256k-v3-event-diagnostics.json'
add 'campaigns/q4-live-oracle-20261006T040656Z/analysis/capture-256k-v3-oracle.json'
add 'campaigns/q4-live-oracle-20261006T040656Z/analysis/capture-256k-v3-progression.json'
add 'campaigns/q4-live-oracle-20261006T040656Z/analysis/capture-256k-v3-system.json'
add 'campaigns/q4-live-oracle-20261006T040656Z/analysis/capture-32k-v3-event-diagnostics.json'
add 'campaigns/q4-live-oracle-20261006T040656Z/analysis/capture-32k-v3-oracle.json'
add 'campaigns/q4-live-oracle-20261006T040656Z/analysis/capture-32k-v3-progression.json'
add 'campaigns/q4-live-oracle-20261006T040656Z/analysis/capture-32k-v3-system.json'
add 'campaigns/q4-live-oracle-20261006T040656Z/analysis/common-current-32k-attempt1-oracle.json'
add 'campaigns/q4-live-oracle-20261006T040656Z/analysis/development-capture-v3-event-diagnostics.json'
add 'campaigns/q4-live-oracle-20261006T040656Z/analysis/development-capture-v3-oracle.json'
add 'campaigns/q4-live-oracle-20261006T040656Z/analysis/development-capture-v3-progression.json'
add 'campaigns/q4-live-oracle-20261006T040656Z/analysis/development-capture-v3-system.json'
add 'campaigns/q4-live-oracle-20261006T040656Z/analysis/evidence-inventory.json'
add 'campaigns/q4-live-oracle-20261006T040656Z/analysis/final-audit-index.json'
add 'campaigns/q4-live-oracle-20261006T040656Z/analysis/final-audit.json'
add 'campaigns/q4-live-oracle-20261006T040656Z/analysis/independent-code4-capture-v3-event-diagnostics.json'
add 'campaigns/q4-live-oracle-20261006T040656Z/analysis/independent-code4-capture-v3-oracle.json'
add 'campaigns/q4-live-oracle-20261006T040656Z/analysis/independent-code4-capture-v3-progression.json'
add 'campaigns/q4-live-oracle-20261006T040656Z/analysis/independent-code4-capture-v3-system.json'
add 'campaigns/q4-live-oracle-20261006T040656Z/analysis/independent-code4-v3-current-attempt1-event-diagnostics.json'
add 'campaigns/q4-live-oracle-20261006T040656Z/analysis/independent-code4-v3-current-attempt1-oracle.json'
add 'campaigns/q4-live-oracle-20261006T040656Z/analysis/independent-code4-v3-current-attempt1-progression.json'
add 'campaigns/q4-live-oracle-20261006T040656Z/analysis/independent-code4-v3-current-attempt1-system.json'
add 'campaigns/q4-live-oracle-20261006T040656Z/analysis/independent-code4-v3-current-attempt2-event-diagnostics.json'
add 'campaigns/q4-live-oracle-20261006T040656Z/analysis/independent-code4-v3-current-attempt2-oracle.json'
add 'campaigns/q4-live-oracle-20261006T040656Z/analysis/independent-code4-v3-current-attempt2-progression.json'
add 'campaigns/q4-live-oracle-20261006T040656Z/analysis/independent-code4-v3-current-attempt2-system.json'
add 'campaigns/q4-live-oracle-20261006T040656Z/analysis/independent-code4-v3-current-attempt3-event-diagnostics.json'
add 'campaigns/q4-live-oracle-20261006T040656Z/analysis/independent-code4-v3-current-attempt3-oracle.json'
add 'campaigns/q4-live-oracle-20261006T040656Z/analysis/independent-code4-v3-current-attempt3-progression.json'
add 'campaigns/q4-live-oracle-20261006T040656Z/analysis/independent-code4-v3-current-attempt3-system.json'
add 'campaigns/q4-live-oracle-20261006T040656Z/analysis/independent-code4-v3-oracle-attempt1-event-diagnostics.json'
add 'campaigns/q4-live-oracle-20261006T040656Z/analysis/independent-code4-v3-oracle-attempt1-oracle.json'
add 'campaigns/q4-live-oracle-20261006T040656Z/analysis/independent-code4-v3-oracle-attempt1-persistent-lifetimes.json'
add 'campaigns/q4-live-oracle-20261006T040656Z/analysis/independent-code4-v3-oracle-attempt1-persistent-lifetimes.npz'
add 'campaigns/q4-live-oracle-20261006T040656Z/analysis/independent-code4-v3-oracle-attempt1-progression.json'
add 'campaigns/q4-live-oracle-20261006T040656Z/analysis/independent-code4-v3-oracle-attempt1-residual-misses.json'
add 'campaigns/q4-live-oracle-20261006T040656Z/analysis/independent-code4-v3-oracle-attempt1-system.json'
add 'campaigns/q4-live-oracle-20261006T040656Z/analysis/independent-code4-v3-oracle-attempt2-event-diagnostics.json'
add 'campaigns/q4-live-oracle-20261006T040656Z/analysis/independent-code4-v3-oracle-attempt2-oracle.json'
add 'campaigns/q4-live-oracle-20261006T040656Z/analysis/independent-code4-v3-oracle-attempt2-progression.json'
add 'campaigns/q4-live-oracle-20261006T040656Z/analysis/independent-code4-v3-oracle-attempt2-system.json'
add 'campaigns/q4-live-oracle-20261006T040656Z/analysis/independent-code4-v3-oracle-attempt3-event-diagnostics.json'
add 'campaigns/q4-live-oracle-20261006T040656Z/analysis/independent-code4-v3-oracle-attempt3-oracle.json'
add 'campaigns/q4-live-oracle-20261006T040656Z/analysis/independent-code4-v3-oracle-attempt3-progression.json'
add 'campaigns/q4-live-oracle-20261006T040656Z/analysis/independent-code4-v3-oracle-attempt3-system.json'
add 'campaigns/q4-live-oracle-20261006T040656Z/analysis/offline'
add 'campaigns/q4-live-oracle-20261006T040656Z/analysis/offline-strict/include/strata/artifact/dequant.hpp'
add 'campaigns/q4-live-oracle-20261006T040656Z/analysis/offline-strict/include/strata/artifact/gguf_reader.hpp'
add 'campaigns/q4-live-oracle-20261006T040656Z/analysis/offline-strict/include/strata/artifact/gguf_split.hpp'
add 'campaigns/q4-live-oracle-20261006T040656Z/analysis/offline-strict/include/strata/core/conversation_buffer.hpp'
add 'campaigns/q4-live-oracle-20261006T040656Z/analysis/offline-strict/include/strata/core/conversation_cache.hpp'
add 'campaigns/q4-live-oracle-20261006T040656Z/analysis/offline-strict/include/strata/core/conversation_memory.hpp'
add 'campaigns/q4-live-oracle-20261006T040656Z/analysis/offline-strict/include/strata/core/conversation_snapshot.hpp'
add 'campaigns/q4-live-oracle-20261006T040656Z/analysis/offline-strict/include/strata/core/coupled_draft.hpp'
add 'campaigns/q4-live-oracle-20261006T040656Z/analysis/offline-strict/include/strata/core/device.hpp'
add 'campaigns/q4-live-oracle-20261006T040656Z/analysis/offline-strict/include/strata/core/emulate.hpp'
add 'campaigns/q4-live-oracle-20261006T040656Z/analysis/offline-strict/include/strata/core/expert_cache.hpp'
add 'campaigns/q4-live-oracle-20261006T040656Z/analysis/offline-strict/include/strata/core/expert_source.hpp'
add 'campaigns/q4-live-oracle-20261006T040656Z/analysis/offline-strict/include/strata/core/graph.hpp'
add 'campaigns/q4-live-oracle-20261006T040656Z/analysis/offline-strict/include/strata/core/hit_hook.hpp'
add 'campaigns/q4-live-oracle-20261006T040656Z/analysis/offline-strict/include/strata/core/layer.hpp'
add 'campaigns/q4-live-oracle-20261006T040656Z/analysis/offline-strict/include/strata/core/layout.hpp'
add 'campaigns/q4-live-oracle-20261006T040656Z/analysis/offline-strict/include/strata/core/mtp.hpp'
add 'campaigns/q4-live-oracle-20261006T040656Z/analysis/offline-strict/include/strata/core/native_dense.hpp'
add 'campaigns/q4-live-oracle-20261006T040656Z/analysis/offline-strict/include/strata/core/native_head.hpp'
add 'campaigns/q4-live-oracle-20261006T040656Z/analysis/offline-strict/include/strata/core/on_device.hpp'
add 'campaigns/q4-live-oracle-20261006T040656Z/analysis/offline-strict/include/strata/core/peer_experts.hpp'
add 'campaigns/q4-live-oracle-20261006T040656Z/analysis/offline-strict/include/strata/core/pinned.hpp'
add 'campaigns/q4-live-oracle-20261006T040656Z/analysis/offline-strict/include/strata/core/progress.hpp'
add 'campaigns/q4-live-oracle-20261006T040656Z/analysis/offline-strict/include/strata/core/remote_expert_opt.hpp'
add 'campaigns/q4-live-oracle-20261006T040656Z/analysis/offline-strict/include/strata/core/remote_experts.hpp'
add 'campaigns/q4-live-oracle-20261006T040656Z/analysis/offline-strict/include/strata/core/session.hpp'
add 'campaigns/q4-live-oracle-20261006T040656Z/analysis/offline-strict/include/strata/core/verify.hpp'
add 'campaigns/q4-live-oracle-20261006T040656Z/analysis/offline-strict/include/strata/core/weights.hpp'
add 'campaigns/q4-live-oracle-20261006T040656Z/analysis/offline-strict/include/strata/hip_compat/cublas_v2.h'
add 'campaigns/q4-live-oracle-20261006T040656Z/analysis/offline-strict/include/strata/hip_compat/cuda_fp16.h'
add 'campaigns/q4-live-oracle-20261006T040656Z/analysis/offline-strict/include/strata/hip_compat/cuda_runtime.h'
add 'campaigns/q4-live-oracle-20261006T040656Z/analysis/offline-strict/include/strata/hip_compat/cuda_runtime_api.h'
add 'campaigns/q4-live-oracle-20261006T040656Z/analysis/offline-strict/include/strata/hip_compat/intrinsics.hpp'
add 'campaigns/q4-live-oracle-20261006T040656Z/analysis/offline-strict/include/strata/hip_compat/math_constants.h'
add 'campaigns/q4-live-oracle-20261006T040656Z/analysis/offline-strict/include/strata/kernels/bf16_bits.hpp'
add 'campaigns/q4-live-oracle-20261006T040656Z/analysis/offline-strict/include/strata/kernels/bf16_gemv.hpp'
add 'campaigns/q4-live-oracle-20261006T040656Z/analysis/offline-strict/include/strata/kernels/cpu/expert.hpp'
add 'campaigns/q4-live-oracle-20261006T040656Z/analysis/offline-strict/include/strata/kernels/cpu/expert_layout.hpp'
add 'campaigns/q4-live-oracle-20261006T040656Z/analysis/offline-strict/include/strata/kernels/cpu/iq_avx2.hpp'
add 'campaigns/q4-live-oracle-20261006T040656Z/analysis/offline-strict/include/strata/kernels/cpu/iq_avx512.hpp'
add 'campaigns/q4-live-oracle-20261006T040656Z/analysis/offline-strict/include/strata/kernels/cpu/kq_avx1.hpp'
add 'campaigns/q4-live-oracle-20261006T040656Z/analysis/offline-strict/include/strata/kernels/cpu/kq_avx2.hpp'
add 'campaigns/q4-live-oracle-20261006T040656Z/analysis/offline-strict/include/strata/kernels/cpu/native_expert.hpp'
add 'campaigns/q4-live-oracle-20261006T040656Z/analysis/offline-strict/include/strata/kernels/cpu/pool.hpp'
add 'campaigns/q4-live-oracle-20261006T040656Z/analysis/offline-strict/include/strata/kernels/cvec.hpp'
add 'campaigns/q4-live-oracle-20261006T040656Z/analysis/offline-strict/include/strata/kernels/dequant_bf16.hpp'
add 'campaigns/q4-live-oracle-20261006T040656Z/analysis/offline-strict/include/strata/kernels/dequant_s2.hpp'
add 'campaigns/q4-live-oracle-20261006T040656Z/analysis/offline-strict/include/strata/kernels/dp4a.hpp'
add 'campaigns/q4-live-oracle-20261006T040656Z/analysis/offline-strict/include/strata/kernels/elementwise.hpp'
add 'campaigns/q4-live-oracle-20261006T040656Z/analysis/offline-strict/include/strata/kernels/f16_bits.hpp'
add 'campaigns/q4-live-oracle-20261006T040656Z/analysis/offline-strict/include/strata/kernels/fused_gdn.hpp'
add 'campaigns/q4-live-oracle-20261006T040656Z/analysis/offline-strict/include/strata/kernels/fused_gr.hpp'
add 'campaigns/q4-live-oracle-20261006T040656Z/analysis/offline-strict/include/strata/kernels/gdn.hpp'
add 'campaigns/q4-live-oracle-20261006T040656Z/analysis/offline-strict/include/strata/kernels/gr.hpp'
add 'campaigns/q4-live-oracle-20261006T040656Z/analysis/offline-strict/include/strata/kernels/iq_kernels.hpp'
add 'campaigns/q4-live-oracle-20261006T040656Z/analysis/offline-strict/include/strata/kernels/kv_q4.hpp'
add 'campaigns/q4-live-oracle-20261006T040656Z/analysis/offline-strict/include/strata/kernels/kv_q8.hpp'
add 'campaigns/q4-live-oracle-20261006T040656Z/analysis/offline-strict/include/strata/kernels/kv_stream.hpp'
add 'campaigns/q4-live-oracle-20261006T040656Z/analysis/offline-strict/include/strata/kernels/mrope.hpp'
add 'campaigns/q4-live-oracle-20261006T040656Z/analysis/offline-strict/include/strata/kernels/native_flash_attn.hpp'
add 'campaigns/q4-live-oracle-20261006T040656Z/analysis/offline-strict/include/strata/kernels/native_gdn.hpp'
add 'campaigns/q4-live-oracle-20261006T040656Z/analysis/offline-strict/include/strata/kernels/native_gdn_preprocess.hpp'
add 'campaigns/q4-live-oracle-20261006T040656Z/analysis/offline-strict/include/strata/kernels/native_gr_norm.hpp'
add 'campaigns/q4-live-oracle-20261006T040656Z/analysis/offline-strict/include/strata/kernels/native_gr_postops.hpp'
add 'campaigns/q4-live-oracle-20261006T040656Z/analysis/offline-strict/include/strata/kernels/native_mmvq.hpp'
add 'campaigns/q4-live-oracle-20261006T040656Z/analysis/offline-strict/include/strata/kernels/native_moe.hpp'
add 'campaigns/q4-live-oracle-20261006T040656Z/analysis/offline-strict/include/strata/kernels/native_ple_postops.hpp'
add 'campaigns/q4-live-oracle-20261006T040656Z/analysis/offline-strict/include/strata/kernels/native_qsa.hpp'
add 'campaigns/q4-live-oracle-20261006T040656Z/analysis/offline-strict/include/strata/kernels/native_qsa_indexer.hpp'
add 'campaigns/q4-live-oracle-20261006T040656Z/analysis/offline-strict/include/strata/kernels/native_qsa_score.hpp'
add 'campaigns/q4-live-oracle-20261006T040656Z/analysis/offline-strict/include/strata/kernels/native_rope.hpp'
add 'campaigns/q4-live-oracle-20261006T040656Z/analysis/offline-strict/include/strata/kernels/native_router.hpp'
add 'campaigns/q4-live-oracle-20261006T040656Z/analysis/offline-strict/include/strata/kernels/ngram.hpp'
add 'campaigns/q4-live-oracle-20261006T040656Z/analysis/offline-strict/include/strata/kernels/ple.hpp'
add 'campaigns/q4-live-oracle-20261006T040656Z/analysis/offline-strict/include/strata/kernels/q8_1_finite.hpp'
add 'campaigns/q4-live-oracle-20261006T040656Z/analysis/offline-strict/include/strata/kernels/qsa.hpp'
add 'campaigns/q4-live-oracle-20261006T040656Z/analysis/offline-strict/include/strata/kernels/qsa_decode_attn.hpp'
add 'campaigns/q4-live-oracle-20261006T040656Z/analysis/offline-strict/include/strata/kernels/qsa_prompt_attn.hpp'
add 'campaigns/q4-live-oracle-20261006T040656Z/analysis/offline-strict/include/strata/kernels/qsa_select.hpp'
add 'campaigns/q4-live-oracle-20261006T040656Z/analysis/offline-strict/include/strata/kernels/quantize_act.hpp'
add 'campaigns/q4-live-oracle-20261006T040656Z/analysis/offline-strict/include/strata/kernels/rope.hpp'
add 'campaigns/q4-live-oracle-20261006T040656Z/analysis/offline-strict/include/strata/kernels/rope_scaling.hpp'
add 'campaigns/q4-live-oracle-20261006T040656Z/analysis/offline-strict/include/strata/kernels/router_top10.hpp'
add 'campaigns/q4-live-oracle-20261006T040656Z/analysis/offline-strict/include/strata/kernels/s2_expert_grouped.hpp'
add 'campaigns/q4-live-oracle-20261006T040656Z/analysis/offline-strict/include/strata/kernels/s2_gemv.hpp'
add 'campaigns/q4-live-oracle-20261006T040656Z/analysis/offline-strict/include/strata/kernels/s2_gemv_q8.hpp'
add 'campaigns/q4-live-oracle-20261006T040656Z/analysis/offline-strict/include/strata/kernels/s_gemv.hpp'
add 'campaigns/q4-live-oracle-20261006T040656Z/analysis/offline-strict/include/strata/kernels/sampler.hpp'
add 'campaigns/q4-live-oracle-20261006T040656Z/analysis/offline-strict/include/strata/kernels/shared_expert.hpp'
add 'campaigns/q4-live-oracle-20261006T040656Z/analysis/offline-strict/include/strata/kernels/verify_kernels.hpp'
add 'campaigns/q4-live-oracle-20261006T040656Z/analysis/offline-strict/include/strata/ngram/ple_reader.hpp'
add 'campaigns/q4-live-oracle-20261006T040656Z/analysis/offline-strict/include/strata/plan/plan.hpp'
add 'campaigns/q4-live-oracle-20261006T040656Z/analysis/offline-strict/include/strata/platform/direct_file.hpp'
add 'campaigns/q4-live-oracle-20261006T040656Z/analysis/offline-strict/include/strata/platform/hip_compat/cublas_v2.h'
add 'campaigns/q4-live-oracle-20261006T040656Z/analysis/offline-strict/include/strata/platform/hip_compat/cuda_fp16.h'
add 'campaigns/q4-live-oracle-20261006T040656Z/analysis/offline-strict/include/strata/platform/hip_compat/cuda_runtime.h'
add 'campaigns/q4-live-oracle-20261006T040656Z/analysis/offline-strict/include/strata/platform/hip_compat/math_constants.h'
add 'campaigns/q4-live-oracle-20261006T040656Z/analysis/offline-strict/include/strata/platform/hip_compat/strata_hip.h'
add 'campaigns/q4-live-oracle-20261006T040656Z/analysis/offline-strict/include/strata/platform/memory.hpp'
add 'campaigns/q4-live-oracle-20261006T040656Z/analysis/offline-strict/include/strata/prefill/gemm.hpp'
add 'campaigns/q4-live-oracle-20261006T040656Z/analysis/offline-strict/include/strata/prefill/kernels.hpp'
add 'campaigns/q4-live-oracle-20261006T040656Z/analysis/offline-strict/include/strata/prefill/moe_fused.hpp'
add 'campaigns/q4-live-oracle-20261006T040656Z/analysis/offline-strict/include/strata/prefill/moe_fused_iq.hpp'
add 'campaigns/q4-live-oracle-20261006T040656Z/analysis/offline-strict/include/strata/prefill/moe_mmq.hpp'
add 'campaigns/q4-live-oracle-20261006T040656Z/analysis/offline-strict/include/strata/prefill/prefill.hpp'
add 'campaigns/q4-live-oracle-20261006T040656Z/analysis/offline-strict/include/strata/program/conv_cache.hpp'
add 'campaigns/q4-live-oracle-20261006T040656Z/analysis/offline-strict/include/strata/program/logits_selection.hpp'
add 'campaigns/q4-live-oracle-20261006T040656Z/analysis/offline-strict/include/strata/research/q4_oracle.hpp'
add 'campaigns/q4-live-oracle-20261006T040656Z/analysis/offline-strict/include/strata/research/q4_tape.hpp'
add 'campaigns/q4-live-oracle-20261006T040656Z/analysis/offline-strict/include/strata/research/q4_tape_gpu.hpp'
add 'campaigns/q4-live-oracle-20261006T040656Z/analysis/offline-strict/include/strata/spec/controller.hpp'
add 'campaigns/q4-live-oracle-20261006T040656Z/analysis/offline-strict/include/strata/spec/draft_policy.hpp'
add 'campaigns/q4-live-oracle-20261006T040656Z/analysis/offline-strict/include/strata/spec/suffix_drafter.hpp'
add 'campaigns/q4-live-oracle-20261006T040656Z/analysis/offline-strict/offline.cpp'
add 'campaigns/q4-live-oracle-20261006T040656Z/analysis/overhead-v3-replay-attempt1-event-diagnostics.json'
add 'campaigns/q4-live-oracle-20261006T040656Z/analysis/overhead-v3-replay-attempt1-oracle.json'
add 'campaigns/q4-live-oracle-20261006T040656Z/analysis/overhead-v3-replay-attempt1-progression.json'
add 'campaigns/q4-live-oracle-20261006T040656Z/analysis/overhead-v3-replay-attempt1-system.json'
add 'campaigns/q4-live-oracle-20261006T040656Z/analysis/overhead-v3-replay-attempt2-event-diagnostics.json'
add 'campaigns/q4-live-oracle-20261006T040656Z/analysis/overhead-v3-replay-attempt2-oracle.json'
add 'campaigns/q4-live-oracle-20261006T040656Z/analysis/overhead-v3-replay-attempt2-progression.json'
add 'campaigns/q4-live-oracle-20261006T040656Z/analysis/overhead-v3-replay-attempt2-system.json'
add 'campaigns/q4-live-oracle-20261006T040656Z/analysis/overhead-v3-replay-attempt3-event-diagnostics.json'
add 'campaigns/q4-live-oracle-20261006T040656Z/analysis/overhead-v3-replay-attempt3-oracle.json'
add 'campaigns/q4-live-oracle-20261006T040656Z/analysis/overhead-v3-replay-attempt3-progression.json'
add 'campaigns/q4-live-oracle-20261006T040656Z/analysis/overhead-v3-replay-attempt3-system.json'
add 'campaigns/q4-live-oracle-20261006T040656Z/analysis/pilot-oracle-deadline-32k-attempt1-oracle.json'
add 'campaigns/q4-live-oracle-20261006T040656Z/analysis/pilot-oracle-deadline-32k-attempt1-progression.json'
add 'campaigns/q4-live-oracle-20261006T040656Z/analysis/pilot-progression-cli.json'
add 'campaigns/q4-live-oracle-20261006T040656Z/analysis/plots/locality-versus-traffic.png'
add 'campaigns/q4-live-oracle-20261006T040656Z/analysis/plots/locality-versus-traffic.svg'
add 'campaigns/q4-live-oracle-20261006T040656Z/analysis/plots/measured-performance.png'
add 'campaigns/q4-live-oracle-20261006T040656Z/analysis/plots/measured-performance.svg'
add 'campaigns/q4-live-oracle-20261006T040656Z/analysis/short64-v3-32k-attempt1-event-diagnostics.json'
add 'campaigns/q4-live-oracle-20261006T040656Z/analysis/short64-v3-32k-attempt1-oracle.json'
add 'campaigns/q4-live-oracle-20261006T040656Z/analysis/short64-v3-32k-attempt1-persistent-lifetimes.json'
add 'campaigns/q4-live-oracle-20261006T040656Z/analysis/short64-v3-32k-attempt1-persistent-lifetimes.npz'
add 'campaigns/q4-live-oracle-20261006T040656Z/analysis/short64-v3-32k-attempt1-progression.json'
add 'campaigns/q4-live-oracle-20261006T040656Z/analysis/short64-v3-32k-attempt1-residual-misses.json'
add 'campaigns/q4-live-oracle-20261006T040656Z/analysis/short64-v3-32k-attempt1-system.json'
add 'campaigns/q4-live-oracle-20261006T040656Z/analysis/v2-current-32k-attempt1-oracle.json'
add 'campaigns/q4-live-oracle-20261006T040656Z/analysis/v2-current-32k-attempt1-progression.json'
add 'campaigns/q4-live-oracle-20261006T040656Z/analysis/v2-oracle-32k-attempt1-oracle.json'
add 'campaigns/q4-live-oracle-20261006T040656Z/analysis/v2-oracle-32k-attempt1-progression.json'
add 'campaigns/q4-live-oracle-20261006T040656Z/analysis/v3-current-128k-attempt1-event-diagnostics.json'
add 'campaigns/q4-live-oracle-20261006T040656Z/analysis/v3-current-128k-attempt1-oracle.json'
add 'campaigns/q4-live-oracle-20261006T040656Z/analysis/v3-current-128k-attempt1-progression.json'
add 'campaigns/q4-live-oracle-20261006T040656Z/analysis/v3-current-128k-attempt1-system.json'
add 'campaigns/q4-live-oracle-20261006T040656Z/analysis/v3-current-128k-attempt2-event-diagnostics.json'
add 'campaigns/q4-live-oracle-20261006T040656Z/analysis/v3-current-128k-attempt2-oracle.json'
add 'campaigns/q4-live-oracle-20261006T040656Z/analysis/v3-current-128k-attempt2-progression.json'
add 'campaigns/q4-live-oracle-20261006T040656Z/analysis/v3-current-128k-attempt2-system.json'
add 'campaigns/q4-live-oracle-20261006T040656Z/analysis/v3-current-128k-attempt3-event-diagnostics.json'
add 'campaigns/q4-live-oracle-20261006T040656Z/analysis/v3-current-128k-attempt3-oracle.json'
add 'campaigns/q4-live-oracle-20261006T040656Z/analysis/v3-current-128k-attempt3-progression.json'
add 'campaigns/q4-live-oracle-20261006T040656Z/analysis/v3-current-128k-attempt3-system.json'
add 'campaigns/q4-live-oracle-20261006T040656Z/analysis/v3-current-256k-attempt1-event-diagnostics.json'
add 'campaigns/q4-live-oracle-20261006T040656Z/analysis/v3-current-256k-attempt1-oracle.json'
add 'campaigns/q4-live-oracle-20261006T040656Z/analysis/v3-current-256k-attempt1-progression.json'
add 'campaigns/q4-live-oracle-20261006T040656Z/analysis/v3-current-256k-attempt1-system.json'
add 'campaigns/q4-live-oracle-20261006T040656Z/analysis/v3-current-256k-attempt2-event-diagnostics.json'
add 'campaigns/q4-live-oracle-20261006T040656Z/analysis/v3-current-256k-attempt2-oracle.json'
add 'campaigns/q4-live-oracle-20261006T040656Z/analysis/v3-current-256k-attempt2-progression.json'
add 'campaigns/q4-live-oracle-20261006T040656Z/analysis/v3-current-256k-attempt2-system.json'
add 'campaigns/q4-live-oracle-20261006T040656Z/analysis/v3-current-256k-attempt3-event-diagnostics.json'
add 'campaigns/q4-live-oracle-20261006T040656Z/analysis/v3-current-256k-attempt3-oracle.json'
add 'campaigns/q4-live-oracle-20261006T040656Z/analysis/v3-current-256k-attempt3-progression.json'
add 'campaigns/q4-live-oracle-20261006T040656Z/analysis/v3-current-256k-attempt3-system.json'
add 'campaigns/q4-live-oracle-20261006T040656Z/analysis/v3-current-32k-attempt1-event-diagnostics.json'
add 'campaigns/q4-live-oracle-20261006T040656Z/analysis/v3-current-32k-attempt1-oracle.json'
add 'campaigns/q4-live-oracle-20261006T040656Z/analysis/v3-current-32k-attempt1-progression.json'
add 'campaigns/q4-live-oracle-20261006T040656Z/analysis/v3-current-32k-attempt1-system.json'
add 'campaigns/q4-live-oracle-20261006T040656Z/analysis/v3-current-32k-attempt2-event-diagnostics.json'
add 'campaigns/q4-live-oracle-20261006T040656Z/analysis/v3-current-32k-attempt2-oracle.json'
add 'campaigns/q4-live-oracle-20261006T040656Z/analysis/v3-current-32k-attempt2-progression.json'
add 'campaigns/q4-live-oracle-20261006T040656Z/analysis/v3-current-32k-attempt2-system.json'
add 'campaigns/q4-live-oracle-20261006T040656Z/analysis/v3-current-32k-attempt3-event-diagnostics.json'
add 'campaigns/q4-live-oracle-20261006T040656Z/analysis/v3-current-32k-attempt3-oracle.json'
add 'campaigns/q4-live-oracle-20261006T040656Z/analysis/v3-current-32k-attempt3-progression.json'
add 'campaigns/q4-live-oracle-20261006T040656Z/analysis/v3-current-32k-attempt3-system.json'
add 'campaigns/q4-live-oracle-20261006T040656Z/analysis/v3-oracle-128k-attempt1-event-diagnostics.json'
add 'campaigns/q4-live-oracle-20261006T040656Z/analysis/v3-oracle-128k-attempt1-oracle.json'
add 'campaigns/q4-live-oracle-20261006T040656Z/analysis/v3-oracle-128k-attempt1-persistent-lifetimes.json'
add 'campaigns/q4-live-oracle-20261006T040656Z/analysis/v3-oracle-128k-attempt1-persistent-lifetimes.npz'
add 'campaigns/q4-live-oracle-20261006T040656Z/analysis/v3-oracle-128k-attempt1-progression.json'
add 'campaigns/q4-live-oracle-20261006T040656Z/analysis/v3-oracle-128k-attempt1-residual-misses.json'
add 'campaigns/q4-live-oracle-20261006T040656Z/analysis/v3-oracle-128k-attempt1-system.json'
add 'campaigns/q4-live-oracle-20261006T040656Z/analysis/v3-oracle-128k-attempt2-event-diagnostics.json'
add 'campaigns/q4-live-oracle-20261006T040656Z/analysis/v3-oracle-128k-attempt2-oracle.json'
add 'campaigns/q4-live-oracle-20261006T040656Z/analysis/v3-oracle-128k-attempt2-progression.json'
add 'campaigns/q4-live-oracle-20261006T040656Z/analysis/v3-oracle-128k-attempt2-system.json'
add 'campaigns/q4-live-oracle-20261006T040656Z/analysis/v3-oracle-128k-attempt3-event-diagnostics.json'
add 'campaigns/q4-live-oracle-20261006T040656Z/analysis/v3-oracle-128k-attempt3-oracle.json'
add 'campaigns/q4-live-oracle-20261006T040656Z/analysis/v3-oracle-128k-attempt3-progression.json'
add 'campaigns/q4-live-oracle-20261006T040656Z/analysis/v3-oracle-128k-attempt3-system.json'
add 'campaigns/q4-live-oracle-20261006T040656Z/analysis/v3-oracle-256k-attempt1-event-diagnostics.json'
add 'campaigns/q4-live-oracle-20261006T040656Z/analysis/v3-oracle-256k-attempt1-oracle.json'
add 'campaigns/q4-live-oracle-20261006T040656Z/analysis/v3-oracle-256k-attempt1-persistent-lifetimes.json'
add 'campaigns/q4-live-oracle-20261006T040656Z/analysis/v3-oracle-256k-attempt1-persistent-lifetimes.npz'
add 'campaigns/q4-live-oracle-20261006T040656Z/analysis/v3-oracle-256k-attempt1-progression.json'
add 'campaigns/q4-live-oracle-20261006T040656Z/analysis/v3-oracle-256k-attempt1-residual-misses.json'
add 'campaigns/q4-live-oracle-20261006T040656Z/analysis/v3-oracle-256k-attempt1-system.json'
add 'campaigns/q4-live-oracle-20261006T040656Z/analysis/v3-oracle-256k-attempt2-event-diagnostics.json'
add 'campaigns/q4-live-oracle-20261006T040656Z/analysis/v3-oracle-256k-attempt2-oracle.json'
add 'campaigns/q4-live-oracle-20261006T040656Z/analysis/v3-oracle-256k-attempt2-progression.json'
add 'campaigns/q4-live-oracle-20261006T040656Z/analysis/v3-oracle-256k-attempt2-system.json'
add 'campaigns/q4-live-oracle-20261006T040656Z/analysis/v3-oracle-256k-attempt3-event-diagnostics.json'
add 'campaigns/q4-live-oracle-20261006T040656Z/analysis/v3-oracle-256k-attempt3-oracle.json'
add 'campaigns/q4-live-oracle-20261006T040656Z/analysis/v3-oracle-256k-attempt3-progression.json'
add 'campaigns/q4-live-oracle-20261006T040656Z/analysis/v3-oracle-256k-attempt3-system.json'
add 'campaigns/q4-live-oracle-20261006T040656Z/analysis/v3-oracle-32k-attempt1-event-diagnostics.json'
add 'campaigns/q4-live-oracle-20261006T040656Z/analysis/v3-oracle-32k-attempt1-oracle.json'
add 'campaigns/q4-live-oracle-20261006T040656Z/analysis/v3-oracle-32k-attempt1-ownership-cli.json'
add 'campaigns/q4-live-oracle-20261006T040656Z/analysis/v3-oracle-32k-attempt1-persistent-lifetimes.json'
add 'campaigns/q4-live-oracle-20261006T040656Z/analysis/v3-oracle-32k-attempt1-persistent-lifetimes.npz'
add 'campaigns/q4-live-oracle-20261006T040656Z/analysis/v3-oracle-32k-attempt1-progression.json'
add 'campaigns/q4-live-oracle-20261006T040656Z/analysis/v3-oracle-32k-attempt1-residual-misses.json'
add 'campaigns/q4-live-oracle-20261006T040656Z/analysis/v3-oracle-32k-attempt1-system.json'
add 'campaigns/q4-live-oracle-20261006T040656Z/analysis/v3-oracle-32k-attempt2-event-diagnostics.json'
add 'campaigns/q4-live-oracle-20261006T040656Z/analysis/v3-oracle-32k-attempt2-oracle.json'
add 'campaigns/q4-live-oracle-20261006T040656Z/analysis/v3-oracle-32k-attempt2-progression.json'
add 'campaigns/q4-live-oracle-20261006T040656Z/analysis/v3-oracle-32k-attempt2-system.json'
add 'campaigns/q4-live-oracle-20261006T040656Z/analysis/v3-oracle-32k-attempt3-event-diagnostics.json'
add 'campaigns/q4-live-oracle-20261006T040656Z/analysis/v3-oracle-32k-attempt3-oracle.json'
add 'campaigns/q4-live-oracle-20261006T040656Z/analysis/v3-oracle-32k-attempt3-progression.json'
add 'campaigns/q4-live-oracle-20261006T040656Z/analysis/v3-oracle-32k-attempt3-system.json'
add 'campaigns/q4-live-oracle-20261006T040656Z/configs/capture-128k-v2.json'
add 'campaigns/q4-live-oracle-20261006T040656Z/configs/capture-128k-v3.json'
add 'campaigns/q4-live-oracle-20261006T040656Z/configs/capture-256k-v2.json'
add 'campaigns/q4-live-oracle-20261006T040656Z/configs/capture-256k-v3.json'
add 'campaigns/q4-live-oracle-20261006T040656Z/configs/capture-32k-v1.json'
add 'campaigns/q4-live-oracle-20261006T040656Z/configs/capture-32k-v2.json'
add 'campaigns/q4-live-oracle-20261006T040656Z/configs/capture-32k-v3.json'
add 'campaigns/q4-live-oracle-20261006T040656Z/configs/common-current-32k-attempt1.json'
add 'campaigns/q4-live-oracle-20261006T040656Z/configs/control-128k.json'
add 'campaigns/q4-live-oracle-20261006T040656Z/configs/control-256k.json'
add 'campaigns/q4-live-oracle-20261006T040656Z/configs/control-32k.json'
add 'campaigns/q4-live-oracle-20261006T040656Z/configs/dev-natural-v1.json'
add 'campaigns/q4-live-oracle-20261006T040656Z/configs/dev-record-v1.json'
add 'campaigns/q4-live-oracle-20261006T040656Z/configs/dev-replay-pathfix-v1.json'
add 'campaigns/q4-live-oracle-20261006T040656Z/configs/dev-replay-v1.json'
add 'campaigns/q4-live-oracle-20261006T040656Z/configs/development-capture-v3.json'
add 'campaigns/q4-live-oracle-20261006T040656Z/configs/fidelity-32k-v1.json'
add 'campaigns/q4-live-oracle-20261006T040656Z/configs/independent-code4-capture-v3.json'
add 'campaigns/q4-live-oracle-20261006T040656Z/configs/independent-code4-v3-current-attempt1.json'
add 'campaigns/q4-live-oracle-20261006T040656Z/configs/independent-code4-v3-current-attempt2.json'
add 'campaigns/q4-live-oracle-20261006T040656Z/configs/independent-code4-v3-current-attempt3.json'
add 'campaigns/q4-live-oracle-20261006T040656Z/configs/independent-code4-v3-oracle-attempt1.json'
add 'campaigns/q4-live-oracle-20261006T040656Z/configs/independent-code4-v3-oracle-attempt2.json'
add 'campaigns/q4-live-oracle-20261006T040656Z/configs/independent-code4-v3-oracle-attempt3.json'
add 'campaigns/q4-live-oracle-20261006T040656Z/configs/interpretation.json'
add 'campaigns/q4-live-oracle-20261006T040656Z/configs/original-natural-development-v3.json'
add 'campaigns/q4-live-oracle-20261006T040656Z/configs/overhead-v3-natural-attempt1.json'
add 'campaigns/q4-live-oracle-20261006T040656Z/configs/overhead-v3-natural-attempt2.json'
add 'campaigns/q4-live-oracle-20261006T040656Z/configs/overhead-v3-natural-attempt3.json'
add 'campaigns/q4-live-oracle-20261006T040656Z/configs/overhead-v3-replay-attempt1.json'
add 'campaigns/q4-live-oracle-20261006T040656Z/configs/overhead-v3-replay-attempt2.json'
add 'campaigns/q4-live-oracle-20261006T040656Z/configs/overhead-v3-replay-attempt3.json'
add 'campaigns/q4-live-oracle-20261006T040656Z/configs/pilot-oracle-deadline-32k-attempt1.json'
add 'campaigns/q4-live-oracle-20261006T040656Z/configs/short64-v3-32k-attempt1.json'
add 'campaigns/q4-live-oracle-20261006T040656Z/configs/v2-current-32k-attempt1.json'
add 'campaigns/q4-live-oracle-20261006T040656Z/configs/v2-oracle-32k-attempt1.json'
add 'campaigns/q4-live-oracle-20261006T040656Z/configs/v3-current-128k-attempt1.json'
add 'campaigns/q4-live-oracle-20261006T040656Z/configs/v3-current-128k-attempt2.json'
add 'campaigns/q4-live-oracle-20261006T040656Z/configs/v3-current-128k-attempt3.json'
add 'campaigns/q4-live-oracle-20261006T040656Z/configs/v3-current-256k-attempt1.json'
add 'campaigns/q4-live-oracle-20261006T040656Z/configs/v3-current-256k-attempt2.json'
add 'campaigns/q4-live-oracle-20261006T040656Z/configs/v3-current-256k-attempt3.json'
add 'campaigns/q4-live-oracle-20261006T040656Z/configs/v3-current-32k-attempt1.json'
add 'campaigns/q4-live-oracle-20261006T040656Z/configs/v3-current-32k-attempt2.json'
add 'campaigns/q4-live-oracle-20261006T040656Z/configs/v3-current-32k-attempt3.json'
add 'campaigns/q4-live-oracle-20261006T040656Z/configs/v3-oracle-128k-attempt1.json'
add 'campaigns/q4-live-oracle-20261006T040656Z/configs/v3-oracle-128k-attempt2.json'
add 'campaigns/q4-live-oracle-20261006T040656Z/configs/v3-oracle-128k-attempt3.json'
add 'campaigns/q4-live-oracle-20261006T040656Z/configs/v3-oracle-256k-attempt1.json'
add 'campaigns/q4-live-oracle-20261006T040656Z/configs/v3-oracle-256k-attempt2.json'
add 'campaigns/q4-live-oracle-20261006T040656Z/configs/v3-oracle-256k-attempt3.json'
add 'campaigns/q4-live-oracle-20261006T040656Z/configs/v3-oracle-32k-attempt1.json'
add 'campaigns/q4-live-oracle-20261006T040656Z/configs/v3-oracle-32k-attempt2.json'
add 'campaigns/q4-live-oracle-20261006T040656Z/configs/v3-oracle-32k-attempt3.json'
add 'campaigns/q4-live-oracle-20261006T040656Z/deadline.json'
add 'campaigns/q4-live-oracle-20261006T040656Z/git/environment-v2-before-matrix.json'
add 'campaigns/q4-live-oracle-20261006T040656Z/git/initial-root-status.txt'
add 'campaigns/q4-live-oracle-20261006T040656Z/git/model-current-stat-check.json'
add 'campaigns/q4-live-oracle-20261006T040656Z/git/model-full-aux-verified.json'
add 'campaigns/q4-live-oracle-20261006T040656Z/git/oracle-v1-identity.json'
add 'campaigns/q4-live-oracle-20261006T040656Z/git/oracle-v2-identity.json'
add 'campaigns/q4-live-oracle-20261006T040656Z/git/oracle-v3-identity.json'
add 'campaigns/q4-live-oracle-20261006T040656Z/git/prior-active-campaign.json'
add 'campaigns/q4-live-oracle-20261006T040656Z/git/prior-campaign-handoff-stat.json'
add 'campaigns/q4-live-oracle-20261006T040656Z/git/prior-root-STATUS.json'
add 'campaigns/q4-live-oracle-20261006T040656Z/git/prior-root-launch-index.json'
add 'campaigns/q4-live-oracle-20261006T040656Z/git/prior-root-summary.json'
add 'campaigns/q4-live-oracle-20261006T040656Z/git/reference-environment.json'
add 'campaigns/q4-live-oracle-20261006T040656Z/git/reference-model.json'
add 'campaigns/q4-live-oracle-20261006T040656Z/git/replay-v1-identity.json'
add 'campaigns/q4-live-oracle-20261006T040656Z/inputs/development-4k-256.json'
add 'campaigns/q4-live-oracle-20261006T040656Z/inputs/manifest.json'
add 'campaigns/q4-live-oracle-20261006T040656Z/launchers/control/README.md'
add 'campaigns/q4-live-oracle-20261006T040656Z/launchers/control/start-128k.sh'
add 'campaigns/q4-live-oracle-20261006T040656Z/launchers/control/start-256k.sh'
add 'campaigns/q4-live-oracle-20261006T040656Z/launchers/control/start-32k.sh'
add 'campaigns/q4-live-oracle-20261006T040656Z/launchers/control/stop.sh'
add 'campaigns/q4-live-oracle-20261006T040656Z/launchers/experimental/README.md'
add 'campaigns/q4-live-oracle-20261006T040656Z/launchers/experimental/capture-128k.sh'
add 'campaigns/q4-live-oracle-20261006T040656Z/launchers/experimental/capture-256k.sh'
add 'campaigns/q4-live-oracle-20261006T040656Z/launchers/experimental/capture-32k.sh'
add 'campaigns/q4-live-oracle-20261006T040656Z/launchers/experimental/replay-current-128k.sh'
add 'campaigns/q4-live-oracle-20261006T040656Z/launchers/experimental/replay-current-256k.sh'
add 'campaigns/q4-live-oracle-20261006T040656Z/launchers/experimental/replay-current-32k.sh'
add 'campaigns/q4-live-oracle-20261006T040656Z/launchers/experimental/replay-full-128k.sh'
add 'campaigns/q4-live-oracle-20261006T040656Z/launchers/experimental/replay-full-256k.sh'
add 'campaigns/q4-live-oracle-20261006T040656Z/launchers/experimental/replay-full-32k.sh'
add 'campaigns/q4-live-oracle-20261006T040656Z/launchers/experimental/replay-short-128k.sh'
add 'campaigns/q4-live-oracle-20261006T040656Z/launchers/experimental/replay-short-256k.sh'
add 'campaigns/q4-live-oracle-20261006T040656Z/launchers/experimental/replay-short-32k.sh'
add 'campaigns/q4-live-oracle-20261006T040656Z/launchers/experimental/validate-tape.sh'
add 'campaigns/q4-live-oracle-20261006T040656Z/ledger.jsonl'
add 'campaigns/q4-live-oracle-20261006T040656Z/owned-process.json'
add 'campaigns/q4-live-oracle-20261006T040656Z/patches/oracle-v1-1cb3c748f9cb2ef9e2f7997f9b4aa13b4e59b502.diff'
add 'campaigns/q4-live-oracle-20261006T040656Z/patches/oracle-v2-3760e8e4ac46347f2bdec2d20b794b8a96ace980.diff'
add 'campaigns/q4-live-oracle-20261006T040656Z/patches/oracle-v3-117bc89b3bacbf263379c336557e6c8aa07aff5e.diff'
add 'campaigns/q4-live-oracle-20261006T040656Z/patches/replay-v1-4bcf69c663cf12e71814a3c53013f4ff6f06316a.diff'
add 'campaigns/q4-live-oracle-20261006T040656Z/phase-a/KV-service-fidelity.md'
add 'campaigns/q4-live-oracle-20261006T040656Z/phase-a/capture-128k-v2-fidelity.json'
add 'campaigns/q4-live-oracle-20261006T040656Z/phase-a/capture-128k-v3-fidelity.json'
add 'campaigns/q4-live-oracle-20261006T040656Z/phase-a/capture-256k-v2-fidelity.json'
add 'campaigns/q4-live-oracle-20261006T040656Z/phase-a/capture-256k-v3-fidelity.json'
add 'campaigns/q4-live-oracle-20261006T040656Z/phase-a/capture-32k-tape.json'
add 'campaigns/q4-live-oracle-20261006T040656Z/phase-a/capture-32k-v1-fidelity.json'
add 'campaigns/q4-live-oracle-20261006T040656Z/phase-a/capture-32k-v2-fidelity.json'
add 'campaigns/q4-live-oracle-20261006T040656Z/phase-a/capture-32k-v2-validation-cli.json'
add 'campaigns/q4-live-oracle-20261006T040656Z/phase-a/capture-32k-v3-fidelity.json'
add 'campaigns/q4-live-oracle-20261006T040656Z/phase-a/capture-32k-v3-validation-cli.json'
add 'campaigns/q4-live-oracle-20261006T040656Z/phase-a/capture32-v3-plan.completed.json'
add 'campaigns/q4-live-oracle-20261006T040656Z/phase-a/capture32-v3-plan.json'
add 'campaigns/q4-live-oracle-20261006T040656Z/phase-a/common-current-32k-attempt1-fidelity.json'
add 'campaigns/q4-live-oracle-20261006T040656Z/phase-a/contract-v1.md'
add 'campaigns/q4-live-oracle-20261006T040656Z/phase-a/dev-record-v1-fidelity.json'
add 'campaigns/q4-live-oracle-20261006T040656Z/phase-a/dev-replay-pathfix-v1-fidelity.json'
add 'campaigns/q4-live-oracle-20261006T040656Z/phase-a/development-capture-v3-fidelity.json'
add 'campaigns/q4-live-oracle-20261006T040656Z/phase-a/development-overhead-v1.json'
add 'campaigns/q4-live-oracle-20261006T040656Z/phase-a/fidelity-32k-v1-fidelity.json'
add 'campaigns/q4-live-oracle-20261006T040656Z/phase-a/independent-code4-capture-v3-fidelity.json'
add 'campaigns/q4-live-oracle-20261006T040656Z/phase-a/independent-code4-v3-current-attempt1-fidelity.json'
add 'campaigns/q4-live-oracle-20261006T040656Z/phase-a/independent-code4-v3-current-attempt2-fidelity.json'
add 'campaigns/q4-live-oracle-20261006T040656Z/phase-a/independent-code4-v3-current-attempt3-fidelity.json'
add 'campaigns/q4-live-oracle-20261006T040656Z/phase-a/independent-code4-v3-oracle-attempt1-fidelity.json'
add 'campaigns/q4-live-oracle-20261006T040656Z/phase-a/independent-code4-v3-oracle-attempt2-fidelity.json'
add 'campaigns/q4-live-oracle-20261006T040656Z/phase-a/independent-code4-v3-oracle-attempt3-fidelity.json'
add 'campaigns/q4-live-oracle-20261006T040656Z/phase-a/initial-state-v3-contract.md'
add 'campaigns/q4-live-oracle-20261006T040656Z/phase-a/long-captures-v3-plan.completed.json'
add 'campaigns/q4-live-oracle-20261006T040656Z/phase-a/long-captures-v3-plan.json'
add 'campaigns/q4-live-oracle-20261006T040656Z/phase-a/overhead-v3-plan.completed.json'
add 'campaigns/q4-live-oracle-20261006T040656Z/phase-a/overhead-v3-plan.json'
add 'campaigns/q4-live-oracle-20261006T040656Z/phase-a/overhead-v3-replay-attempt1-fidelity.json'
add 'campaigns/q4-live-oracle-20261006T040656Z/phase-a/overhead-v3-replay-attempt2-fidelity.json'
add 'campaigns/q4-live-oracle-20261006T040656Z/phase-a/overhead-v3-replay-attempt3-fidelity.json'
add 'campaigns/q4-live-oracle-20261006T040656Z/phase-a/overhead-v3-summary.json'
add 'campaigns/q4-live-oracle-20261006T040656Z/phase-a/pilot-oracle-deadline-32k-attempt1-fidelity.json'
add 'campaigns/q4-live-oracle-20261006T040656Z/phase-a/remaining-captures-v2-plan.completed.json'
add 'campaigns/q4-live-oracle-20261006T040656Z/phase-a/remaining-captures-v2-plan.json'
add 'campaigns/q4-live-oracle-20261006T040656Z/phase-a/report-v1-v2-pilots.md'
add 'campaigns/q4-live-oracle-20261006T040656Z/phase-a/report.md'
add 'campaigns/q4-live-oracle-20261006T040656Z/phase-a/schema-v2.md'
add 'campaigns/q4-live-oracle-20261006T040656Z/phase-a/short64-v3-32k-attempt1-fidelity.json'
add 'campaigns/q4-live-oracle-20261006T040656Z/phase-a/v2-current-32k-attempt1-fidelity.json'
add 'campaigns/q4-live-oracle-20261006T040656Z/phase-a/v2-oracle-32k-attempt1-fidelity.json'
add 'campaigns/q4-live-oracle-20261006T040656Z/phase-a/v3-current-128k-attempt1-fidelity.json'
add 'campaigns/q4-live-oracle-20261006T040656Z/phase-a/v3-current-128k-attempt2-fidelity.json'
add 'campaigns/q4-live-oracle-20261006T040656Z/phase-a/v3-current-128k-attempt3-fidelity.json'
add 'campaigns/q4-live-oracle-20261006T040656Z/phase-a/v3-current-256k-attempt1-fidelity.json'
add 'campaigns/q4-live-oracle-20261006T040656Z/phase-a/v3-current-256k-attempt2-fidelity.json'
add 'campaigns/q4-live-oracle-20261006T040656Z/phase-a/v3-current-256k-attempt3-fidelity.json'
add 'campaigns/q4-live-oracle-20261006T040656Z/phase-a/v3-current-32k-attempt1-fidelity.json'
add 'campaigns/q4-live-oracle-20261006T040656Z/phase-a/v3-current-32k-attempt2-fidelity.json'
add 'campaigns/q4-live-oracle-20261006T040656Z/phase-a/v3-current-32k-attempt3-fidelity.json'
add 'campaigns/q4-live-oracle-20261006T040656Z/phase-a/v3-oracle-128k-attempt1-fidelity.json'
add 'campaigns/q4-live-oracle-20261006T040656Z/phase-a/v3-oracle-128k-attempt2-fidelity.json'
add 'campaigns/q4-live-oracle-20261006T040656Z/phase-a/v3-oracle-128k-attempt3-fidelity.json'
add 'campaigns/q4-live-oracle-20261006T040656Z/phase-a/v3-oracle-256k-attempt1-fidelity.json'
add 'campaigns/q4-live-oracle-20261006T040656Z/phase-a/v3-oracle-256k-attempt2-fidelity.json'
add 'campaigns/q4-live-oracle-20261006T040656Z/phase-a/v3-oracle-256k-attempt3-fidelity.json'
add 'campaigns/q4-live-oracle-20261006T040656Z/phase-a/v3-oracle-32k-attempt1-fidelity.json'
add 'campaigns/q4-live-oracle-20261006T040656Z/phase-a/v3-oracle-32k-attempt2-fidelity.json'
add 'campaigns/q4-live-oracle-20261006T040656Z/phase-a/v3-oracle-32k-attempt3-fidelity.json'
add 'campaigns/q4-live-oracle-20261006T040656Z/phase-b/capacity-only-optimistic.json'
add 'campaigns/q4-live-oracle-20261006T040656Z/phase-b/capacity-only-optimistic.pid.json'
add 'campaigns/q4-live-oracle-20261006T040656Z/phase-b/capacity-only-optimistic.stderr'
add 'campaigns/q4-live-oracle-20261006T040656Z/phase-b/capacity-only-optimistic.stdout'
add 'campaigns/q4-live-oracle-20261006T040656Z/phase-b/current-capacity-accounting.json'
add 'campaigns/q4-live-oracle-20261006T040656Z/phase-b/current-capacity-accounting.pid.json'
add 'campaigns/q4-live-oracle-20261006T040656Z/phase-b/current-capacity-accounting.stderr'
add 'campaigns/q4-live-oracle-20261006T040656Z/phase-b/current-capacity-accounting.stdout'
add 'campaigns/q4-live-oracle-20261006T040656Z/phase-b/current-offset25-v2.json'
add 'campaigns/q4-live-oracle-20261006T040656Z/phase-b/current-offset25-v2.stderr'
add 'campaigns/q4-live-oracle-20261006T040656Z/phase-b/full-deadline-modeled.json'
add 'campaigns/q4-live-oracle-20261006T040656Z/phase-b/full-deadline-modeled.pid.json'
add 'campaigns/q4-live-oracle-20261006T040656Z/phase-b/full-deadline-modeled.stderr'
add 'campaigns/q4-live-oracle-20261006T040656Z/phase-b/full-deadline-modeled.stdout'
add 'campaigns/q4-live-oracle-20261006T040656Z/phase-b/full-reuse-modeled.json'
add 'campaigns/q4-live-oracle-20261006T040656Z/phase-b/full-reuse-modeled.pid.json'
add 'campaigns/q4-live-oracle-20261006T040656Z/phase-b/full-reuse-modeled.stderr'
add 'campaigns/q4-live-oracle-20261006T040656Z/phase-b/full-reuse-modeled.stdout'
add 'campaigns/q4-live-oracle-20261006T040656Z/phase-b/horizon-1-modeled.json'
add 'campaigns/q4-live-oracle-20261006T040656Z/phase-b/horizon-1-modeled.pid.json'
add 'campaigns/q4-live-oracle-20261006T040656Z/phase-b/horizon-1-modeled.stderr'
add 'campaigns/q4-live-oracle-20261006T040656Z/phase-b/horizon-1-modeled.stdout'
add 'campaigns/q4-live-oracle-20261006T040656Z/phase-b/horizon-16-modeled.json'
add 'campaigns/q4-live-oracle-20261006T040656Z/phase-b/horizon-16-modeled.pid.json'
add 'campaigns/q4-live-oracle-20261006T040656Z/phase-b/horizon-16-modeled.stderr'
add 'campaigns/q4-live-oracle-20261006T040656Z/phase-b/horizon-16-modeled.stdout'
add 'campaigns/q4-live-oracle-20261006T040656Z/phase-b/horizon-4-modeled.json'
add 'campaigns/q4-live-oracle-20261006T040656Z/phase-b/horizon-4-modeled.pid.json'
add 'campaigns/q4-live-oracle-20261006T040656Z/phase-b/horizon-4-modeled.stderr'
add 'campaigns/q4-live-oracle-20261006T040656Z/phase-b/horizon-4-modeled.stdout'
add 'campaigns/q4-live-oracle-20261006T040656Z/phase-b/horizon-64-modeled.json'
add 'campaigns/q4-live-oracle-20261006T040656Z/phase-b/horizon-64-modeled.pid.json'
add 'campaigns/q4-live-oracle-20261006T040656Z/phase-b/horizon-64-modeled.stderr'
add 'campaigns/q4-live-oracle-20261006T040656Z/phase-b/horizon-64-modeled.stdout'
add 'campaigns/q4-live-oracle-20261006T040656Z/phase-b/horizon-definition.json'
add 'campaigns/q4-live-oracle-20261006T040656Z/phase-b/report-pilot-v1-v2.md'
add 'campaigns/q4-live-oracle-20261006T040656Z/phase-b/report.md'
add 'campaigns/q4-live-oracle-20261006T040656Z/phase-b/strict-horizon-1.json'
add 'campaigns/q4-live-oracle-20261006T040656Z/phase-b/strict-horizon-1.stderr'
add 'campaigns/q4-live-oracle-20261006T040656Z/phase-b/strict-horizon-1.stdout'
add 'campaigns/q4-live-oracle-20261006T040656Z/phase-b/strict-horizon-16.json'
add 'campaigns/q4-live-oracle-20261006T040656Z/phase-b/strict-horizon-16.stderr'
add 'campaigns/q4-live-oracle-20261006T040656Z/phase-b/strict-horizon-16.stdout'
add 'campaigns/q4-live-oracle-20261006T040656Z/phase-b/strict-horizon-4.json'
add 'campaigns/q4-live-oracle-20261006T040656Z/phase-b/strict-horizon-4.stderr'
add 'campaigns/q4-live-oracle-20261006T040656Z/phase-b/strict-horizon-4.stdout'
add 'campaigns/q4-live-oracle-20261006T040656Z/phase-b/strict-horizon-64.json'
add 'campaigns/q4-live-oracle-20261006T040656Z/phase-b/strict-horizon-64.stderr'
add 'campaigns/q4-live-oracle-20261006T040656Z/phase-b/strict-horizon-64.stdout'
add 'campaigns/q4-live-oracle-20261006T040656Z/phase-b/strict-horizon-build.json'
add 'campaigns/q4-live-oracle-20261006T040656Z/phase-b/strict-horizon-build.stderr'
add 'campaigns/q4-live-oracle-20261006T040656Z/phase-b/strict-horizon-build.stdout'
add 'campaigns/q4-live-oracle-20261006T040656Z/phase-b/strict-horizon-repair.md'
add 'campaigns/q4-live-oracle-20261006T040656Z/phase-b/strict-offline-provenance.json'
add 'campaigns/q4-live-oracle-20261006T040656Z/phase-c/32k-v2-pair1.completed.json'
add 'campaigns/q4-live-oracle-20261006T040656Z/phase-c/32k-v2-pair1.json'
add 'campaigns/q4-live-oracle-20261006T040656Z/phase-c/additional-tests-plan.json'
add 'campaigns/q4-live-oracle-20261006T040656Z/phase-c/final-matrix-v2-plan.json'
add 'campaigns/q4-live-oracle-20261006T040656Z/phase-c/final-matrix-v3-plan.json'
add 'campaigns/q4-live-oracle-20261006T040656Z/phase-c/final-remaining16-v2-plan.json'
add 'campaigns/q4-live-oracle-20261006T040656Z/phase-c/first-pair-v3.completed.json'
add 'campaigns/q4-live-oracle-20261006T040656Z/phase-c/first-pair-v3.json'
add 'campaigns/q4-live-oracle-20261006T040656Z/phase-c/independent-plan.json'
add 'campaigns/q4-live-oracle-20261006T040656Z/phase-c/independent-v3-checked-plan.completed.json'
add 'campaigns/q4-live-oracle-20261006T040656Z/phase-c/independent-v3-checked-plan.json'
add 'campaigns/q4-live-oracle-20261006T040656Z/phase-c/independent-v3-plan.json'
add 'campaigns/q4-live-oracle-20261006T040656Z/phase-c/independent-v3-summary.json'
add 'campaigns/q4-live-oracle-20261006T040656Z/phase-c/matrix-plan.json'
add 'campaigns/q4-live-oracle-20261006T040656Z/phase-c/remaining16-v3.completed.json'
add 'campaigns/q4-live-oracle-20261006T040656Z/phase-c/remaining16-v3.json'
add 'campaigns/q4-live-oracle-20261006T040656Z/phase-c/report.md'
add 'campaigns/q4-live-oracle-20261006T040656Z/phase-c/short64-v3-plan.completed.json'
add 'campaigns/q4-live-oracle-20261006T040656Z/phase-c/short64-v3-plan.json'
add 'campaigns/q4-live-oracle-20261006T040656Z/phase-c/short64-v3-summary.json'
add 'campaigns/q4-live-oracle-20261006T040656Z/plans/README.md'
add 'campaigns/q4-live-oracle-20261006T040656Z/report.md'
add 'campaigns/q4-live-oracle-20261006T040656Z/requirements-plotting.txt'
add 'campaigns/q4-live-oracle-20261006T040656Z/scripts/aggregate.py'
add 'campaigns/q4-live-oracle-20261006T040656Z/scripts/bounded_batch.py'
add 'campaigns/q4-live-oracle-20261006T040656Z/scripts/build.py'
add 'campaigns/q4-live-oracle-20261006T040656Z/scripts/build_existing.py'
add 'campaigns/q4-live-oracle-20261006T040656Z/scripts/build_fnv.sh'
add 'campaigns/q4-live-oracle-20261006T040656Z/scripts/cleanup.py'
add 'campaigns/q4-live-oracle-20261006T040656Z/scripts/event_diagnostics.py'
add 'campaigns/q4-live-oracle-20261006T040656Z/scripts/extra_summary.py'
add 'campaigns/q4-live-oracle-20261006T040656Z/scripts/fidelity.py'
add 'campaigns/q4-live-oracle-20261006T040656Z/scripts/final_audit.py'
add 'campaigns/q4-live-oracle-20261006T040656Z/scripts/finalize_phase_reports.py'
add 'campaigns/q4-live-oracle-20261006T040656Z/scripts/fnv64.cpp'
add 'campaigns/q4-live-oracle-20261006T040656Z/scripts/freeze_launchers.py'
add 'campaigns/q4-live-oracle-20261006T040656Z/scripts/inspect_oracle.py'
add 'campaigns/q4-live-oracle-20261006T040656Z/scripts/inventory.py'
add 'campaigns/q4-live-oracle-20261006T040656Z/scripts/lab.py'
add 'campaigns/q4-live-oracle-20261006T040656Z/scripts/laboratory_handoff.py'
add 'campaigns/q4-live-oracle-20261006T040656Z/scripts/launcher_audit.py'
add 'campaigns/q4-live-oracle-20261006T040656Z/scripts/normal_control.py'
add 'campaigns/q4-live-oracle-20261006T040656Z/scripts/offline.cpp'
add 'campaigns/q4-live-oracle-20261006T040656Z/scripts/oracle-design-v1.md'
add 'campaigns/q4-live-oracle-20261006T040656Z/scripts/oracle_header.txt'
add 'campaigns/q4-live-oracle-20261006T040656Z/scripts/patch_attention_v2.py'
add 'campaigns/q4-live-oracle-20261006T040656Z/scripts/patch_oracle.py'
add 'campaigns/q4-live-oracle-20261006T040656Z/scripts/patch_replay.py'
add 'campaigns/q4-live-oracle-20261006T040656Z/scripts/patch_state_v3.py'
add 'campaigns/q4-live-oracle-20261006T040656Z/scripts/persistent_lifetimes.py'
add 'campaigns/q4-live-oracle-20261006T040656Z/scripts/plots.py'
add 'campaigns/q4-live-oracle-20261006T040656Z/scripts/progression.py'
add 'campaigns/q4-live-oracle-20261006T040656Z/scripts/q4_multigpu.py'
add 'campaigns/q4-live-oracle-20261006T040656Z/scripts/record_schema_manifest.py'
add 'campaigns/q4-live-oracle-20261006T040656Z/scripts/record_ui_metrics.py'
add 'campaigns/q4-live-oracle-20261006T040656Z/scripts/refresh_audits.py'
add 'campaigns/q4-live-oracle-20261006T040656Z/scripts/render_report.py'
add 'campaigns/q4-live-oracle-20261006T040656Z/scripts/reproduce.py'
add 'campaigns/q4-live-oracle-20261006T040656Z/scripts/residual_misses.py'
add 'campaigns/q4-live-oracle-20261006T040656Z/scripts/run_offline.py'
add 'campaigns/q4-live-oracle-20261006T040656Z/scripts/runner.py'
add 'campaigns/q4-live-oracle-20261006T040656Z/scripts/runner_oracle_patch.py'
add 'campaigns/q4-live-oracle-20261006T040656Z/scripts/serve_capture.py'
add 'campaigns/q4-live-oracle-20261006T040656Z/scripts/snapshot_environment.py'
add 'campaigns/q4-live-oracle-20261006T040656Z/scripts/state_header.txt'
add 'campaigns/q4-live-oracle-20261006T040656Z/scripts/strict_offline.py'
add 'campaigns/q4-live-oracle-20261006T040656Z/scripts/system_metrics.py'
add 'campaigns/q4-live-oracle-20261006T040656Z/scripts/tape.py'
add 'campaigns/q4-live-oracle-20261006T040656Z/scripts/templates-oracle-note.txt'
add 'campaigns/q4-live-oracle-20261006T040656Z/scripts/test_attention.py'
add 'campaigns/q4-live-oracle-20261006T040656Z/scripts/test_oracle_fixture.py'
add 'campaigns/q4-live-oracle-20261006T040656Z/scripts/test_state.py'
add 'campaigns/q4-live-oracle-20261006T040656Z/scripts/upgrade_reader_v2.py'
add 'campaigns/q4-live-oracle-20261006T040656Z/scripts/verify_model.py'
add 'campaigns/q4-live-oracle-20261006T040656Z/summary.csv'
add 'campaigns/q4-live-oracle-20261006T040656Z/summary.json'
add 'campaigns/q4-live-oracle-20261006T040656Z/tapes/capture-128k-v2-manifest.json'
add 'campaigns/q4-live-oracle-20261006T040656Z/tapes/capture-256k-v2-manifest.json'
add 'campaigns/q4-live-oracle-20261006T040656Z/tapes/capture-32k-v1-manifest.json'
add 'campaigns/q4-live-oracle-20261006T040656Z/tapes/capture-32k-v2-manifest.json'
add 'campaigns/q4-live-oracle-20261006T040656Z/tapes/dev-record-v1-manifest.json'
add 'campaigns/q4-live-oracle-20261006T040656Z/tapes/schema.json'
add 'campaigns/q4-live-oracle-20261006T040656Z/tests/attention-v2/compile.json'
add 'campaigns/q4-live-oracle-20261006T040656Z/tests/attention-v2/result.json'
add 'campaigns/q4-live-oracle-20261006T040656Z/tests/attention_fixture.cpp'
add 'campaigns/q4-live-oracle-20261006T040656Z/tests/capture-32k-fidelity.json'
add 'campaigns/q4-live-oracle-20261006T040656Z/tests/capture-32k-v2-fidelity.json'
add 'campaigns/q4-live-oracle-20261006T040656Z/tests/common-current-32k-attempt1-fidelity.json'
add 'campaigns/q4-live-oracle-20261006T040656Z/tests/dev-record-fidelity.json'
add 'campaigns/q4-live-oracle-20261006T040656Z/tests/dev-replay-fidelity.json'
add 'campaigns/q4-live-oracle-20261006T040656Z/tests/full-replay-fidelity.json'
add 'campaigns/q4-live-oracle-20261006T040656Z/tests/launcher-checks/capture-128k-128k.log'
add 'campaigns/q4-live-oracle-20261006T040656Z/tests/launcher-checks/capture-256k-256k.log'
add 'campaigns/q4-live-oracle-20261006T040656Z/tests/launcher-checks/capture-32k-32k.log'
add 'campaigns/q4-live-oracle-20261006T040656Z/tests/launcher-checks/replay-current-128k-128k.log'
add 'campaigns/q4-live-oracle-20261006T040656Z/tests/launcher-checks/replay-current-256k-256k.log'
add 'campaigns/q4-live-oracle-20261006T040656Z/tests/launcher-checks/replay-current-32k-32k.log'
add 'campaigns/q4-live-oracle-20261006T040656Z/tests/launcher-checks/replay-full-128k-128k.log'
add 'campaigns/q4-live-oracle-20261006T040656Z/tests/launcher-checks/replay-full-256k-256k.log'
add 'campaigns/q4-live-oracle-20261006T040656Z/tests/launcher-checks/replay-full-32k-32k.log'
add 'campaigns/q4-live-oracle-20261006T040656Z/tests/launcher-checks/replay-short-128k-128k.log'
add 'campaigns/q4-live-oracle-20261006T040656Z/tests/launcher-checks/replay-short-256k-256k.log'
add 'campaigns/q4-live-oracle-20261006T040656Z/tests/launcher-checks/replay-short-32k-32k.log'
add 'campaigns/q4-live-oracle-20261006T040656Z/tests/launcher-checks/start-128k-128k.log'
add 'campaigns/q4-live-oracle-20261006T040656Z/tests/launcher-checks/start-256k-256k.log'
add 'campaigns/q4-live-oracle-20261006T040656Z/tests/launcher-checks/start-32k-32k.log'
add 'campaigns/q4-live-oracle-20261006T040656Z/tests/launcher-checks/summary.json'
add 'campaigns/q4-live-oracle-20261006T040656Z/tests/launcher-checks/validate-tape-128k.log'
add 'campaigns/q4-live-oracle-20261006T040656Z/tests/launcher-checks/validate-tape-256k.log'
add 'campaigns/q4-live-oracle-20261006T040656Z/tests/launcher-checks/validate-tape-32k.log'
add 'campaigns/q4-live-oracle-20261006T040656Z/tests/launcher-control-128k-check.log'
add 'campaigns/q4-live-oracle-20261006T040656Z/tests/launcher-control-256k-check.log'
add 'campaigns/q4-live-oracle-20261006T040656Z/tests/launcher-control-32k-check.log'
add 'campaigns/q4-live-oracle-20261006T040656Z/tests/native-suite-summary.json'
add 'campaigns/q4-live-oracle-20261006T040656Z/tests/native-suite.log'
add 'campaigns/q4-live-oracle-20261006T040656Z/tests/oracle-fixture/compile.json'
add 'campaigns/q4-live-oracle-20261006T040656Z/tests/oracle-fixture/output.log'
add 'campaigns/q4-live-oracle-20261006T040656Z/tests/oracle-fixture/owned-process.json'
add 'campaigns/q4-live-oracle-20261006T040656Z/tests/oracle-fixture/result.json'
add 'campaigns/q4-live-oracle-20261006T040656Z/tests/oracle-v2-targeted-native.log'
add 'campaigns/q4-live-oracle-20261006T040656Z/tests/oracle-v3-real-q4-parity.log'
add 'campaigns/q4-live-oracle-20261006T040656Z/tests/oracle_fixture.cpp'
add 'campaigns/q4-live-oracle-20261006T040656Z/tests/pilot-oracle-deadline-32k-fidelity.json'
add 'campaigns/q4-live-oracle-20261006T040656Z/tests/state_fixture.cpp'
add 'campaigns/q4-live-oracle-20261006T040656Z/tests/tape-test-v2.log'
add 'campaigns/q4-live-oracle-20261006T040656Z/tests/tape-test.log'
add 'campaigns/q4-live-oracle-20261006T040656Z/tests/test_tape.py'
add 'campaigns/q4-live-oracle-20261006T040656Z/tests/v3-state-fixture-v2/commands.json'
add 'campaigns/q4-live-oracle-20261006T040656Z/tests/v3-state-fixture-v2/compile.log'
add 'campaigns/q4-live-oracle-20261006T040656Z/tests/v3-state-fixture-v2/run.log'
add 'campaigns/q4-live-oracle-20261006T040656Z/tests/v3-state-fixture/commands.json'
add 'campaigns/q4-live-oracle-20261006T040656Z/tests/v3-state-fixture/compile.log'
add 'campaigns/q4-live-oracle-20261006T040656Z/tests/v3-state-fixture/state_fixture-compile-failure.cpp'
