BATCH_START independent-code4-capture-v3
BATCH_PROGRESS independent-code4-capture-v3 20          Please wait and don't close this window; the browser opens when it is ready.
BATCH_PROGRESS independent-code4-capture-v3 41 [strata] still starting (32 s) - please wait ...
BATCH_PROGRESS independent-code4-capture-v3 73 [strata] still starting (52 s) - please wait ...
BATCH_PROGRESS independent-code4-capture-v3 93 [strata] still starting (73 s) - please wait ...
BATCH_PROGRESS independent-code4-capture-v3 113        open http://127.0.0.1:18146/ in a browser to chat; close this window to stop the model
BATCH_PROGRESS independent-code4-capture-v3 133 [strata] answering: 869 of max 1024 tokens, 106.8 tok/s, 18 s
BATCH_EXIT {'label': 'independent-code4-capture-v3', 'exit_code': 0, 'wall_s': 139.12933622900164}
BATCH_START independent-code4-v3-current-attempt1
BATCH_PROGRESS independent-code4-v3-current-attempt1 20          Please wait and don't close this window; the browser opens when it is ready.
BATCH_PROGRESS independent-code4-v3-current-attempt1 40 [strata] still starting (33 s) - please wait ...
BATCH_PROGRESS independent-code4-v3-current-attempt1 60 [strata] still starting (53 s) - please wait ...
BATCH_PROGRESS independent-code4-v3-current-attempt1 80 [strata] done: 64 tokens in 7 s (96.7 tok/s) (length, cancel=False), expert cache 94.0% hit (+0.6% of the routed experts over PCIe)
BATCH_EXIT {'label': 'independent-code4-v3-current-attempt1', 'exit_code': 0, 'wall_s': 97.13270982599352}
BATCH_START independent-code4-v3-oracle-attempt1
BATCH_PROGRESS independent-code4-v3-oracle-attempt1 20          Please wait and don't close this window; the browser opens when it is ready.
BATCH_PROGRESS independent-code4-v3-oracle-attempt1 40 [strata] still starting (35 s) - please wait ...
BATCH_PROGRESS independent-code4-v3-oracle-attempt1 60 [strata] still starting (56 s) - please wait ...
BATCH_PROGRESS independent-code4-v3-oracle-attempt1 80 [strata] still starting (76 s) - please wait ...
BATCH_PROGRESS independent-code4-v3-oracle-attempt1 100 [strata] experts loaded: 71.73 GiB at 0.99 GiB/s (99 s so far)
BATCH_PROGRESS independent-code4-v3-oracle-attempt1 120 [strata] done: 64 tokens in 7 s (95.5 tok/s) (length, cancel=False), expert cache 94.0% hit (+0.6% of the routed experts over PCIe)
BATCH_EXIT {'label': 'independent-code4-v3-oracle-attempt1', 'exit_code': 0, 'wall_s': 138.49905255902559}
BATCH_START independent-code4-v3-oracle-attempt2
BATCH_PROGRESS independent-code4-v3-oracle-attempt2 20          Please wait and don't close this window; the browser opens when it is ready.
BATCH_PROGRESS independent-code4-v3-oracle-attempt2 40 [strata] still starting (35 s) - please wait ...
BATCH_PROGRESS independent-code4-v3-oracle-attempt2 60 [strata] still starting (56 s) - please wait ...
BATCH_PROGRESS independent-code4-v3-oracle-attempt2 80 [strata] done: 64 tokens in 7 s (100.5 tok/s) (length, cancel=False), expert cache 94.0% hit (+0.6% of the routed experts over PCIe)
BATCH_PROGRESS independent-code4-v3-oracle-attempt2 100 [strata] stopping (Ctrl+C again to end the engine at once) ...
BATCH_EXIT {'label': 'independent-code4-v3-oracle-attempt2', 'exit_code': 0, 'wall_s': 104.05644699296681}
BATCH_START independent-code4-v3-current-attempt2
BATCH_PROGRESS independent-code4-v3-current-attempt2 20          Please wait and don't close this window; the browser opens when it is ready.
BATCH_PROGRESS independent-code4-v3-current-attempt2 40 [strata] still starting (36 s) - please wait ...
BATCH_PROGRESS independent-code4-v3-current-attempt2 60 [strata] still starting (56 s) - please wait ...
BATCH_PROGRESS independent-code4-v3-current-attempt2 80 [strata] done: 64 tokens in 7 s (97.7 tok/s) (length, cancel=False), expert cache 94.0% hit (+0.6% of the routed experts over PCIe)
BATCH_EXIT {'label': 'independent-code4-v3-current-attempt2', 'exit_code': 0, 'wall_s': 97.29963747295551}
BATCH_START independent-code4-v3-current-attempt3
BATCH_PROGRESS independent-code4-v3-current-attempt3 20          Please wait and don't close this window; the browser opens when it is ready.
BATCH_PROGRESS independent-code4-v3-current-attempt3 49 [strata] still starting (48 s) - please wait ...
BATCH_PROGRESS independent-code4-v3-current-attempt3 69 [strata] still starting (48 s) - please wait ...
BATCH_PROGRESS independent-code4-v3-current-attempt3 89        open http://127.0.0.1:18146/ in a browser to chat; close this window to stop the model
BATCH_PROGRESS independent-code4-v3-current-attempt3 109 [strata] answering: 592 of max 1024 tokens, 97.4 tok/s, 16 s
BATCH_EXIT {'label': 'independent-code4-v3-current-attempt3', 'exit_code': 0, 'wall_s': 116.55745179101359}
BATCH_START independent-code4-v3-oracle-attempt3
BATCH_PROGRESS independent-code4-v3-oracle-attempt3 20          Please wait and don't close this window; the browser opens when it is ready.
BATCH_PROGRESS independent-code4-v3-oracle-attempt3 40 [strata] still starting (35 s) - please wait ...
BATCH_PROGRESS independent-code4-v3-oracle-attempt3 68 [strata] still starting (56 s) - please wait ...
BATCH_PROGRESS independent-code4-v3-oracle-attempt3 88 [strata] still starting (76 s) - please wait ...
BATCH_PROGRESS independent-code4-v3-oracle-attempt3 108 [strata] almost ready ...
BATCH_PROGRESS independent-code4-v3-oracle-attempt3 128 [strata] answering: 2 of max 1024 tokens, 65.8 tok/s, 10 s
BATCH_EXIT {'label': 'independent-code4-v3-oracle-attempt3', 'exit_code': 0, 'wall_s': 138.7829437229666}
BATCH_COMPLETE phase-c/independent-v3-checked-plan.json
