BATCH_START capture-128k-v3
BATCH_PROGRESS capture-128k-v3 20 STARTUP_PROGRESS 2063775 15.0
BATCH_PROGRESS capture-128k-v3 40 STARTUP_PROGRESS 2063775 30.0
BATCH_PROGRESS capture-128k-v3 60 STARTUP_PROGRESS 2063775 45.2
BATCH_PROGRESS capture-128k-v3 80 warmup VALID input 4096 output 64 PP 602.3 TG 84.4
BATCH_PROGRESS capture-128k-v3 100 warmup VALID input 4096 output 64 PP 602.3 TG 84.4
BATCH_PROGRESS capture-128k-v3 120 warmup VALID input 4096 output 64 PP 602.3 TG 84.4
BATCH_PROGRESS capture-128k-v3 140 warmup VALID input 4096 output 64 PP 602.3 TG 84.4
BATCH_PROGRESS capture-128k-v3 160 REQUEST_PROGRESS run 75.7
BATCH_PROGRESS capture-128k-v3 180 REQUEST_PROGRESS run 90.7
BATCH_PROGRESS capture-128k-v3 200 REQUEST_PROGRESS run 120.8
BATCH_EXIT {'label': 'capture-128k-v3', 'exit_code': 0, 'wall_s': 210.09321083599934}
BATCH_START capture-256k-v3
BATCH_PROGRESS capture-256k-v3 20 STARTUP_PROGRESS 2065596 15.0
BATCH_PROGRESS capture-256k-v3 40 STARTUP_PROGRESS 2065596 30.0
BATCH_PROGRESS capture-256k-v3 60 STARTUP_PROGRESS 2065596 45.0
BATCH_PROGRESS capture-256k-v3 80 warmup VALID input 4096 output 64 PP 600.9 TG 94.5
BATCH_PROGRESS capture-256k-v3 100 warmup VALID input 4096 output 64 PP 600.9 TG 94.5
BATCH_PROGRESS capture-256k-v3 120 warmup VALID input 4096 output 64 PP 600.9 TG 94.5
BATCH_PROGRESS capture-256k-v3 140 warmup VALID input 4096 output 64 PP 600.9 TG 94.5
BATCH_PROGRESS capture-256k-v3 160 warmup VALID input 4096 output 64 PP 600.9 TG 94.5
BATCH_PROGRESS capture-256k-v3 180 warmup VALID input 4096 output 64 PP 600.9 TG 94.5
BATCH_PROGRESS capture-256k-v3 200 warmup VALID input 4096 output 64 PP 600.9 TG 94.5
BATCH_PROGRESS capture-256k-v3 220 REQUEST_PROGRESS run 140.2
BATCH_PROGRESS capture-256k-v3 240 REQUEST_PROGRESS run 155.2
BATCH_PROGRESS capture-256k-v3 260 REQUEST_PROGRESS run 185.2
BATCH_EXIT {'label': 'capture-256k-v3', 'exit_code': 0, 'wall_s': 270.137445010012}
BATCH_COMPLETE phase-a/long-captures-v3-plan.json
