NUMERICAL_SAMPLE_AUDIT capture-128k-v3 620984
NUMERICAL_SAMPLE_AUDIT capture-256k-v3 658744
NUMERICAL_SAMPLE_AUDIT capture-32k-v3 523480
NUMERICAL_SAMPLE_AUDIT development-capture-v3 37688
NUMERICAL_SAMPLE_AUDIT independent-code4-capture-v3 157072
NUMERICAL_SAMPLE_AUDIT independent-code4-v3-current-attempt1 157072
NUMERICAL_SAMPLE_AUDIT independent-code4-v3-current-attempt2 157072
NUMERICAL_SAMPLE_AUDIT independent-code4-v3-current-attempt3 157072
NUMERICAL_SAMPLE_AUDIT independent-code4-v3-oracle-attempt1 157072
NUMERICAL_SAMPLE_AUDIT independent-code4-v3-oracle-attempt2 157072
NUMERICAL_SAMPLE_AUDIT independent-code4-v3-oracle-attempt3 157072
NUMERICAL_SAMPLE_AUDIT overhead-v3-replay-attempt1 37688
NUMERICAL_SAMPLE_AUDIT overhead-v3-replay-attempt2 37688
NUMERICAL_SAMPLE_AUDIT overhead-v3-replay-attempt3 37688
NUMERICAL_SAMPLE_AUDIT short64-v3-32k-attempt1 523480
NUMERICAL_SAMPLE_AUDIT v3-current-128k-attempt1 620984
NUMERICAL_SAMPLE_AUDIT v3-current-128k-attempt2 620984
NUMERICAL_SAMPLE_AUDIT v3-current-128k-attempt3 620984
NUMERICAL_SAMPLE_AUDIT v3-current-256k-attempt1 658744
NUMERICAL_SAMPLE_AUDIT v3-current-256k-attempt2 658744
NUMERICAL_SAMPLE_AUDIT v3-current-256k-attempt3 658744
NUMERICAL_SAMPLE_AUDIT v3-current-32k-attempt1 523480
NUMERICAL_SAMPLE_AUDIT v3-current-32k-attempt2 523480
NUMERICAL_SAMPLE_AUDIT v3-current-32k-attempt3 523480
NUMERICAL_SAMPLE_AUDIT v3-oracle-128k-attempt1 620984
NUMERICAL_SAMPLE_AUDIT v3-oracle-128k-attempt2 620984
NUMERICAL_SAMPLE_AUDIT v3-oracle-128k-attempt3 620984
NUMERICAL_SAMPLE_AUDIT v3-oracle-256k-attempt1 658744
NUMERICAL_SAMPLE_AUDIT v3-oracle-256k-attempt2 658744
NUMERICAL_SAMPLE_AUDIT v3-oracle-256k-attempt3 658744
NUMERICAL_SAMPLE_AUDIT v3-oracle-32k-attempt1 523480
NUMERICAL_SAMPLE_AUDIT v3-oracle-32k-attempt2 523480
NUMERICAL_SAMPLE_AUDIT v3-oracle-32k-attempt3 523480
