BATCH_START capture-128k-v2
BATCH_PROGRESS capture-128k-v2 20 STARTUP_PROGRESS 2051892 15.0
BATCH_PROGRESS capture-128k-v2 40 STARTUP_PROGRESS 2051892 30.0
BATCH_PROGRESS capture-128k-v2 60 STARTUP_PROGRESS 2051892 45.0
BATCH_PROGRESS capture-128k-v2 80 STARTUP_PROGRESS 2051892 75.1
BATCH_PROGRESS capture-128k-v2 100 warmup VALID input 4096 output 64 PP 606.3 TG 87.2
BATCH_PROGRESS capture-128k-v2 120 warmup VALID input 4096 output 64 PP 606.3 TG 87.2
BATCH_PROGRESS capture-128k-v2 140 warmup VALID input 4096 output 64 PP 606.3 TG 87.2
BATCH_PROGRESS capture-128k-v2 160 warmup VALID input 4096 output 64 PP 606.3 TG 87.2
BATCH_PROGRESS capture-128k-v2 180 REQUEST_PROGRESS run 85.4
BATCH_PROGRESS capture-128k-v2 200 REQUEST_PROGRESS run 100.4
BATCH_EXIT {'label': 'capture-128k-v2', 'exit_code': 0, 'wall_s': 220.41885751200607}
BATCH_START capture-256k-v2
BATCH_PROGRESS capture-256k-v2 20 STARTUP_PROGRESS 2053590 15.0
BATCH_PROGRESS capture-256k-v2 40 STARTUP_PROGRESS 2053590 30.0
BATCH_PROGRESS capture-256k-v2 60 STARTUP_PROGRESS 2053590 45.0
BATCH_PROGRESS capture-256k-v2 80 STARTUP_PROGRESS 2053590 75.1
BATCH_PROGRESS capture-256k-v2 100 warmup VALID input 4096 output 64 PP 594.7 TG 96.7
BATCH_PROGRESS capture-256k-v2 120 warmup VALID input 4096 output 64 PP 594.7 TG 96.7
BATCH_PROGRESS capture-256k-v2 140 warmup VALID input 4096 output 64 PP 594.7 TG 96.7
BATCH_PROGRESS capture-256k-v2 160 warmup VALID input 4096 output 64 PP 594.7 TG 96.7
BATCH_PROGRESS capture-256k-v2 180 warmup VALID input 4096 output 64 PP 594.7 TG 96.7
BATCH_PROGRESS capture-256k-v2 200 warmup VALID input 4096 output 64 PP 594.7 TG 96.7
BATCH_PROGRESS capture-256k-v2 220 warmup VALID input 4096 output 64 PP 594.7 TG 96.7
BATCH_PROGRESS capture-256k-v2 240 REQUEST_PROGRESS run 142.9
BATCH_PROGRESS capture-256k-v2 260 REQUEST_PROGRESS run 157.9
BATCH_PROGRESS capture-256k-v2 280 REQUEST_PROGRESS run 173.0
BATCH_EXIT {'label': 'capture-256k-v2', 'exit_code': 0, 'wall_s': 298.19932309596334}
BATCH_COMPLETE phase-a/remaining-captures-v2-plan.json
