[q4-live-oracle-20261006T040656Z 6adf463] Record full-work Q4 live oracle feasibility campaign
 642 files changed, 75279 insertions(+), 21 deletions(-)
 create mode 100644 campaigns/q4-live-oracle-20261006T040656Z/.gitattributes
 create mode 100644 campaigns/q4-live-oracle-20261006T040656Z/.gitignore
 create mode 100644 campaigns/q4-live-oracle-20261006T040656Z/DECISIONS.md
 create mode 100644 campaigns/q4-live-oracle-20261006T040656Z/GOAL.md
 create mode 100644 campaigns/q4-live-oracle-20261006T040656Z/README.md
 create mode 100644 campaigns/q4-live-oracle-20261006T040656Z/STATUS.json
 create mode 100644 campaigns/q4-live-oracle-20261006T040656Z/STATUS.md
 create mode 100644 campaigns/q4-live-oracle-20261006T040656Z/analysis/capture-128k-v2-oracle.json
 create mode 100644 campaigns/q4-live-oracle-20261006T040656Z/analysis/capture-128k-v2-progression.json
 create mode 100644 campaigns/q4-live-oracle-20261006T040656Z/analysis/capture-128k-v3-event-diagnostics.json
 create mode 100644 campaigns/q4-live-oracle-20261006T040656Z/analysis/capture-128k-v3-oracle.json
 create mode 100644 campaigns/q4-live-oracle-20261006T040656Z/analysis/capture-128k-v3-progression.json
 create mode 100644 campaigns/q4-live-oracle-20261006T040656Z/analysis/capture-128k-v3-system.json
 create mode 100644 campaigns/q4-live-oracle-20261006T040656Z/analysis/capture-256k-v2-oracle.json
 create mode 100644 campaigns/q4-live-oracle-20261006T040656Z/analysis/capture-256k-v2-progression.json
 create mode 100644 campaigns/q4-live-oracle-20261006T040656Z/analysis/capture-256k-v3-event-diagnostics.json
 create mode 100644 campaigns/q4-live-oracle-20261006T040656Z/analysis/capture-256k-v3-oracle.json
 create mode 100644 campaigns/q4-live-oracle-20261006T040656Z/analysis/capture-256k-v3-progression.json
 create mode 100644 campaigns/q4-live-oracle-20261006T040656Z/analysis/capture-256k-v3-system.json
 create mode 100644 campaigns/q4-live-oracle-20261006T040656Z/analysis/capture-32k-v3-event-diagnostics.json
 create mode 100644 campaigns/q4-live-oracle-20261006T040656Z/analysis/capture-32k-v3-oracle.json
 create mode 100644 campaigns/q4-live-oracle-20261006T040656Z/analysis/capture-32k-v3-progression.json
 create mode 100644 campaigns/q4-live-oracle-20261006T040656Z/analysis/capture-32k-v3-system.json
 create mode 100644 campaigns/q4-live-oracle-20261006T040656Z/analysis/common-current-32k-attempt1-oracle.json
 create mode 100644 campaigns/q4-live-oracle-20261006T040656Z/analysis/development-capture-v3-event-diagnostics.json
 create mode 100644 campaigns/q4-live-oracle-20261006T040656Z/analysis/development-capture-v3-oracle.json
 create mode 100644 campaigns/q4-live-oracle-20261006T040656Z/analysis/development-capture-v3-progression.json
 create mode 100644 campaigns/q4-live-oracle-20261006T040656Z/analysis/development-capture-v3-system.json
 create mode 100644 campaigns/q4-live-oracle-20261006T040656Z/analysis/evidence-inventory.json
 create mode 100644 campaigns/q4-live-oracle-20261006T040656Z/analysis/final-audit-index.json
 create mode 100644 campaigns/q4-live-oracle-20261006T040656Z/analysis/final-audit.json
 create mode 100644 campaigns/q4-live-oracle-20261006T040656Z/analysis/independent-code4-capture-v3-event-diagnostics.json
 create mode 100644 campaigns/q4-live-oracle-20261006T040656Z/analysis/independent-code4-capture-v3-oracle.json
 create mode 100644 campaigns/q4-live-oracle-20261006T040656Z/analysis/independent-code4-capture-v3-progression.json
 create mode 100644 campaigns/q4-live-oracle-20261006T040656Z/analysis/independent-code4-capture-v3-system.json
 create mode 100644 campaigns/q4-live-oracle-20261006T040656Z/analysis/independent-code4-v3-current-attempt1-event-diagnostics.json
 create mode 100644 campaigns/q4-live-oracle-20261006T040656Z/analysis/independent-code4-v3-current-attempt1-oracle.json
 create mode 100644 campaigns/q4-live-oracle-20261006T040656Z/analysis/independent-code4-v3-current-attempt1-progression.json
 create mode 100644 campaigns/q4-live-oracle-20261006T040656Z/analysis/independent-code4-v3-current-attempt1-system.json
 create mode 100644 campaigns/q4-live-oracle-20261006T040656Z/analysis/independent-code4-v3-current-attempt2-event-diagnostics.json
 create mode 100644 campaigns/q4-live-oracle-20261006T040656Z/analysis/independent-code4-v3-current-attempt2-oracle.json
 create mode 100644 campaigns/q4-live-oracle-20261006T040656Z/analysis/independent-code4-v3-current-attempt2-progression.json
 create mode 100644 campaigns/q4-live-oracle-20261006T040656Z/analysis/independent-code4-v3-current-attempt2-system.json
 create mode 100644 campaigns/q4-live-oracle-20261006T040656Z/analysis/independent-code4-v3-current-attempt3-event-diagnostics.json
 create mode 100644 campaigns/q4-live-oracle-20261006T040656Z/analysis/independent-code4-v3-current-attempt3-oracle.json
 create mode 100644 campaigns/q4-live-oracle-20261006T040656Z/analysis/independent-code4-v3-current-attempt3-progression.json
 create mode 100644 campaigns/q4-live-oracle-20261006T040656Z/analysis/independent-code4-v3-current-attempt3-system.json
 create mode 100644 campaigns/q4-live-oracle-20261006T040656Z/analysis/independent-code4-v3-oracle-attempt1-event-diagnostics.json
 create mode 100644 campaigns/q4-live-oracle-20261006T040656Z/analysis/independent-code4-v3-oracle-attempt1-oracle.json
 create mode 100644 campaigns/q4-live-oracle-20261006T040656Z/analysis/independent-code4-v3-oracle-attempt1-persistent-lifetimes.json
 create mode 100644 campaigns/q4-live-oracle-20261006T040656Z/analysis/independent-code4-v3-oracle-attempt1-persistent-lifetimes.npz
 create mode 100644 campaigns/q4-live-oracle-20261006T040656Z/analysis/independent-code4-v3-oracle-attempt1-progression.json
 create mode 100644 campaigns/q4-live-oracle-20261006T040656Z/analysis/independent-code4-v3-oracle-attempt1-residual-misses.json
 create mode 100644 campaigns/q4-live-oracle-20261006T040656Z/analysis/independent-code4-v3-oracle-attempt1-system.json
 create mode 100644 campaigns/q4-live-oracle-20261006T040656Z/analysis/independent-code4-v3-oracle-attempt2-event-diagnostics.json
 create mode 100644 campaigns/q4-live-oracle-20261006T040656Z/analysis/independent-code4-v3-oracle-attempt2-oracle.json
 create mode 100644 campaigns/q4-live-oracle-20261006T040656Z/analysis/independent-code4-v3-oracle-attempt2-progression.json
 create mode 100644 campaigns/q4-live-oracle-20261006T040656Z/analysis/independent-code4-v3-oracle-attempt2-system.json
 create mode 100644 campaigns/q4-live-oracle-20261006T040656Z/analysis/independent-code4-v3-oracle-attempt3-event-diagnostics.json
 create mode 100644 campaigns/q4-live-oracle-20261006T040656Z/analysis/independent-code4-v3-oracle-attempt3-oracle.json
 create mode 100644 campaigns/q4-live-oracle-20261006T040656Z/analysis/independent-code4-v3-oracle-attempt3-progression.json
 create mode 100644 campaigns/q4-live-oracle-20261006T040656Z/analysis/independent-code4-v3-oracle-attempt3-system.json
 create mode 100644 campaigns/q4-live-oracle-20261006T040656Z/analysis/offline-strict/include/strata/artifact/dequant.hpp
 create mode 100644 campaigns/q4-live-oracle-20261006T040656Z/analysis/offline-strict/include/strata/artifact/gguf_reader.hpp
 create mode 100644 campaigns/q4-live-oracle-20261006T040656Z/analysis/offline-strict/include/strata/artifact/gguf_split.hpp
 create mode 100644 campaigns/q4-live-oracle-20261006T040656Z/analysis/offline-strict/include/strata/core/conversation_buffer.hpp
 create mode 100644 campaigns/q4-live-oracle-20261006T040656Z/analysis/offline-strict/include/strata/core/conversation_cache.hpp
 create mode 100644 campaigns/q4-live-oracle-20261006T040656Z/analysis/offline-strict/include/strata/core/conversation_memory.hpp
 create mode 100644 campaigns/q4-live-oracle-20261006T040656Z/analysis/offline-strict/include/strata/core/conversation_snapshot.hpp
 create mode 100644 campaigns/q4-live-oracle-20261006T040656Z/analysis/offline-strict/include/strata/core/coupled_draft.hpp
 create mode 100644 campaigns/q4-live-oracle-20261006T040656Z/analysis/offline-strict/include/strata/core/device.hpp
 create mode 100644 campaigns/q4-live-oracle-20261006T040656Z/analysis/offline-strict/include/strata/core/emulate.hpp
 create mode 100644 campaigns/q4-live-oracle-20261006T040656Z/analysis/offline-strict/include/strata/core/expert_cache.hpp
 create mode 100644 campaigns/q4-live-oracle-20261006T040656Z/analysis/offline-strict/include/strata/core/expert_source.hpp
 create mode 100644 campaigns/q4-live-oracle-20261006T040656Z/analysis/offline-strict/include/strata/core/graph.hpp
 create mode 100644 campaigns/q4-live-oracle-20261006T040656Z/analysis/offline-strict/include/strata/core/hit_hook.hpp
 create mode 100644 campaigns/q4-live-oracle-20261006T040656Z/analysis/offline-strict/include/strata/core/layer.hpp
 create mode 100644 campaigns/q4-live-oracle-20261006T040656Z/analysis/offline-strict/include/strata/core/layout.hpp
 create mode 100644 campaigns/q4-live-oracle-20261006T040656Z/analysis/offline-strict/include/strata/core/mtp.hpp
 create mode 100644 campaigns/q4-live-oracle-20261006T040656Z/analysis/offline-strict/include/strata/core/native_dense.hpp
 create mode 100644 campaigns/q4-live-oracle-20261006T040656Z/analysis/offline-strict/include/strata/core/native_head.hpp
 create mode 100644 campaigns/q4-live-oracle-20261006T040656Z/analysis/offline-strict/include/strata/core/on_device.hpp
 create mode 100644 campaigns/q4-live-oracle-20261006T040656Z/analysis/offline-strict/include/strata/core/peer_experts.hpp
 create mode 100644 campaigns/q4-live-oracle-20261006T040656Z/analysis/offline-strict/include/strata/core/pinned.hpp
 create mode 100644 campaigns/q4-live-oracle-20261006T040656Z/analysis/offline-strict/include/strata/core/progress.hpp
 create mode 100644 campaigns/q4-live-oracle-20261006T040656Z/analysis/offline-strict/include/strata/core/remote_expert_opt.hpp
 create mode 100644 campaigns/q4-live-oracle-20261006T040656Z/analysis/offline-strict/include/strata/core/remote_experts.hpp
 create mode 100644 campaigns/q4-live-oracle-20261006T040656Z/analysis/offline-strict/include/strata/core/session.hpp
 create mode 100644 campaigns/q4-live-oracle-20261006T040656Z/analysis/offline-strict/include/strata/core/verify.hpp
 create mode 100644 campaigns/q4-live-oracle-20261006T040656Z/analysis/offline-strict/include/strata/core/weights.hpp
 create mode 100644 campaigns/q4-live-oracle-20261006T040656Z/analysis/offline-strict/include/strata/hip_compat/cublas_v2.h
 create mode 100644 campaigns/q4-live-oracle-20261006T040656Z/analysis/offline-strict/include/strata/hip_compat/cuda_fp16.h
 create mode 100644 campaigns/q4-live-oracle-20261006T040656Z/analysis/offline-strict/include/strata/hip_compat/cuda_runtime.h
 create mode 100644 campaigns/q4-live-oracle-20261006T040656Z/analysis/offline-strict/include/strata/hip_compat/cuda_runtime_api.h
 create mode 100644 campaigns/q4-live-oracle-20261006T040656Z/analysis/offline-strict/include/strata/hip_compat/intrinsics.hpp
 create mode 100644 campaigns/q4-live-oracle-20261006T040656Z/analysis/offline-strict/include/strata/hip_compat/math_constants.h
 create mode 100644 campaigns/q4-live-oracle-20261006T040656Z/analysis/offline-strict/include/strata/kernels/bf16_bits.hpp
 create mode 100644 campaigns/q4-live-oracle-20261006T040656Z/analysis/offline-strict/include/strata/kernels/bf16_gemv.hpp
 create mode 100644 campaigns/q4-live-oracle-20261006T040656Z/analysis/offline-strict/include/strata/kernels/cpu/expert.hpp
 create mode 100644 campaigns/q4-live-oracle-20261006T040656Z/analysis/offline-strict/include/strata/kernels/cpu/expert_layout.hpp
 create mode 100644 campaigns/q4-live-oracle-20261006T040656Z/analysis/offline-strict/include/strata/kernels/cpu/iq_avx2.hpp
 create mode 100644 campaigns/q4-live-oracle-20261006T040656Z/analysis/offline-strict/include/strata/kernels/cpu/iq_avx512.hpp
 create mode 100644 campaigns/q4-live-oracle-20261006T040656Z/analysis/offline-strict/include/strata/kernels/cpu/kq_avx1.hpp
 create mode 100644 campaigns/q4-live-oracle-20261006T040656Z/analysis/offline-strict/include/strata/kernels/cpu/kq_avx2.hpp
 create mode 100644 campaigns/q4-live-oracle-20261006T040656Z/analysis/offline-strict/include/strata/kernels/cpu/native_expert.hpp
 create mode 100644 campaigns/q4-live-oracle-20261006T040656Z/analysis/offline-strict/include/strata/kernels/cpu/pool.hpp
 create mode 100644 campaigns/q4-live-oracle-20261006T040656Z/analysis/offline-strict/include/strata/kernels/cvec.hpp
 create mode 100644 campaigns/q4-live-oracle-20261006T040656Z/analysis/offline-strict/include/strata/kernels/dequant_bf16.hpp
 create mode 100644 campaigns/q4-live-oracle-20261006T040656Z/analysis/offline-strict/include/strata/kernels/dequant_s2.hpp
 create mode 100644 campaigns/q4-live-oracle-20261006T040656Z/analysis/offline-strict/include/strata/kernels/dp4a.hpp
 create mode 100644 campaigns/q4-live-oracle-20261006T040656Z/analysis/offline-strict/include/strata/kernels/elementwise.hpp
 create mode 100644 campaigns/q4-live-oracle-20261006T040656Z/analysis/offline-strict/include/strata/kernels/f16_bits.hpp
 create mode 100644 campaigns/q4-live-oracle-20261006T040656Z/analysis/offline-strict/include/strata/kernels/fused_gdn.hpp
 create mode 100644 campaigns/q4-live-oracle-20261006T040656Z/analysis/offline-strict/include/strata/kernels/fused_gr.hpp
 create mode 100644 campaigns/q4-live-oracle-20261006T040656Z/analysis/offline-strict/include/strata/kernels/gdn.hpp
 create mode 100644 campaigns/q4-live-oracle-20261006T040656Z/analysis/offline-strict/include/strata/kernels/gr.hpp
 create mode 100644 campaigns/q4-live-oracle-20261006T040656Z/analysis/offline-strict/include/strata/kernels/iq_kernels.hpp
 create mode 100644 campaigns/q4-live-oracle-20261006T040656Z/analysis/offline-strict/include/strata/kernels/kv_q4.hpp
 create mode 100644 campaigns/q4-live-oracle-20261006T040656Z/analysis/offline-strict/include/strata/kernels/kv_q8.hpp
 create mode 100644 campaigns/q4-live-oracle-20261006T040656Z/analysis/offline-strict/include/strata/kernels/kv_stream.hpp
 create mode 100644 campaigns/q4-live-oracle-20261006T040656Z/analysis/offline-strict/include/strata/kernels/mrope.hpp
 create mode 100644 campaigns/q4-live-oracle-20261006T040656Z/analysis/offline-strict/include/strata/kernels/native_flash_attn.hpp
 create mode 100644 campaigns/q4-live-oracle-20261006T040656Z/analysis/offline-strict/include/strata/kernels/native_gdn.hpp
 create mode 100644 campaigns/q4-live-oracle-20261006T040656Z/analysis/offline-strict/include/strata/kernels/native_gdn_preprocess.hpp
 create mode 100644 campaigns/q4-live-oracle-20261006T040656Z/analysis/offline-strict/include/strata/kernels/native_gr_norm.hpp
 create mode 100644 campaigns/q4-live-oracle-20261006T040656Z/analysis/offline-strict/include/strata/kernels/native_gr_postops.hpp
 create mode 100644 campaigns/q4-live-oracle-20261006T040656Z/analysis/offline-strict/include/strata/kernels/native_mmvq.hpp
 create mode 100644 campaigns/q4-live-oracle-20261006T040656Z/analysis/offline-strict/include/strata/kernels/native_moe.hpp
 create mode 100644 campaigns/q4-live-oracle-20261006T040656Z/analysis/offline-strict/include/strata/kernels/native_ple_postops.hpp
 create mode 100644 campaigns/q4-live-oracle-20261006T040656Z/analysis/offline-strict/include/strata/kernels/native_qsa.hpp
 create mode 100644 campaigns/q4-live-oracle-20261006T040656Z/analysis/offline-strict/include/strata/kernels/native_qsa_indexer.hpp
 create mode 100644 campaigns/q4-live-oracle-20261006T040656Z/analysis/offline-strict/include/strata/kernels/native_qsa_score.hpp
 create mode 100644 campaigns/q4-live-oracle-20261006T040656Z/analysis/offline-strict/include/strata/kernels/native_rope.hpp
 create mode 100644 campaigns/q4-live-oracle-20261006T040656Z/analysis/offline-strict/include/strata/kernels/native_router.hpp
 create mode 100644 campaigns/q4-live-oracle-20261006T040656Z/analysis/offline-strict/include/strata/kernels/ngram.hpp
 create mode 100644 campaigns/q4-live-oracle-20261006T040656Z/analysis/offline-strict/include/strata/kernels/ple.hpp
 create mode 100644 campaigns/q4-live-oracle-20261006T040656Z/analysis/offline-strict/include/strata/kernels/q8_1_finite.hpp
 create mode 100644 campaigns/q4-live-oracle-20261006T040656Z/analysis/offline-strict/include/strata/kernels/qsa.hpp
 create mode 100644 campaigns/q4-live-oracle-20261006T040656Z/analysis/offline-strict/include/strata/kernels/qsa_decode_attn.hpp
 create mode 100644 campaigns/q4-live-oracle-20261006T040656Z/analysis/offline-strict/include/strata/kernels/qsa_prompt_attn.hpp
 create mode 100644 campaigns/q4-live-oracle-20261006T040656Z/analysis/offline-strict/include/strata/kernels/qsa_select.hpp
 create mode 100644 campaigns/q4-live-oracle-20261006T040656Z/analysis/offline-strict/include/strata/kernels/quantize_act.hpp
 create mode 100644 campaigns/q4-live-oracle-20261006T040656Z/analysis/offline-strict/include/strata/kernels/rope.hpp
 create mode 100644 campaigns/q4-live-oracle-20261006T040656Z/analysis/offline-strict/include/strata/kernels/rope_scaling.hpp
 create mode 100644 campaigns/q4-live-oracle-20261006T040656Z/analysis/offline-strict/include/strata/kernels/router_top10.hpp
 create mode 100644 campaigns/q4-live-oracle-20261006T040656Z/analysis/offline-strict/include/strata/kernels/s2_expert_grouped.hpp
 create mode 100644 campaigns/q4-live-oracle-20261006T040656Z/analysis/offline-strict/include/strata/kernels/s2_gemv.hpp
 create mode 100644 campaigns/q4-live-oracle-20261006T040656Z/analysis/offline-strict/include/strata/kernels/s2_gemv_q8.hpp
 create mode 100644 campaigns/q4-live-oracle-20261006T040656Z/analysis/offline-strict/include/strata/kernels/s_gemv.hpp
 create mode 100644 campaigns/q4-live-oracle-20261006T040656Z/analysis/offline-strict/include/strata/kernels/sampler.hpp
 create mode 100644 campaigns/q4-live-oracle-20261006T040656Z/analysis/offline-strict/include/strata/kernels/shared_expert.hpp
 create mode 100644 campaigns/q4-live-oracle-20261006T040656Z/analysis/offline-strict/include/strata/kernels/verify_kernels.hpp
 create mode 100644 campaigns/q4-live-oracle-20261006T040656Z/analysis/offline-strict/include/strata/ngram/ple_reader.hpp
 create mode 100644 campaigns/q4-live-oracle-20261006T040656Z/analysis/offline-strict/include/strata/plan/plan.hpp
 create mode 100644 campaigns/q4-live-oracle-20261006T040656Z/analysis/offline-strict/include/strata/platform/direct_file.hpp
 create mode 100644 campaigns/q4-live-oracle-20261006T040656Z/analysis/offline-strict/include/strata/platform/hip_compat/cublas_v2.h
 create mode 100644 campaigns/q4-live-oracle-20261006T040656Z/analysis/offline-strict/include/strata/platform/hip_compat/cuda_fp16.h
 create mode 100644 campaigns/q4-live-oracle-20261006T040656Z/analysis/offline-strict/include/strata/platform/hip_compat/cuda_runtime.h
 create mode 100644 campaigns/q4-live-oracle-20261006T040656Z/analysis/offline-strict/include/strata/platform/hip_compat/math_constants.h
 create mode 100644 campaigns/q4-live-oracle-20261006T040656Z/analysis/offline-strict/include/strata/platform/hip_compat/strata_hip.h
 create mode 100644 campaigns/q4-live-oracle-20261006T040656Z/analysis/offline-strict/include/strata/platform/memory.hpp
 create mode 100644 campaigns/q4-live-oracle-20261006T040656Z/analysis/offline-strict/include/strata/prefill/gemm.hpp
 create mode 100644 campaigns/q4-live-oracle-20261006T040656Z/analysis/offline-strict/include/strata/prefill/kernels.hpp
 create mode 100644 campaigns/q4-live-oracle-20261006T040656Z/analysis/offline-strict/include/strata/prefill/moe_fused.hpp
 create mode 100644 campaigns/q4-live-oracle-20261006T040656Z/analysis/offline-strict/include/strata/prefill/moe_fused_iq.hpp
 create mode 100644 campaigns/q4-live-oracle-20261006T040656Z/analysis/offline-strict/include/strata/prefill/moe_mmq.hpp
 create mode 100644 campaigns/q4-live-oracle-20261006T040656Z/analysis/offline-strict/include/strata/prefill/prefill.hpp
 create mode 100644 campaigns/q4-live-oracle-20261006T040656Z/analysis/offline-strict/include/strata/program/conv_cache.hpp
 create mode 100644 campaigns/q4-live-oracle-20261006T040656Z/analysis/offline-strict/include/strata/program/logits_selection.hpp
 create mode 100644 campaigns/q4-live-oracle-20261006T040656Z/analysis/offline-strict/include/strata/research/q4_oracle.hpp
 create mode 100644 campaigns/q4-live-oracle-20261006T040656Z/analysis/offline-strict/include/strata/research/q4_tape.hpp
 create mode 100644 campaigns/q4-live-oracle-20261006T040656Z/analysis/offline-strict/include/strata/research/q4_tape_gpu.hpp
 create mode 100644 campaigns/q4-live-oracle-20261006T040656Z/analysis/offline-strict/include/strata/spec/controller.hpp
 create mode 100644 campaigns/q4-live-oracle-20261006T040656Z/analysis/offline-strict/include/strata/spec/draft_policy.hpp
 create mode 100644 campaigns/q4-live-oracle-20261006T040656Z/analysis/offline-strict/include/strata/spec/suffix_drafter.hpp
 create mode 100644 campaigns/q4-live-oracle-20261006T040656Z/analysis/offline-strict/offline.cpp
 create mode 100644 campaigns/q4-live-oracle-20261006T040656Z/analysis/overhead-v3-replay-attempt1-event-diagnostics.json
 create mode 100644 campaigns/q4-live-oracle-20261006T040656Z/analysis/overhead-v3-replay-attempt1-oracle.json
 create mode 100644 campaigns/q4-live-oracle-20261006T040656Z/analysis/overhead-v3-replay-attempt1-progression.json
 create mode 100644 campaigns/q4-live-oracle-20261006T040656Z/analysis/overhead-v3-replay-attempt1-system.json
 create mode 100644 campaigns/q4-live-oracle-20261006T040656Z/analysis/overhead-v3-replay-attempt2-event-diagnostics.json
 create mode 100644 campaigns/q4-live-oracle-20261006T040656Z/analysis/overhead-v3-replay-attempt2-oracle.json
 create mode 100644 campaigns/q4-live-oracle-20261006T040656Z/analysis/overhead-v3-replay-attempt2-progression.json
 create mode 100644 campaigns/q4-live-oracle-20261006T040656Z/analysis/overhead-v3-replay-attempt2-system.json
 create mode 100644 campaigns/q4-live-oracle-20261006T040656Z/analysis/overhead-v3-replay-attempt3-event-diagnostics.json
 create mode 100644 campaigns/q4-live-oracle-20261006T040656Z/analysis/overhead-v3-replay-attempt3-oracle.json
 create mode 100644 campaigns/q4-live-oracle-20261006T040656Z/analysis/overhead-v3-replay-attempt3-progression.json
 create mode 100644 campaigns/q4-live-oracle-20261006T040656Z/analysis/overhead-v3-replay-attempt3-system.json
 create mode 100644 campaigns/q4-live-oracle-20261006T040656Z/analysis/pilot-oracle-deadline-32k-attempt1-oracle.json
 create mode 100644 campaigns/q4-live-oracle-20261006T040656Z/analysis/pilot-oracle-deadline-32k-attempt1-progression.json
 create mode 100644 campaigns/q4-live-oracle-20261006T040656Z/analysis/pilot-progression-cli.json
 create mode 100644 campaigns/q4-live-oracle-20261006T040656Z/analysis/plots/locality-versus-traffic.png
 create mode 100644 campaigns/q4-live-oracle-20261006T040656Z/analysis/plots/locality-versus-traffic.svg
 create mode 100644 campaigns/q4-live-oracle-20261006T040656Z/analysis/plots/measured-performance.png
 create mode 100644 campaigns/q4-live-oracle-20261006T040656Z/analysis/plots/measured-performance.svg
 create mode 100644 campaigns/q4-live-oracle-20261006T040656Z/analysis/short64-v3-32k-attempt1-event-diagnostics.json
 create mode 100644 campaigns/q4-live-oracle-20261006T040656Z/analysis/short64-v3-32k-attempt1-oracle.json
 create mode 100644 campaigns/q4-live-oracle-20261006T040656Z/analysis/short64-v3-32k-attempt1-persistent-lifetimes.json
 create mode 100644 campaigns/q4-live-oracle-20261006T040656Z/analysis/short64-v3-32k-attempt1-persistent-lifetimes.npz
 create mode 100644 campaigns/q4-live-oracle-20261006T040656Z/analysis/short64-v3-32k-attempt1-progression.json
 create mode 100644 campaigns/q4-live-oracle-20261006T040656Z/analysis/short64-v3-32k-attempt1-residual-misses.json
 create mode 100644 campaigns/q4-live-oracle-20261006T040656Z/analysis/short64-v3-32k-attempt1-system.json
 create mode 100644 campaigns/q4-live-oracle-20261006T040656Z/analysis/v2-current-32k-attempt1-oracle.json
 create mode 100644 campaigns/q4-live-oracle-20261006T040656Z/analysis/v2-current-32k-attempt1-progression.json
 create mode 100644 campaigns/q4-live-oracle-20261006T040656Z/analysis/v2-oracle-32k-attempt1-oracle.json
 create mode 100644 campaigns/q4-live-oracle-20261006T040656Z/analysis/v2-oracle-32k-attempt1-progression.json
 create mode 100644 campaigns/q4-live-oracle-20261006T040656Z/analysis/v3-current-128k-attempt1-event-diagnostics.json
 create mode 100644 campaigns/q4-live-oracle-20261006T040656Z/analysis/v3-current-128k-attempt1-oracle.json
 create mode 100644 campaigns/q4-live-oracle-20261006T040656Z/analysis/v3-current-128k-attempt1-progression.json
 create mode 100644 campaigns/q4-live-oracle-20261006T040656Z/analysis/v3-current-128k-attempt1-system.json
 create mode 100644 campaigns/q4-live-oracle-20261006T040656Z/analysis/v3-current-128k-attempt2-event-diagnostics.json
 create mode 100644 campaigns/q4-live-oracle-20261006T040656Z/analysis/v3-current-128k-attempt2-oracle.json
 create mode 100644 campaigns/q4-live-oracle-20261006T040656Z/analysis/v3-current-128k-attempt2-progression.json
 create mode 100644 campaigns/q4-live-oracle-20261006T040656Z/analysis/v3-current-128k-attempt2-system.json
 create mode 100644 campaigns/q4-live-oracle-20261006T040656Z/analysis/v3-current-128k-attempt3-event-diagnostics.json
 create mode 100644 campaigns/q4-live-oracle-20261006T040656Z/analysis/v3-current-128k-attempt3-oracle.json
 create mode 100644 campaigns/q4-live-oracle-20261006T040656Z/analysis/v3-current-128k-attempt3-progression.json
 create mode 100644 campaigns/q4-live-oracle-20261006T040656Z/analysis/v3-current-128k-attempt3-system.json
 create mode 100644 campaigns/q4-live-oracle-20261006T040656Z/analysis/v3-current-256k-attempt1-event-diagnostics.json
 create mode 100644 campaigns/q4-live-oracle-20261006T040656Z/analysis/v3-current-256k-attempt1-oracle.json
 create mode 100644 campaigns/q4-live-oracle-20261006T040656Z/analysis/v3-current-256k-attempt1-progression.json
 create mode 100644 campaigns/q4-live-oracle-20261006T040656Z/analysis/v3-current-256k-attempt1-system.json
 create mode 100644 campaigns/q4-live-oracle-20261006T040656Z/analysis/v3-current-256k-attempt2-event-diagnostics.json
 create mode 100644 campaigns/q4-live-oracle-20261006T040656Z/analysis/v3-current-256k-attempt2-oracle.json
 create mode 100644 campaigns/q4-live-oracle-20261006T040656Z/analysis/v3-current-256k-attempt2-progression.json
 create mode 100644 campaigns/q4-live-oracle-20261006T040656Z/analysis/v3-current-256k-attempt2-system.json
 create mode 100644 campaigns/q4-live-oracle-20261006T040656Z/analysis/v3-current-256k-attempt3-event-diagnostics.json
 create mode 100644 campaigns/q4-live-oracle-20261006T040656Z/analysis/v3-current-256k-attempt3-oracle.json
 create mode 100644 campaigns/q4-live-oracle-20261006T040656Z/analysis/v3-current-256k-attempt3-progression.json
 create mode 100644 campaigns/q4-live-oracle-20261006T040656Z/analysis/v3-current-256k-attempt3-system.json
 create mode 100644 campaigns/q4-live-oracle-20261006T040656Z/analysis/v3-current-32k-attempt1-event-diagnostics.json
 create mode 100644 campaigns/q4-live-oracle-20261006T040656Z/analysis/v3-current-32k-attempt1-oracle.json
 create mode 100644 campaigns/q4-live-oracle-20261006T040656Z/analysis/v3-current-32k-attempt1-progression.json
 create mode 100644 campaigns/q4-live-oracle-20261006T040656Z/analysis/v3-current-32k-attempt1-system.json
 create mode 100644 campaigns/q4-live-oracle-20261006T040656Z/analysis/v3-current-32k-attempt2-event-diagnostics.json
 create mode 100644 campaigns/q4-live-oracle-20261006T040656Z/analysis/v3-current-32k-attempt2-oracle.json
 create mode 100644 campaigns/q4-live-oracle-20261006T040656Z/analysis/v3-current-32k-attempt2-progression.json
 create mode 100644 campaigns/q4-live-oracle-20261006T040656Z/analysis/v3-current-32k-attempt2-system.json
 create mode 100644 campaigns/q4-live-oracle-20261006T040656Z/analysis/v3-current-32k-attempt3-event-diagnostics.json
 create mode 100644 campaigns/q4-live-oracle-20261006T040656Z/analysis/v3-current-32k-attempt3-oracle.json
 create mode 100644 campaigns/q4-live-oracle-20261006T040656Z/analysis/v3-current-32k-attempt3-progression.json
 create mode 100644 campaigns/q4-live-oracle-20261006T040656Z/analysis/v3-current-32k-attempt3-system.json
 create mode 100644 campaigns/q4-live-oracle-20261006T040656Z/analysis/v3-oracle-128k-attempt1-event-diagnostics.json
 create mode 100644 campaigns/q4-live-oracle-20261006T040656Z/analysis/v3-oracle-128k-attempt1-oracle.json
 create mode 100644 campaigns/q4-live-oracle-20261006T040656Z/analysis/v3-oracle-128k-attempt1-persistent-lifetimes.json
 create mode 100644 campaigns/q4-live-oracle-20261006T040656Z/analysis/v3-oracle-128k-attempt1-persistent-lifetimes.npz
 create mode 100644 campaigns/q4-live-oracle-20261006T040656Z/analysis/v3-oracle-128k-attempt1-progression.json
 create mode 100644 campaigns/q4-live-oracle-20261006T040656Z/analysis/v3-oracle-128k-attempt1-residual-misses.json
 create mode 100644 campaigns/q4-live-oracle-20261006T040656Z/analysis/v3-oracle-128k-attempt1-system.json
 create mode 100644 campaigns/q4-live-oracle-20261006T040656Z/analysis/v3-oracle-128k-attempt2-event-diagnostics.json
 create mode 100644 campaigns/q4-live-oracle-20261006T040656Z/analysis/v3-oracle-128k-attempt2-oracle.json
 create mode 100644 campaigns/q4-live-oracle-20261006T040656Z/analysis/v3-oracle-128k-attempt2-progression.json
 create mode 100644 campaigns/q4-live-oracle-20261006T040656Z/analysis/v3-oracle-128k-attempt2-system.json
 create mode 100644 campaigns/q4-live-oracle-20261006T040656Z/analysis/v3-oracle-128k-attempt3-event-diagnostics.json
 create mode 100644 campaigns/q4-live-oracle-20261006T040656Z/analysis/v3-oracle-128k-attempt3-oracle.json
 create mode 100644 campaigns/q4-live-oracle-20261006T040656Z/analysis/v3-oracle-128k-attempt3-progression.json
 create mode 100644 campaigns/q4-live-oracle-20261006T040656Z/analysis/v3-oracle-128k-attempt3-system.json
 create mode 100644 campaigns/q4-live-oracle-20261006T040656Z/analysis/v3-oracle-256k-attempt1-event-diagnostics.json
 create mode 100644 campaigns/q4-live-oracle-20261006T040656Z/analysis/v3-oracle-256k-attempt1-oracle.json
 create mode 100644 campaigns/q4-live-oracle-20261006T040656Z/analysis/v3-oracle-256k-attempt1-persistent-lifetimes.json
 create mode 100644 campaigns/q4-live-oracle-20261006T040656Z/analysis/v3-oracle-256k-attempt1-persistent-lifetimes.npz
 create mode 100644 campaigns/q4-live-oracle-20261006T040656Z/analysis/v3-oracle-256k-attempt1-progression.json
 create mode 100644 campaigns/q4-live-oracle-20261006T040656Z/analysis/v3-oracle-256k-attempt1-residual-misses.json
 create mode 100644 campaigns/q4-live-oracle-20261006T040656Z/analysis/v3-oracle-256k-attempt1-system.json
 create mode 100644 campaigns/q4-live-oracle-20261006T040656Z/analysis/v3-oracle-256k-attempt2-event-diagnostics.json
 create mode 100644 campaigns/q4-live-oracle-20261006T040656Z/analysis/v3-oracle-256k-attempt2-oracle.json
 create mode 100644 campaigns/q4-live-oracle-20261006T040656Z/analysis/v3-oracle-256k-attempt2-progression.json
 create mode 100644 campaigns/q4-live-oracle-20261006T040656Z/analysis/v3-oracle-256k-attempt2-system.json
 create mode 100644 campaigns/q4-live-oracle-20261006T040656Z/analysis/v3-oracle-256k-attempt3-event-diagnostics.json
 create mode 100644 campaigns/q4-live-oracle-20261006T040656Z/analysis/v3-oracle-256k-attempt3-oracle.json
 create mode 100644 campaigns/q4-live-oracle-20261006T040656Z/analysis/v3-oracle-256k-attempt3-progression.json
 create mode 100644 campaigns/q4-live-oracle-20261006T040656Z/analysis/v3-oracle-256k-attempt3-system.json
 create mode 100644 campaigns/q4-live-oracle-20261006T040656Z/analysis/v3-oracle-32k-attempt1-event-diagnostics.json
 create mode 100644 campaigns/q4-live-oracle-20261006T040656Z/analysis/v3-oracle-32k-attempt1-oracle.json
 create mode 100644 campaigns/q4-live-oracle-20261006T040656Z/analysis/v3-oracle-32k-attempt1-ownership-cli.json
 create mode 100644 campaigns/q4-live-oracle-20261006T040656Z/analysis/v3-oracle-32k-attempt1-persistent-lifetimes.json
 create mode 100644 campaigns/q4-live-oracle-20261006T040656Z/analysis/v3-oracle-32k-attempt1-persistent-lifetimes.npz
 create mode 100644 campaigns/q4-live-oracle-20261006T040656Z/analysis/v3-oracle-32k-attempt1-progression.json
 create mode 100644 campaigns/q4-live-oracle-20261006T040656Z/analysis/v3-oracle-32k-attempt1-residual-misses.json
 create mode 100644 campaigns/q4-live-oracle-20261006T040656Z/analysis/v3-oracle-32k-attempt1-system.json
 create mode 100644 campaigns/q4-live-oracle-20261006T040656Z/analysis/v3-oracle-32k-attempt2-event-diagnostics.json
 create mode 100644 campaigns/q4-live-oracle-20261006T040656Z/analysis/v3-oracle-32k-attempt2-oracle.json
 create mode 100644 campaigns/q4-live-oracle-20261006T040656Z/analysis/v3-oracle-32k-attempt2-progression.json
 create mode 100644 campaigns/q4-live-oracle-20261006T040656Z/analysis/v3-oracle-32k-attempt2-system.json
 create mode 100644 campaigns/q4-live-oracle-20261006T040656Z/analysis/v3-oracle-32k-attempt3-event-diagnostics.json
 create mode 100644 campaigns/q4-live-oracle-20261006T040656Z/analysis/v3-oracle-32k-attempt3-oracle.json
 create mode 100644 campaigns/q4-live-oracle-20261006T040656Z/analysis/v3-oracle-32k-attempt3-progression.json
 create mode 100644 campaigns/q4-live-oracle-20261006T040656Z/analysis/v3-oracle-32k-attempt3-system.json
 create mode 100644 campaigns/q4-live-oracle-20261006T040656Z/configs/capture-128k-v2.json
 create mode 100644 campaigns/q4-live-oracle-20261006T040656Z/configs/capture-128k-v3.json
 create mode 100644 campaigns/q4-live-oracle-20261006T040656Z/configs/capture-256k-v2.json
 create mode 100644 campaigns/q4-live-oracle-20261006T040656Z/configs/capture-256k-v3.json
 create mode 100644 campaigns/q4-live-oracle-20261006T040656Z/configs/capture-32k-v1.json
 create mode 100644 campaigns/q4-live-oracle-20261006T040656Z/configs/capture-32k-v2.json
 create mode 100644 campaigns/q4-live-oracle-20261006T040656Z/configs/capture-32k-v3.json
 create mode 100644 campaigns/q4-live-oracle-20261006T040656Z/configs/common-current-32k-attempt1.json
 create mode 100644 campaigns/q4-live-oracle-20261006T040656Z/configs/control-128k.json
 create mode 100644 campaigns/q4-live-oracle-20261006T040656Z/configs/control-256k.json
 create mode 100644 campaigns/q4-live-oracle-20261006T040656Z/configs/control-32k.json
 create mode 100644 campaigns/q4-live-oracle-20261006T040656Z/configs/dev-natural-v1.json
 create mode 100644 campaigns/q4-live-oracle-20261006T040656Z/configs/dev-record-v1.json
 create mode 100644 campaigns/q4-live-oracle-20261006T040656Z/configs/dev-replay-pathfix-v1.json
 create mode 100644 campaigns/q4-live-oracle-20261006T040656Z/configs/dev-replay-v1.json
 create mode 100644 campaigns/q4-live-oracle-20261006T040656Z/configs/development-capture-v3.json
 create mode 100644 campaigns/q4-live-oracle-20261006T040656Z/configs/fidelity-32k-v1.json
 create mode 100644 campaigns/q4-live-oracle-20261006T040656Z/configs/independent-code4-capture-v3.json
 create mode 100644 campaigns/q4-live-oracle-20261006T040656Z/configs/independent-code4-v3-current-attempt1.json
 create mode 100644 campaigns/q4-live-oracle-20261006T040656Z/configs/independent-code4-v3-current-attempt2.json
 create mode 100644 campaigns/q4-live-oracle-20261006T040656Z/configs/independent-code4-v3-current-attempt3.json
 create mode 100644 campaigns/q4-live-oracle-20261006T040656Z/configs/independent-code4-v3-oracle-attempt1.json
 create mode 100644 campaigns/q4-live-oracle-20261006T040656Z/configs/independent-code4-v3-oracle-attempt2.json
 create mode 100644 campaigns/q4-live-oracle-20261006T040656Z/configs/independent-code4-v3-oracle-attempt3.json
 create mode 100644 campaigns/q4-live-oracle-20261006T040656Z/configs/interpretation.json
 create mode 100644 campaigns/q4-live-oracle-20261006T040656Z/configs/original-natural-development-v3.json
 create mode 100644 campaigns/q4-live-oracle-20261006T040656Z/configs/overhead-v3-natural-attempt1.json
 create mode 100644 campaigns/q4-live-oracle-20261006T040656Z/configs/overhead-v3-natural-attempt2.json
 create mode 100644 campaigns/q4-live-oracle-20261006T040656Z/configs/overhead-v3-natural-attempt3.json
 create mode 100644 campaigns/q4-live-oracle-20261006T040656Z/configs/overhead-v3-replay-attempt1.json
 create mode 100644 campaigns/q4-live-oracle-20261006T040656Z/configs/overhead-v3-replay-attempt2.json
 create mode 100644 campaigns/q4-live-oracle-20261006T040656Z/configs/overhead-v3-replay-attempt3.json
 create mode 100644 campaigns/q4-live-oracle-20261006T040656Z/configs/pilot-oracle-deadline-32k-attempt1.json
 create mode 100644 campaigns/q4-live-oracle-20261006T040656Z/configs/short64-v3-32k-attempt1.json
 create mode 100644 campaigns/q4-live-oracle-20261006T040656Z/configs/v2-current-32k-attempt1.json
 create mode 100644 campaigns/q4-live-oracle-20261006T040656Z/configs/v2-oracle-32k-attempt1.json
 create mode 100644 campaigns/q4-live-oracle-20261006T040656Z/configs/v3-current-128k-attempt1.json
 create mode 100644 campaigns/q4-live-oracle-20261006T040656Z/configs/v3-current-128k-attempt2.json
 create mode 100644 campaigns/q4-live-oracle-20261006T040656Z/configs/v3-current-128k-attempt3.json
 create mode 100644 campaigns/q4-live-oracle-20261006T040656Z/configs/v3-current-256k-attempt1.json
 create mode 100644 campaigns/q4-live-oracle-20261006T040656Z/configs/v3-current-256k-attempt2.json
 create mode 100644 campaigns/q4-live-oracle-20261006T040656Z/configs/v3-current-256k-attempt3.json
 create mode 100644 campaigns/q4-live-oracle-20261006T040656Z/configs/v3-current-32k-attempt1.json
 create mode 100644 campaigns/q4-live-oracle-20261006T040656Z/configs/v3-current-32k-attempt2.json
 create mode 100644 campaigns/q4-live-oracle-20261006T040656Z/configs/v3-current-32k-attempt3.json
 create mode 100644 campaigns/q4-live-oracle-20261006T040656Z/configs/v3-oracle-128k-attempt1.json
 create mode 100644 campaigns/q4-live-oracle-20261006T040656Z/configs/v3-oracle-128k-attempt2.json
 create mode 100644 campaigns/q4-live-oracle-20261006T040656Z/configs/v3-oracle-128k-attempt3.json
 create mode 100644 campaigns/q4-live-oracle-20261006T040656Z/configs/v3-oracle-256k-attempt1.json
 create mode 100644 campaigns/q4-live-oracle-20261006T040656Z/configs/v3-oracle-256k-attempt2.json
 create mode 100644 campaigns/q4-live-oracle-20261006T040656Z/configs/v3-oracle-256k-attempt3.json
 create mode 100644 campaigns/q4-live-oracle-20261006T040656Z/configs/v3-oracle-32k-attempt1.json
 create mode 100644 campaigns/q4-live-oracle-20261006T040656Z/configs/v3-oracle-32k-attempt2.json
 create mode 100644 campaigns/q4-live-oracle-20261006T040656Z/configs/v3-oracle-32k-attempt3.json
 create mode 100644 campaigns/q4-live-oracle-20261006T040656Z/deadline.json
 create mode 100644 campaigns/q4-live-oracle-20261006T040656Z/git/environment-v2-before-matrix.json
 create mode 100644 campaigns/q4-live-oracle-20261006T040656Z/git/initial-root-status.txt
 create mode 100644 campaigns/q4-live-oracle-20261006T040656Z/git/model-current-stat-check.json
 create mode 100644 campaigns/q4-live-oracle-20261006T040656Z/git/model-full-aux-verified.json
 create mode 100644 campaigns/q4-live-oracle-20261006T040656Z/git/oracle-v1-identity.json
 create mode 100644 campaigns/q4-live-oracle-20261006T040656Z/git/oracle-v2-identity.json
 create mode 100644 campaigns/q4-live-oracle-20261006T040656Z/git/oracle-v3-identity.json
 create mode 100644 campaigns/q4-live-oracle-20261006T040656Z/git/prior-active-campaign.json
 create mode 100644 campaigns/q4-live-oracle-20261006T040656Z/git/prior-campaign-handoff-stat.json
 create mode 100644 campaigns/q4-live-oracle-20261006T040656Z/git/prior-root-STATUS.json
 create mode 100644 campaigns/q4-live-oracle-20261006T040656Z/git/prior-root-launch-index.json
 create mode 100644 campaigns/q4-live-oracle-20261006T040656Z/git/prior-root-summary.json
 create mode 100644 campaigns/q4-live-oracle-20261006T040656Z/git/reference-environment.json
 create mode 100644 campaigns/q4-live-oracle-20261006T040656Z/git/reference-model.json
 create mode 100644 campaigns/q4-live-oracle-20261006T040656Z/git/replay-v1-identity.json
 create mode 100644 campaigns/q4-live-oracle-20261006T040656Z/inputs/development-4k-256.json
 create mode 100644 campaigns/q4-live-oracle-20261006T040656Z/inputs/manifest.json
 create mode 100644 campaigns/q4-live-oracle-20261006T040656Z/launchers/control/README.md
 create mode 100755 campaigns/q4-live-oracle-20261006T040656Z/launchers/control/start-128k.sh
 create mode 100755 campaigns/q4-live-oracle-20261006T040656Z/launchers/control/start-256k.sh
 create mode 100755 campaigns/q4-live-oracle-20261006T040656Z/launchers/control/start-32k.sh
 create mode 100755 campaigns/q4-live-oracle-20261006T040656Z/launchers/control/stop.sh
 create mode 100644 campaigns/q4-live-oracle-20261006T040656Z/launchers/experimental/README.md
 create mode 100755 campaigns/q4-live-oracle-20261006T040656Z/launchers/experimental/capture-128k.sh
 create mode 100755 campaigns/q4-live-oracle-20261006T040656Z/launchers/experimental/capture-256k.sh
 create mode 100755 campaigns/q4-live-oracle-20261006T040656Z/launchers/experimental/capture-32k.sh
 create mode 100755 campaigns/q4-live-oracle-20261006T040656Z/launchers/experimental/replay-current-128k.sh
 create mode 100755 campaigns/q4-live-oracle-20261006T040656Z/launchers/experimental/replay-current-256k.sh
 create mode 100755 campaigns/q4-live-oracle-20261006T040656Z/launchers/experimental/replay-current-32k.sh
 create mode 100755 campaigns/q4-live-oracle-20261006T040656Z/launchers/experimental/replay-full-128k.sh
 create mode 100755 campaigns/q4-live-oracle-20261006T040656Z/launchers/experimental/replay-full-256k.sh
 create mode 100755 campaigns/q4-live-oracle-20261006T040656Z/launchers/experimental/replay-full-32k.sh
 create mode 100755 campaigns/q4-live-oracle-20261006T040656Z/launchers/experimental/replay-short-128k.sh
 create mode 100755 campaigns/q4-live-oracle-20261006T040656Z/launchers/experimental/replay-short-256k.sh
 create mode 100755 campaigns/q4-live-oracle-20261006T040656Z/launchers/experimental/replay-short-32k.sh
 create mode 100755 campaigns/q4-live-oracle-20261006T040656Z/launchers/experimental/validate-tape.sh
 create mode 100644 campaigns/q4-live-oracle-20261006T040656Z/ledger.jsonl
 create mode 100644 campaigns/q4-live-oracle-20261006T040656Z/owned-process.json
 create mode 100644 campaigns/q4-live-oracle-20261006T040656Z/patches/oracle-v1-1cb3c748f9cb2ef9e2f7997f9b4aa13b4e59b502.diff
 create mode 100644 campaigns/q4-live-oracle-20261006T040656Z/patches/oracle-v2-3760e8e4ac46347f2bdec2d20b794b8a96ace980.diff
 create mode 100644 campaigns/q4-live-oracle-20261006T040656Z/patches/oracle-v3-117bc89b3bacbf263379c336557e6c8aa07aff5e.diff
 create mode 100644 campaigns/q4-live-oracle-20261006T040656Z/patches/replay-v1-4bcf69c663cf12e71814a3c53013f4ff6f06316a.diff
 create mode 100644 campaigns/q4-live-oracle-20261006T040656Z/phase-a/KV-service-fidelity.md
 create mode 100644 campaigns/q4-live-oracle-20261006T040656Z/phase-a/capture-128k-v2-fidelity.json
 create mode 100644 campaigns/q4-live-oracle-20261006T040656Z/phase-a/capture-128k-v3-fidelity.json
 create mode 100644 campaigns/q4-live-oracle-20261006T040656Z/phase-a/capture-256k-v2-fidelity.json
 create mode 100644 campaigns/q4-live-oracle-20261006T040656Z/phase-a/capture-256k-v3-fidelity.json
 create mode 100644 campaigns/q4-live-oracle-20261006T040656Z/phase-a/capture-32k-tape.json
 create mode 100644 campaigns/q4-live-oracle-20261006T040656Z/phase-a/capture-32k-v1-fidelity.json
 create mode 100644 campaigns/q4-live-oracle-20261006T040656Z/phase-a/capture-32k-v2-fidelity.json
 create mode 100644 campaigns/q4-live-oracle-20261006T040656Z/phase-a/capture-32k-v2-validation-cli.json
 create mode 100644 campaigns/q4-live-oracle-20261006T040656Z/phase-a/capture-32k-v3-fidelity.json
 create mode 100644 campaigns/q4-live-oracle-20261006T040656Z/phase-a/capture-32k-v3-validation-cli.json
 create mode 100644 campaigns/q4-live-oracle-20261006T040656Z/phase-a/capture32-v3-plan.completed.json
 create mode 100644 campaigns/q4-live-oracle-20261006T040656Z/phase-a/capture32-v3-plan.json
 create mode 100644 campaigns/q4-live-oracle-20261006T040656Z/phase-a/common-current-32k-attempt1-fidelity.json
 create mode 100644 campaigns/q4-live-oracle-20261006T040656Z/phase-a/contract-v1.md
 create mode 100644 campaigns/q4-live-oracle-20261006T040656Z/phase-a/dev-record-v1-fidelity.json
 create mode 100644 campaigns/q4-live-oracle-20261006T040656Z/phase-a/dev-replay-pathfix-v1-fidelity.json
 create mode 100644 campaigns/q4-live-oracle-20261006T040656Z/phase-a/development-capture-v3-fidelity.json
 create mode 100644 campaigns/q4-live-oracle-20261006T040656Z/phase-a/development-overhead-v1.json
 create mode 100644 campaigns/q4-live-oracle-20261006T040656Z/phase-a/fidelity-32k-v1-fidelity.json
 create mode 100644 campaigns/q4-live-oracle-20261006T040656Z/phase-a/independent-code4-capture-v3-fidelity.json
 create mode 100644 campaigns/q4-live-oracle-20261006T040656Z/phase-a/independent-code4-v3-current-attempt1-fidelity.json
 create mode 100644 campaigns/q4-live-oracle-20261006T040656Z/phase-a/independent-code4-v3-current-attempt2-fidelity.json
 create mode 100644 campaigns/q4-live-oracle-20261006T040656Z/phase-a/independent-code4-v3-current-attempt3-fidelity.json
 create mode 100644 campaigns/q4-live-oracle-20261006T040656Z/phase-a/independent-code4-v3-oracle-attempt1-fidelity.json
 create mode 100644 campaigns/q4-live-oracle-20261006T040656Z/phase-a/independent-code4-v3-oracle-attempt2-fidelity.json
 create mode 100644 campaigns/q4-live-oracle-20261006T040656Z/phase-a/independent-code4-v3-oracle-attempt3-fidelity.json
 create mode 100644 campaigns/q4-live-oracle-20261006T040656Z/phase-a/initial-state-v3-contract.md
 create mode 100644 campaigns/q4-live-oracle-20261006T040656Z/phase-a/long-captures-v3-plan.completed.json
 create mode 100644 campaigns/q4-live-oracle-20261006T040656Z/phase-a/long-captures-v3-plan.json
 create mode 100644 campaigns/q4-live-oracle-20261006T040656Z/phase-a/overhead-v3-plan.completed.json
 create mode 100644 campaigns/q4-live-oracle-20261006T040656Z/phase-a/overhead-v3-plan.json
 create mode 100644 campaigns/q4-live-oracle-20261006T040656Z/phase-a/overhead-v3-replay-attempt1-fidelity.json
 create mode 100644 campaigns/q4-live-oracle-20261006T040656Z/phase-a/overhead-v3-replay-attempt2-fidelity.json
 create mode 100644 campaigns/q4-live-oracle-20261006T040656Z/phase-a/overhead-v3-replay-attempt3-fidelity.json
 create mode 100644 campaigns/q4-live-oracle-20261006T040656Z/phase-a/overhead-v3-summary.json
 create mode 100644 campaigns/q4-live-oracle-20261006T040656Z/phase-a/pilot-oracle-deadline-32k-attempt1-fidelity.json
 create mode 100644 campaigns/q4-live-oracle-20261006T040656Z/phase-a/remaining-captures-v2-plan.completed.json
 create mode 100644 campaigns/q4-live-oracle-20261006T040656Z/phase-a/remaining-captures-v2-plan.json
 create mode 100644 campaigns/q4-live-oracle-20261006T040656Z/phase-a/report-v1-v2-pilots.md
 create mode 100644 campaigns/q4-live-oracle-20261006T040656Z/phase-a/report.md
 create mode 100644 campaigns/q4-live-oracle-20261006T040656Z/phase-a/schema-v2.md
 create mode 100644 campaigns/q4-live-oracle-20261006T040656Z/phase-a/short64-v3-32k-attempt1-fidelity.json
 create mode 100644 campaigns/q4-live-oracle-20261006T040656Z/phase-a/v2-current-32k-attempt1-fidelity.json
 create mode 100644 campaigns/q4-live-oracle-20261006T040656Z/phase-a/v2-oracle-32k-attempt1-fidelity.json
 create mode 100644 campaigns/q4-live-oracle-20261006T040656Z/phase-a/v3-current-128k-attempt1-fidelity.json
 create mode 100644 campaigns/q4-live-oracle-20261006T040656Z/phase-a/v3-current-128k-attempt2-fidelity.json
 create mode 100644 campaigns/q4-live-oracle-20261006T040656Z/phase-a/v3-current-128k-attempt3-fidelity.json
 create mode 100644 campaigns/q4-live-oracle-20261006T040656Z/phase-a/v3-current-256k-attempt1-fidelity.json
 create mode 100644 campaigns/q4-live-oracle-20261006T040656Z/phase-a/v3-current-256k-attempt2-fidelity.json
 create mode 100644 campaigns/q4-live-oracle-20261006T040656Z/phase-a/v3-current-256k-attempt3-fidelity.json
 create mode 100644 campaigns/q4-live-oracle-20261006T040656Z/phase-a/v3-current-32k-attempt1-fidelity.json
 create mode 100644 campaigns/q4-live-oracle-20261006T040656Z/phase-a/v3-current-32k-attempt2-fidelity.json
 create mode 100644 campaigns/q4-live-oracle-20261006T040656Z/phase-a/v3-current-32k-attempt3-fidelity.json
 create mode 100644 campaigns/q4-live-oracle-20261006T040656Z/phase-a/v3-oracle-128k-attempt1-fidelity.json
 create mode 100644 campaigns/q4-live-oracle-20261006T040656Z/phase-a/v3-oracle-128k-attempt2-fidelity.json
 create mode 100644 campaigns/q4-live-oracle-20261006T040656Z/phase-a/v3-oracle-128k-attempt3-fidelity.json
 create mode 100644 campaigns/q4-live-oracle-20261006T040656Z/phase-a/v3-oracle-256k-attempt1-fidelity.json
 create mode 100644 campaigns/q4-live-oracle-20261006T040656Z/phase-a/v3-oracle-256k-attempt2-fidelity.json
 create mode 100644 campaigns/q4-live-oracle-20261006T040656Z/phase-a/v3-oracle-256k-attempt3-fidelity.json
 create mode 100644 campaigns/q4-live-oracle-20261006T040656Z/phase-a/v3-oracle-32k-attempt1-fidelity.json
 create mode 100644 campaigns/q4-live-oracle-20261006T040656Z/phase-a/v3-oracle-32k-attempt2-fidelity.json
 create mode 100644 campaigns/q4-live-oracle-20261006T040656Z/phase-a/v3-oracle-32k-attempt3-fidelity.json
 create mode 100644 campaigns/q4-live-oracle-20261006T040656Z/phase-b/capacity-only-optimistic.json
 create mode 100644 campaigns/q4-live-oracle-20261006T040656Z/phase-b/capacity-only-optimistic.pid.json
 create mode 100644 campaigns/q4-live-oracle-20261006T040656Z/phase-b/capacity-only-optimistic.stderr
 create mode 100644 campaigns/q4-live-oracle-20261006T040656Z/phase-b/capacity-only-optimistic.stdout
 create mode 100644 campaigns/q4-live-oracle-20261006T040656Z/phase-b/current-capacity-accounting.json
 create mode 100644 campaigns/q4-live-oracle-20261006T040656Z/phase-b/current-capacity-accounting.pid.json
 create mode 100644 campaigns/q4-live-oracle-20261006T040656Z/phase-b/current-capacity-accounting.stderr
 create mode 100644 campaigns/q4-live-oracle-20261006T040656Z/phase-b/current-capacity-accounting.stdout
 create mode 100644 campaigns/q4-live-oracle-20261006T040656Z/phase-b/current-offset25-v2.json
 create mode 100644 campaigns/q4-live-oracle-20261006T040656Z/phase-b/current-offset25-v2.stderr
 create mode 100644 campaigns/q4-live-oracle-20261006T040656Z/phase-b/full-deadline-modeled.json
 create mode 100644 campaigns/q4-live-oracle-20261006T040656Z/phase-b/full-deadline-modeled.pid.json
 create mode 100644 campaigns/q4-live-oracle-20261006T040656Z/phase-b/full-deadline-modeled.stderr
 create mode 100644 campaigns/q4-live-oracle-20261006T040656Z/phase-b/full-deadline-modeled.stdout
 create mode 100644 campaigns/q4-live-oracle-20261006T040656Z/phase-b/full-reuse-modeled.json
 create mode 100644 campaigns/q4-live-oracle-20261006T040656Z/phase-b/full-reuse-modeled.pid.json
 create mode 100644 campaigns/q4-live-oracle-20261006T040656Z/phase-b/full-reuse-modeled.stderr
 create mode 100644 campaigns/q4-live-oracle-20261006T040656Z/phase-b/full-reuse-modeled.stdout
 create mode 100644 campaigns/q4-live-oracle-20261006T040656Z/phase-b/horizon-1-modeled.json
 create mode 100644 campaigns/q4-live-oracle-20261006T040656Z/phase-b/horizon-1-modeled.pid.json
 create mode 100644 campaigns/q4-live-oracle-20261006T040656Z/phase-b/horizon-1-modeled.stderr
 create mode 100644 campaigns/q4-live-oracle-20261006T040656Z/phase-b/horizon-1-modeled.stdout
 create mode 100644 campaigns/q4-live-oracle-20261006T040656Z/phase-b/horizon-16-modeled.json
 create mode 100644 campaigns/q4-live-oracle-20261006T040656Z/phase-b/horizon-16-modeled.pid.json
 create mode 100644 campaigns/q4-live-oracle-20261006T040656Z/phase-b/horizon-16-modeled.stderr
 create mode 100644 campaigns/q4-live-oracle-20261006T040656Z/phase-b/horizon-16-modeled.stdout
 create mode 100644 campaigns/q4-live-oracle-20261006T040656Z/phase-b/horizon-4-modeled.json
 create mode 100644 campaigns/q4-live-oracle-20261006T040656Z/phase-b/horizon-4-modeled.pid.json
 create mode 100644 campaigns/q4-live-oracle-20261006T040656Z/phase-b/horizon-4-modeled.stderr
 create mode 100644 campaigns/q4-live-oracle-20261006T040656Z/phase-b/horizon-4-modeled.stdout
 create mode 100644 campaigns/q4-live-oracle-20261006T040656Z/phase-b/horizon-64-modeled.json
 create mode 100644 campaigns/q4-live-oracle-20261006T040656Z/phase-b/horizon-64-modeled.pid.json
 create mode 100644 campaigns/q4-live-oracle-20261006T040656Z/phase-b/horizon-64-modeled.stderr
 create mode 100644 campaigns/q4-live-oracle-20261006T040656Z/phase-b/horizon-64-modeled.stdout
 create mode 100644 campaigns/q4-live-oracle-20261006T040656Z/phase-b/horizon-definition.json
 create mode 100644 campaigns/q4-live-oracle-20261006T040656Z/phase-b/report-pilot-v1-v2.md
 create mode 100644 campaigns/q4-live-oracle-20261006T040656Z/phase-b/report.md
 create mode 100644 campaigns/q4-live-oracle-20261006T040656Z/phase-b/strict-horizon-1.json
 create mode 100644 campaigns/q4-live-oracle-20261006T040656Z/phase-b/strict-horizon-1.stderr
 create mode 100644 campaigns/q4-live-oracle-20261006T040656Z/phase-b/strict-horizon-1.stdout
 create mode 100644 campaigns/q4-live-oracle-20261006T040656Z/phase-b/strict-horizon-16.json
 create mode 100644 campaigns/q4-live-oracle-20261006T040656Z/phase-b/strict-horizon-16.stderr
 create mode 100644 campaigns/q4-live-oracle-20261006T040656Z/phase-b/strict-horizon-16.stdout
 create mode 100644 campaigns/q4-live-oracle-20261006T040656Z/phase-b/strict-horizon-4.json
 create mode 100644 campaigns/q4-live-oracle-20261006T040656Z/phase-b/strict-horizon-4.stderr
 create mode 100644 campaigns/q4-live-oracle-20261006T040656Z/phase-b/strict-horizon-4.stdout
 create mode 100644 campaigns/q4-live-oracle-20261006T040656Z/phase-b/strict-horizon-64.json
 create mode 100644 campaigns/q4-live-oracle-20261006T040656Z/phase-b/strict-horizon-64.stderr
 create mode 100644 campaigns/q4-live-oracle-20261006T040656Z/phase-b/strict-horizon-64.stdout
 create mode 100644 campaigns/q4-live-oracle-20261006T040656Z/phase-b/strict-horizon-build.json
 create mode 100644 campaigns/q4-live-oracle-20261006T040656Z/phase-b/strict-horizon-build.stderr
 create mode 100644 campaigns/q4-live-oracle-20261006T040656Z/phase-b/strict-horizon-build.stdout
 create mode 100644 campaigns/q4-live-oracle-20261006T040656Z/phase-b/strict-horizon-repair.md
 create mode 100644 campaigns/q4-live-oracle-20261006T040656Z/phase-b/strict-offline-provenance.json
 create mode 100644 campaigns/q4-live-oracle-20261006T040656Z/phase-c/32k-v2-pair1.completed.json
 create mode 100644 campaigns/q4-live-oracle-20261006T040656Z/phase-c/32k-v2-pair1.json
 create mode 100644 campaigns/q4-live-oracle-20261006T040656Z/phase-c/additional-tests-plan.json
 create mode 100644 campaigns/q4-live-oracle-20261006T040656Z/phase-c/final-matrix-v2-plan.json
 create mode 100644 campaigns/q4-live-oracle-20261006T040656Z/phase-c/final-matrix-v3-plan.json
 create mode 100644 campaigns/q4-live-oracle-20261006T040656Z/phase-c/final-remaining16-v2-plan.json
 create mode 100644 campaigns/q4-live-oracle-20261006T040656Z/phase-c/first-pair-v3.completed.json
 create mode 100644 campaigns/q4-live-oracle-20261006T040656Z/phase-c/first-pair-v3.json
 create mode 100644 campaigns/q4-live-oracle-20261006T040656Z/phase-c/independent-plan.json
 create mode 100644 campaigns/q4-live-oracle-20261006T040656Z/phase-c/independent-v3-checked-plan.completed.json
 create mode 100644 campaigns/q4-live-oracle-20261006T040656Z/phase-c/independent-v3-checked-plan.json
 create mode 100644 campaigns/q4-live-oracle-20261006T040656Z/phase-c/independent-v3-plan.json
 create mode 100644 campaigns/q4-live-oracle-20261006T040656Z/phase-c/independent-v3-summary.json
 create mode 100644 campaigns/q4-live-oracle-20261006T040656Z/phase-c/matrix-plan.json
 create mode 100644 campaigns/q4-live-oracle-20261006T040656Z/phase-c/remaining16-v3.completed.json
 create mode 100644 campaigns/q4-live-oracle-20261006T040656Z/phase-c/remaining16-v3.json
 create mode 100644 campaigns/q4-live-oracle-20261006T040656Z/phase-c/report.md
 create mode 100644 campaigns/q4-live-oracle-20261006T040656Z/phase-c/short64-v3-plan.completed.json
 create mode 100644 campaigns/q4-live-oracle-20261006T040656Z/phase-c/short64-v3-plan.json
 create mode 100644 campaigns/q4-live-oracle-20261006T040656Z/phase-c/short64-v3-summary.json
 create mode 100644 campaigns/q4-live-oracle-20261006T040656Z/plans/README.md
 create mode 100644 campaigns/q4-live-oracle-20261006T040656Z/report.md
 create mode 100644 campaigns/q4-live-oracle-20261006T040656Z/requirements-plotting.txt
 create mode 100644 campaigns/q4-live-oracle-20261006T040656Z/scripts/aggregate.py
 create mode 100644 campaigns/q4-live-oracle-20261006T040656Z/scripts/bounded_batch.py
 create mode 100644 campaigns/q4-live-oracle-20261006T040656Z/scripts/build.py
 create mode 100644 campaigns/q4-live-oracle-20261006T040656Z/scripts/build_existing.py
 create mode 100755 campaigns/q4-live-oracle-20261006T040656Z/scripts/build_fnv.sh
 create mode 100644 campaigns/q4-live-oracle-20261006T040656Z/scripts/cleanup.py
 create mode 100644 campaigns/q4-live-oracle-20261006T040656Z/scripts/event_diagnostics.py
 create mode 100644 campaigns/q4-live-oracle-20261006T040656Z/scripts/extra_summary.py
 create mode 100644 campaigns/q4-live-oracle-20261006T040656Z/scripts/fidelity.py
 create mode 100644 campaigns/q4-live-oracle-20261006T040656Z/scripts/final_audit.py
 create mode 100644 campaigns/q4-live-oracle-20261006T040656Z/scripts/finalize_phase_reports.py
 create mode 100644 campaigns/q4-live-oracle-20261006T040656Z/scripts/fnv64.cpp
 create mode 100644 campaigns/q4-live-oracle-20261006T040656Z/scripts/freeze_launchers.py
 create mode 100644 campaigns/q4-live-oracle-20261006T040656Z/scripts/inspect_oracle.py
 create mode 100644 campaigns/q4-live-oracle-20261006T040656Z/scripts/inventory.py
 create mode 100644 campaigns/q4-live-oracle-20261006T040656Z/scripts/lab.py
 create mode 100644 campaigns/q4-live-oracle-20261006T040656Z/scripts/laboratory_handoff.py
 create mode 100644 campaigns/q4-live-oracle-20261006T040656Z/scripts/launcher_audit.py
 create mode 100644 campaigns/q4-live-oracle-20261006T040656Z/scripts/normal_control.py
 create mode 100644 campaigns/q4-live-oracle-20261006T040656Z/scripts/offline.cpp
 create mode 100644 campaigns/q4-live-oracle-20261006T040656Z/scripts/oracle-design-v1.md
 create mode 100644 campaigns/q4-live-oracle-20261006T040656Z/scripts/oracle_header.txt
 create mode 100644 campaigns/q4-live-oracle-20261006T040656Z/scripts/patch_attention_v2.py
 create mode 100644 campaigns/q4-live-oracle-20261006T040656Z/scripts/patch_oracle.py
 create mode 100644 campaigns/q4-live-oracle-20261006T040656Z/scripts/patch_replay.py
 create mode 100644 campaigns/q4-live-oracle-20261006T040656Z/scripts/patch_state_v3.py
 create mode 100644 campaigns/q4-live-oracle-20261006T040656Z/scripts/persistent_lifetimes.py
 create mode 100644 campaigns/q4-live-oracle-20261006T040656Z/scripts/plots.py
 create mode 100644 campaigns/q4-live-oracle-20261006T040656Z/scripts/progression.py
 create mode 100644 campaigns/q4-live-oracle-20261006T040656Z/scripts/q4_multigpu.py
 create mode 100644 campaigns/q4-live-oracle-20261006T040656Z/scripts/record_schema_manifest.py
 create mode 100644 campaigns/q4-live-oracle-20261006T040656Z/scripts/record_ui_metrics.py
 create mode 100755 campaigns/q4-live-oracle-20261006T040656Z/scripts/refresh_audits.py
 create mode 100644 campaigns/q4-live-oracle-20261006T040656Z/scripts/render_report.py
 create mode 100644 campaigns/q4-live-oracle-20261006T040656Z/scripts/reproduce.py
 create mode 100644 campaigns/q4-live-oracle-20261006T040656Z/scripts/residual_misses.py
 create mode 100644 campaigns/q4-live-oracle-20261006T040656Z/scripts/run_offline.py
 create mode 100644 campaigns/q4-live-oracle-20261006T040656Z/scripts/runner.py
 create mode 100644 campaigns/q4-live-oracle-20261006T040656Z/scripts/runner_oracle_patch.py
 create mode 100644 campaigns/q4-live-oracle-20261006T040656Z/scripts/serve_capture.py
 create mode 100644 campaigns/q4-live-oracle-20261006T040656Z/scripts/snapshot_environment.py
 create mode 100644 campaigns/q4-live-oracle-20261006T040656Z/scripts/state_header.txt
 create mode 100644 campaigns/q4-live-oracle-20261006T040656Z/scripts/strict_offline.py
 create mode 100644 campaigns/q4-live-oracle-20261006T040656Z/scripts/system_metrics.py
 create mode 100644 campaigns/q4-live-oracle-20261006T040656Z/scripts/tape.py
 create mode 100644 campaigns/q4-live-oracle-20261006T040656Z/scripts/templates-oracle-note.txt
 create mode 100644 campaigns/q4-live-oracle-20261006T040656Z/scripts/test_attention.py
 create mode 100644 campaigns/q4-live-oracle-20261006T040656Z/scripts/test_oracle_fixture.py
 create mode 100644 campaigns/q4-live-oracle-20261006T040656Z/scripts/test_state.py
 create mode 100644 campaigns/q4-live-oracle-20261006T040656Z/scripts/upgrade_reader_v2.py
 create mode 100644 campaigns/q4-live-oracle-20261006T040656Z/scripts/verify_model.py
 create mode 100644 campaigns/q4-live-oracle-20261006T040656Z/summary.csv
 create mode 100644 campaigns/q4-live-oracle-20261006T040656Z/summary.json
 create mode 100644 campaigns/q4-live-oracle-20261006T040656Z/tapes/capture-128k-v2-manifest.json
 create mode 100644 campaigns/q4-live-oracle-20261006T040656Z/tapes/capture-256k-v2-manifest.json
 create mode 100644 campaigns/q4-live-oracle-20261006T040656Z/tapes/capture-32k-v1-manifest.json
 create mode 100644 campaigns/q4-live-oracle-20261006T040656Z/tapes/capture-32k-v2-manifest.json
 create mode 100644 campaigns/q4-live-oracle-20261006T040656Z/tapes/dev-record-v1-manifest.json
 create mode 100644 campaigns/q4-live-oracle-20261006T040656Z/tapes/schema.json
 create mode 100644 campaigns/q4-live-oracle-20261006T040656Z/tests/attention-v2/compile.json
 create mode 100644 campaigns/q4-live-oracle-20261006T040656Z/tests/attention-v2/result.json
 create mode 100644 campaigns/q4-live-oracle-20261006T040656Z/tests/attention_fixture.cpp
 create mode 100644 campaigns/q4-live-oracle-20261006T040656Z/tests/capture-32k-fidelity.json
 create mode 100644 campaigns/q4-live-oracle-20261006T040656Z/tests/capture-32k-v2-fidelity.json
 create mode 100644 campaigns/q4-live-oracle-20261006T040656Z/tests/common-current-32k-attempt1-fidelity.json
 create mode 100644 campaigns/q4-live-oracle-20261006T040656Z/tests/dev-record-fidelity.json
 create mode 100644 campaigns/q4-live-oracle-20261006T040656Z/tests/dev-replay-fidelity.json
 create mode 100644 campaigns/q4-live-oracle-20261006T040656Z/tests/full-replay-fidelity.json
 create mode 100644 campaigns/q4-live-oracle-20261006T040656Z/tests/launcher-checks/capture-128k-128k.log
 create mode 100644 campaigns/q4-live-oracle-20261006T040656Z/tests/launcher-checks/capture-256k-256k.log
 create mode 100644 campaigns/q4-live-oracle-20261006T040656Z/tests/launcher-checks/capture-32k-32k.log
 create mode 100644 campaigns/q4-live-oracle-20261006T040656Z/tests/launcher-checks/replay-current-128k-128k.log
 create mode 100644 campaigns/q4-live-oracle-20261006T040656Z/tests/launcher-checks/replay-current-256k-256k.log
 create mode 100644 campaigns/q4-live-oracle-20261006T040656Z/tests/launcher-checks/replay-current-32k-32k.log
 create mode 100644 campaigns/q4-live-oracle-20261006T040656Z/tests/launcher-checks/replay-full-128k-128k.log
 create mode 100644 campaigns/q4-live-oracle-20261006T040656Z/tests/launcher-checks/replay-full-256k-256k.log
 create mode 100644 campaigns/q4-live-oracle-20261006T040656Z/tests/launcher-checks/replay-full-32k-32k.log
 create mode 100644 campaigns/q4-live-oracle-20261006T040656Z/tests/launcher-checks/replay-short-128k-128k.log
 create mode 100644 campaigns/q4-live-oracle-20261006T040656Z/tests/launcher-checks/replay-short-256k-256k.log
 create mode 100644 campaigns/q4-live-oracle-20261006T040656Z/tests/launcher-checks/replay-short-32k-32k.log
 create mode 100644 campaigns/q4-live-oracle-20261006T040656Z/tests/launcher-checks/start-128k-128k.log
 create mode 100644 campaigns/q4-live-oracle-20261006T040656Z/tests/launcher-checks/start-256k-256k.log
 create mode 100644 campaigns/q4-live-oracle-20261006T040656Z/tests/launcher-checks/start-32k-32k.log
 create mode 100644 campaigns/q4-live-oracle-20261006T040656Z/tests/launcher-checks/summary.json
 create mode 100644 campaigns/q4-live-oracle-20261006T040656Z/tests/launcher-checks/validate-tape-128k.log
 create mode 100644 campaigns/q4-live-oracle-20261006T040656Z/tests/launcher-checks/validate-tape-256k.log
 create mode 100644 campaigns/q4-live-oracle-20261006T040656Z/tests/launcher-checks/validate-tape-32k.log
 create mode 100644 campaigns/q4-live-oracle-20261006T040656Z/tests/launcher-control-128k-check.log
 create mode 100644 campaigns/q4-live-oracle-20261006T040656Z/tests/launcher-control-256k-check.log
 create mode 100644 campaigns/q4-live-oracle-20261006T040656Z/tests/launcher-control-32k-check.log
 create mode 100644 campaigns/q4-live-oracle-20261006T040656Z/tests/native-suite-summary.json
 create mode 100644 campaigns/q4-live-oracle-20261006T040656Z/tests/native-suite.log
 create mode 100644 campaigns/q4-live-oracle-20261006T040656Z/tests/oracle-fixture/compile.json
 create mode 100644 campaigns/q4-live-oracle-20261006T040656Z/tests/oracle-fixture/output.log
 create mode 100644 campaigns/q4-live-oracle-20261006T040656Z/tests/oracle-fixture/owned-process.json
 create mode 100644 campaigns/q4-live-oracle-20261006T040656Z/tests/oracle-fixture/result.json
 create mode 100644 campaigns/q4-live-oracle-20261006T040656Z/tests/oracle-v2-targeted-native.log
 create mode 100644 campaigns/q4-live-oracle-20261006T040656Z/tests/oracle-v3-real-q4-parity.log
 create mode 100644 campaigns/q4-live-oracle-20261006T040656Z/tests/oracle_fixture.cpp
 create mode 100644 campaigns/q4-live-oracle-20261006T040656Z/tests/pilot-oracle-deadline-32k-fidelity.json
 create mode 100644 campaigns/q4-live-oracle-20261006T040656Z/tests/state_fixture.cpp
 create mode 100644 campaigns/q4-live-oracle-20261006T040656Z/tests/tape-test-v2.log
 create mode 100644 campaigns/q4-live-oracle-20261006T040656Z/tests/tape-test.log
 create mode 100644 campaigns/q4-live-oracle-20261006T040656Z/tests/test_tape.py
 create mode 100644 campaigns/q4-live-oracle-20261006T040656Z/tests/v3-state-fixture-v2/commands.json
 create mode 100644 campaigns/q4-live-oracle-20261006T040656Z/tests/v3-state-fixture-v2/compile.log
 create mode 100644 campaigns/q4-live-oracle-20261006T040656Z/tests/v3-state-fixture-v2/run.log
 create mode 100644 campaigns/q4-live-oracle-20261006T040656Z/tests/v3-state-fixture/commands.json
 create mode 100644 campaigns/q4-live-oracle-20261006T040656Z/tests/v3-state-fixture/compile.log
 create mode 100644 campaigns/q4-live-oracle-20261006T040656Z/tests/v3-state-fixture/state_fixture-compile-failure.cpp
