          iq3_xxs avx512 gate rows vs ggml vec_dot: rel 9.90e-08
          gate+up one token one thread: avx512 259 us (4.84 GB/s), ggml 206 us (6.09 GB/s)
          gate+up 3 tokens one thread: avx512 343 us vs ggml 3 x 206 us
          iq3_xxs avx2 gate rows vs ggml vec_dot: rel 3.26e-08
          gate+up one token one thread: avx2 195 us (6.44 GB/s), ggml 206 us (6.09 GB/s)
          gate+up 3 tokens one thread: avx2 259 us vs ggml 3 x 206 us
          width invariance (1 vs 3 tokens): gate/up 0, down 0 rows differ
          iq4_nl AVX-2 multi-token down vs ggml down: rel 1.01e-07
          down 3 tokens one thread: avx2 121 us (7.64 GB/s) vs ggml 165 us (5.58 GB/s)
          gpu decode-once vs per-entry kernels: bitwise equal
          GPU dequant vs ggml to_float: rel 0.00e+00, 0 of 4915200 values differ in any bit; fp16 of it: 0 differ; embedding rows: 0 of 640 differ
layer 0   iq3_xxs /iq4_nl  blob  2176000  cpu rel 1.30e-02  gpu rel 1.14e-02  cpu-gpu 1.39e-02  ok
          iq2_s avx512 gate rows vs ggml vec_dot: rel 9.84e-08
          gate+up one token one thread: avx512 197 us (5.32 GB/s), ggml 159 us (6.60 GB/s)
          gate+up 3 tokens one thread: avx512 246 us vs ggml 3 x 159 us
          iq2_s avx2 gate rows vs ggml vec_dot: rel 2.94e-08
          gate+up one token one thread: avx2 211 us (4.97 GB/s), ggml 159 us (6.60 GB/s)
          gate+up 3 tokens one thread: avx2 264 us vs ggml 3 x 159 us
          width invariance (1 vs 3 tokens): gate/up 0, down 0 rows differ
          q2_0 AVX-512 down vs ggml down: rel 2.25e-04
          gpu decode-once vs per-entry kernels: bitwise equal
          GPU dequant vs ggml to_float: rel 0.00e+00, 0 of 4915200 values differ in any bit; fp16 of it: 0 differ; embedding rows: 0 of 640 differ
layer 1   iq2_s   /q2_0    blob  1510400  cpu rel 1.31e-02  gpu rel 1.15e-02  cpu-gpu 1.51e-02  ok
          iq2_s avx512 gate rows vs ggml vec_dot: rel 1.00e-07
          gate+up one token one thread: avx512 200 us (5.26 GB/s), ggml 160 us (6.55 GB/s)
          gate+up 3 tokens one thread: avx512 244 us vs ggml 3 x 160 us
          iq2_s avx2 gate rows vs ggml vec_dot: rel 3.33e-08
          gate+up one token one thread: avx2 207 us (5.07 GB/s), ggml 160 us (6.55 GB/s)
          gate+up 3 tokens one thread: avx2 268 us vs ggml 3 x 160 us
          width invariance (1 vs 3 tokens): gate/up 0, down 0 rows differ
          iq4_nl AVX-2 multi-token down vs ggml down: rel 1.03e-07
          down 3 tokens one thread: avx2 122 us (7.58 GB/s) vs ggml 166 us (5.54 GB/s)
          gpu decode-once vs per-entry kernels: bitwise equal
          GPU dequant vs ggml to_float: rel 0.00e+00, 0 of 4915200 values differ in any bit; fp16 of it: 0 differ; embedding rows: 0 of 640 differ
layer 2   iq2_s   /iq4_nl  blob  1971200  cpu rel 1.31e-02  gpu rel 1.20e-02  cpu-gpu 1.52e-02  ok
          iq3_xxs avx512 gate rows vs ggml vec_dot: rel 9.55e-08
          gate+up one token one thread: avx512 262 us (4.79 GB/s), ggml 207 us (6.05 GB/s)
          gate+up 3 tokens one thread: avx512 361 us vs ggml 3 x 207 us
          iq3_xxs avx2 gate rows vs ggml vec_dot: rel 3.00e-08
          gate+up one token one thread: avx2 196 us (6.40 GB/s), ggml 207 us (6.05 GB/s)
          gate+up 3 tokens one thread: avx2 260 us vs ggml 3 x 207 us
          width invariance (1 vs 3 tokens): gate/up 0, down 0 rows differ
          q2_0 AVX-512 down vs ggml down: rel 1.82e-04
          gpu decode-once vs per-entry kernels: bitwise equal
          GPU dequant vs ggml to_float: rel 0.00e+00, 0 of 4915200 values differ in any bit; fp16 of it: 0 differ; embedding rows: 0 of 640 differ
layer 12  iq3_xxs /q2_0    blob  1715200  cpu rel 1.33e-02  gpu rel 1.19e-02  cpu-gpu 1.54e-02  ok
native_expert_parity: 0 failures
