concurrent.futures.process._RemoteTraceback: 
"""
Traceback (most recent call last):
  File "/usr/lib/python3.14/concurrent/futures/process.py", line 254, in _process_worker
    r = call_item.fn(*call_item.args, **call_item.kwargs)
  File "/usr/lib/python3.14/concurrent/futures/process.py", line 203, in _process_chunk
    return [fn(*args) for args in chunk]
            ~~^^^^^^^
  File "/home/user/DEV/rad-breakthrough/research/integer-mult-breakthrough/code/transfers/high_flux_selected_scan_adapter.py", line 245, in dispatch
    return payload_probe(task) if task is not None else complete_address_probe(None)
           ~~~~~~~~~~~~~^^^^^^
  File "/home/user/DEV/rad-breakthrough/research/integer-mult-breakthrough/code/transfers/high_flux_selected_scan_adapter.py", line 197, in payload_probe
    poly.require(witness is not None and no_last is not None, 'Omitted current-address repair and swap restoration must discriminate')
    ~~~~~~~~~~~~^^^^^^^^^^^^^^^^^^^^^^^^^^^^^^^^^^^^^^^^^^^^^^^^^^^^^^^^^^^^^^^^^^^^^^^^^^^^^^^^^^^^^^^^^^^^^^^^^^^^^^^^^^^^^^^^^^^^^^
  File "/home/user/DEV/rad-breakthrough/research/integer-mult-breakthrough/code/transfers/selected_fiber_scan_tapes.py", line 30, in require
    raise AssertionError(message)
AssertionError: Omitted current-address repair and swap restoration must discriminate
"""

The above exception was the direct cause of the following exception:

Traceback (most recent call last):
  File "/home/user/DEV/rad-breakthrough/research/integer-mult-breakthrough/code/transfers/high_flux_selected_scan_adapter.py", line 280, in <module>
    main()
    ~~~~^^
  File "/home/user/DEV/rad-breakthrough/research/integer-mult-breakthrough/code/transfers/high_flux_selected_scan_adapter.py", line 267, in main
    rows = list(pool.map(dispatch, tasks))
  File "/usr/lib/python3.14/concurrent/futures/process.py", line 617, in _chain_from_iterable_of_lists
    for element in iterable:
                   ^^^^^^^^
  File "/usr/lib/python3.14/concurrent/futures/_base.py", line 639, in result_iterator
    yield _result_or_cancel(fs.pop())
          ~~~~~~~~~~~~~~~~~^^^^^^^^^^
  File "/usr/lib/python3.14/concurrent/futures/_base.py", line 311, in _result_or_cancel
    return fut.result(timeout)
           ~~~~~~~~~~^^^^^^^^^
  File "/usr/lib/python3.14/concurrent/futures/_base.py", line 450, in result
    return self.__get_result()
           ~~~~~~~~~~~~~~~~~^^
  File "/usr/lib/python3.14/concurrent/futures/_base.py", line 395, in __get_result
    raise self._exception
AssertionError: Omitted current-address repair and swap restoration must discriminate
