E014-policy-off-guard battery 0 lse,
    "empty_answer": false,
    "output_sha256": "052c66565304d04d75b7e1fdec3c3357c473355068f998995bd72639d55fce51",
    "same_input_ids": true,
    "same_visible_output": true,
    "first_diverging_character": null
  },
  {
    "case": 7,
    "state": "VALID",
    "generated": 132,
    "finish_reason": "stop",
    "application_status": "STOPPED_WITH_ANSWER",
    "nonfinite_reported": false,
    "empty_answer": false,
    "output_sha256": "0a33f09e8c11aa4b28eab20a0f54bde2def33eecc80be2fb88d540348256e76f",
    "same_input_ids": true,
    "same_visible_output": true,
    "first_diverging_character": null
  },
  {
    "case": 8,
    "state": "VALID",
    "generated": 98,
    "finish_reason": "stop",
    "application_status": "STOPPED_WITH_ANSWER",
    "nonfinite_reported": false,
    "empty_answer": false,
    "output_sha256": "7ec9c22f9464545772e975489e016e3b630f5b1abac33f546bae15f6a096ec25",
    "same_input_ids": true,
    "same_visible_output": true,
    "first_diverging_character": null
  },
  {
    "case": 9,
    "state": "VALID",
    "generated": 18,
    "finish_reason": "stop",
    "application_status": "STOPPED_WITH_ANSWER",
    "nonfinite_reported": false,
    "empty_answer": false,
    "output_sha256": "8448cd5842a2428ec4addb0e30e56b89c828fa2724ca2f198873992d22f21a67",
    "same_input_ids": true,
    "same_visible_output": true,
    "first_diverging_character": null
  },
  {
    "case": 10,
    "state": "VALID",
    "generated": 27,
    "finish_reason": "stop",
    "application_status": "STOPPED_WITH_ANSWER",
    "nonfinite_reported": false,
    "empty_answer": false,
    "output_sha256": "a2d8fad7f44ee3ebaf08cd48c6804b450e77e6f156c978c1afbeefbc5ba539a7",
    "same_input_ids": true,
    "same_visible_output": true,
    "first_diverging_character": null
  }
]

E014-policy-off-guard known-ground-truth 0 {
  "state": "PASS",
  "checks": {
    "10cases_retained": true,
    "all_same_input_ids": true,
    "no_reported_nonfinite": true,
    "all_answers_nonempty": true,
    "product1776": true,
    "equationx8": true,
    "strict_JSON9": true,
    "strict_JSON10": true
  },
  "identical_visible_answers": 10,
  "limitations": "Ground-truth checks are narrow. All text differences remain for source/numerical diagnosis; noLLMjudge, quality ranking or universal parity claim."
}

E013-compatible-fast battery 0 lse,
    "empty_answer": false,
    "output_sha256": "70b6b3fa067a01ff9d48286c770614546454cb2c86f6cfaa757f7a8a11d83b7d",
    "same_input_ids": true,
    "same_visible_output": false,
    "first_diverging_character": 157
  },
  {
    "case": 7,
    "state": "VALID",
    "generated": 131,
    "finish_reason": "stop",
    "application_status": "STOPPED_WITH_ANSWER",
    "nonfinite_reported": false,
    "empty_answer": false,
    "output_sha256": "d11cb50725f33ffcfc4fb86d3424148d98f5303c7f2e71065f6ec7360dfea03d",
    "same_input_ids": true,
    "same_visible_output": false,
    "first_diverging_character": 144
  },
  {
    "case": 8,
    "state": "VALID",
    "generated": 100,
    "finish_reason": "stop",
    "application_status": "STOPPED_WITH_ANSWER",
    "nonfinite_reported": false,
    "empty_answer": false,
    "output_sha256": "3bec0e10955b290dbc49e15d15a52c25ce8978e348ddff28d9c45af72eacf6f5",
    "same_input_ids": true,
    "same_visible_output": false,
    "first_diverging_character": 42
  },
  {
    "case": 9,
    "state": "VALID",
    "generated": 18,
    "finish_reason": "stop",
    "application_status": "STOPPED_WITH_ANSWER",
    "nonfinite_reported": false,
    "empty_answer": false,
    "output_sha256": "8448cd5842a2428ec4addb0e30e56b89c828fa2724ca2f198873992d22f21a67",
    "same_input_ids": true,
    "same_visible_output": true,
    "first_diverging_character": null
  },
  {
    "case": 10,
    "state": "VALID",
    "generated": 27,
    "finish_reason": "stop",
    "application_status": "STOPPED_WITH_ANSWER",
    "nonfinite_reported": false,
    "empty_answer": false,
    "output_sha256": "a2d8fad7f44ee3ebaf08cd48c6804b450e77e6f156c978c1afbeefbc5ba539a7",
    "same_input_ids": true,
    "same_visible_output": true,
    "first_diverging_character": null
  }
]

E013-compatible-fast known-ground-truth 0 {
  "state": "PASS",
  "checks": {
    "10cases_retained": true,
    "all_same_input_ids": true,
    "no_reported_nonfinite": true,
    "all_answers_nonempty": true,
    "product1776": true,
    "equationx8": true,
    "strict_JSON9": true,
    "strict_JSON10": true
  },
  "identical_visible_answers": 5,
  "limitations": "Ground-truth checks are narrow. All text differences remain for source/numerical diagnosis; noLLMjudge, quality ranking or universal parity claim."
}

