{"status": "PASS exact aligned-counter phase scan; adapter/network separate", "seed": 209, "source_sha256": "508a1175e44186b28395b8985d243e63713368cec16eeb01b6a79969a40dba65", "complete_addresses": 457412, "elapsed_seconds": 1.4859384649898857}
	Command being timed: "python3 -B /srv/ai/research/research/integer-multiplication-bounds/code/quadratic_phase_counter.py --output /srv/ai/work/rad/integer-multiplication-bounds/20261007T222521Z/derived/20261008T032000Z-quadratic-phase-counter/certificate.json"
	User time (seconds): 1.46
	System time (seconds): 0.01
	Percent of CPU this job got: 94%
	Elapsed (wall clock) time (h:mm:ss or m:ss): 0:01.56
	Average shared text size (kbytes): 0
	Average unshared data size (kbytes): 0
	Average stack size (kbytes): 0
	Average total size (kbytes): 0
	Maximum resident set size (kbytes): 21096
	Average resident set size (kbytes): 0
	Major (requiring I/O) page faults: 0
	Minor (reclaiming a frame) page faults: 2585
	Voluntary context switches: 37
	Involuntary context switches: 92
	Swaps: 0
	File system inputs: 0
	File system outputs: 17
	Socket messages sent: 0
	Socket messages received: 0
	Signals delivered: 0
	Page size (bytes): 4096
	Exit status: 0
