{
  "state": "COMPLETE_MIXED",
  "comparisons": [
    {
      "profile": "32k",
      "median_delta_pct": {
        "PP": 0.25319126490135346,
        "TG": 1.4111610006414255,
        "TTFT_s": -0.39116521810903526,
        "wall_s": -1.2610347518361764
      },
      "capacity_identical": true,
      "paired": [
        {
          "run": 1,
          "same_input_ids": true,
          "same_output_hash": true,
          "first_diverging_visible_character": null,
          "reference_TG": 157.8,
          "candidate_TG": 166.0,
          "TG_delta_pct": 5.196451204055763,
          "MTP_acceptance_delta_pp": 0.0
        },
        {
          "run": 2,
          "same_input_ids": true,
          "same_output_hash": true,
          "first_diverging_visible_character": null,
          "reference_TG": 153.3,
          "candidate_TG": 155.9,
          "TG_delta_pct": 1.6960208741030547,
          "MTP_acceptance_delta_pp": 0.0
        },
        {
          "run": 3,
          "same_input_ids": true,
          "same_output_hash": true,
          "first_diverging_visible_character": null,
          "reference_TG": 155.9,
          "candidate_TG": 158.1,
          "TG_delta_pct": 1.4111610006414255,
          "MTP_acceptance_delta_pp": 0.0
        }
      ]
    },
    {
      "profile": "128k",
      "median_delta_pct": {
        "PP": 0.1403461872619305,
        "TG": 20.570570570570567,
        "TTFT_s": -0.2543869510984842,
        "wall_s": -13.749712593778462
      },
      "capacity_identical": true,
      "paired": [
        {
          "run": 1,
          "same_input_ids": true,
          "same_output_hash": true,
          "first_diverging_visible_character": null,
          "reference_TG": 133.2,
          "candidate_TG": 133.1,
          "TG_delta_pct": -0.07507507507507061,
          "MTP_acceptance_delta_pp": 0.0
        },
        {
          "run": 2,
          "same_input_ids": true,
          "same_output_hash": true,
          "first_diverging_visible_character": null,
          "reference_TG": 124.2,
          "candidate_TG": 160.6,
          "TG_delta_pct": 29.307568438003216,
          "MTP_acceptance_delta_pp": 0.0
        },
        {
          "run": 3,
          "same_input_ids": true,
          "same_output_hash": true,
          "first_diverging_visible_character": null,
          "reference_TG": 153.1,
          "candidate_TG": 163.0,
          "TG_delta_pct": 6.466361854996738,
          "MTP_acceptance_delta_pp": 0.0
        }
      ]
    }
  ]
}
