PASS independent changed logical 12 23760
PASS independent changed physical 12 3787
PASS independent changed logical 51 70471800
PASS independent changed physical 51 500703
	Command being timed: "timeout 300 /srv/ai/work/rad/integer-multiplication-bounds/20261007T222521Z/envs/math/bin/python -B /srv/ai/research/research/integer-multiplication-bounds/code/review_explicit_clone_witness_repair.py --reference /srv/ai/work/rad/integer-multiplication-bounds/20261007T222521Z/repos/upstream-reference --certificate /srv/ai/research/research/integer-multiplication-bounds/runs/20261008T050900Z-finite-clone-recovered51/results/certificate.json --plan /srv/ai/research/research/integer-multiplication-bounds/runs/20261008T051000Z-finite-clone-plan-export/results/selected-links.json --parent /srv/ai/work/rad/integer-multiplication-bounds/20261007T222521Z/derived/finite/20261008T041100Z-finite-odd-pair-refinement/cases/52ce3ca9416394668daacec55e648096fd419747f393391c9bfb7fdcd039f878.json --small-certificate /srv/ai/research/research/integer-multiplication-bounds/runs/20261008T050800Z-finite-clone-recovered-small/results/certificate.json --output /srv/ai/work/rad/integer-multiplication-bounds/20261007T222521Z/derived/20261008T051931Z-review-explicit-clone-repair/certificate.json"
	User time (seconds): 105.78
	System time (seconds): 2.21
	Percent of CPU this job got: 98%
	Elapsed (wall clock) time (h:mm:ss or m:ss): 1:49.27
	Average shared text size (kbytes): 0
	Average unshared data size (kbytes): 0
	Average stack size (kbytes): 0
	Average total size (kbytes): 0
	Maximum resident set size (kbytes): 3513216
	Average resident set size (kbytes): 0
	Major (requiring I/O) page faults: 161
	Minor (reclaiming a frame) page faults: 910617
	Voluntary context switches: 2469
	Involuntary context switches: 4079
	Swaps: 0
	File system inputs: 0
	File system outputs: 16
	Socket messages sent: 0
	Socket messages received: 0
	Signals delivered: 0
	Page size (bytes): 4096
	Exit status: 0
