          iq3_xxs avx512 gate rows vs ggml vec_dot: rel 9.90e-08
          gate+up one token one thread: avx512 420 us (2.99 GB/s), ggml 343 us (3.65 GB/s)
          gate+up 3 tokens one thread: avx512 546 us vs ggml 3 x 343 us
          iq3_xxs avx2 gate rows vs ggml vec_dot: rel 3.26e-08
          gate+up one token one thread: avx2 322 us (3.90 GB/s), ggml 343 us (3.65 GB/s)
          gate+up 3 tokens one thread: avx2 439 us vs ggml 3 x 343 us
          width invariance (1 vs 3 tokens): gate/up 0, down 0 rows differ
          iq4_nl AVX-2 multi-token down vs ggml down: rel 1.01e-07
          down 3 tokens one thread: avx2 192 us (4.80 GB/s) vs ggml 266 us (3.46 GB/s)
          gpu decode-once vs per-entry kernels: bitwise equal
          GPU dequant vs ggml to_float: rel 0.00e+00, 0 of 4915200 values differ in any bit; fp16 of it: 0 differ; embedding rows: 0 of 640 differ
layer 0   iq3_xxs /iq4_nl  blob  2176000  cpu rel 1.30e-02  gpu rel 1.14e-02  cpu-gpu 1.39e-02  ok
          iq2_s avx512 gate rows vs ggml vec_dot: rel 9.84e-08
          gate+up one token one thread: avx512 325 us (3.23 GB/s), ggml 253 us (4.15 GB/s)
          gate+up 3 tokens one thread: avx512 404 us vs ggml 3 x 253 us
          iq2_s avx2 gate rows vs ggml vec_dot: rel 2.94e-08
          gate+up one token one thread: avx2 322 us (3.26 GB/s), ggml 253 us (4.15 GB/s)
          gate+up 3 tokens one thread: avx2 434 us vs ggml 3 x 253 us
          width invariance (1 vs 3 tokens): gate/up 0, down 0 rows differ
          q2_0 AVX-512 down vs ggml down: rel 2.25e-04
          gpu decode-once vs per-entry kernels: bitwise equal
          GPU dequant vs ggml to_float: rel 0.00e+00, 0 of 4915200 values differ in any bit; fp16 of it: 0 differ; embedding rows: 0 of 640 differ
layer 1   iq2_s   /q2_0    blob  1510400  cpu rel 1.31e-02  gpu rel 1.15e-02  cpu-gpu 1.51e-02  ok
          iq2_s avx512 gate rows vs ggml vec_dot: rel 1.00e-07
          gate+up one token one thread: avx512 320 us (3.28 GB/s), ggml 266 us (3.95 GB/s)
          gate+up 3 tokens one thread: avx512 410 us vs ggml 3 x 266 us
          iq2_s avx2 gate rows vs ggml vec_dot: rel 3.33e-08
          gate+up one token one thread: avx2 325 us (3.23 GB/s), ggml 266 us (3.95 GB/s)
          gate+up 3 tokens one thread: avx2 409 us vs ggml 3 x 266 us
          width invariance (1 vs 3 tokens): gate/up 0, down 0 rows differ
          iq4_nl AVX-2 multi-token down vs ggml down: rel 1.03e-07
          down 3 tokens one thread: avx2 228 us (4.03 GB/s) vs ggml 303 us (3.04 GB/s)
          gpu decode-once vs per-entry kernels: bitwise equal
          GPU dequant vs ggml to_float: rel 0.00e+00, 0 of 4915200 values differ in any bit; fp16 of it: 0 differ; embedding rows: 0 of 640 differ
layer 2   iq2_s   /iq4_nl  blob  1971200  cpu rel 1.31e-02  gpu rel 1.20e-02  cpu-gpu 1.52e-02  ok
          iq3_xxs avx512 gate rows vs ggml vec_dot: rel 9.55e-08
          gate+up one token one thread: avx512 421 us (2.98 GB/s), ggml 325 us (3.86 GB/s)
          gate+up 3 tokens one thread: avx512 567 us vs ggml 3 x 325 us
          iq3_xxs avx2 gate rows vs ggml vec_dot: rel 3.00e-08
          gate+up one token one thread: avx2 325 us (3.86 GB/s), ggml 325 us (3.86 GB/s)
          gate+up 3 tokens one thread: avx2 431 us vs ggml 3 x 325 us
          width invariance (1 vs 3 tokens): gate/up 0, down 0 rows differ
          q2_0 AVX-512 down vs ggml down: rel 1.82e-04
          gpu decode-once vs per-entry kernels: bitwise equal
          GPU dequant vs ggml to_float: rel 0.00e+00, 0 of 4915200 values differ in any bit; fp16 of it: 0 differ; embedding rows: 0 of 640 differ
layer 12  iq3_xxs /q2_0    blob  1715200  cpu rel 1.33e-02  gpu rel 1.19e-02  cpu-gpu 1.54e-02  ok
native_expert_parity: 0 failures
