PASS conservative original 15912509343033744141080930301109/5000000000000000000000000000000000000000 40 strict conditions
PASS conservative balanced 31825018787350863223873358939963/10000000000000000000000000000000000000000 40 strict conditions
PASS tight original 31825109738378631871480198698537/10000000000000000000000000000000000000000 40 strict conditions
PASS tight balanced 31825109839662393179801123581271/10000000000000000000000000000000000000000 41 strict conditions
	Command being timed: "python3 -B /srv/ai/research/research/integer-multiplication-bounds/code/review_semantic_bulk_assembly.py --certificate /srv/ai/research/research/integer-multiplication-bounds/runs/20261008T024753Z-downstream-semantic-bulk472985/results/certificate.json --generic-compact /srv/ai/research/research/integer-multiplication-bounds/runs/20261008T021722Z-downstream-generic-compact472985/results/certificate.json --bit-review /srv/ai/research/research/integer-multiplication-bounds/runs/20261008T021221Z-review-singleton-structured450/results/certificate.json --reference /srv/ai/work/rad/integer-multiplication-bounds/20261007T222521Z/repos/upstream-compact-control-6e564879 --complex-review /srv/ai/research/research/integer-multiplication-bounds/runs/20261008T013158Z-review-complex28/results/independent-audit.json --complex-candidate /srv/ai/research/research/integer-multiplication-bounds/runs/20261008T013158Z-review-complex28/results/producer-copy.json --calibration /srv/ai/research/research/integer-multiplication-bounds/runs/20261008T004215Z-review-complex-transfer/results/small-binary-independent.json --output /srv/ai/work/rad/integer-multiplication-bounds/20261007T222521Z/derived/review/20261008T032240Z-review-semantic-bulk472985/certificate.json"
	User time (seconds): 0.05
	System time (seconds): 0.01
	Percent of CPU this job got: 80%
	Elapsed (wall clock) time (h:mm:ss or m:ss): 0:00.08
	Average shared text size (kbytes): 0
	Average unshared data size (kbytes): 0
	Average stack size (kbytes): 0
	Average total size (kbytes): 0
	Maximum resident set size (kbytes): 23748
	Average resident set size (kbytes): 0
	Major (requiring I/O) page faults: 0
	Minor (reclaiming a frame) page faults: 3576
	Voluntary context switches: 306
	Involuntary context switches: 34
	Swaps: 0
	File system inputs: 0
	File system outputs: 104
	Socket messages sent: 0
	Socket messages received: 0
	Signals delivered: 0
	Page size (bytes): 4096
	Exit status: 0
