PASS complete small address rectangles 139264
PASS adversarial guards 207360
	Command being timed: "python3 -B research/integer-multiplication-bounds/code/review_compact_controls.py --reference /srv/ai/work/rad/integer-multiplication-bounds/20261007T222521Z/repos/upstream-compact-control-6e564879 --output /srv/ai/work/rad/integer-multiplication-bounds/20261007T222521Z/derived/review/20261008T012900Z-review-compact-controls/certificate.json"
	User time (seconds): 26.04
	System time (seconds): 0.03
	Percent of CPU this job got: 93%
	Elapsed (wall clock) time (h:mm:ss or m:ss): 0:27.92
	Average shared text size (kbytes): 0
	Average unshared data size (kbytes): 0
	Average stack size (kbytes): 0
	Average total size (kbytes): 0
	Maximum resident set size (kbytes): 36764
	Average resident set size (kbytes): 0
	Major (requiring I/O) page faults: 0
	Minor (reclaiming a frame) page faults: 11607
	Voluntary context switches: 116
	Involuntary context switches: 1667
	Swaps: 0
	File system inputs: 0
	File system outputs: 7
	Socket messages sent: 0
	Socket messages received: 0
	Signals delivered: 0
	Page size (bytes): 4096
	Exit status: 0
