{"checked_bridge_outputs": 3272, "complex_counts": {"D": 18030055680, "L": 26143580736, "N": 35158608576, "R": 97586, "W": 2165559937632, "eta": "15/39549272", "h": 28, "m": 21952, "s": 47538353720841984, "v": 3276}, "counts_input_sha256": "85b5fbef03f27f8508c0960775bceba1dd6d0b4ab6cf368ebf0722a0284a42f6", "elapsed_seconds": 0.17611827899236232, "excess_over_Wm": 192921595776, "extra_to_deficit": "117/10", "lower_triangular_noncommutation": {"first_then_second": 7, "input": 1, "second_then_first": 3}, "mixed_basis_gate_counterexample": {"f": 1, "input": [[1, 0], [0, 0]], "wrong_output": [[2, 0], [2, 0]]}, "normalized_growth_relative_to_m": "79098865/79098544", "rank_deficit": 18030055680, "scope": "No optimized joint-basis compiler or universal movement lower bound inferred", "seed": 613, "source_sha256": "51e0ef1564a1c3c89b49594035fd7027576b31401ecd92d6ebe3c6e7e70c4a28", "status": "PASS exact bridge and cancellation controls; scoped uncancelled compiler negative", "uncancelled_extra_children": 210951651456}
	Command being timed: "python3 -B /srv/ai/research/research/integer-multiplication-bounds/code/review_walsh_bridge.py --counts /srv/ai/research/research/integer-multiplication-bounds/runs/20261008T031101Z-downstream-semantic-bulk472885/results/certificate.json --output /srv/ai/work/rad/integer-multiplication-bounds/20261007T222521Z/derived/review/20261008T035308Z-review-walsh-bridge/certificate.json"
	User time (seconds): 0.11
	System time (seconds): 0.01
	Percent of CPU this job got: 46%
	Elapsed (wall clock) time (h:mm:ss or m:ss): 0:00.27
	Average shared text size (kbytes): 0
	Average unshared data size (kbytes): 0
	Average stack size (kbytes): 0
	Average total size (kbytes): 0
	Maximum resident set size (kbytes): 22328
	Average resident set size (kbytes): 0
	Major (requiring I/O) page faults: 0
	Minor (reclaiming a frame) page faults: 3096
	Voluntary context switches: 51
	Involuntary context switches: 34
	Swaps: 0
	File system inputs: 0
	File system outputs: 8
	Socket messages sent: 0
	Socket messages received: 0
	Signals delivered: 0
	Page size (bytes): 4096
	Exit status: 0
