[q4-conditional-admission-20261006T010859Z ffc929a] Complete Q4 conditional admission v3: efficient gating, timing attribution unresolved
 185 files changed, 291855 insertions(+), 304 deletions(-)
 create mode 100644 campaigns/q4-conditional-admission-20261006T010859Z/README.md
 create mode 100644 campaigns/q4-conditional-admission-20261006T010859Z/analysis/contiguous-holdout-audit.json
 create mode 100644 campaigns/q4-conditional-admission-20261006T010859Z/analysis/diagnostic-ablations.json
 create mode 100644 campaigns/q4-conditional-admission-20261006T010859Z/analysis/diagnostic-failure-reasons.csv
 create mode 100644 campaigns/q4-conditional-admission-20261006T010859Z/analysis/diagnostic-failure-reasons.json
 create mode 100644 campaigns/q4-conditional-admission-20261006T010859Z/analysis/final-audit.json
 create mode 100644 campaigns/q4-conditional-admission-20261006T010859Z/analysis/independent-code-checkpoint.json
 create mode 100644 campaigns/q4-conditional-admission-20261006T010859Z/analysis/independent-live.json
 create mode 100644 campaigns/q4-conditional-admission-20261006T010859Z/analysis/independent-within-policy-stability.json
 create mode 100644 campaigns/q4-conditional-admission-20261006T010859Z/analysis/launcher-smokes.json
 create mode 100644 campaigns/q4-conditional-admission-20261006T010859Z/analysis/live-cells.json
 create mode 100644 campaigns/q4-conditional-admission-20261006T010859Z/analysis/live-paired-ratios.json
 create mode 100644 campaigns/q4-conditional-admission-20261006T010859Z/analysis/live-pairs.json
 create mode 100644 campaigns/q4-conditional-admission-20261006T010859Z/analysis/live-records.json
 create mode 100644 campaigns/q4-conditional-admission-20261006T010859Z/analysis/off-speed-guard.json
 create mode 100644 campaigns/q4-conditional-admission-20261006T010859Z/analysis/plots/runtime.png
 create mode 100644 campaigns/q4-conditional-admission-20261006T010859Z/analysis/plots/runtime.svg
 create mode 100644 campaigns/q4-conditional-admission-20261006T010859Z/analysis/reported-timing-costs.json
 create mode 100644 campaigns/q4-conditional-admission-20261006T010859Z/datasets/feature-definitions.md
 create mode 100644 campaigns/q4-conditional-admission-20261006T010859Z/decision-deployment-draft.json
 create mode 100644 campaigns/q4-conditional-admission-20261006T010859Z/decision.json
 create mode 100644 campaigns/q4-conditional-admission-20261006T010859Z/diagnostics/conditional-off-clean/32k/config.json
 create mode 100644 campaigns/q4-conditional-admission-20261006T010859Z/diagnostics/conditional-off-clean/32k/logs/engine.log
 create mode 100644 campaigns/q4-conditional-admission-20261006T010859Z/diagnostics/conditional-off-clean/32k/logs/server.log
 create mode 100644 campaigns/q4-conditional-admission-20261006T010859Z/diagnostics/conditional-off-clean/32k/process.json
 create mode 100644 campaigns/q4-conditional-admission-20261006T010859Z/diagnostics/conditional-off-clean/32k/raw/engine-commands.json
 create mode 100644 campaigns/q4-conditional-admission-20261006T010859Z/diagnostics/conditional-off-clean/32k/raw/native-process.json
 create mode 100644 campaigns/q4-conditional-admission-20261006T010859Z/diagnostics/conditional-off-clean/32k/raw/output-ids-input-request1.json
 create mode 100644 campaigns/q4-conditional-admission-20261006T010859Z/diagnostics/conditional-off-clean/32k/raw/output-ids-input-request2.json
 create mode 100644 campaigns/q4-conditional-admission-20261006T010859Z/diagnostics/conditional-off-clean/32k/raw/output-ids-request1.json
 create mode 100644 campaigns/q4-conditional-admission-20261006T010859Z/diagnostics/conditional-off-clean/32k/raw/output-ids-request2.json
 create mode 100644 campaigns/q4-conditional-admission-20261006T010859Z/diagnostics/conditional-off-clean/32k/raw/resource-check.json
 create mode 100644 campaigns/q4-conditional-admission-20261006T010859Z/diagnostics/conditional-off-clean/32k/raw/run-engine.log
 create mode 100644 campaigns/q4-conditional-admission-20261006T010859Z/diagnostics/conditional-off-clean/32k/raw/run-metrics.json
 create mode 100644 campaigns/q4-conditional-admission-20261006T010859Z/diagnostics/conditional-off-clean/32k/raw/run-request.json
 create mode 100644 campaigns/q4-conditional-admission-20261006T010859Z/diagnostics/conditional-off-clean/32k/raw/run-response.txt
 create mode 100644 campaigns/q4-conditional-admission-20261006T010859Z/diagnostics/conditional-off-clean/32k/raw/run-status.json
 create mode 100644 campaigns/q4-conditional-admission-20261006T010859Z/diagnostics/conditional-off-clean/32k/raw/run-stream.json
 create mode 100644 campaigns/q4-conditional-admission-20261006T010859Z/diagnostics/conditional-off-clean/32k/raw/run.json
 create mode 100644 campaigns/q4-conditional-admission-20261006T010859Z/diagnostics/conditional-off-clean/32k/raw/startup.json
 create mode 100644 campaigns/q4-conditional-admission-20261006T010859Z/diagnostics/conditional-off-clean/32k/raw/warmup-engine.log
 create mode 100644 campaigns/q4-conditional-admission-20261006T010859Z/diagnostics/conditional-off-clean/32k/raw/warmup-metrics.json
 create mode 100644 campaigns/q4-conditional-admission-20261006T010859Z/diagnostics/conditional-off-clean/32k/raw/warmup-request.json
 create mode 100644 campaigns/q4-conditional-admission-20261006T010859Z/diagnostics/conditional-off-clean/32k/raw/warmup-response.txt
 create mode 100644 campaigns/q4-conditional-admission-20261006T010859Z/diagnostics/conditional-off-clean/32k/raw/warmup-status.json
 create mode 100644 campaigns/q4-conditional-admission-20261006T010859Z/diagnostics/conditional-off-clean/32k/raw/warmup-stream.json
 create mode 100644 campaigns/q4-conditional-admission-20261006T010859Z/diagnostics/conditional-off-clean/32k/raw/warmup.json
 create mode 100644 campaigns/q4-conditional-admission-20261006T010859Z/diagnostics/conditional-off-clean/32k/results.json
 create mode 100644 campaigns/q4-conditional-admission-20261006T010859Z/diagnostics/conditional-off-clean/32k/telemetry/pcie-dmon.log
 create mode 100644 campaigns/q4-conditional-admission-20261006T010859Z/diagnostics/conditional-off-clean/32k/telemetry/run.jsonl
 create mode 100644 campaigns/q4-conditional-admission-20261006T010859Z/diagnostics/conditional-off-clean/32k/telemetry/startup.jsonl
 create mode 100644 campaigns/q4-conditional-admission-20261006T010859Z/diagnostics/conditional-off-clean/32k/telemetry/warmup.jsonl
 create mode 100644 campaigns/q4-conditional-admission-20261006T010859Z/diagnostics/conditional/32k/config.json
 create mode 100644 campaigns/q4-conditional-admission-20261006T010859Z/diagnostics/conditional/32k/events-request1.jsonl
 create mode 100644 campaigns/q4-conditional-admission-20261006T010859Z/diagnostics/conditional/32k/events-request2.jsonl
 create mode 100644 campaigns/q4-conditional-admission-20261006T010859Z/diagnostics/conditional/32k/logs/engine.log
 create mode 100644 campaigns/q4-conditional-admission-20261006T010859Z/diagnostics/conditional/32k/logs/server.log
 create mode 100644 campaigns/q4-conditional-admission-20261006T010859Z/diagnostics/conditional/32k/process.json
 create mode 100644 campaigns/q4-conditional-admission-20261006T010859Z/diagnostics/conditional/32k/raw/engine-commands.json
 create mode 100644 campaigns/q4-conditional-admission-20261006T010859Z/diagnostics/conditional/32k/raw/native-process.json
 create mode 100644 campaigns/q4-conditional-admission-20261006T010859Z/diagnostics/conditional/32k/raw/output-ids-input-request1.json
 create mode 100644 campaigns/q4-conditional-admission-20261006T010859Z/diagnostics/conditional/32k/raw/output-ids-input-request2.json
 create mode 100644 campaigns/q4-conditional-admission-20261006T010859Z/diagnostics/conditional/32k/raw/output-ids-request1.json
 create mode 100644 campaigns/q4-conditional-admission-20261006T010859Z/diagnostics/conditional/32k/raw/output-ids-request2.json
 create mode 100644 campaigns/q4-conditional-admission-20261006T010859Z/diagnostics/conditional/32k/raw/resource-check.json
 create mode 100644 campaigns/q4-conditional-admission-20261006T010859Z/diagnostics/conditional/32k/raw/run-engine.log
 create mode 100644 campaigns/q4-conditional-admission-20261006T010859Z/diagnostics/conditional/32k/raw/run-metrics.json
 create mode 100644 campaigns/q4-conditional-admission-20261006T010859Z/diagnostics/conditional/32k/raw/run-request.json
 create mode 100644 campaigns/q4-conditional-admission-20261006T010859Z/diagnostics/conditional/32k/raw/run-response.txt
 create mode 100644 campaigns/q4-conditional-admission-20261006T010859Z/diagnostics/conditional/32k/raw/run-status.json
 create mode 100644 campaigns/q4-conditional-admission-20261006T010859Z/diagnostics/conditional/32k/raw/run-stream.json
 create mode 100644 campaigns/q4-conditional-admission-20261006T010859Z/diagnostics/conditional/32k/raw/run.json
 create mode 100644 campaigns/q4-conditional-admission-20261006T010859Z/diagnostics/conditional/32k/raw/startup.json
 create mode 100644 campaigns/q4-conditional-admission-20261006T010859Z/diagnostics/conditional/32k/raw/warmup-engine.log
 create mode 100644 campaigns/q4-conditional-admission-20261006T010859Z/diagnostics/conditional/32k/raw/warmup-metrics.json
 create mode 100644 campaigns/q4-conditional-admission-20261006T010859Z/diagnostics/conditional/32k/raw/warmup-request.json
 create mode 100644 campaigns/q4-conditional-admission-20261006T010859Z/diagnostics/conditional/32k/raw/warmup-response.txt
 create mode 100644 campaigns/q4-conditional-admission-20261006T010859Z/diagnostics/conditional/32k/raw/warmup-status.json
 create mode 100644 campaigns/q4-conditional-admission-20261006T010859Z/diagnostics/conditional/32k/raw/warmup-stream.json
 create mode 100644 campaigns/q4-conditional-admission-20261006T010859Z/diagnostics/conditional/32k/raw/warmup.json
 create mode 100644 campaigns/q4-conditional-admission-20261006T010859Z/diagnostics/conditional/32k/results.json
 create mode 100644 campaigns/q4-conditional-admission-20261006T010859Z/diagnostics/conditional/32k/telemetry/pcie-dmon.log
 create mode 100644 campaigns/q4-conditional-admission-20261006T010859Z/diagnostics/conditional/32k/telemetry/run.jsonl
 create mode 100644 campaigns/q4-conditional-admission-20261006T010859Z/diagnostics/conditional/32k/telemetry/startup.jsonl
 create mode 100644 campaigns/q4-conditional-admission-20261006T010859Z/diagnostics/conditional/32k/telemetry/warmup.jsonl
 create mode 100644 campaigns/q4-conditional-admission-20261006T010859Z/diagnostics/reactive-only/32k/config.json
 create mode 100644 campaigns/q4-conditional-admission-20261006T010859Z/diagnostics/reactive-only/32k/events-request1.jsonl
 create mode 100644 campaigns/q4-conditional-admission-20261006T010859Z/diagnostics/reactive-only/32k/events-request2.jsonl
 create mode 100644 campaigns/q4-conditional-admission-20261006T010859Z/diagnostics/reactive-only/32k/logs/engine.log
 create mode 100644 campaigns/q4-conditional-admission-20261006T010859Z/diagnostics/reactive-only/32k/logs/server.log
 create mode 100644 campaigns/q4-conditional-admission-20261006T010859Z/diagnostics/reactive-only/32k/process.json
 create mode 100644 campaigns/q4-conditional-admission-20261006T010859Z/diagnostics/reactive-only/32k/raw/engine-commands.json
 create mode 100644 campaigns/q4-conditional-admission-20261006T010859Z/diagnostics/reactive-only/32k/raw/native-process.json
 create mode 100644 campaigns/q4-conditional-admission-20261006T010859Z/diagnostics/reactive-only/32k/raw/output-ids-input-request1.json
 create mode 100644 campaigns/q4-conditional-admission-20261006T010859Z/diagnostics/reactive-only/32k/raw/output-ids-input-request2.json
 create mode 100644 campaigns/q4-conditional-admission-20261006T010859Z/diagnostics/reactive-only/32k/raw/output-ids-request1.json
 create mode 100644 campaigns/q4-conditional-admission-20261006T010859Z/diagnostics/reactive-only/32k/raw/output-ids-request2.json
 create mode 100644 campaigns/q4-conditional-admission-20261006T010859Z/diagnostics/reactive-only/32k/raw/resource-check.json
 create mode 100644 campaigns/q4-conditional-admission-20261006T010859Z/diagnostics/reactive-only/32k/raw/run-engine.log
 create mode 100644 campaigns/q4-conditional-admission-20261006T010859Z/diagnostics/reactive-only/32k/raw/run-metrics.json
 create mode 100644 campaigns/q4-conditional-admission-20261006T010859Z/diagnostics/reactive-only/32k/raw/run-request.json
 create mode 100644 campaigns/q4-conditional-admission-20261006T010859Z/diagnostics/reactive-only/32k/raw/run-response.txt
 create mode 100644 campaigns/q4-conditional-admission-20261006T010859Z/diagnostics/reactive-only/32k/raw/run-status.json
 create mode 100644 campaigns/q4-conditional-admission-20261006T010859Z/diagnostics/reactive-only/32k/raw/run-stream.json
 create mode 100644 campaigns/q4-conditional-admission-20261006T010859Z/diagnostics/reactive-only/32k/raw/run.json
 create mode 100644 campaigns/q4-conditional-admission-20261006T010859Z/diagnostics/reactive-only/32k/raw/startup.json
 create mode 100644 campaigns/q4-conditional-admission-20261006T010859Z/diagnostics/reactive-only/32k/raw/warmup-engine.log
 create mode 100644 campaigns/q4-conditional-admission-20261006T010859Z/diagnostics/reactive-only/32k/raw/warmup-metrics.json
 create mode 100644 campaigns/q4-conditional-admission-20261006T010859Z/diagnostics/reactive-only/32k/raw/warmup-request.json
 create mode 100644 campaigns/q4-conditional-admission-20261006T010859Z/diagnostics/reactive-only/32k/raw/warmup-response.txt
 create mode 100644 campaigns/q4-conditional-admission-20261006T010859Z/diagnostics/reactive-only/32k/raw/warmup-status.json
 create mode 100644 campaigns/q4-conditional-admission-20261006T010859Z/diagnostics/reactive-only/32k/raw/warmup-stream.json
 create mode 100644 campaigns/q4-conditional-admission-20261006T010859Z/diagnostics/reactive-only/32k/raw/warmup.json
 create mode 100644 campaigns/q4-conditional-admission-20261006T010859Z/diagnostics/reactive-only/32k/results.json
 create mode 100644 campaigns/q4-conditional-admission-20261006T010859Z/diagnostics/reactive-only/32k/telemetry/pcie-dmon.log
 create mode 100644 campaigns/q4-conditional-admission-20261006T010859Z/diagnostics/reactive-only/32k/telemetry/run.jsonl
 create mode 100644 campaigns/q4-conditional-admission-20261006T010859Z/diagnostics/reactive-only/32k/telemetry/startup.jsonl
 create mode 100644 campaigns/q4-conditional-admission-20261006T010859Z/diagnostics/reactive-only/32k/telemetry/warmup.jsonl
 create mode 100644 campaigns/q4-conditional-admission-20261006T010859Z/git/CPU-build-flags-audit.json
 create mode 100644 campaigns/q4-conditional-admission-20261006T010859Z/git/final-source-provenance.json
 create mode 100644 campaigns/q4-conditional-admission-20261006T010859Z/git/model-final-fullhash-verification.json
 create mode 100644 campaigns/q4-conditional-admission-20261006T010859Z/git/plotting-python-requirements.txt
 create mode 100644 campaigns/q4-conditional-admission-20261006T010859Z/git/prior-active-campaign.json
 create mode 100644 campaigns/q4-conditional-admission-20261006T010859Z/git/prior-v2-final-verification.json
 create mode 100644 campaigns/q4-conditional-admission-20261006T010859Z/launchers/conditional/owned-process.json
 create mode 100644 campaigns/q4-conditional-admission-20261006T010859Z/launchers/control/owned-process.json
 create mode 100644 campaigns/q4-conditional-admission-20261006T010859Z/patches/conditional-v1.diff
 create mode 100644 campaigns/q4-conditional-admission-20261006T010859Z/patches/reason-v1.diff
 create mode 100644 campaigns/q4-conditional-admission-20261006T010859Z/phase-a/report-before-consolidation.md
 create mode 100644 campaigns/q4-conditional-admission-20261006T010859Z/phase-b/report-before-consolidation.md
 create mode 100644 campaigns/q4-conditional-admission-20261006T010859Z/phase-c/ablation-plan-v2.json
 create mode 100644 campaigns/q4-conditional-admission-20261006T010859Z/phase-c/ablation-plan.json
 create mode 100644 campaigns/q4-conditional-admission-20261006T010859Z/phase-c/boundary-pause-sentinel/BOUNDARY-PAUSE.json
 create mode 100644 campaigns/q4-conditional-admission-20261006T010859Z/phase-c/cancellation.json
 create mode 100644 campaigns/q4-conditional-admission-20261006T010859Z/phase-c/independent-decision.json
 create mode 100644 campaigns/q4-conditional-admission-20261006T010859Z/phase-c/independent-plan.json
 create mode 100644 campaigns/q4-conditional-admission-20261006T010859Z/phase-c/matrix-driver-v1-source.py.txt
 create mode 100644 campaigns/q4-conditional-admission-20261006T010859Z/phase-c/matrix-order-v1.json
 create mode 100644 campaigns/q4-conditional-admission-20261006T010859Z/phase-c/matrix-order-v2.json
 create mode 100644 campaigns/q4-conditional-admission-20261006T010859Z/phase-c/matrix-order.json
 create mode 100644 campaigns/q4-conditional-admission-20261006T010859Z/phase-c/matrix-plan.json
 create mode 100644 campaigns/q4-conditional-admission-20261006T010859Z/phase-c/matrix-progress.json
 create mode 100644 campaigns/q4-conditional-admission-20261006T010859Z/phase-c/matrix-v1-driver-pid.json
 create mode 100644 campaigns/q4-conditional-admission-20261006T010859Z/phase-c/order-repair.json
 create mode 100644 campaigns/q4-conditional-admission-20261006T010859Z/phase-c/report.md
 create mode 100644 campaigns/q4-conditional-admission-20261006T010859Z/phase-c/screen.json
 create mode 100644 campaigns/q4-conditional-admission-20261006T010859Z/report.md
 create mode 100644 campaigns/q4-conditional-admission-20261006T010859Z/scripts/analyze_ablations.py
 create mode 100644 campaigns/q4-conditional-admission-20261006T010859Z/scripts/audit.py
 create mode 100644 campaigns/q4-conditional-admission-20261006T010859Z/scripts/consolidate_phase_a.py
 create mode 100644 campaigns/q4-conditional-admission-20261006T010859Z/scripts/contiguous_holdout_audit.py
 create mode 100644 campaigns/q4-conditional-admission-20261006T010859Z/scripts/diagnostic_ablations.py
 create mode 100644 campaigns/q4-conditional-admission-20261006T010859Z/scripts/diagnostic_reasons.py
 create mode 100644 campaigns/q4-conditional-admission-20261006T010859Z/scripts/finalize_status.py
 create mode 100644 campaigns/q4-conditional-admission-20261006T010859Z/scripts/freeze_conclusion.py
 create mode 100644 campaigns/q4-conditional-admission-20261006T010859Z/scripts/independent_live.py
 create mode 100644 campaigns/q4-conditional-admission-20261006T010859Z/scripts/independent_stability.py
 create mode 100644 campaigns/q4-conditional-admission-20261006T010859Z/scripts/live_costs.py
 create mode 100644 campaigns/q4-conditional-admission-20261006T010859Z/scripts/off_speed_guard.py
 create mode 100644 campaigns/q4-conditional-admission-20261006T010859Z/scripts/render_report.py
 create mode 100644 campaigns/q4-conditional-admission-20261006T010859Z/scripts/smoke_launchers.py
 create mode 100644 campaigns/q4-conditional-admission-20261006T010859Z/summary.csv
 create mode 100644 campaigns/q4-conditional-admission-20261006T010859Z/summary.json
 create mode 100644 campaigns/q4-conditional-admission-20261006T010859Z/tests/native-failure-causes.json
 create mode 100644 campaigns/q4-conditional-admission-20261006T010859Z/tests/preservation-format-check.json
 create mode 100644 campaigns/q4-conditional-admission-20261006T010859Z/tests/renderer-quote-error.py.txt
 create mode 100644 campaigns/q4-conditional-admission-20261006T010859Z/tests/renderer-quote-repair.md
