Traceback (most recent call last):
  File "/srv/ai/research/iq3s-residency-20261004T230051Z/campaigns/q4-conditional-admission-20261006T010859Z/scripts/test_offline.py", line 19, in <module>
    if __name__=='__main__':main()
                            ~~~~^^
  File "/srv/ai/research/iq3s-residency-20261004T230051Z/campaigns/q4-conditional-admission-20261006T010859Z/scripts/test_offline.py", line 18, in main
    save(C/'tests/offline-preflight.json',{'state':'PASS','results':outputs});print('OFFLINE_PREFLIGHT_PASS',flush=True)
    ~~~~^^^^^^^^^^^^^^^^^^^^^^^^^^^^^^^^^^^^^^^^^^^^^^^^^^^^^^^^^^^^^^^^^^^^^
  File "/srv/ai/research/iq3s-residency-20261004T230051Z/campaigns/q4-conditional-admission-20261006T010859Z/scripts/campaign.py", line 8, in save
    def save(p,x):Path(p).parent.mkdir(parents=True,exist_ok=True);Path(p).write_text(json.dumps(x,indent=2)+'\n')
                                                                                      ~~~~~~~~~~^^^^^^^^^^^^
  File "/usr/lib/python3.14/json/__init__.py", line 242, in dumps
    **kw).encode(obj)
          ~~~~~~^^^^^
  File "/usr/lib/python3.14/json/encoder.py", line 202, in encode
    chunks = self.iterencode(o, _one_shot=True)
  File "/usr/lib/python3.14/json/encoder.py", line 263, in iterencode
    return _iterencode(o, 0)
  File "/usr/lib/python3.14/json/encoder.py", line 182, in default
    raise TypeError(f'Object of type {o.__class__.__name__} '
                    f'is not JSON serializable')
TypeError: Object of type int64 is not JSON serializable
when serializing dict item 'wrong_or_superseded'
when serializing dict item 'oracle_descriptive'
when serializing list item 0
when serializing dict item 'results'
