[q4-conditional-admission-20261006T010859Z d6d80f3] Freeze Q4 conditional-admission v3 splits, gates and safe runtime
 154 files changed, 50602 insertions(+)
 create mode 100644 campaigns/q4-conditional-admission-20261006T010859Z/.gitignore
 create mode 100644 campaigns/q4-conditional-admission-20261006T010859Z/DECISIONS.md
 create mode 100644 campaigns/q4-conditional-admission-20261006T010859Z/GOAL.md
 create mode 100644 campaigns/q4-conditional-admission-20261006T010859Z/STATUS.json
 create mode 100644 campaigns/q4-conditional-admission-20261006T010859Z/STATUS.md
 create mode 100644 campaigns/q4-conditional-admission-20261006T010859Z/analysis/episode-failure-reasons.json
 create mode 100644 campaigns/q4-conditional-admission-20261006T010859Z/analysis/frozen-traffic-curve.csv
 create mode 100644 campaigns/q4-conditional-admission-20261006T010859Z/analysis/heldout-transaction-details.json
 create mode 100644 campaigns/q4-conditional-admission-20261006T010859Z/analysis/plots/admission-holdout.png
 create mode 100644 campaigns/q4-conditional-admission-20261006T010859Z/analysis/plots/admission-holdout.svg
 create mode 100644 campaigns/q4-conditional-admission-20261006T010859Z/checkpoints/conditional-logistic.json
 create mode 100644 campaigns/q4-conditional-admission-20261006T010859Z/checkpoints/conditional_constants.hpp
 create mode 100644 campaigns/q4-conditional-admission-20261006T010859Z/checkpoints/history-only-ablation.json
 create mode 100644 campaigns/q4-conditional-admission-20261006T010859Z/checkpoints/victim-hazard-linear.json
 create mode 100644 campaigns/q4-conditional-admission-20261006T010859Z/configs/conditional-128k.json
 create mode 100644 campaigns/q4-conditional-admission-20261006T010859Z/configs/conditional-256k.json
 create mode 100644 campaigns/q4-conditional-admission-20261006T010859Z/configs/conditional-32k.json
 create mode 100644 campaigns/q4-conditional-admission-20261006T010859Z/configs/conditional-off-32k.json
 create mode 100644 campaigns/q4-conditional-admission-20261006T010859Z/configs/control-128k.json
 create mode 100644 campaigns/q4-conditional-admission-20261006T010859Z/configs/control-256k.json
 create mode 100644 campaigns/q4-conditional-admission-20261006T010859Z/configs/control-32k.json
 create mode 100644 campaigns/q4-conditional-admission-20261006T010859Z/configs/h4-unfiltered-32k.json
 create mode 100644 campaigns/q4-conditional-admission-20261006T010859Z/configs/reactive-only-32k.json
 create mode 100644 campaigns/q4-conditional-admission-20261006T010859Z/configs/reason-v1-128k.json
 create mode 100644 campaigns/q4-conditional-admission-20261006T010859Z/configs/reason-v1-256k.json
 create mode 100644 campaigns/q4-conditional-admission-20261006T010859Z/configs/reason-v1-32k.json
 create mode 100644 campaigns/q4-conditional-admission-20261006T010859Z/configs/reject-all-32k.json
 create mode 100644 campaigns/q4-conditional-admission-20261006T010859Z/datasets/features.json
 create mode 100644 campaigns/q4-conditional-admission-20261006T010859Z/datasets/manifest.json
 create mode 100644 campaigns/q4-conditional-admission-20261006T010859Z/datasets/splits.json
 create mode 100644 campaigns/q4-conditional-admission-20261006T010859Z/datasets/tasks.json
 create mode 100644 campaigns/q4-conditional-admission-20261006T010859Z/deadline.json
 create mode 100644 campaigns/q4-conditional-admission-20261006T010859Z/git/builds/conditional-v1/add.log
 create mode 100644 campaigns/q4-conditional-admission-20261006T010859Z/git/builds/conditional-v1/build.log
 create mode 100644 campaigns/q4-conditional-admission-20261006T010859Z/git/builds/conditional-v1/checkout.log
 create mode 100644 campaigns/q4-conditional-admission-20261006T010859Z/git/builds/conditional-v1/clone.log
 create mode 100644 campaigns/q4-conditional-admission-20261006T010859Z/git/builds/conditional-v1/commands.json
 create mode 100644 campaigns/q4-conditional-admission-20261006T010859Z/git/builds/conditional-v1/commit.log
 create mode 100644 campaigns/q4-conditional-admission-20261006T010859Z/git/builds/conditional-v1/configure.log
 create mode 100644 campaigns/q4-conditional-admission-20261006T010859Z/git/builds/conditional-v1/full-patch.log
 create mode 100644 campaigns/q4-conditional-admission-20261006T010859Z/git/builds/conditional-v1/identity.json
 create mode 100644 campaigns/q4-conditional-admission-20261006T010859Z/git/builds/conditional-v1/patch-diff.log
 create mode 100644 campaigns/q4-conditional-admission-20261006T010859Z/git/builds/conditional-v1/patch.log
 create mode 100644 campaigns/q4-conditional-admission-20261006T010859Z/git/builds/reason-v1/add.log
 create mode 100644 campaigns/q4-conditional-admission-20261006T010859Z/git/builds/reason-v1/build.log
 create mode 100644 campaigns/q4-conditional-admission-20261006T010859Z/git/builds/reason-v1/checkout.log
 create mode 100644 campaigns/q4-conditional-admission-20261006T010859Z/git/builds/reason-v1/clone.log
 create mode 100644 campaigns/q4-conditional-admission-20261006T010859Z/git/builds/reason-v1/commands.json
 create mode 100644 campaigns/q4-conditional-admission-20261006T010859Z/git/builds/reason-v1/commit.log
 create mode 100644 campaigns/q4-conditional-admission-20261006T010859Z/git/builds/reason-v1/configure.log
 create mode 100644 campaigns/q4-conditional-admission-20261006T010859Z/git/builds/reason-v1/full-patch.log
 create mode 100644 campaigns/q4-conditional-admission-20261006T010859Z/git/builds/reason-v1/identity.json
 create mode 100644 campaigns/q4-conditional-admission-20261006T010859Z/git/builds/reason-v1/patch-diff.log
 create mode 100644 campaigns/q4-conditional-admission-20261006T010859Z/git/builds/reason-v1/patch.log
 create mode 100644 campaigns/q4-conditional-admission-20261006T010859Z/git/environment.json
 create mode 100644 campaigns/q4-conditional-admission-20261006T010859Z/git/frozen-identity.json
 create mode 100644 campaigns/q4-conditional-admission-20261006T010859Z/git/initial-status.txt
 create mode 100644 campaigns/q4-conditional-admission-20261006T010859Z/git/mandatory-inspection.json
 create mode 100644 campaigns/q4-conditional-admission-20261006T010859Z/git/model.json
 create mode 100644 campaigns/q4-conditional-admission-20261006T010859Z/git/previous-evidence-manifest.json
 create mode 100644 campaigns/q4-conditional-admission-20261006T010859Z/git/previous-identities.json
 create mode 100644 campaigns/q4-conditional-admission-20261006T010859Z/inputs/cal-prose.json
 create mode 100644 campaigns/q4-conditional-admission-20261006T010859Z/inputs/dev-code.json
 create mode 100644 campaigns/q4-conditional-admission-20261006T010859Z/inputs/dev-math.json
 create mode 100644 campaigns/q4-conditional-admission-20261006T010859Z/inputs/hold-code.json
 create mode 100644 campaigns/q4-conditional-admission-20261006T010859Z/inputs/hold-math.json
 create mode 100644 campaigns/q4-conditional-admission-20261006T010859Z/inputs/hold-structured.json
 create mode 100644 campaigns/q4-conditional-admission-20261006T010859Z/inputs/manifest.json
 create mode 100644 campaigns/q4-conditional-admission-20261006T010859Z/inputs/quality-cal-prose.json
 create mode 100644 campaigns/q4-conditional-admission-20261006T010859Z/inputs/quality-hold-code.json
 create mode 100644 campaigns/q4-conditional-admission-20261006T010859Z/inputs/quality-hold-math.json
 create mode 100644 campaigns/q4-conditional-admission-20261006T010859Z/inputs/quality-hold-structured.json
 create mode 100644 campaigns/q4-conditional-admission-20261006T010859Z/inputs/warmup.json
 create mode 100644 campaigns/q4-conditional-admission-20261006T010859Z/launchers/conditional/128k.json
 create mode 100644 campaigns/q4-conditional-admission-20261006T010859Z/launchers/conditional/256k.json
 create mode 100644 campaigns/q4-conditional-admission-20261006T010859Z/launchers/conditional/32k.json
 create mode 100644 campaigns/q4-conditional-admission-20261006T010859Z/launchers/conditional/README.md
 create mode 100755 campaigns/q4-conditional-admission-20261006T010859Z/launchers/conditional/reproduce.sh
 create mode 100755 campaigns/q4-conditional-admission-20261006T010859Z/launchers/conditional/start-128k.sh
 create mode 100755 campaigns/q4-conditional-admission-20261006T010859Z/launchers/conditional/start-256k.sh
 create mode 100755 campaigns/q4-conditional-admission-20261006T010859Z/launchers/conditional/start-32k.sh
 create mode 100755 campaigns/q4-conditional-admission-20261006T010859Z/launchers/conditional/stop.sh
 create mode 100644 campaigns/q4-conditional-admission-20261006T010859Z/launchers/control/128k.json
 create mode 100644 campaigns/q4-conditional-admission-20261006T010859Z/launchers/control/256k.json
 create mode 100644 campaigns/q4-conditional-admission-20261006T010859Z/launchers/control/32k.json
 create mode 100644 campaigns/q4-conditional-admission-20261006T010859Z/launchers/control/README.md
 create mode 100755 campaigns/q4-conditional-admission-20261006T010859Z/launchers/control/reproduce.sh
 create mode 100755 campaigns/q4-conditional-admission-20261006T010859Z/launchers/control/start-128k.sh
 create mode 100755 campaigns/q4-conditional-admission-20261006T010859Z/launchers/control/start-256k.sh
 create mode 100755 campaigns/q4-conditional-admission-20261006T010859Z/launchers/control/start-32k.sh
 create mode 100755 campaigns/q4-conditional-admission-20261006T010859Z/launchers/control/stop.sh
 create mode 100644 campaigns/q4-conditional-admission-20261006T010859Z/ledger.jsonl
 create mode 100644 campaigns/q4-conditional-admission-20261006T010859Z/owned-process.json
 create mode 100644 campaigns/q4-conditional-admission-20261006T010859Z/patches/previous-early-v1.diff
 create mode 100644 campaigns/q4-conditional-admission-20261006T010859Z/patches/previous-history-v2.diff
 create mode 100644 campaigns/q4-conditional-admission-20261006T010859Z/phase-a/clean-v2-parity.json
 create mode 100644 campaigns/q4-conditional-admission-20261006T010859Z/phase-a/report.md
 create mode 100644 campaigns/q4-conditional-admission-20261006T010859Z/phase-a/summary.json
 create mode 100644 campaigns/q4-conditional-admission-20261006T010859Z/phase-b/calibration.json
 create mode 100644 campaigns/q4-conditional-admission-20261006T010859Z/phase-b/calibration/linear-balanced.json
 create mode 100644 campaigns/q4-conditional-admission-20261006T010859Z/phase-b/calibration/linear-conservative.json
 create mode 100644 campaigns/q4-conditional-admission-20261006T010859Z/phase-b/calibration/linear-permissive.json
 create mode 100644 campaigns/q4-conditional-admission-20261006T010859Z/phase-b/calibration/rule-balanced.json
 create mode 100644 campaigns/q4-conditional-admission-20261006T010859Z/phase-b/calibration/rule-conservative.json
 create mode 100644 campaigns/q4-conditional-admission-20261006T010859Z/phase-b/calibration/rule-permissive.json
 create mode 100644 campaigns/q4-conditional-admission-20261006T010859Z/phase-b/frozen-decision.json
 create mode 100644 campaigns/q4-conditional-admission-20261006T010859Z/phase-b/holdout-decision.json
 create mode 100644 campaigns/q4-conditional-admission-20261006T010859Z/phase-b/holdout/code-4.json
 create mode 100644 campaigns/q4-conditional-admission-20261006T010859Z/phase-b/holdout/math-4.json
 create mode 100644 campaigns/q4-conditional-admission-20261006T010859Z/phase-b/holdout/structured-1.json
 create mode 100644 campaigns/q4-conditional-admission-20261006T010859Z/phase-b/holdout/structured-2.json
 create mode 100644 campaigns/q4-conditional-admission-20261006T010859Z/phase-b/holdout/structured-3.json
 create mode 100644 campaigns/q4-conditional-admission-20261006T010859Z/phase-b/holdout/structured-4.json
 create mode 100644 campaigns/q4-conditional-admission-20261006T010859Z/phase-b/live-gate.json
 create mode 100644 campaigns/q4-conditional-admission-20261006T010859Z/phase-b/report.md
 create mode 100644 campaigns/q4-conditional-admission-20261006T010859Z/phase-b/scorer-cost.json
 create mode 100644 campaigns/q4-conditional-admission-20261006T010859Z/phase-c/small-correctness.json
 create mode 100644 campaigns/q4-conditional-admission-20261006T010859Z/scripts/analyze_live.py
 create mode 100644 campaigns/q4-conditional-admission-20261006T010859Z/scripts/build.py
 create mode 100644 campaigns/q4-conditional-admission-20261006T010859Z/scripts/campaign.py
 create mode 100644 campaigns/q4-conditional-admission-20261006T010859Z/scripts/data.py
 create mode 100644 campaigns/q4-conditional-admission-20261006T010859Z/scripts/decompose.py
 create mode 100644 campaigns/q4-conditional-admission-20261006T010859Z/scripts/episodes.py
 create mode 100644 campaigns/q4-conditional-admission-20261006T010859Z/scripts/holdout.py
 create mode 100644 campaigns/q4-conditional-admission-20261006T010859Z/scripts/lab.py
 create mode 100644 campaigns/q4-conditional-admission-20261006T010859Z/scripts/launch.py
 create mode 100644 campaigns/q4-conditional-admission-20261006T010859Z/scripts/live_matrix.py
 create mode 100644 campaigns/q4-conditional-admission-20261006T010859Z/scripts/patch_conditional.py
 create mode 100644 campaigns/q4-conditional-admission-20261006T010859Z/scripts/patch_diagnostic.py
 create mode 100644 campaigns/q4-conditional-admission-20261006T010859Z/scripts/plot_results.py
 create mode 100644 campaigns/q4-conditional-admission-20261006T010859Z/scripts/prepare_launchers.py
 create mode 100644 campaigns/q4-conditional-admission-20261006T010859Z/scripts/q4_multigpu.py
 create mode 100644 campaigns/q4-conditional-admission-20261006T010859Z/scripts/record_ui_metrics.py
 create mode 100644 campaigns/q4-conditional-admission-20261006T010859Z/scripts/safety_live.py
 create mode 100644 campaigns/q4-conditional-admission-20261006T010859Z/scripts/score_bench.py
 create mode 100644 campaigns/q4-conditional-admission-20261006T010859Z/scripts/serve_capture.py
 create mode 100644 campaigns/q4-conditional-admission-20261006T010859Z/scripts/summarize_offline.py
 create mode 100644 campaigns/q4-conditional-admission-20261006T010859Z/scripts/test_offline.py
 create mode 100644 campaigns/q4-conditional-admission-20261006T010859Z/scripts/test_scheduler.py
 create mode 100644 campaigns/q4-conditional-admission-20261006T010859Z/scripts/trace_reader.py
 create mode 100644 campaigns/q4-conditional-admission-20261006T010859Z/scripts/train.py
 create mode 100644 campaigns/q4-conditional-admission-20261006T010859Z/scripts/transaction_filter.py
 create mode 100644 campaigns/q4-conditional-admission-20261006T010859Z/tests/conditional-v1-junit.xml
 create mode 100644 campaigns/q4-conditional-admission-20261006T010859Z/tests/native-tests-summary.json
 create mode 100644 campaigns/q4-conditional-admission-20261006T010859Z/tests/offline-preflight.json
 create mode 100644 campaigns/q4-conditional-admission-20261006T010859Z/tests/reason-v1-junit.xml
 create mode 100644 campaigns/q4-conditional-admission-20261006T010859Z/tests/scheduler/compile.json
 create mode 100644 campaigns/q4-conditional-admission-20261006T010859Z/tests/scheduler/output.log
 create mode 100644 campaigns/q4-conditional-admission-20261006T010859Z/tests/scheduler/owned-process.json
 create mode 100644 campaigns/q4-conditional-admission-20261006T010859Z/tests/scheduler/result.json
 create mode 100644 campaigns/q4-conditional-admission-20261006T010859Z/tests/scheduler_fixture.cpp
 create mode 100644 campaigns/q4-conditional-admission-20261006T010859Z/tests/scorer/bench.cpp
 create mode 100644 campaigns/q4-conditional-admission-20261006T010859Z/tests/scorer/compile.json
 create mode 100644 campaigns/q4-conditional-admission-20261006T010859Z/tests/scorer/run.json
