PASS conservative original 53855069356074548770243417102879/10000000000000000000000000000000000000000
PASS conservative balanced 53855069646111953068920839957739/10000000000000000000000000000000000000000
PASS tight original 13463805859251486363309764452147/2500000000000000000000000000000000000000
PASS tight balanced 5385522372704445616023138582561/1000000000000000000000000000000000000000
	Command being timed: "timeout 60 /srv/ai/work/rad/integer-multiplication-bounds/20261007T222521Z/envs/math/bin/python -B /srv/ai/research/research/integer-multiplication-bounds/code/review_data_batched_assembly.py --certificate /srv/ai/research/research/integer-multiplication-bounds/runs/20261008T050107Z-downstream-data-batched-long-rationals/results/certificate.json --two-family /srv/ai/research/research/integer-multiplication-bounds/runs/20261008T045209Z-downstream-batched-semantic-bulk/results/certificate.json --two-family-review /srv/ai/research/research/integer-multiplication-bounds/runs/20261008T045824Z-review-batched-bulk-repair/results/certificate.json --primitive /srv/ai/research/research/integer-multiplication-bounds/runs/20261008T044503Z-downstream-diagonal-data-bound/results/certificate.json --data-review /srv/ai/research/research/integer-multiplication-bounds/runs/20261008T0454Z-review-pivot-extension/results/certificate.json --output /srv/ai/work/rad/integer-multiplication-bounds/20261007T222521Z/derived/20261008T050405Z-review-data-batched/certificate.json"
	User time (seconds): 0.11
	System time (seconds): 0.02
	Percent of CPU this job got: 47%
	Elapsed (wall clock) time (h:mm:ss or m:ss): 0:00.29
	Average shared text size (kbytes): 0
	Average unshared data size (kbytes): 0
	Average stack size (kbytes): 0
	Average total size (kbytes): 0
	Maximum resident set size (kbytes): 22376
	Average resident set size (kbytes): 0
	Major (requiring I/O) page faults: 0
	Minor (reclaiming a frame) page faults: 3911
	Voluntary context switches: 334
	Involuntary context switches: 34
	Swaps: 0
	File system inputs: 0
	File system outputs: 87
	Socket messages sent: 0
	Socket messages received: 0
	Signals delivered: 0
	Page size (bytes): 4096
	Exit status: 0
