PASS two-family conservative original 75322677161024690045718320791167/10000000000000000000000000000000000000000
PASS two-family conservative balanced 15064535545675269185186217896297/2000000000000000000000000000000000000000
PASS two-family tight original 75322892661410561117382332980749/10000000000000000000000000000000000000000
PASS two-family tight balanced 7532289322876438127909311903763/1000000000000000000000000000000000000000
PASS tensor-data conservative original 39976828037078736839944291376491/5000000000000000000000000000000000000000
PASS tensor-data conservative balanced 79953656713417410043874150504683/10000000000000000000000000000000000000000
PASS tensor-data tight original 9994235602988696231924173060003/1250000000000000000000000000000000000000
PASS tensor-data tight balanced 79953885463171944810044117311939/10000000000000000000000000000000000000000
	Command being timed: "timeout 60 /srv/ai/work/rad/integer-multiplication-bounds/20261007T222521Z/envs/math/bin/python -B /srv/ai/research/research/integer-multiplication-bounds/code/review_axis_assembly.py --certificate /srv/ai/research/research/integer-multiplication-bounds/runs/20261008T050958Z-downstream-rotated-batched-semantic-bulk/results/certificate.json --previous /srv/ai/research/research/integer-multiplication-bounds/runs/20261008T050107Z-downstream-data-batched-long-rationals/results/certificate.json --previous-review /srv/ai/research/research/integer-multiplication-bounds/runs/20261008T050405Z-review-data-batched/results/certificate.json --primitive /srv/ai/research/research/integer-multiplication-bounds/runs/20261008T050504Z-downstream-rotated-batch-characteristic/results/certificate.json --axis-review /srv/ai/research/research/integer-multiplication-bounds/runs/20261008T0506Z-review-axis-batching/results/certificate.json --axis-witness-review /srv/ai/research/research/integer-multiplication-bounds/runs/20261008T0511Z-review-axis-witness/results/certificate.json --output /srv/ai/work/rad/integer-multiplication-bounds/20261007T222521Z/derived/20261008T052819Z-review-axis-assembly/certificate.json"
	User time (seconds): 1.42
	System time (seconds): 0.01
	Percent of CPU this job got: 99%
	Elapsed (wall clock) time (h:mm:ss or m:ss): 0:01.45
	Average shared text size (kbytes): 0
	Average unshared data size (kbytes): 0
	Average stack size (kbytes): 0
	Average total size (kbytes): 0
	Maximum resident set size (kbytes): 25248
	Average resident set size (kbytes): 0
	Major (requiring I/O) page faults: 0
	Minor (reclaiming a frame) page faults: 4687
	Voluntary context switches: 332
	Involuntary context switches: 2
	Swaps: 0
	File system inputs: 0
	File system outputs: 99
	Socket messages sent: 0
	Socket messages received: 0
	Signals delivered: 0
	Page size (bytes): 4096
	Exit status: 0
