PASS 1120 actual coefficient-depth controls; witness guards [('conservative', '1921/500', {'old': 931, 'integer_nu': 826, 'sharper': 812}), ('tight', '1921/500', {'old': 1033, 'integer_nu': 917, 'sharper': 901}), ('conservative', '1921/500', {'old': 937, 'integer_nu': 832, 'sharper': 817}), ('tight', '1921/500', {'old': 1033, 'integer_nu': 917, 'sharper': 901})]
	Command being timed: "python3 -B /srv/ai/research/research/integer-multiplication-bounds/code/review_sharp_guard.py --certificates /srv/ai/research/research/integer-multiplication-bounds/runs/20261008T014759Z-downstream-generic-compact473026/results/certificate.json /srv/ai/research/research/integer-multiplication-bounds/runs/20261008T015046Z-downstream-balanced-repaired473026/results/certificate.json --output /srv/ai/work/rad/integer-multiplication-bounds/20261007T222521Z/derived/review/20261008T021825Z-review-sharp-guard/certificate.json"
	User time (seconds): 0.05
	System time (seconds): 0.00
	Percent of CPU this job got: 93%
	Elapsed (wall clock) time (h:mm:ss or m:ss): 0:00.06
	Average shared text size (kbytes): 0
	Average unshared data size (kbytes): 0
	Average stack size (kbytes): 0
	Average total size (kbytes): 0
	Maximum resident set size (kbytes): 22708
	Average resident set size (kbytes): 0
	Major (requiring I/O) page faults: 0
	Minor (reclaiming a frame) page faults: 3125
	Voluntary context switches: 91
	Involuntary context switches: 6
	Swaps: 0
	File system inputs: 0
	File system outputs: 130
	Socket messages sent: 0
	Socket messages received: 0
	Signals delivered: 0
	Page size (bytes): 4096
	Exit status: 0
