{
  "state": "COMPLETE_MIXED",
  "comparisons": [
    {
      "profile": "32k",
      "median_delta_pct": {
        "PP": 0.22127157397846542,
        "TG": 8.854860186418122,
        "TTFT_s": 0.09365393988789439,
        "wall_s": -6.633424970517932
      },
      "capacity_identical": true,
      "paired": [
        {
          "run": 1,
          "same_input_ids": true,
          "same_output_hash": true,
          "first_diverging_visible_character": null,
          "reference_TG": 167.8,
          "candidate_TG": 143.3,
          "TG_delta_pct": -14.600715137067933,
          "MTP_acceptance_delta_pp": 0.0
        },
        {
          "run": 2,
          "same_input_ids": true,
          "same_output_hash": true,
          "first_diverging_visible_character": null,
          "reference_TG": 136.7,
          "candidate_TG": 163.5,
          "TG_delta_pct": 19.60497439648867,
          "MTP_acceptance_delta_pp": 0.0
        },
        {
          "run": 3,
          "same_input_ids": true,
          "same_output_hash": true,
          "first_diverging_visible_character": null,
          "reference_TG": 150.2,
          "candidate_TG": 164.9,
          "TG_delta_pct": 9.78695073235687,
          "MTP_acceptance_delta_pp": 0.0
        }
      ]
    },
    {
      "profile": "128k",
      "median_delta_pct": {
        "PP": -0.583849066675568,
        "TG": -14.89226869455006,
        "TTFT_s": 1.7503827119821125,
        "wall_s": 9.784753490563759
      },
      "capacity_identical": true,
      "paired": [
        {
          "run": 1,
          "same_input_ids": true,
          "same_output_hash": true,
          "first_diverging_visible_character": null,
          "reference_TG": 158.5,
          "candidate_TG": 132.5,
          "TG_delta_pct": -16.403785488958988,
          "MTP_acceptance_delta_pp": 0.0
        },
        {
          "run": 2,
          "same_input_ids": true,
          "same_output_hash": true,
          "first_diverging_visible_character": null,
          "reference_TG": 155.8,
          "candidate_TG": 134.3,
          "TG_delta_pct": -13.799743260590503,
          "MTP_acceptance_delta_pp": 0.0
        },
        {
          "run": 3,
          "same_input_ids": true,
          "same_output_hash": true,
          "first_diverging_visible_character": null,
          "reference_TG": 157.8,
          "candidate_TG": 135.9,
          "TG_delta_pct": -13.878326996197721,
          "MTP_acceptance_delta_pp": 0.0
        }
      ]
    }
  ]
}
