{"status": "PASS exact alternating-phase algebra; network/tape transfer pending", "source_sha256": "ba11f29e1f40033bbe2ca37a7167ef8352e6d6ea19fc2f3bd55025ec4202b9b6", "seed": 109, "complete_plane_spaces": 441, "matrix_entries": 219024, "missing_arf_sign_counterexample": {"basis": [3, 5], "row": 0, "column": 0, "correct": "-1/2", "without_arf_phase": "1/2"}, "elapsed_seconds": 1.6520819829311222}
	Command being timed: "python3 -B /srv/ai/research/research/integer-multiplication-bounds/code/alternating_quadratic_phase.py --output /srv/ai/work/rad/integer-multiplication-bounds/20261007T222521Z/derived/20261008T030740Z-alternating-quadratic-phase/certificate.json"
	User time (seconds): 1.15
	System time (seconds): 0.01
	Percent of CPU this job got: 67%
	Elapsed (wall clock) time (h:mm:ss or m:ss): 0:01.73
	Average shared text size (kbytes): 0
	Average unshared data size (kbytes): 0
	Average stack size (kbytes): 0
	Average total size (kbytes): 0
	Maximum resident set size (kbytes): 22328
	Average resident set size (kbytes): 0
	Major (requiring I/O) page faults: 0
	Minor (reclaiming a frame) page faults: 3117
	Voluntary context switches: 41
	Involuntary context switches: 213
	Swaps: 0
	File system inputs: 0
	File system outputs: 410
	Socket messages sent: 0
	Socket messages received: 0
	Signals delivered: 0
	Page size (bytes): 4096
	Exit status: 0
