{"ambient_differences": 49672, "counter_addresses": 243200, "elapsed_seconds": 1.046673670061864, "negative_controls": {"missing_arf": {"basis": [3, 5], "correct": "-1/2", "wrong": "1/2"}, "unmasked_chunk_gap": {"K": 2, "address": 1, "correct_q": 0, "rho": 1, "wrong_q": 1}, "whole_bank_swap_changes_spectator": {"K": 2, "address": 1, "correct": 1, "rho": 1, "wrong": 4}}, "pipeline_output_values": 8512, "plane_spaces": 441, "scope": "Primitive transfer; no odd finite network or improved exponent claimed", "seed": 607, "source_sha256": "e88707928f8289a3f20bb06ba25a7b7b9a5290ec48a5ae7e4caa8a70a4661c08", "status": "PASS independent alternating algebra, spaced counters and selected-only pipeline", "zero_difference_entries": 47812}
	Command being timed: "python3 -B /srv/ai/research/research/integer-multiplication-bounds/code/review_alternating_phase.py --output /srv/ai/work/rad/integer-multiplication-bounds/20261007T222521Z/derived/review/20261008T033809Z-review-alternating-phase/certificate.json"
	User time (seconds): 1.07
	System time (seconds): 0.00
	Percent of CPU this job got: 99%
	Elapsed (wall clock) time (h:mm:ss or m:ss): 0:01.08
	Average shared text size (kbytes): 0
	Average unshared data size (kbytes): 0
	Average stack size (kbytes): 0
	Average total size (kbytes): 0
	Maximum resident set size (kbytes): 23664
	Average resident set size (kbytes): 0
	Major (requiring I/O) page faults: 0
	Minor (reclaiming a frame) page faults: 3321
	Voluntary context switches: 51
	Involuntary context switches: 9
	Swaps: 0
	File system inputs: 0
	File system outputs: 256
	Socket messages sent: 0
	Socket messages received: 0
	Signals delivered: 0
	Page size (bytes): 4096
	Exit status: 0
