PASS logical 50 63562800
PASS complete 50 roles 473026 links 33901
PASS logical 6 180
PASS complete 6 roles 150 links 12
PASS logical 8 1680
PASS complete 8 roles 683 links 121
PASS /srv/ai/work/rad/integer-multiplication-bounds/20261007T222521Z/derived/review/20261008T014255Z-review-singleton-final420/certificate.json
	Command being timed: "/srv/ai/work/rad/integer-multiplication-bounds/20261007T222521Z/envs/math/bin/python -B /srv/ai/research/research/integer-multiplication-bounds/code/review_singleton_positions.py --reference /srv/ai/work/rad/integer-multiplication-bounds/20261007T222521Z/repos/upstream-reference --candidate /srv/ai/work/rad/integer-multiplication-bounds/20261007T222521Z/derived/finite/20261008T010330Z-finite-singleton-successor/cases/171a84402dbfaba83759e04b307eaa7a0e03e945a9a58bbd10e27e0caaf47102.json --small-controls --output /srv/ai/work/rad/integer-multiplication-bounds/20261007T222521Z/derived/review/20261008T014255Z-review-singleton-final420/certificate.json"
	User time (seconds): 98.61
	System time (seconds): 2.19
	Percent of CPU this job got: 99%
	Elapsed (wall clock) time (h:mm:ss or m:ss): 1:41.70
	Average shared text size (kbytes): 0
	Average unshared data size (kbytes): 0
	Average stack size (kbytes): 0
	Average total size (kbytes): 0
	Maximum resident set size (kbytes): 3087096
	Average resident set size (kbytes): 0
	Major (requiring I/O) page faults: 186
	Minor (reclaiming a frame) page faults: 877857
	Voluntary context switches: 2545
	Involuntary context switches: 24967
	Swaps: 0
	File system inputs: 0
	File system outputs: 26
	Socket messages sent: 0
	Socket messages received: 0
	Signals delivered: 0
	Page size (bytes): 4096
	Exit status: 0
