PASS 38 shapes; 454 basis columns; 114180 exact polynomial entries
	Command being timed: "python3 -B /srv/ai/research/research/integer-multiplication-bounds/code/review_balanced_transform.py --output /srv/ai/work/rad/integer-multiplication-bounds/20261007T222521Z/derived/review/20261008T015953Z-review-balanced-operators/certificate.json"
	User time (seconds): 1.69
	System time (seconds): 0.01
	Percent of CPU this job got: 99%
	Elapsed (wall clock) time (h:mm:ss or m:ss): 0:01.71
	Average shared text size (kbytes): 0
	Average unshared data size (kbytes): 0
	Average stack size (kbytes): 0
	Average total size (kbytes): 0
	Maximum resident set size (kbytes): 22772
	Average resident set size (kbytes): 0
	Major (requiring I/O) page faults: 0
	Minor (reclaiming a frame) page faults: 3004
	Voluntary context switches: 48
	Involuntary context switches: 12
	Swaps: 0
	File system inputs: 0
	File system outputs: 25
	Socket messages sent: 0
	Socket messages received: 0
	Signals delivered: 0
	Page size (bytes): 4096
	Exit status: 0
