PASS independent changed logical 12 23760
PASS independent changed physical 12 3674
PASS independent changed logical 51 70471800
PASS independent changed physical 51 485680
	Command being timed: "timeout 600 /srv/ai/work/rad/integer-multiplication-bounds/20261007T222521Z/envs/math/bin/python -B /srv/ai/research/research/integer-multiplication-bounds/code/review_descendant_clone_witness.py --reference /srv/ai/work/rad/integer-multiplication-bounds/20261007T222521Z/repos/upstream-reference --certificate /srv/ai/work/rad/integer-multiplication-bounds/20261007T222521Z/derived/finite/20261008T052900Z-finite-clone-descendant51/certificate.json --plan /srv/ai/work/rad/integer-multiplication-bounds/20261007T222521Z/derived/finite/20261008T053400Z-finite-clone-descendant-export/selected-links.json --parent /srv/ai/work/rad/integer-multiplication-bounds/20261007T222521Z/derived/finite/20261008T041100Z-finite-odd-pair-refinement/cases/52ce3ca9416394668daacec55e648096fd419747f393391c9bfb7fdcd039f878.json --small-certificate /srv/ai/research/research/integer-multiplication-bounds/runs/20261008T052800Z-finite-clone-descendant-small/results/certificate.json --output /srv/ai/work/rad/integer-multiplication-bounds/20261007T222521Z/derived/20261008T060418Z-review-descendant-clone-repair/certificate.json"
	User time (seconds): 98.03
	System time (seconds): 2.19
	Percent of CPU this job got: 99%
	Elapsed (wall clock) time (h:mm:ss or m:ss): 1:40.28
	Average shared text size (kbytes): 0
	Average unshared data size (kbytes): 0
	Average stack size (kbytes): 0
	Average total size (kbytes): 0
	Maximum resident set size (kbytes): 3627864
	Average resident set size (kbytes): 0
	Major (requiring I/O) page faults: 186
	Minor (reclaiming a frame) page faults: 964126
	Voluntary context switches: 2563
	Involuntary context switches: 685
	Swaps: 0
	File system inputs: 0
	File system outputs: 17
	Socket messages sent: 0
	Socket messages received: 0
	Signals delivered: 0
	Page size (bytes): 4096
	Exit status: 0
