Traceback (most recent call last):
  File "/srv/ai/research/research/integer-multiplication-bounds/code/review_compact_assembly.py", line 249, in <module>
    if __name__=='__main__':main()
                            ~~~~^^
  File "/srv/ai/research/research/integer-multiplication-bounds/code/review_compact_assembly.py", line 240, in main
    stopped_recurrences=stopped_recurrences(),upstream=upstream_audit(args.reference),
                                                       ~~~~~~~~~~~~~~^^^^^^^^^^^^^^^^
  File "/srv/ai/research/research/integer-multiplication-bounds/code/review_compact_assembly.py", line 99, in upstream_audit
    bit = finite_counts(local)
  File "/srv/ai/research/research/integer-multiplication-bounds/code/review_packed_unrolling.py", line 91, in finite_counts
    v, m = comb(h, 3), h**3
           ~~~~^^^^^^
TypeError: 'str' object cannot be interpreted as an integer
Command exited with non-zero status 1
	Command being timed: "python3 -B research/integer-multiplication-bounds/code/review_compact_assembly.py --certificate research/integer-multiplication-bounds/runs/20261008T012400Z-downstream-compact-composition/results/certificate.json --reference /srv/ai/work/rad/integer-multiplication-bounds/20261007T222521Z/repos/upstream-compact-control-6e564879 --output /srv/ai/work/rad/integer-multiplication-bounds/20261007T222521Z/derived/review/20261008T014400Z-review-compact-assembly/certificate.json"
	User time (seconds): 0.03
	System time (seconds): 0.01
	Percent of CPU this job got: 47%
	Elapsed (wall clock) time (h:mm:ss or m:ss): 0:00.11
	Average shared text size (kbytes): 0
	Average unshared data size (kbytes): 0
	Average stack size (kbytes): 0
	Average total size (kbytes): 0
	Maximum resident set size (kbytes): 22252
	Average resident set size (kbytes): 0
	Major (requiring I/O) page faults: 0
	Minor (reclaiming a frame) page faults: 3082
	Voluntary context switches: 83
	Involuntary context switches: 16
	Swaps: 0
	File system inputs: 0
	File system outputs: 1
	Socket messages sent: 0
	Socket messages received: 0
	Signals delivered: 0
	Page size (bytes): 4096
	Exit status: 1
