{
  "state": "COMPLETE_MIXED",
  "comparisons": [
    {
      "profile": "32k",
      "median_delta_pct": {
        "PP": -0.10549636037556764,
        "TG": 14.496472097498403,
        "TTFT_s": 0.11213270673429143,
        "wall_s": -11.30867611645644
      },
      "capacity_identical": true,
      "paired": [
        {
          "run": 1,
          "same_input_ids": true,
          "same_output_hash": true,
          "first_diverging_visible_character": null,
          "reference_TG": 157.8,
          "candidate_TG": 178.2,
          "TG_delta_pct": 12.927756653992372,
          "MTP_acceptance_delta_pp": 0.0
        },
        {
          "run": 2,
          "same_input_ids": true,
          "same_output_hash": true,
          "first_diverging_visible_character": null,
          "reference_TG": 153.3,
          "candidate_TG": 178.6,
          "TG_delta_pct": 16.503587736464432,
          "MTP_acceptance_delta_pp": 0.0
        },
        {
          "run": 3,
          "same_input_ids": true,
          "same_output_hash": true,
          "first_diverging_visible_character": null,
          "reference_TG": 155.9,
          "candidate_TG": 178.5,
          "TG_delta_pct": 14.496472097498403,
          "MTP_acceptance_delta_pp": 0.0
        }
      ]
    },
    {
      "profile": "128k",
      "median_delta_pct": {
        "PP": -1.0943661030542007,
        "TG": 15.615615615615619,
        "TTFT_s": 0.9753534356307769,
        "wall_s": -11.266587909264036
      },
      "capacity_identical": true,
      "paired": [
        {
          "run": 1,
          "same_input_ids": true,
          "same_output_hash": true,
          "first_diverging_visible_character": null,
          "reference_TG": 133.2,
          "candidate_TG": 144.1,
          "TG_delta_pct": 8.183183183183186,
          "MTP_acceptance_delta_pp": 0.0
        },
        {
          "run": 2,
          "same_input_ids": true,
          "same_output_hash": true,
          "first_diverging_visible_character": null,
          "reference_TG": 124.2,
          "candidate_TG": 154.0,
          "TG_delta_pct": 23.99355877616747,
          "MTP_acceptance_delta_pp": 0.0
        },
        {
          "run": 3,
          "same_input_ids": true,
          "same_output_hash": true,
          "first_diverging_visible_character": null,
          "reference_TG": 153.1,
          "candidate_TG": 165.4,
          "TG_delta_pct": 8.033964728935338,
          "MTP_acceptance_delta_pp": 0.0
        }
      ]
    }
  ]
}
