linear trained 0.04 s
mlp trained 0.65 s
temporal-mlp trained 0.69 s
[
  {
    "episode": "dev-code",
    "role": "development",
    "frame_count": 89,
    "label_horizon": 4,
    "capacity_ranking_only": "cost-free resident-set selection proxy; finite-transfer replay required before runtime claim",
    "cheap_baselines": {
      "static": 0.9090489975848122,
      "EMA": 0.9883882836498707,
      "recency": 0.9847145858004355,
      "recent4": 0.9037764469067137,
      "frequency": 0.9847234345320722
    },
    "models": {
      "linear": {
        "population_count_MSE": 0.6072272215745288,
        "population_count_MAE": 0.28870925340697867,
        "mean_future_demand_coverage_at_layer_capacity": 0.991175985862608,
        "numeric_inference_ms_per_full24576candidate_frame": 0.28602431431475484,
        "rows": 2187264
      },
      "mlp": {
        "population_count_MSE": 0.6118135067611725,
        "population_count_MAE": 0.29319762947103395,
        "mean_future_demand_coverage_at_layer_capacity": 0.9881421850426416,
        "numeric_inference_ms_per_full24576candidate_frame": 0.6376213689721869,
        "rows": 2187264
      },
      "temporal-mlp": {
        "population_count_MSE": 0.6077375684862835,
        "population_count_MAE": 0.29722616854563894,
        "mean_future_demand_coverage_at_layer_capacity": 0.9869717236571169,
        "numeric_inference_ms_per_full24576candidate_frame": 0.7530034034450152,
        "rows": 2187264
      }
    }
  },
  {
    "episode": "dev-math",
    "role": "development",
    "frame_count": 78,
    "label_horizon": 4,
    "capacity_ranking_only": "cost-free resident-set selection proxy; finite-transfer replay required before runtime claim",
    "cheap_baselines": {
      "static": 0.9167804633489731,
      "EMA": 0.9930264766913405,
      "recency": 0.9849297634493951,
      "recent4": 0.9158688778650717,
      "frequency": 0.9849345317624565
    },
    "models": {
      "linear": {
        "population_count_MSE": 0.6640494248440256,
        "population_count_MAE": 0.2905312258531932,
        "mean_future_demand_coverage_at_layer_capacity": 0.9919496326397368,
        "numeric_inference_ms_per_full24576candidate_frame": 0.2906296532063817,
        "rows": 1916928
      },
      "mlp": {
        "population_count_MSE": 0.666354032968307,
        "population_count_MAE": 0.2971989352790977,
        "mean_future_demand_coverage_at_layer_capacity": 0.9885996717847682,
        "numeric_inference_ms_per_full24576candidate_frame": 0.6410330153392771,
        "rows": 1916928
      },
      "temporal-mlp": {
        "population_count_MSE": 0.6663494899699134,
        "population_count_MAE": 0.3017459116159044,
        "mean_future_demand_coverage_at_layer_capacity": 0.9875253030000624,
        "numeric_inference_ms_per_full24576candidate_frame": 0.7411106280648173,
        "rows": 1916928
      }
    }
  },
  {
    "episode": "cal-prose",
    "role": "calibration",
    "frame_count": 113,
    "label_horizon": 4,
    "capacity_ranking_only": "cost-free resident-set selection proxy; finite-transfer replay required before runtime claim",
    "cheap_baselines": {
      "static": 0.8004950687832326,
      "EMA": 0.9898338791452729,
      "recency": 0.984885174155777,
      "recent4": 0.9003467998324195,
      "frequency": 0.9848920008979466
    },
    "models": {
      "linear": {
        "population_count_MSE": 0.5049357806800533,
        "population_count_MAE": 0.2649199129278516,
        "mean_future_demand_coverage_at_layer_capacity": 0.9894968508118399,
        "numeric_inference_ms_per_full24576candidate_frame": 0.2982414418221575,
        "rows": 2777088
      },
      "mlp": {
        "population_count_MSE": 0.5056757298036554,
        "population_count_MAE": 0.2724621788968436,
        "mean_future_demand_coverage_at_layer_capacity": 0.9869985937581348,
        "numeric_inference_ms_per_full24576candidate_frame": 0.6437692945757139,
        "rows": 2777088
      },
      "temporal-mlp": {
        "population_count_MSE": 0.5084880912908075,
        "population_count_MAE": 0.27390304396707466,
        "mean_future_demand_coverage_at_layer_capacity": 0.9856116817773344,
        "numeric_inference_ms_per_full24576candidate_frame": 0.7448841352015734,
        "rows": 2777088
      }
    }
  },
  {
    "episode": "hold-code",
    "role": "holdout",
    "frame_count": 87,
    "label_horizon": 4,
    "capacity_ranking_only": "cost-free resident-set selection proxy; finite-transfer replay required before runtime claim",
    "cheap_baselines": {
      "static": 0.8351561930513081,
      "EMA": 0.9876721568262518,
      "recency": 0.9793123567045984,
      "recent4": 0.9019641207491422,
      "frequency": 0.9793354434518228
    },
    "models": {
      "linear": {
        "population_count_MSE": 0.6452626047672533,
        "population_count_MAE": 0.29847531503623603,
        "mean_future_demand_coverage_at_layer_capacity": 0.9877467867913273,
        "numeric_inference_ms_per_full24576candidate_frame": 0.28481105430822434,
        "rows": 2138112
      },
      "mlp": {
        "population_count_MSE": 0.648993223522205,
        "population_count_MAE": 0.3030769720637289,
        "mean_future_demand_coverage_at_layer_capacity": 0.9845463398417779,
        "numeric_inference_ms_per_full24576candidate_frame": 0.6432233220394487,
        "rows": 2138112
      },
      "temporal-mlp": {
        "population_count_MSE": 0.6457812919267303,
        "population_count_MAE": 0.30720745884629025,
        "mean_future_demand_coverage_at_layer_capacity": 0.9833145381717581,
        "numeric_inference_ms_per_full24576candidate_frame": 0.7370600955903359,
        "rows": 2138112
      }
    }
  },
  {
    "episode": "hold-structured",
    "role": "holdout",
    "frame_count": 68,
    "label_horizon": 4,
    "capacity_ranking_only": "cost-free resident-set selection proxy; finite-transfer replay required before runtime claim",
    "cheap_baselines": {
      "static": 0.9232502800253259,
      "EMA": 0.99057152023834,
      "recency": 0.9840402469262763,
      "recent4": 0.8991035174996573,
      "frequency": 0.9840195667792175
    },
    "models": {
      "linear": {
        "population_count_MSE": 0.6278630833135209,
        "population_count_MAE": 0.31426589378233094,
        "mean_future_demand_coverage_at_layer_capacity": 0.9905156247194391,
        "numeric_inference_ms_per_full24576candidate_frame": 0.2867881883182289,
        "rows": 1671168
      },
      "mlp": {
        "population_count_MSE": 0.6275530523426336,
        "population_count_MAE": 0.32151780562699017,
        "mean_future_demand_coverage_at_layer_capacity": 0.9871964427525088,
        "numeric_inference_ms_per_full24576candidate_frame": 0.6625396473442807,
        "rows": 1671168
      },
      "temporal-mlp": {
        "population_count_MSE": 0.6340608548712107,
        "population_count_MAE": 0.32613639001875766,
        "mean_future_demand_coverage_at_layer_capacity": 0.9863725750352591,
        "numeric_inference_ms_per_full24576candidate_frame": 0.7437930745415061,
        "rows": 1671168
      }
    }
  },
  {
    "episode": "hold-math",
    "role": "holdout",
    "frame_count": 91,
    "label_horizon": 4,
    "capacity_ranking_only": "cost-free resident-set selection proxy; finite-transfer replay required before runtime claim",
    "cheap_baselines": {
      "static": 0.8852729676776723,
      "EMA": 0.9906209198310848,
      "recency": 0.9831499757238082,
      "recent4": 0.9110440194471788,
      "frequency": 0.9831199347622769
    },
    "models": {
      "linear": {
        "population_count_MSE": 0.6429721778211522,
        "population_count_MAE": 0.29743958229821993,
        "mean_future_demand_coverage_at_layer_capacity": 0.9904950362264925,
        "numeric_inference_ms_per_full24576candidate_frame": 0.2887911005917896,
        "rows": 2236416
      },
      "mlp": {
        "population_count_MSE": 0.640779463887745,
        "population_count_MAE": 0.30340520727669723,
        "mean_future_demand_coverage_at_layer_capacity": 0.9882717518732286,
        "numeric_inference_ms_per_full24576candidate_frame": 0.643265407384056,
        "rows": 2236416
      },
      "temporal-mlp": {
        "population_count_MSE": 0.63922319247187,
        "population_count_MAE": 0.3038975175943329,
        "mean_future_demand_coverage_at_layer_capacity": 0.9873772577773267,
        "numeric_inference_ms_per_full24576candidate_frame": 0.745672780564976,
        "rows": 2236416
      }
    }
  }
]
