{
  "32k": {
    "state": "PASS",
    "parity": {
      "actual_output_IDs": true,
      "window_inputs": true,
      "window_T": true,
      "accepted": true,
      "router_IDs": true,
      "execution_paths": true,
      "initial_residency": true,
      "final_residency": true,
      "initial_heat": true,
      "final_heat": true,
      "first_head_bits": true
    },
    "footer": {
      "local": true,
      "CPU": true,
      "mapped": true,
      "windows": true,
      "accepted": true
    }
  },
  "128k": {
    "state": "PASS",
    "parity": {
      "actual_output_IDs": true,
      "window_inputs": true,
      "window_T": true,
      "accepted": true,
      "router_IDs": true,
      "execution_paths": true,
      "initial_residency": true,
      "final_residency": true,
      "initial_heat": true,
      "final_heat": true,
      "first_head_bits": true
    },
    "footer": {
      "local": true,
      "CPU": true,
      "mapped": true,
      "windows": true,
      "accepted": true
    }
  }
}
