PASS conservative original 795787003992104209340221324527/250000000000000000000000000000000000000 40 strict conditions
PASS conservative balanced 7957870065252168718187768313813/2500000000000000000000000000000000000000 40 strict conditions
PASS tight original 31831571230481777285156712309637/10000000000000000000000000000000000000000 40 strict conditions
PASS tight balanced 31831571331806670307813284171703/10000000000000000000000000000000000000000 41 strict conditions
	Command being timed: "python3 -B /srv/ai/research/research/integer-multiplication-bounds/code/review_semantic_bulk_assembly.py --certificate /srv/ai/research/research/integer-multiplication-bounds/runs/20261008T031101Z-downstream-semantic-bulk472885/results/certificate.json --generic-compact /srv/ai/research/research/integer-multiplication-bounds/runs/20261008T031101Z-downstream-generic-compact472885/results/certificate.json --bit-review /srv/ai/research/research/integer-multiplication-bounds/runs/20261008T030515Z-review-singleton-cutoff2/results/certificate.json --reference /srv/ai/work/rad/integer-multiplication-bounds/20261007T222521Z/repos/upstream-compact-control-6e564879 --complex-review /srv/ai/research/research/integer-multiplication-bounds/runs/20261008T013158Z-review-complex28/results/independent-audit.json --complex-candidate /srv/ai/research/research/integer-multiplication-bounds/runs/20261008T013158Z-review-complex28/results/producer-copy.json --calibration /srv/ai/research/research/integer-multiplication-bounds/runs/20261008T004215Z-review-complex-transfer/results/small-binary-independent.json --output /srv/ai/work/rad/integer-multiplication-bounds/20261007T222521Z/derived/review/20261008T032240Z-review-semantic-bulk472885/certificate.json"
	User time (seconds): 0.05
	System time (seconds): 0.02
	Percent of CPU this job got: 84%
	Elapsed (wall clock) time (h:mm:ss or m:ss): 0:00.08
	Average shared text size (kbytes): 0
	Average unshared data size (kbytes): 0
	Average stack size (kbytes): 0
	Average total size (kbytes): 0
	Maximum resident set size (kbytes): 23696
	Average resident set size (kbytes): 0
	Major (requiring I/O) page faults: 0
	Minor (reclaiming a frame) page faults: 3513
	Voluntary context switches: 305
	Involuntary context switches: 22
	Swaps: 0
	File system inputs: 0
	File system outputs: 108
	Socket messages sent: 0
	Socket messages received: 0
	Signals delivered: 0
	Page size (bytes): 4096
	Exit status: 0
