PASS 500703 conservative original 16368386798821829990116993447273/1000000000000000000000000000000000000000
PASS 500703 conservative balanced 20460483833433039745738580907549/1250000000000000000000000000000000000000
PASS 500703 tight original 163684336292555455045588042592651/10000000000000000000000000000000000000000
PASS 500703 tight balanced 16368433897181169365425464933981/1000000000000000000000000000000000000000
	Command being timed: "timeout 60 /srv/ai/work/rad/integer-multiplication-bounds/20261007T222521Z/envs/math/bin/python -B /srv/ai/research/research/integer-multiplication-bounds/code/review_joined_assembly_repair.py --certificate /srv/ai/research/research/integer-multiplication-bounds/runs/20261008T061117Z-downstream-joined-block-semantic-bulk/results/certificate.json --previous /srv/ai/research/research/integer-multiplication-bounds/runs/20261008T055025Z-downstream-householder-semantic-bulk/results/certificate.json --previous-review /srv/ai/research/research/integer-multiplication-bounds/runs/20261008T062808Z-review-householder-assembly/results/certificate.json --primitive /srv/ai/research/research/integer-multiplication-bounds/runs/20261008T060904Z-downstream-joined-block-characteristic/results/certificate.json --joined-review /srv/ai/research/research/integer-multiplication-bounds/runs/20261008T0603Z-review-joined-block-drain/results/certificate.json --output /srv/ai/work/rad/integer-multiplication-bounds/20261007T222521Z/derived/20261008T063322Z-review-fixed-joined-assembly-repair/certificate.json"
	User time (seconds): 0.04
	System time (seconds): 0.01
	Percent of CPU this job got: 87%
	Elapsed (wall clock) time (h:mm:ss or m:ss): 0:00.06
	Average shared text size (kbytes): 0
	Average unshared data size (kbytes): 0
	Average stack size (kbytes): 0
	Average total size (kbytes): 0
	Maximum resident set size (kbytes): 23436
	Average resident set size (kbytes): 0
	Major (requiring I/O) page faults: 0
	Minor (reclaiming a frame) page faults: 3971
	Voluntary context switches: 330
	Involuntary context switches: 0
	Swaps: 0
	File system inputs: 0
	File system outputs: 53
	Socket messages sent: 0
	Socket messages received: 0
	Signals delivered: 0
	Page size (bytes): 4096
	Exit status: 0
