MECHANISM_PROGRESS v2-128k-F256-attempt1
PERSISTENT_REUSE_AUDIT v2-128k-F256-attempt1 73647 of 100767
RESIDUAL_MISS_AUDIT v2-128k-F256-attempt1 101301 {'no_observed_admission_before_demand': 15455, 'victim_absent': 85759, 'copy_pending_at_demand': 87}
MECHANISM_PROGRESS v2-128k-F256-attempt2
PERSISTENT_REUSE_AUDIT v2-128k-F256-attempt2 73690 of 100756
RESIDUAL_MISS_AUDIT v2-128k-F256-attempt2 101324 {'no_observed_admission_before_demand': 15586, 'victim_absent': 85662, 'copy_pending_at_demand': 76}
MECHANISM_PROGRESS v2-128k-F256-attempt3
PERSISTENT_REUSE_AUDIT v2-128k-F256-attempt3 72762 of 99445
RESIDUAL_MISS_AUDIT v2-128k-F256-attempt3 105745 {'no_observed_admission_before_demand': 18830, 'copy_pending_at_demand': 227, 'victim_absent': 86685, 'copy_complete_not_published_at_demand': 3}
MECHANISM_PROGRESS v2-128k-FF-attempt1
PERSISTENT_REUSE_AUDIT v2-128k-FF-attempt1 48773 of 63973
RESIDUAL_MISS_AUDIT v2-128k-FF-attempt1 22671 {'no_observed_admission_before_demand': 2913, 'copy_pending_at_demand': 22, 'victim_absent': 19736}
MECHANISM_PROGRESS v2-128k-FF-attempt2
PERSISTENT_REUSE_AUDIT v2-128k-FF-attempt2 49957 of 65790
RESIDUAL_MISS_AUDIT v2-128k-FF-attempt2 17598 {'no_observed_admission_before_demand': 3439, 'copy_pending_at_demand': 40, 'victim_absent': 14119}
MECHANISM_PROGRESS v2-128k-FF-attempt3
PERSISTENT_REUSE_AUDIT v2-128k-FF-attempt3 48324 of 63345
RESIDUAL_MISS_AUDIT v2-128k-FF-attempt3 24271 {'no_observed_admission_before_demand': 3336, 'copy_pending_at_demand': 27, 'victim_absent': 20908}
MECHANISM_PROGRESS v2-128k-current-attempt1
PERSISTENT_REUSE_AUDIT v2-128k-current-attempt1 0 of 0
RESIDUAL_MISS_AUDIT v2-128k-current-attempt1 267959 {'no_observed_admission_before_demand': 267959}
MECHANISM_PROGRESS v2-128k-current-attempt2
PERSISTENT_REUSE_AUDIT v2-128k-current-attempt2 0 of 0
RESIDUAL_MISS_AUDIT v2-128k-current-attempt2 267959 {'no_observed_admission_before_demand': 267959}
MECHANISM_PROGRESS v2-128k-current-attempt3
PERSISTENT_REUSE_AUDIT v2-128k-current-attempt3 0 of 0
RESIDUAL_MISS_AUDIT v2-128k-current-attempt3 267959 {'no_observed_admission_before_demand': 267959}
MECHANISM_PROGRESS v2-256k-F256-attempt1
PERSISTENT_REUSE_AUDIT v2-256k-F256-attempt1 72674 of 102853
RESIDUAL_MISS_AUDIT v2-256k-F256-attempt1 91889 {'no_observed_admission_before_demand': 14595, 'copy_pending_at_demand': 78, 'victim_absent': 77216}
MECHANISM_PROGRESS v2-256k-F256-attempt2
PERSISTENT_REUSE_AUDIT v2-256k-F256-attempt2 69101 of 97100
RESIDUAL_MISS_AUDIT v2-256k-F256-attempt2 103971 {'no_observed_admission_before_demand': 16854, 'copy_pending_at_demand': 125, 'victim_absent': 86992}
MECHANISM_PROGRESS v2-256k-F256-attempt3
PERSISTENT_REUSE_AUDIT v2-256k-F256-attempt3 70435 of 99225
RESIDUAL_MISS_AUDIT v2-256k-F256-attempt3 98669 {'no_observed_admission_before_demand': 15473, 'victim_absent': 83093, 'copy_pending_at_demand': 103}
MECHANISM_PROGRESS v2-256k-FF-attempt1
PERSISTENT_REUSE_AUDIT v2-256k-FF-attempt1 48234 of 65229
RESIDUAL_MISS_AUDIT v2-256k-FF-attempt1 22623 {'no_observed_admission_before_demand': 5770, 'copy_pending_at_demand': 80, 'victim_absent': 16773}
MECHANISM_PROGRESS v2-256k-FF-attempt2
PERSISTENT_REUSE_AUDIT v2-256k-FF-attempt2 47362 of 64011
RESIDUAL_MISS_AUDIT v2-256k-FF-attempt2 26009 {'no_observed_admission_before_demand': 4326, 'copy_pending_at_demand': 62, 'victim_absent': 21621}
MECHANISM_PROGRESS v2-256k-FF-attempt3
PERSISTENT_REUSE_AUDIT v2-256k-FF-attempt3 48001 of 64937
RESIDUAL_MISS_AUDIT v2-256k-FF-attempt3 23026 {'no_observed_admission_before_demand': 5302, 'copy_pending_at_demand': 85, 'victim_absent': 17639}
MECHANISM_PROGRESS v2-256k-current-attempt1
PERSISTENT_REUSE_AUDIT v2-256k-current-attempt1 0 of 0
RESIDUAL_MISS_AUDIT v2-256k-current-attempt1 246896 {'no_observed_admission_before_demand': 246896}
MECHANISM_PROGRESS v2-256k-current-attempt2
PERSISTENT_REUSE_AUDIT v2-256k-current-attempt2 0 of 0
RESIDUAL_MISS_AUDIT v2-256k-current-attempt2 246896 {'no_observed_admission_before_demand': 246896}
MECHANISM_PROGRESS v2-256k-current-attempt3
PERSISTENT_REUSE_AUDIT v2-256k-current-attempt3 0 of 0
RESIDUAL_MISS_AUDIT v2-256k-current-attempt3 246896 {'no_observed_admission_before_demand': 246896}
MECHANISM_PROGRESS v2-32k-6464-attempt1
PERSISTENT_REUSE_AUDIT v2-32k-6464-attempt1 68049 of 97974
RESIDUAL_MISS_AUDIT v2-32k-6464-attempt1 104649 {'no_observed_admission_before_demand': 17375, 'victim_absent': 87241, 'copy_pending_at_demand': 33}
MECHANISM_PROGRESS v2-32k-6464-attempt2
PERSISTENT_REUSE_AUDIT v2-32k-6464-attempt2 67933 of 97761
RESIDUAL_MISS_AUDIT v2-32k-6464-attempt2 105725 {'no_observed_admission_before_demand': 20232, 'copy_pending_at_demand': 148, 'victim_absent': 85345}
MECHANISM_PROGRESS v2-32k-6464-attempt3
PERSISTENT_REUSE_AUDIT v2-32k-6464-attempt3 66446 of 95501
RESIDUAL_MISS_AUDIT v2-32k-6464-attempt3 108802 {'no_observed_admission_before_demand': 20263, 'victim_absent': 88449, 'copy_pending_at_demand': 90}
MECHANISM_PROGRESS v2-32k-64F-attempt1
PERSISTENT_REUSE_AUDIT v2-32k-64F-attempt1 47071 of 64098
RESIDUAL_MISS_AUDIT v2-32k-64F-attempt1 17367 {'no_observed_admission_before_demand': 4160, 'copy_pending_at_demand': 15, 'victim_absent': 13192}
MECHANISM_PROGRESS v2-32k-64F-attempt2
PERSISTENT_REUSE_AUDIT v2-32k-64F-attempt2 46117 of 62798
RESIDUAL_MISS_AUDIT v2-32k-64F-attempt2 21322 {'no_observed_admission_before_demand': 5382, 'copy_pending_at_demand': 54, 'victim_absent': 15886}
MECHANISM_PROGRESS v2-32k-64F-attempt3
PERSISTENT_REUSE_AUDIT v2-32k-64F-attempt3 44089 of 59511
RESIDUAL_MISS_AUDIT v2-32k-64F-attempt3 30486 {'no_observed_admission_before_demand': 5647, 'copy_pending_at_demand': 127, 'victim_absent': 24712}
MECHANISM_PROGRESS v2-32k-F256-attemptindependent1
PERSISTENT_REUSE_AUDIT v2-32k-F256-attemptindependent1 11700 of 16584
RESIDUAL_MISS_AUDIT v2-32k-F256-attemptindependent1 6861 {'no_observed_admission_before_demand': 3136, 'copy_complete_not_published_at_demand': 2, 'copy_pending_at_demand': 45, 'victim_absent': 3678}
MECHANISM_PROGRESS v2-32k-F256-attemptindependent2
PERSISTENT_REUSE_AUDIT v2-32k-F256-attemptindependent2 11447 of 16119
RESIDUAL_MISS_AUDIT v2-32k-F256-attemptindependent2 8246 {'no_observed_admission_before_demand': 3824, 'copy_complete_not_published_at_demand': 2, 'copy_pending_at_demand': 49, 'victim_absent': 4371}
MECHANISM_PROGRESS v2-32k-F256-attemptindependent3
PERSISTENT_REUSE_AUDIT v2-32k-F256-attemptindependent3 10511 of 14562
RESIDUAL_MISS_AUDIT v2-32k-F256-attemptindependent3 12064 {'no_observed_admission_before_demand': 6078, 'copy_complete_not_published_at_demand': 2, 'copy_pending_at_demand': 120, 'victim_absent': 5864}
MECHANISM_PROGRESS v2-32k-F64-attempt1
PERSISTENT_REUSE_AUDIT v2-32k-F64-attempt1 69394 of 100109
RESIDUAL_MISS_AUDIT v2-32k-F64-attempt1 100594 {'no_observed_admission_before_demand': 16082, 'copy_pending_at_demand': 35, 'victim_absent': 84477}
MECHANISM_PROGRESS v2-32k-F64-attempt2
PERSISTENT_REUSE_AUDIT v2-32k-F64-attempt2 67964 of 98031
RESIDUAL_MISS_AUDIT v2-32k-F64-attempt2 104492 {'no_observed_admission_before_demand': 17261, 'victim_absent': 87183, 'copy_pending_at_demand': 48}
MECHANISM_PROGRESS v2-32k-F64-attempt3
PERSISTENT_REUSE_AUDIT v2-32k-F64-attempt3 68272 of 98224
RESIDUAL_MISS_AUDIT v2-32k-F64-attempt3 103501 {'no_observed_admission_before_demand': 17295, 'victim_absent': 86179, 'copy_pending_at_demand': 27}
MECHANISM_PROGRESS v2-32k-FF-attempt1
PERSISTENT_REUSE_AUDIT v2-32k-FF-attempt1 47931 of 65508
RESIDUAL_MISS_AUDIT v2-32k-FF-attempt1 13949 {'no_observed_admission_before_demand': 3223, 'copy_pending_at_demand': 27, 'victim_absent': 10699}
MECHANISM_PROGRESS v2-32k-FF-attempt2
PERSISTENT_REUSE_AUDIT v2-32k-FF-attempt2 47416 of 64764
RESIDUAL_MISS_AUDIT v2-32k-FF-attempt2 15336 {'no_observed_admission_before_demand': 3575, 'copy_pending_at_demand': 25, 'victim_absent': 11736}
MECHANISM_PROGRESS v2-32k-FF-attempt3
PERSISTENT_REUSE_AUDIT v2-32k-FF-attempt3 47616 of 65000
RESIDUAL_MISS_AUDIT v2-32k-FF-attempt3 15011 {'no_observed_admission_before_demand': 2483, 'copy_pending_at_demand': 2, 'victim_absent': 12526}
MECHANISM_PROGRESS v2-32k-FF-attemptindependent1
PERSISTENT_REUSE_AUDIT v2-32k-FF-attemptindependent1 7451 of 10018
RESIDUAL_MISS_AUDIT v2-32k-FF-attemptindependent1 2096 {'no_observed_admission_before_demand': 1512, 'copy_complete_not_published_at_demand': 2, 'copy_pending_at_demand': 20, 'victim_absent': 562}
MECHANISM_PROGRESS v2-32k-FF-attemptindependent2
PERSISTENT_REUSE_AUDIT v2-32k-FF-attemptindependent2 7468 of 10036
RESIDUAL_MISS_AUDIT v2-32k-FF-attemptindependent2 1994 {'no_observed_admission_before_demand': 1490, 'copy_pending_at_demand': 15, 'copy_complete_not_published_at_demand': 2, 'victim_absent': 487}
MECHANISM_PROGRESS v2-32k-FF-attemptindependent3
PERSISTENT_REUSE_AUDIT v2-32k-FF-attemptindependent3 7629 of 10343
RESIDUAL_MISS_AUDIT v2-32k-FF-attemptindependent3 1083 {'no_observed_admission_before_demand': 935, 'copy_complete_not_published_at_demand': 2, 'copy_pending_at_demand': 7, 'victim_absent': 139}
MECHANISM_PROGRESS v2-32k-current-attempt1
PERSISTENT_REUSE_AUDIT v2-32k-current-attempt1 0 of 0
RESIDUAL_MISS_AUDIT v2-32k-current-attempt1 227427 {'no_observed_admission_before_demand': 227427}
MECHANISM_PROGRESS v2-32k-current-attempt2
PERSISTENT_REUSE_AUDIT v2-32k-current-attempt2 0 of 0
RESIDUAL_MISS_AUDIT v2-32k-current-attempt2 227427 {'no_observed_admission_before_demand': 227427}
MECHANISM_PROGRESS v2-32k-current-attempt3
PERSISTENT_REUSE_AUDIT v2-32k-current-attempt3 0 of 0
RESIDUAL_MISS_AUDIT v2-32k-current-attempt3 227427 {'no_observed_admission_before_demand': 227427}
MECHANISM_PROGRESS v2-32k-current-attemptindependent1
PERSISTENT_REUSE_AUDIT v2-32k-current-attemptindependent1 0 of 0
RESIDUAL_MISS_AUDIT v2-32k-current-attemptindependent1 41220 {'no_observed_admission_before_demand': 41220}
MECHANISM_PROGRESS v2-32k-current-attemptindependent2
PERSISTENT_REUSE_AUDIT v2-32k-current-attemptindependent2 0 of 0
RESIDUAL_MISS_AUDIT v2-32k-current-attemptindependent2 41220 {'no_observed_admission_before_demand': 41220}
MECHANISM_PROGRESS v2-32k-current-attemptindependent3
PERSISTENT_REUSE_AUDIT v2-32k-current-attemptindependent3 0 of 0
RESIDUAL_MISS_AUDIT v2-32k-current-attemptindependent3 41220 {'no_observed_admission_before_demand': 41220}
MECHANISM_COMPLETE 42
