{
  "state": "PASS",
  "prefix": "experiments/E008-router-boundary/v2/32k/traces/runtime-request2",
  "activation_records": 384,
  "numeric_rows": 1116,
  "capture_bytes": 12145328,
  "geometry": [
    {
      "device": 0,
      "width": 2560,
      "experts": 512,
      "hc": 4,
      "first": 0,
      "last": 25,
      "capture_windows": 64,
      "timing_events": 4
    },
    {
      "device": 1,
      "width": 2560,
      "experts": 512,
      "hc": 4,
      "first": 25,
      "last": 48,
      "capture_windows": 64,
      "timing_events": 4
    }
  ],
  "gate_memory_CPU_bytes": 31457280,
  "router_quality": {
    "6": {
      "rows": 186,
      "top10_precision_pct": 44.03225806451613,
      "nonlocal_recall_pct": 37.5,
      "true_nonlocal_entries": 16,
      "predicted_nonresident_entries": 61,
      "lead_us": {
        "n": 186,
        "min": 169.57,
        "median": 241.404,
        "p95": 423.969,
        "max": 467.038,
        "sum": 46497.35399999999
      },
      "batch_score_us": {
        "n": 186,
        "min": 62.04,
        "median": 288.294,
        "p95": 350.80325,
        "max": 1441.034,
        "sum": 57623.42600000001
      },
      "batch_top10_us": {
        "n": 186,
        "min": 4.989,
        "median": 14.43,
        "p95": 20.59,
        "max": 903.076,
        "sum": 3459.637
      },
      "optimistic_ready_fraction": 0.026881720430107527,
      "warm_windows_only": {
        "rows": 183,
        "lead_us": {
          "n": 183,
          "min": 169.57,
          "median": 241.339,
          "p95": 423.969,
          "max": 467.038,
          "sum": 45553.79699999999
        },
        "optimistic_ready_fraction": 0.0273224043715847
      }
    },
    "21": {
      "rows": 186,
      "top10_precision_pct": 45.215053763440864,
      "nonlocal_recall_pct": 66.66666666666667,
      "true_nonlocal_entries": 15,
      "predicted_nonresident_entries": 52,
      "lead_us": {
        "n": 186,
        "min": 164.709,
        "median": 231.49,
        "p95": 2370.72325,
        "max": 3231.528,
        "sum": 70910.797
      },
      "batch_score_us": {
        "n": 186,
        "min": 88.56,
        "median": 281.3985,
        "p95": 345.582,
        "max": 425.008,
        "sum": 52433.011
      },
      "batch_top10_us": {
        "n": 186,
        "min": 4.58,
        "median": 12.430499999999999,
        "p95": 17.079,
        "max": 25.32,
        "sum": 2268.1569999999997
      },
      "optimistic_ready_fraction": 0.053763440860215055,
      "warm_windows_only": {
        "rows": 183,
        "lead_us": {
          "n": 183,
          "min": 164.709,
          "median": 231.49,
          "p95": 2781.1381000000156,
          "max": 3231.528,
          "sum": 70275.91
        },
        "optimistic_ready_fraction": 0.0546448087431694
      }
    },
    "25": {
      "rows": 186,
      "top10_precision_pct": 54.24731182795699,
      "nonlocal_recall_pct": 44.44444444444444,
      "true_nonlocal_entries": 27,
      "predicted_nonresident_entries": 33,
      "lead_us": {
        "n": 186,
        "min": 221.349,
        "median": 310.599,
        "p95": 868.576,
        "max": 9629.863,
        "sum": 95966.148
      },
      "batch_score_us": {
        "n": 186,
        "min": 61.731,
        "median": 290.37350000000004,
        "p95": 353.709,
        "max": 428.358,
        "sum": 53969.367999999995
      },
      "batch_top10_us": {
        "n": 186,
        "min": 4.86,
        "median": 13.2,
        "p95": 19.134500000000003,
        "max": 27.44,
        "sum": 2429.3619999999996
      },
      "optimistic_ready_fraction": 0.05913978494623656,
      "warm_windows_only": {
        "rows": 183,
        "lead_us": {
          "n": 183,
          "min": 221.349,
          "median": 310.599,
          "p95": 489.278,
          "max": 2461.201,
          "sum": 67076.559
        },
        "optimistic_ready_fraction": 0.04371584699453552
      }
    },
    "26": {
      "rows": 186,
      "top10_precision_pct": 25.376344086021504,
      "nonlocal_recall_pct": 10.714285714285714,
      "true_nonlocal_entries": 28,
      "predicted_nonresident_entries": 90,
      "lead_us": {
        "n": 186,
        "min": 174.569,
        "median": 250.15,
        "p95": 2719.139,
        "max": 4108.595,
        "sum": 86868.48700000001
      },
      "batch_score_us": {
        "n": 186,
        "min": 63.49,
        "median": 280.5085,
        "p95": 349.419,
        "max": 398.918,
        "sum": 52030.749
      },
      "batch_top10_us": {
        "n": 186,
        "min": 4.91,
        "median": 13.16,
        "p95": 15.55,
        "max": 16.151,
        "sum": 2338.0699999999997
      },
      "optimistic_ready_fraction": 0.10752688172043011,
      "warm_windows_only": {
        "rows": 183,
        "lead_us": {
          "n": 183,
          "min": 174.569,
          "median": 250.15,
          "p95": 2719.139,
          "max": 4108.595,
          "sum": 83993.38900000002
        },
        "optimistic_ready_fraction": 0.09289617486338798
      }
    },
    "41": {
      "rows": 186,
      "top10_precision_pct": 59.56989247311828,
      "nonlocal_recall_pct": 81.81818181818181,
      "true_nonlocal_entries": 11,
      "predicted_nonresident_entries": 76,
      "lead_us": {
        "n": 186,
        "min": 160.05,
        "median": 220.72,
        "p95": 303.488,
        "max": 630.018,
        "sum": 42847.971999999994
      },
      "batch_score_us": {
        "n": 186,
        "min": 66.269,
        "median": 291.849,
        "p95": 360.688,
        "max": 411.638,
        "sum": 54167.403000000006
      },
      "batch_top10_us": {
        "n": 186,
        "min": 5.009,
        "median": 13.439499999999999,
        "p95": 24.331,
        "max": 209.459,
        "sum": 3088.6670000000004
      },
      "optimistic_ready_fraction": 0.021505376344086023,
      "warm_windows_only": {
        "rows": 183,
        "lead_us": {
          "n": 183,
          "min": 160.05,
          "median": 220.509,
          "p95": 303.488,
          "max": 630.018,
          "sum": 42185.812000000005
        },
        "optimistic_ready_fraction": 0.02185792349726776
      }
    },
    "47": {
      "rows": 186,
      "top10_precision_pct": 33.97849462365591,
      "nonlocal_recall_pct": 40.0,
      "true_nonlocal_entries": 15,
      "predicted_nonresident_entries": 548,
      "lead_us": {
        "n": 186,
        "min": 237.619,
        "median": 336.308,
        "p95": 3051.34325,
        "max": 3533.197,
        "sum": 102378.823
      },
      "batch_score_us": {
        "n": 186,
        "min": 67.009,
        "median": 282.9735,
        "p95": 351.15575,
        "max": 540.718,
        "sum": 52914.712
      },
      "batch_top10_us": {
        "n": 186,
        "min": 4.97,
        "median": 13.18,
        "p95": 21.25,
        "max": 207.09,
        "sum": 2845.082
      },
      "optimistic_ready_fraction": 0.0967741935483871,
      "warm_windows_only": {
        "rows": 183,
        "lead_us": {
          "n": 183,
          "min": 237.619,
          "median": 336.43,
          "p95": 3099.640100000002,
          "max": 3533.197,
          "sum": 101517.586
        },
        "optimistic_ready_fraction": 0.09836065573770492
      }
    }
  },
  "boundary_timings": {
    "0": {
      "0": {
        "host_elapsed_us": {
          "n": 1241,
          "min": 0.16,
          "median": 0.28,
          "p95": 1.61,
          "max": 14.67,
          "sum": 505.07200000000006
        }
      },
      "1": {
        "host_elapsed_us": {
          "n": 1241,
          "min": 6.88,
          "median": 14.4,
          "p95": 30.19,
          "max": 708.426,
          "sum": 22807.117
        }
      },
      "2": {
        "host_elapsed_us": {
          "n": 1241,
          "min": 21.4,
          "median": 89.24,
          "p95": 131.019,
          "max": 1116.125,
          "sum": 109620.81
        }
      },
      "4": {
        "host_elapsed_us": {
          "n": 1241,
          "min": 0.0,
          "median": 0.0,
          "p95": 0.0,
          "max": 0.0,
          "sum": 0.0
        }
      },
      "5": {
        "host_elapsed_us": {
          "n": 1241,
          "min": 0.02,
          "median": 0.089,
          "p95": 0.14,
          "max": 15968.858,
          "sum": 16123.26
        }
      },
      "10": {
        "gpu_elapsed_us": null,
        "copy_bytes": null
      },
      "11": {
        "gpu_elapsed_us": {
          "n": 64,
          "min": 7.168000221252441,
          "median": 19.45599937438965,
          "p95": 24.576000213623047,
          "max": 25.599998474121094,
          "sum": 1111.0399951934814
        },
        "copy_bytes": {
          "n": 64,
          "min": 51216.0,
          "median": 153648.0,
          "p95": 204864.0,
          "max": 204864.0,
          "sum": 9526176.0
        }
      }
    },
    "1": {
      "0": {
        "host_elapsed_us": {
          "n": 1241,
          "min": 0.11,
          "median": 0.25,
          "p95": 0.72,
          "max": 3.14,
          "sum": 442.61800000000005
        }
      },
      "1": {
        "host_elapsed_us": {
          "n": 1241,
          "min": 8.25,
          "median": 18.089,
          "p95": 34.35,
          "max": 2503.65,
          "sum": 27820.117000000002
        }
      },
      "2": {
        "host_elapsed_us": {
          "n": 1241,
          "min": 648.797,
          "median": 764.808,
          "p95": 835.257,
          "max": 8787.206,
          "sum": 1033653.732
        }
      },
      "4": {
        "host_elapsed_us": {
          "n": 1241,
          "min": 0.0,
          "median": 0.0,
          "p95": 0.0,
          "max": 0.0,
          "sum": 0.0
        }
      },
      "5": {
        "host_elapsed_us": {
          "n": 1241,
          "min": 0.02,
          "median": 0.06,
          "p95": 0.12,
          "max": 9314.074,
          "sum": 9418.044999999995
        }
      },
      "10": {
        "gpu_elapsed_us": {
          "n": 64,
          "min": 11.263999938964844,
          "median": 20.479999542236328,
          "p95": 24.576000213623047,
          "max": 36.8640022277832,
          "sum": 1267.3600044250488
        },
        "copy_bytes": {
          "n": 64,
          "min": 51216.0,
          "median": 153648.0,
          "p95": 204864.0,
          "max": 204864.0,
          "sum": 9526176.0
        }
      },
      "11": {
        "gpu_elapsed_us": null,
        "copy_bytes": null
      }
    }
  },
  "host_stage_transition_gap_us": {
    "n": 1241,
    "min": 0.05,
    "median": 0.15,
    "p95": 1.3,
    "max": 6.69,
    "sum": 432.002
  },
  "first_window_logits": {
    "count": 248320,
    "all_finite": true,
    "top1": 2
  },
  "timing_kinds": {
    "0": "stage_inputs CPU bracket",
    "1": "cudaGraphLaunch CPU bracket",
    "2": "existing stage-tail cudaStreamSynchronize CPU bracket",
    "4": "stage call entry marker",
    "5": "capture/capture_commit CPU bracket",
    "10": "actual incoming mapped activation copy GPU elapsed",
    "11": "actual outgoing mapped activation copy GPU elapsed"
  },
  "limitations": [
    "Diagnostic-only, not a headline speed build; first64 windows selected six next-layer pairs, no generalization guarantee.",
    "Single-thread offline CPU numeric cost excludes feature capture, scheduling, victim selection and contention. BF16 native gate snapshot converted exactly into float32; no model mutation.",
    "Prediction uses current-layer normalized MoE activation, not true next-layer activation. True next-router IDs are evaluation labels only.",
    "Lead ends at host observation of the true next router, a conservative deadline for avoidance of its nonlocal execution; diagnostic copying itself can increase observed lead.",
    "Optimistic one-blob test ignores competing predictions, slot eviction and in-flight reader hazards; passing does not prove runtime feasibility.",
    "CUDA durations stay on one device clock. CPU completion timestamps do not identify device event start. No unrelated timers are summed into miss cost.",
    "Host tail synchronize includes final resident compute, dense/KV/head/argmax and cannot be labeled expert miss or boundary transfer time."
  ]
}
