Independent normalized characteristic PASS 143492327855947419/1000000000000000000000000
Independent exact small metric/data families PASS
PASS root independent generic-basis inputs and written theorem review
	Command being timed: "timeout 120 /srv/ai/work/rad/integer-multiplication-bounds/20261007T222521Z/envs/math/bin/python -B /srv/ai/research/research/integer-multiplication-bounds/code/review_generic_composition_inputs.py --generic-review /srv/ai/research/research/integer-multiplication-bounds/runs/20261008T0623Z-review-generic-metric-basis/results/certificate.json --finite-review /srv/ai/research/research/integer-multiplication-bounds/runs/20261008T060418Z-review-descendant-clone-repair/results/certificate.json --assembly-review /srv/ai/research/research/integer-multiplication-bounds/runs/20261008T063322Z-review-descendant-joined-assembly-repair/results/certificate.json --proof-report /srv/ai/research/research/integer-multiplication-bounds/reports/review-generic-metric-basis.md --output /srv/ai/work/rad/integer-multiplication-bounds/20261007T222521Z/derived/20261008T064015Z-review-generic-composition-inputs/certificate.json"
	User time (seconds): 0.29
	System time (seconds): 0.01
	Percent of CPU this job got: 98%
	Elapsed (wall clock) time (h:mm:ss or m:ss): 0:00.31
	Average shared text size (kbytes): 0
	Average unshared data size (kbytes): 0
	Average stack size (kbytes): 0
	Average total size (kbytes): 0
	Maximum resident set size (kbytes): 22276
	Average resident set size (kbytes): 0
	Major (requiring I/O) page faults: 0
	Minor (reclaiming a frame) page faults: 3509
	Voluntary context switches: 165
	Involuntary context switches: 0
	Swaps: 0
	File system inputs: 0
	File system outputs: 26
	Socket messages sent: 0
	Socket messages received: 0
	Signals delivered: 0
	Page size (bytes): 4096
	Exit status: 0
