Traceback (most recent call last):
  File "/srv/ai/research/research/integer-multiplication-bounds/code/review_batched_bulk_assembly.py", line 330, in <module>
    main()
    ~~~~^^
  File "/srv/ai/research/research/integer-multiplication-bounds/code/review_batched_bulk_assembly.py", line 300, in main
    primitive_audit=audit_primitive(primitive['witness'])
  File "/srv/ai/research/research/integer-multiplication-bounds/code/review_batched_bulk_assembly.py", line 80, in audit_primitive
    independently_stronger_taylor_gap=str(independent_gap),
                                      ~~~^^^^^^^^^^^^^^^^^
  File "/home/user/.local/share/uv/python/cpython-3.14.7-linux-x86_64-gnu/lib/python3.14/fractions.py", line 459, in __str__
    return '%s/%s' % (self._numerator, self._denominator)
                      ^^^^^^^^^^^^^^^
ValueError: Exceeds the limit (4300 digits) for integer string conversion; use sys.set_int_max_str_digits() to increase the limit
Command exited with non-zero status 1
	Command being timed: "timeout 60 /srv/ai/work/rad/integer-multiplication-bounds/20261007T222521Z/envs/math/bin/python -B /srv/ai/research/research/integer-multiplication-bounds/code/review_batched_bulk_assembly.py --certificate /srv/ai/research/research/integer-multiplication-bounds/runs/20261008T045209Z-downstream-batched-semantic-bulk/results/certificate.json --uniform /srv/ai/research/research/integer-multiplication-bounds/runs/20261008T042624Z-downstream-odd51-semantic-bulk/results/certificate.json --uniform-review /srv/ai/research/research/integer-multiplication-bounds/runs/20261008T043000Z-review-odd51-bulk/results/certificate.json --primitive /srv/ai/research/research/integer-multiplication-bounds/runs/20261008T043510Z-downstream-diagonal-join-bound/results/certificate.json --interface-review /srv/ai/research/research/integer-multiplication-bounds/runs/20261008T0439Z-review-pivot-batching/results/certificate.json --kernel-review /srv/ai/research/research/integer-multiplication-bounds/runs/20261008T0443Z-review-pivot-forbidden/results/certificate.json --finite-review /srv/ai/research/research/integer-multiplication-bounds/runs/20261008T041200Z-review-odd51/results/certificate.json --output /srv/ai/work/rad/integer-multiplication-bounds/20261007T222521Z/derived/20261008T045702Z-review-batched-bulk/certificate.json"
	User time (seconds): 0.10
	System time (seconds): 0.02
	Percent of CPU this job got: 54%
	Elapsed (wall clock) time (h:mm:ss or m:ss): 0:00.24
	Average shared text size (kbytes): 0
	Average unshared data size (kbytes): 0
	Average stack size (kbytes): 0
	Average total size (kbytes): 0
	Maximum resident set size (kbytes): 22488
	Average resident set size (kbytes): 0
	Major (requiring I/O) page faults: 0
	Minor (reclaiming a frame) page faults: 4124
	Voluntary context switches: 258
	Involuntary context switches: 662
	Swaps: 0
	File system inputs: 88
	File system outputs: 1
	Socket messages sent: 0
	Socket messages received: 0
	Signals delivered: 0
	Page size (bytes): 4096
	Exit status: 1
