PASS generic {'bit_roles': 473026, 'bit_candidate': '171a84402dbfaba83759e04b307eaa7a0e03e945a9a58bbd10e27e0caaf47102', 'bit_compiled_sha256': 'dab8e96f621d7346acbe9811b1c6c5005fc040d6cc9dd61c8cd745b23db712ea', 'complex_ground': 28, 'complex_roles': 97586, 'complex_coefficients': 7780500, 'complex_logical_frames': 94310, 'complex_physical_transitions': 559308, 'complete_dirty_h8_basis_dimension': 1019, 'immutable_source_hashes_checked': True} rows 2
	Command being timed: "python3 -B /srv/ai/research/research/integer-multiplication-bounds/code/review_compact_generic.py --certificate /srv/ai/research/research/integer-multiplication-bounds/runs/20261008T014759Z-downstream-generic-compact473026/results/certificate.json --reference /srv/ai/work/rad/integer-multiplication-bounds/20261007T222521Z/repos/upstream-compact-control-6e564879 --bit-review /srv/ai/research/research/integer-multiplication-bounds/runs/20261008T014255Z-review-singleton-final420/results/certificate.json --complex-review /srv/ai/research/research/integer-multiplication-bounds/runs/20261008T013158Z-review-complex28/results/independent-audit.json --complex-candidate /srv/ai/research/research/integer-multiplication-bounds/runs/20261008T013158Z-review-complex28/results/producer-copy.json --calibration /srv/ai/research/research/integer-multiplication-bounds/runs/20261008T004215Z-review-complex-transfer/results/small-binary-independent.json --output /srv/ai/work/rad/integer-multiplication-bounds/20261007T222521Z/derived/review/20261008T015019Z-review-compact-generic473026/certificate.json"
	User time (seconds): 0.04
	System time (seconds): 0.01
	Percent of CPU this job got: 30%
	Elapsed (wall clock) time (h:mm:ss or m:ss): 0:00.20
	Average shared text size (kbytes): 0
	Average unshared data size (kbytes): 0
	Average stack size (kbytes): 0
	Average total size (kbytes): 0
	Maximum resident set size (kbytes): 23624
	Average resident set size (kbytes): 0
	Major (requiring I/O) page faults: 0
	Minor (reclaiming a frame) page faults: 3378
	Voluntary context switches: 173
	Involuntary context switches: 10
	Swaps: 0
	File system inputs: 0
	File system outputs: 43
	Socket messages sent: 0
	Socket messages received: 0
	Signals delivered: 0
	Page size (bytes): 4096
	Exit status: 0
