PASS 84824 complete output records; 6 joined tensor schedules
	Command being timed: "python3 -B /srv/ai/research/research/integer-multiplication-bounds/code/review_bulk_resampling.py --output /srv/ai/work/rad/integer-multiplication-bounds/20261007T222521Z/derived/review/20261008T030514Z-review-bulk-resampling/certificate.json"
	User time (seconds): 0.76
	System time (seconds): 0.02
	Percent of CPU this job got: 98%
	Elapsed (wall clock) time (h:mm:ss or m:ss): 0:00.79
	Average shared text size (kbytes): 0
	Average unshared data size (kbytes): 0
	Average stack size (kbytes): 0
	Average total size (kbytes): 0
	Maximum resident set size (kbytes): 28592
	Average resident set size (kbytes): 0
	Major (requiring I/O) page faults: 0
	Minor (reclaiming a frame) page faults: 9347
	Voluntary context switches: 44
	Involuntary context switches: 29
	Swaps: 0
	File system inputs: 0
	File system outputs: 12
	Socket messages sent: 0
	Socket messages received: 0
	Signals delivered: 0
	Page size (bytes): 4096
	Exit status: 0
