PASS 738 compact recurrences; 2 exact assembly rows
	Command being timed: "python3 -B research/integer-multiplication-bounds/code/review_compact_assembly.py --certificate research/integer-multiplication-bounds/runs/20261008T012400Z-downstream-compact-composition/results/certificate.json --reference /srv/ai/work/rad/integer-multiplication-bounds/20261007T222521Z/repos/upstream-compact-control-6e564879 --output /srv/ai/work/rad/integer-multiplication-bounds/20261007T222521Z/derived/review/20261008T013650Z-review-compact-assembly-repaired/certificate.json"
	User time (seconds): 0.05
	System time (seconds): 0.00
	Percent of CPU this job got: 43%
	Elapsed (wall clock) time (h:mm:ss or m:ss): 0:00.14
	Average shared text size (kbytes): 0
	Average unshared data size (kbytes): 0
	Average stack size (kbytes): 0
	Average total size (kbytes): 0
	Maximum resident set size (kbytes): 22240
	Average resident set size (kbytes): 0
	Major (requiring I/O) page faults: 0
	Minor (reclaiming a frame) page faults: 3036
	Voluntary context switches: 70
	Involuntary context switches: 5
	Swaps: 0
	File system inputs: 0
	File system outputs: 42
	Socket messages sent: 0
	Socket messages received: 0
	Signals delivered: 0
	Page size (bytes): 4096
	Exit status: 0
