[1/270] Building CXX object ggml/src/CMakeFiles/ggml-base.dir/ggml-threading.cpp.o
[2/270] Building CXX object ggml/src/CMakeFiles/ggml-base.dir/ggml.cpp.o
[3/270] Building C object ggml/src/CMakeFiles/ggml-base.dir/ggml-alloc.c.o
[4/270] Building CXX object ggml/src/CMakeFiles/ggml-base.dir/ggml-opt.cpp.o
[5/270] Building CXX object CMakeFiles/strata_core.dir/src/platform/memory.cpp.o
[6/270] Building CXX object ggml/src/CMakeFiles/ggml-base.dir/ggml-backend.cpp.o
[7/270] Building C object ggml/src/CMakeFiles/ggml-base.dir/ggml.c.o
[8/270] Building CUDA object CMakeFiles/strata_core.dir/src/core/device.cu.o
[9/270] Building CXX object CMakeFiles/strata_core.dir/src/core/layout.cpp.o
[10/270] Building CXX object ggml/src/CMakeFiles/ggml-base.dir/gguf.cpp.o
[11/270] Building CXX object CMakeFiles/strata_core.dir/src/core/graph.cpp.o
[12/270] Building CXX object CMakeFiles/strata_core.dir/src/core/weights.cpp.o
/srv/ai/research/iq3s-residency-20261004T230051Z/campaigns/q4-live-oracle-20261006T040656Z/src/oracle-v3/src/core/weights.cpp: In member function ‘bool strata::core::WeightTable::load(const std::string&, void*, uint64_t, std::string&, const std::set<std::__cxx11::basic_string<char> >*)’:
/srv/ai/research/iq3s-residency-20261004T230051Z/campaigns/q4-live-oracle-20261006T040656Z/src/oracle-v3/src/core/weights.cpp:167:51: warning: format ‘%llu’ expects argument of type ‘long long unsigned int*’, but argument 6 has type ‘uint64_t*’ {aka ‘long unsigned int*’} [-Wformat=]
  167 |                                   "%255s %d %d %llu %llu %llu %llu %lld %lld %d %d %d %d %d %llu %llu %llu %d %d",
      |                                                ~~~^
      |                                                   |
      |                                                   long long unsigned int*
      |                                                %lu
  168 |                                   name, &r.file, &kind, &r.src_off, &r.src_bytes, &r.dst_off, &r.dst_bytes,
      |                                                         ~~~~~~~~~~
      |                                                         |
      |                                                         uint64_t* {aka long unsigned int*}
/srv/ai/research/iq3s-residency-20261004T230051Z/campaigns/q4-live-oracle-20261006T040656Z/src/oracle-v3/src/core/weights.cpp:167:56: warning: format ‘%llu’ expects argument of type ‘long long unsigned int*’, but argument 7 has type ‘uint64_t*’ {aka ‘long unsigned int*’} [-Wformat=]
  167 |                                   "%255s %d %d %llu %llu %llu %llu %lld %lld %d %d %d %d %d %llu %llu %llu %d %d",
      |                                                     ~~~^
      |                                                        |
      |                                                        long long unsigned int*
      |                                                     %lu
  168 |                                   name, &r.file, &kind, &r.src_off, &r.src_bytes, &r.dst_off, &r.dst_bytes,
      |                                                                     ~~~~~~~~~~~~
      |                                                                     |
      |                                                                     uint64_t* {aka long unsigned int*}
/srv/ai/research/iq3s-residency-20261004T230051Z/campaigns/q4-live-oracle-20261006T040656Z/src/oracle-v3/src/core/weights.cpp:167:61: warning: format ‘%llu’ expects argument of type ‘long long unsigned int*’, but argument 8 has type ‘uint64_t*’ {aka ‘long unsigned int*’} [-Wformat=]
  167 |                                   "%255s %d %d %llu %llu %llu %llu %lld %lld %d %d %d %d %d %llu %llu %llu %d %d",
      |                                                          ~~~^
      |                                                             |
      |                                                             long long unsigned int*
      |                                                          %lu
  168 |                                   name, &r.file, &kind, &r.src_off, &r.src_bytes, &r.dst_off, &r.dst_bytes,
      |                                                                                   ~~~~~~~~~~
      |                                                                                   |
      |                                                                                   uint64_t* {aka long unsigned int*}
/srv/ai/research/iq3s-residency-20261004T230051Z/campaigns/q4-live-oracle-20261006T040656Z/src/oracle-v3/src/core/weights.cpp:167:66: warning: format ‘%llu’ expects argument of type ‘long long unsigned int*’, but argument 9 has type ‘uint64_t*’ {aka ‘long unsigned int*’} [-Wformat=]
  167 |                                   "%255s %d %d %llu %llu %llu %llu %lld %lld %d %d %d %d %d %llu %llu %llu %d %d",
      |                                                               ~~~^
      |                                                                  |
      |                                                                  long long unsigned int*
      |                                                               %lu
  168 |                                   name, &r.file, &kind, &r.src_off, &r.src_bytes, &r.dst_off, &r.dst_bytes,
      |                                                                                               ~~~~~~~~~~~~
      |                                                                                               |
      |                                                                                               uint64_t* {aka long unsigned int*}
/srv/ai/research/iq3s-residency-20261004T230051Z/campaigns/q4-live-oracle-20261006T040656Z/src/oracle-v3/src/core/weights.cpp:167:71: warning: format ‘%lld’ expects argument of type ‘long long int*’, but argument 10 has type ‘int64_t*’ {aka ‘long int*’} [-Wformat=]
  167 |                                   "%255s %d %d %llu %llu %llu %llu %lld %lld %d %d %d %d %d %llu %llu %llu %d %d",
      |                                                                    ~~~^
      |                                                                       |
      |                                                                       long long int*
      |                                                                    %ld
  168 |                                   name, &r.file, &kind, &r.src_off, &r.src_bytes, &r.dst_off, &r.dst_bytes,
  169 |                                   &r.ne0, &r.ne1, &r.code_bits, &r.code_bias, &r.group_elems, &r.codebook,
      |                                   ~~~~~~                               
      |                                   |
      |                                   int64_t* {aka long int*}
/srv/ai/research/iq3s-residency-20261004T230051Z/campaigns/q4-live-oracle-20261006T040656Z/src/oracle-v3/src/core/weights.cpp:167:76: warning: format ‘%lld’ expects argument of type ‘long long int*’, but argument 11 has type ‘int64_t*’ {aka ‘long int*’} [-Wformat=]
  167 |                                   "%255s %d %d %llu %llu %llu %llu %lld %lld %d %d %d %d %d %llu %llu %llu %d %d",
      |                                                                         ~~~^
      |                                                                            |
      |                                                                            long long int*
      |                                                                         %ld
  168 |                                   name, &r.file, &kind, &r.src_off, &r.src_bytes, &r.dst_off, &r.dst_bytes,
  169 |                                   &r.ne0, &r.ne1, &r.code_bits, &r.code_bias, &r.group_elems, &r.codebook,
      |                                           ~~~~~~                            
      |                                           |
      |                                           int64_t* {aka long int*}
/srv/ai/research/iq3s-residency-20261004T230051Z/campaigns/q4-live-oracle-20261006T040656Z/src/oracle-v3/src/core/weights.cpp:167:96: warning: format ‘%llu’ expects argument of type ‘long long unsigned int*’, but argument 17 has type ‘uint64_t*’ {aka ‘long unsigned int*’} [-Wformat=]
  167 |                                   "%255s %d %d %llu %llu %llu %llu %lld %lld %d %d %d %d %d %llu %llu %llu %d %d",
      |                                                                                             ~~~^
      |                                                                                                |
      |                                                                                                long long unsigned int*
      |                                                                                             %lu
......
  170 |                                   &r.has_offset, &r.codes_bytes, &r.scales_bytes, &r.offset_bytes,
      |                                                  ~~~~~~~~~~~~~~                                 
      |                                                  |
      |                                                  uint64_t* {aka long unsigned int*}
/srv/ai/research/iq3s-residency-20261004T230051Z/campaigns/q4-live-oracle-20261006T040656Z/src/oracle-v3/src/core/weights.cpp:167:101: warning: format ‘%llu’ expects argument of type ‘long long unsigned int*’, but argument 18 has type ‘uint64_t*’ {aka ‘long unsigned int*’} [-Wformat=]
  167 |                                   "%255s %d %d %llu %llu %llu %llu %lld %lld %d %d %d %d %d %llu %llu %llu %d %d",
      |                                                                                                  ~~~^
      |                                                                                                     |
      |                                                                                                     long long unsigned int*
      |                                                                                                  %lu
......
  170 |                                   &r.has_offset, &r.codes_bytes, &r.scales_bytes, &r.offset_bytes,
      |                                                                  ~~~~~~~~~~~~~~~                     
      |                                                                  |
      |                                                                  uint64_t* {aka long unsigned int*}
/srv/ai/research/iq3s-residency-20261004T230051Z/campaigns/q4-live-oracle-20261006T040656Z/src/oracle-v3/src/core/weights.cpp:167:106: warning: format ‘%llu’ expects argument of type ‘long long unsigned int*’, but argument 19 has type ‘uint64_t*’ {aka ‘long unsigned int*’} [-Wformat=]
  167 |                                   "%255s %d %d %llu %llu %llu %llu %lld %lld %d %d %d %d %d %llu %llu %llu %d %d",
      |                                                                                                       ~~~^
      |                                                                                                          |
      |                                                                                                          long long unsigned int*
      |                                                                                                       %lu
......
  170 |                                   &r.has_offset, &r.codes_bytes, &r.scales_bytes, &r.offset_bytes,
      |                                                                                   ~~~~~~~~~~~~~~~         
      |                                                                                   |
      |                                                                                   uint64_t* {aka long unsigned int*}
[13/270] Building CXX object ggml/src/CMakeFiles/ggml-cpu.dir/ggml-cpu/hbm.cpp.o
[14/270] Building C object ggml/src/CMakeFiles/ggml-cpu.dir/ggml-cpu/ggml-cpu.c.o
[15/270] Building CXX object ggml/src/CMakeFiles/ggml-base.dir/ggml-backend-meta.cpp.o
[16/270] Building CXX object ggml/src/CMakeFiles/ggml-cpu.dir/ggml-cpu/ggml-cpu.cpp.o
[17/270] Building CXX object ggml/src/CMakeFiles/ggml-cpu.dir/ggml-cpu/traits.cpp.o
[18/270] Building CXX object ggml/src/CMakeFiles/ggml-cpu.dir/ggml-cpu/iqp.cpp.o
[19/270] Building CUDA object CMakeFiles/strata_core.dir/src/core/pinned.cu.o
[20/270] Building CXX object ggml/src/CMakeFiles/ggml-cpu.dir/ggml-cpu/amx/amx.cpp.o
[21/270] Building C object ggml/src/CMakeFiles/ggml-cpu.dir/ggml-cpu/quants.c.o
[22/270] Building CXX object ggml/src/CMakeFiles/ggml-cpu.dir/ggml-cpu/amx/mmq.cpp.o
[23/270] Building CXX object ggml/src/CMakeFiles/ggml-cpu.dir/ggml-cpu/vec.cpp.o
[24/270] Linking CXX static library libstrata_core.a
[25/270] Building C object ggml/src/CMakeFiles/ggml-cpu.dir/ggml-cpu/arch/x86/quants.c.o
[26/270] Building C object ggml/src/CMakeFiles/ggml-base.dir/ggml-quants.c.o
[27/270] Building CUDA object CMakeFiles/strata_kernels.dir/src/kernels/cuda/dequant_s2.cu.o
[28/270] Linking CXX static library ggml/src/libggml-base.a
[29/270] Building CXX object ggml/src/CMakeFiles/ggml-cpu.dir/ggml-cpu/binary-ops.cpp.o
[30/270] Building CUDA object CMakeFiles/strata_kernels.dir/src/kernels/cuda/s2_gemv.cu.o
[31/270] Building CXX object ggml/src/CMakeFiles/ggml-cpu.dir/ggml-cpu/unary-ops.cpp.o
[32/270] Building CUDA object CMakeFiles/strata_kernels.dir/src/kernels/cuda/s2_gemv_quads.cu.o
/srv/ai/research/iq3s-residency-20261004T230051Z/campaigns/q4-live-oracle-20261006T040656Z/src/oracle-v3/src/kernels/cuda/s2_gemv_quads.cu(31): warning #177-D: variable "strata::kernels::<unnamed>::CODES_PER_BYTE_S2" was declared but never referenced
  constexpr int CODES_PER_BYTE_S2 = 4;
                ^

Remark: The warnings can be suppressed with "-diag-suppress <warning-number>"

[33/270] Building CUDA object CMakeFiles/strata_kernels.dir/src/kernels/cuda/s2_gemv_fast.cu.o
[34/270] Building CUDA object CMakeFiles/strata_kernels.dir/src/kernels/cuda/router_top10.cu.o
[35/270] Building CUDA object CMakeFiles/strata_kernels.dir/src/kernels/cuda/quantize_act.cu.o
[36/270] Building CUDA object CMakeFiles/strata_kernels.dir/src/kernels/cuda/s_gemv.cu.o
[37/270] Building CUDA object CMakeFiles/strata_kernels.dir/src/kernels/cuda/rope.cu.o
[38/270] Building CXX object ggml/src/CMakeFiles/ggml-cpu.dir/ggml-cpu/arch/x86/repack.cpp.o
[39/270] Building CUDA object CMakeFiles/strata_kernels.dir/src/kernels/cuda/s2_gemv_q8.cu.o
[40/270] Building CXX object ggml/src/CMakeFiles/ggml-cpu.dir/ggml-cpu/repack.cpp.o
[41/270] Building CUDA object CMakeFiles/strata_kernels.dir/src/kernels/cuda/gdn.cu.o
/srv/ai/research/iq3s-residency-20261004T230051Z/campaigns/q4-live-oracle-20261006T040656Z/src/oracle-v3/src/kernels/cuda/gdn.cu(35): warning #177-D: function "strata::kernels::<unnamed>::softplus_f" was declared but never referenced
                            float softplus_f(float x) { return x > 20.0f ? x : log1pf(expf(x)); }
                                  ^

Remark: The warnings can be suppressed with "-diag-suppress <warning-number>"

[42/270] Building CUDA object CMakeFiles/strata_kernels.dir/src/kernels/cuda/gr.cu.o
/srv/ai/research/iq3s-residency-20261004T230051Z/campaigns/q4-live-oracle-20261006T040656Z/src/oracle-v3/src/kernels/cuda/gr.cu(112): warning #177-D: function "strata::kernels::<unnamed>::block_sum" was declared but never referenced
            double block_sum(double v, double* scratch) {
                   ^

Remark: The warnings can be suppressed with "-diag-suppress <warning-number>"

[43/270] Building CUDA object CMakeFiles/strata_kernels.dir/src/kernels/cuda/s2_expert_grouped.cu.o
[44/270] Building CUDA object CMakeFiles/strata_kernels.dir/src/kernels/cuda/shared_expert.cu.o
/srv/ai/research/iq3s-residency-20261004T230051Z/campaigns/q4-live-oracle-20261006T040656Z/src/oracle-v3/src/kernels/cuda/shared_expert.cu(72): warning #177-D: function "strata::kernels::<unnamed>::to_f16_kernel" was declared but never referenced
            void to_f16_kernel(const float* __restrict__ in, uint16_t* __restrict__ out, int n) {
                 ^

Remark: The warnings can be suppressed with "-diag-suppress <warning-number>"

/srv/ai/research/iq3s-residency-20261004T230051Z/campaigns/q4-live-oracle-20261006T040656Z/src/oracle-v3/src/kernels/cuda/shared_expert.cu(139): warning #177-D: function "strata::kernels::<unnamed>::native_scalar_sigmoid_multi_kernel" was declared but never referenced
            void native_scalar_sigmoid_multi_kernel(float* gate) {
                 ^

[45/270] Building CUDA object CMakeFiles/strata_kernels.dir/src/kernels/cuda/qsa.cu.o
[46/270] Building CUDA object CMakeFiles/strata_kernels.dir/src/kernels/cuda/elementwise.cu.o
[47/270] Building CUDA object CMakeFiles/strata_kernels.dir/src/kernels/cuda/bf16_gemv.cu.o
[48/270] Building CUDA object CMakeFiles/strata_kernels.dir/src/kernels/cuda/sampler.cu.o
[49/270] Building CUDA object CMakeFiles/strata_kernels.dir/src/kernels/cuda/native_gr_norm.cu.o
[50/270] Building CUDA object CMakeFiles/strata_kernels.dir/src/kernels/cuda/native_gdn.cu.o
[51/270] Building CUDA object CMakeFiles/strata_kernels.dir/src/kernels/cuda/native_moe.cu.o
[52/270] Building CUDA object CMakeFiles/strata_kernels.dir/src/kernels/cuda/native_gr_postops.cu.o
[53/270] Building CUDA object CMakeFiles/strata_kernels.dir/src/kernels/cuda/native_router.cu.o
[54/270] Building CUDA object CMakeFiles/strata_kernels.dir/src/kernels/cuda/native_bf16.cu.o
[55/270] Building CUDA object CMakeFiles/strata_kernels.dir/src/kernels/cuda/native_gdn_preprocess.cu.o
[56/270] Building CXX object ggml/src/CMakeFiles/ggml-cpu.dir/ggml-cpu/ops.cpp.o
[57/270] Building CUDA object CMakeFiles/strata_kernels.dir/src/kernels/cuda/native_rope.cu.o
[58/270] Building CUDA object CMakeFiles/strata_kernels.dir/src/kernels/cuda/native_qsa.cu.o
[59/270] Building CUDA object CMakeFiles/strata_kernels.dir/src/kernels/cuda/native_ple_postops.cu.o
[60/270] Building CUDA object CMakeFiles/strata_kernels.dir/src/kernels/cuda/native_flash_attn.cu.o
[61/270] Building CUDA object CMakeFiles/strata_kernels.dir/src/kernels/cuda/kv_q8.cu.o
[62/270] Building CUDA object CMakeFiles/strata_kernels.dir/src/kernels/cuda/native_qsa_score.cu.o
[63/270] Building CUDA object CMakeFiles/strata_kernels.dir/src/kernels/cuda/kv_stream.cu.o
[64/270] Building CUDA object CMakeFiles/strata_kernels.dir/src/kernels/cuda/native_qsa_indexer.cu.o
[65/270] Building CUDA object CMakeFiles/strata_kernels.dir/src/kernels/cuda/kv_q4.cu.o
[66/270] Building CUDA object CMakeFiles/strata_kernels.dir/src/kernels/cuda/ple.cu.o
/srv/ai/research/iq3s-residency-20261004T230051Z/campaigns/q4-live-oracle-20261006T040656Z/src/oracle-v3/src/kernels/cuda/ple.cu(372): warning #177-D: variable "hc" was declared but never referenced
      const int n_embd = NG_N_EMBD, hc = NG_HC, hc_dim = NG_HC_DIM;
                                    ^

Remark: The warnings can be suppressed with "-diag-suppress <warning-number>"

[67/270] Building CUDA object CMakeFiles/strata_kernels.dir/src/kernels/cuda/fused_gdn.cu.o
[68/270] Building CUDA object CMakeFiles/strata_kernels.dir/src/kernels/cuda/cvec.cu.o
[69/270] Building CUDA object CMakeFiles/strata_kernels.dir/src/kernels/cuda/qsa_decode_attn.cu.o
[70/270] Building CUDA object CMakeFiles/strata_kernels.dir/src/kernels/cuda/dequant_bf16.cu.o
[71/270] Building CUDA object CMakeFiles/strata_kernels.dir/src/kernels/cuda/qsa_prompt_attn.cu.o
[72/270] Building CUDA object CMakeFiles/strata_kernels.dir/src/kernels/cuda/verify_kernels.cu.o
[73/270] Building CUDA object CMakeFiles/strata_kernels.dir/src/kernels/cuda/qsa_select.cu.o
[74/270] Building CXX object CMakeFiles/strata_kernels.dir/src/kernels/ngram.cpp.o
[75/270] Building CXX object CMakeFiles/strata_kernels.dir/src/platform/direct_file.cpp.o
[76/270] Building CXX object CMakeFiles/strata_kernels_cpu.dir/src/kernels/cpu/q2_avx2.cpp.o
[77/270] Building CXX object CMakeFiles/strata_kernels_cpu.dir/src/kernels/cpu/expert_layout.cpp.o
[78/270] Building CXX object CMakeFiles/strata_kernels.dir/src/ngram/ple_reader.cpp.o
[79/270] Building CXX object CMakeFiles/strata_kernels_cpu.dir/src/kernels/cpu/native_expert.cpp.o
[80/270] Building CXX object CMakeFiles/strata_kernels_cpu.dir/src/kernels/cpu/pool.cpp.o
[81/270] Building CXX object CMakeFiles/strata_kernels_cpu.dir/src/kernels/cpu/expert.cpp.o
[82/270] Linking CXX static library ggml/src/libggml-cpu.a
[83/270] Building CXX object CMakeFiles/strata_kernels_cpu.dir/src/kernels/cpu/kq_avx1.cpp.o
[84/270] Building CXX object CMakeFiles/strata_kernels_cpu.dir/src/kernels/cpu/kq_avx2.cpp.o
[85/270] Building CUDA object CMakeFiles/strata_kernels.dir/src/kernels/cuda/fused_gr.cu.o
/srv/ai/research/iq3s-residency-20261004T230051Z/campaigns/q4-live-oracle-20261006T040656Z/src/oracle-v3/src/kernels/cuda/fused_gr.cu(321): warning #177-D: variable "strata::kernels::<unnamed>::TQ3" was declared but never referenced
  constexpr int TQ3 = N / 8 / 32;
                ^

Remark: The warnings can be suppressed with "-diag-suppress <warning-number>"

[86/270] Building CXX object CMakeFiles/strata_engine.dir/src/core/layer.cpp.o
/srv/ai/research/iq3s-residency-20261004T230051Z/campaigns/q4-live-oracle-20261006T040656Z/src/oracle-v3/src/core/layer.cpp: In function ‘bool strata::core::moe_layer(const WeightTable&, const ModelGeometry&, int64_t, int64_t, const MoEBuffers&, const float*, const float*, float*, void*, std::string&, const Doorbell*)’:
/srv/ai/research/iq3s-residency-20261004T230051Z/campaigns/q4-live-oracle-20261006T040656Z/src/oracle-v3/src/core/layer.cpp:500:1: warning: this ‘if’ clause does not guard... [-Wmisleading-indentation]
  500 | if (!moe_route(tables, g, layer, k, b, x, stream, err, db)) return false;    return moe_finish(tables, g, layer, k, b, x, parts, out, stream, err);}
      | ^~
/srv/ai/research/iq3s-residency-20261004T230051Z/campaigns/q4-live-oracle-20261006T040656Z/src/oracle-v3/src/core/layer.cpp:500:78: note: ...this statement, but the latter is misleadingly indented as if it were guarded by the ‘if’
  500 | if (!moe_route(tables, g, layer, k, b, x, stream, err, db)) return false;    return moe_finish(tables, g, layer, k, b, x, parts, out, stream, err);}
      |                                                                              ^~~~~~
/srv/ai/research/iq3s-residency-20261004T230051Z/campaigns/q4-live-oracle-20261006T040656Z/src/oracle-v3/src/core/layer.cpp: In function ‘bool strata::core::qsa_layer(const WeightTable&, const ModelGeometry&, int64_t, int64_t, int32_t, const QsaState&, const QsaBuffers&, const float*, float*, void*, std::string&, float*)’:
/srv/ai/research/iq3s-residency-20261004T230051Z/campaigns/q4-live-oracle-20261006T040656Z/src/oracle-v3/src/core/layer.cpp:924:1: warning: this ‘if’ clause does not guard... [-Wmisleading-indentation]
  924 | if (!gemv_quantized(*w_attnk, p_k, f_k, b.x_q8_0, b.x_q8k, b.kcur, g.n_embd, g.n_head_kv * g.head_dim,                        v.name("attn_k.weight"), stream, err, x)) return false;    if (!gemv_quantized(*w_attnv, p_v, f_v, b.x_q8_0, b.x_q8k, b.vcur, g.n_embd, g.n_head_kv * g.head_dim,                        v.name("attn_v.weight"), stream, err, x, w_attnk->native_data && w_attnv->native_data)) return false;    dump_slot(dump, g, layer, b.vcur,                            (uint64_t) 2 * g.n_embd + 2 * g.hc + (uint64_t) g.n_head * g.head_dim,                            (uint64_t) g.n_head_kv * g.head_dim, stream);    if (!normalize_rotate(b.kcur, w_kn, (int) g.n_head_kv, (int) g.head_dim)) return false;
      | ^~
/srv/ai/research/iq3s-residency-20261004T230051Z/campaigns/q4-live-oracle-20261006T040656Z/src/oracle-v3/src/core/layer.cpp:924:186: note: ...this statement, but the latter is misleadingly indented as if it were guarded by the ‘if’
  924 | if (!gemv_quantized(*w_attnk, p_k, f_k, b.x_q8_0, b.x_q8k, b.kcur, g.n_embd, g.n_head_kv * g.head_dim,                        v.name("attn_k.weight"), stream, err, x)) return false;    if (!gemv_quantized(*w_attnv, p_v, f_v, b.x_q8_0, b.x_q8k, b.vcur, g.n_embd, g.n_head_kv * g.head_dim,                        v.name("attn_v.weight"), stream, err, x, w_attnk->native_data && w_attnv->native_data)) return false;    dump_slot(dump, g, layer, b.vcur,                            (uint64_t) 2 * g.n_embd + 2 * g.hc + (uint64_t) g.n_head * g.head_dim,                            (uint64_t) g.n_head_kv * g.head_dim, stream);    if (!normalize_rotate(b.kcur, w_kn, (int) g.n_head_kv, (int) g.head_dim)) return false;
      |                                                                                                                                                                                          ^~
/srv/ai/research/iq3s-residency-20261004T230051Z/campaigns/q4-live-oracle-20261006T040656Z/src/oracle-v3/src/core/layer.cpp:989:5: warning: this ‘else’ clause does not guard... [-Wmisleading-indentation]
  989 |     else if (st.kv_int8) kv_gather_q8_step(st.k_q, st.v_q, st.k_scale, st.v_scale, st.page_table, b.ids, st.step, cap, s,                                 b.k_scratch, b.v_scratch, stream);    else kv_gather_step(st.k_pool, st.v_pool, st.page_table, b.ids, st.step, cap, s, b.k_scratch, b.v_scratch,                   stream);    if (native_flash_attn_short) {
      |     ^~~~
/srv/ai/research/iq3s-residency-20261004T230051Z/campaigns/q4-live-oracle-20261006T040656Z/src/oracle-v3/src/core/layer.cpp:989:330: note: ...this statement, but the latter is misleadingly indented as if it were guarded by the ‘else’
  989 |     else if (st.kv_int8) kv_gather_q8_step(st.k_q, st.v_q, st.k_scale, st.v_scale, st.page_table, b.ids, st.step, cap, s,                                 b.k_scratch, b.v_scratch, stream);    else kv_gather_step(st.k_pool, st.v_pool, st.page_table, b.ids, st.step, cap, s, b.k_scratch, b.v_scratch,                   stream);    if (native_flash_attn_short) {
      |                                                                                                                                                                                                                                                                                                                                          ^~
/srv/ai/research/iq3s-residency-20261004T230051Z/campaigns/q4-live-oracle-20261006T040656Z/src/oracle-v3/src/core/layer.cpp:1013:5: warning: this ‘if’ clause does not guard... [-Wmisleading-indentation]
 1013 |     if (!w_attno->native_data) quantize_q8_K(b.attn32, b.attn_q8k, g.n_head * g.head_dim, stream);    if (w_attno->native_data) {
      |     ^~
/srv/ai/research/iq3s-residency-20261004T230051Z/campaigns/q4-live-oracle-20261006T040656Z/src/oracle-v3/src/core/layer.cpp:1013:103: note: ...this statement, but the latter is misleadingly indented as if it were guarded by the ‘if’
 1013 |     if (!w_attno->native_data) quantize_q8_K(b.attn32, b.attn_q8k, g.n_head * g.head_dim, stream);    if (w_attno->native_data) {
      |                                                                                                       ^~
/srv/ai/research/iq3s-residency-20261004T230051Z/campaigns/q4-live-oracle-20261006T040656Z/src/oracle-v3/src/core/layer.cpp:876:774: warning: unused variable ‘n_bid’ [-Wunused-variable]
  876 | bool qsa_layer(const WeightTable& tables, const ModelGeometry& g, int64_t layer, int64_t pos, int32_t pos_base,               const QsaState& st, const QsaBuffers& b, const float* x, float* out, void* stream,               std::string& err, float* dump) {    using namespace strata::kernels;    const QsaShapes s = qsa_shapes(g);    const LayerView v(tables, layer);    const int64_t n_kv = pos + 1;    /* P7 audit: RoPE reads cos/sin row pos_base + pos, and the table holds max_cells rows. */    if ((int64_t) pos_base + pos >= st.max_cells || pos_base < 0) {        err = "qsa_layer: position " + std::to_string((long long) pos_base + pos) + " is outside the RoPE table (" + std::to_string((long long) st.max_cells) + " rows)";        return false;    }    const int64_t n_bid = n_kv / s.idx_block;    const int64_t width = qsa_selection_width(n_kv, s);    const int64_t cap = qsa_selection_width(kTopkMaxCells, s);
      |                                                                                                                                                                                                                                                                                                                                                                                                                                                                                                                                                                                                                                                                                                                                                                                                      ^~~~~
/srv/ai/research/iq3s-residency-20261004T230051Z/campaigns/q4-live-oracle-20261006T040656Z/src/oracle-v3/src/core/layer.cpp:876:819: warning: unused variable ‘width’ [-Wunused-variable]
  876 | bool qsa_layer(const WeightTable& tables, const ModelGeometry& g, int64_t layer, int64_t pos, int32_t pos_base,               const QsaState& st, const QsaBuffers& b, const float* x, float* out, void* stream,               std::string& err, float* dump) {    using namespace strata::kernels;    const QsaShapes s = qsa_shapes(g);    const LayerView v(tables, layer);    const int64_t n_kv = pos + 1;    /* P7 audit: RoPE reads cos/sin row pos_base + pos, and the table holds max_cells rows. */    if ((int64_t) pos_base + pos >= st.max_cells || pos_base < 0) {        err = "qsa_layer: position " + std::to_string((long long) pos_base + pos) + " is outside the RoPE table (" + std::to_string((long long) st.max_cells) + " rows)";        return false;    }    const int64_t n_bid = n_kv / s.idx_block;    const int64_t width = qsa_selection_width(n_kv, s);    const int64_t cap = qsa_selection_width(kTopkMaxCells, s);
      |                                                                                                                                                                                                                                                                                                                                                                                                                                                                                                                                                                                                                                                                                                                                                                                                                                                   ^~~~~
/srv/ai/research/iq3s-residency-20261004T230051Z/campaigns/q4-live-oracle-20261006T040656Z/src/oracle-v3/src/core/layer.cpp: In function ‘bool strata::core::block_layer_pre(const WeightTable&, const ModelGeometry&, int64_t, int64_t, int32_t, const GdnBuffers&, const QsaState&, const QsaBuffers&, const MoEBuffers&, int64_t, const BlockBuffers&, void*, std::string&, const Doorbell*, const PleRun*, int, int)’:
/srv/ai/research/iq3s-residency-20261004T230051Z/campaigns/q4-live-oracle-20261006T040656Z/src/oracle-v3/src/core/layer.cpp:1198:23: warning: unused variable ‘hcd’ [-Wunused-variable]
 1198 |         const int64_t hcd = strata::kernels::NG_HC_DIM;
      |                       ^~~
/srv/ai/research/iq3s-residency-20261004T230051Z/campaigns/q4-live-oracle-20261006T040656Z/src/oracle-v3/src/core/layer.cpp: In function ‘bool strata::core::block_layer(const WeightTable&, const ModelGeometry&, int64_t, int64_t, int32_t, const GdnBuffers&, const QsaState&, const QsaBuffers&, const MoEBuffers&, int64_t, const BlockBuffers&, const float*, void*, std::string&, const Doorbell*, const PleRun*)’:
/srv/ai/research/iq3s-residency-20261004T230051Z/campaigns/q4-live-oracle-20261006T040656Z/src/oracle-v3/src/core/layer.cpp:1348:1: warning: this ‘if’ clause does not guard... [-Wmisleading-indentation]
 1348 | if (!block_layer_pre(tables, g, layer, pos, pos_base, gb, qst, qb, mb, k, bb, stream, err, db, ple))        return false;    return block_layer_post(tables, g, layer, k, mb, bb, parts, stream, err);}}
      | ^~
/srv/ai/research/iq3s-residency-20261004T230051Z/campaigns/q4-live-oracle-20261006T040656Z/src/oracle-v3/src/core/layer.cpp:1348:126: note: ...this statement, but the latter is misleadingly indented as if it were guarded by the ‘if’
 1348 | if (!block_layer_pre(tables, g, layer, pos, pos_base, gb, qst, qb, mb, k, bb, stream, err, db, ple))        return false;    return block_layer_post(tables, g, layer, k, mb, bb, parts, stream, err);}}
      |                                                                                                                              ^~~~~~
[87/270] Building CXX object CMakeFiles/strata_kernels_cpu.dir/src/kernels/cpu/iq_avx512.cpp.o
[88/270] Building CXX object CMakeFiles/strata_engine.dir/src/core/session.cpp.o
[89/270] Building CXX object CMakeFiles/strata_engine.dir/src/core/remote_experts.cpp.o
[90/270] Building CXX object CMakeFiles/strata_kernels_cpu.dir/src/kernels/cpu/iq_avx2.cpp.o
[91/270] Building CXX object CMakeFiles/strata_engine.dir/src/core/expert_cache.cpp.o
[92/270] Building CUDA object CMakeFiles/strata_kernels.dir/src/kernels/cuda/iq_kernels.cu.o
[93/270] Building CXX object CMakeFiles/strata_engine.dir/src/core/native_head.cpp.o
[94/270] Building CXX object CMakeFiles/strata_engine.dir/src/core/native_dense.cpp.o
[95/270] Building CXX object CMakeFiles/strata_engine.dir/src/core/conversation_memory.cpp.o
[96/270] Building CXX object CMakeFiles/strata_engine.dir/src/core/expert_source.cpp.o
In file included from /srv/ai/research/iq3s-residency-20261004T230051Z/campaigns/q4-live-oracle-20261006T040656Z/src/oracle-v3/src/core/expert_source.cpp:1:
/srv/ai/research/iq3s-residency-20261004T230051Z/campaigns/q4-live-oracle-20261006T040656Z/src/oracle-v3/include/strata/research/q4_oracle.hpp: In member function ‘void strata::research::Q4Oracle::begin()’:
/srv/ai/research/iq3s-residency-20261004T230051Z/campaigns/q4-live-oracle-20261006T040656Z/src/oracle-v3/include/strata/research/q4_oracle.hpp:38:3: warning: this ‘if’ clause does not guard... [-Wmisleading-indentation]
   38 |   if(!active)return;uint64_t t=ns();for(int d=0;d<2;++d)for(int c=0;c<3;++c){if(d==1&&c==2)continue;int pick=-1;double value=-1e100;for(int l=d*24;l<(d+1)*24;++l)if(cls(l)==c)for(int e=0;e<512;++e){if(res[l*512+e]<0)continue;const auto& first=q4_tape.windows.front();bool protected_first=false;for(int j=0;j<first.T*10;++j)protected_first|=first.routes.ids[l][j]==e;if(protected_first)continue;int nx=next(l,e,0);double val=!horizon?(nx<0?1e12:nx):(nx<0?double(horizon+1)-std::log1p(std::max(0.f,heat[l*512+e])):nx);if(val>value){value=val;pick=l*512+e;}}require(pick>=0,"no same-class reserve");donor_layer[d][c]=pick/512;donor_expert[d][c]=pick%512;spare[d][c]=res[pick];res[pick]=-1;int old;ck(cudaGetDevice(&old));ck(cudaSetDevice(d));ck(cudaMemcpy(dres[d]+pick,res+pick,4,cudaMemcpyHostToDevice));ck(cudaSetDevice(old));std::fprintf(stderr,"Q4_ORACLE_RESERVE device=%d class=%d bytes=%llu slot=%d layer=%d expert=%d active_minus1\n",d,c,(unsigned long long)sizes[c],spare[d][c],pick/512,pick%512);}planner_ns+=ns()-t;
      |   ^~
/srv/ai/research/iq3s-residency-20261004T230051Z/campaigns/q4-live-oracle-20261006T040656Z/src/oracle-v3/include/strata/research/q4_oracle.hpp:38:21: note: ...this statement, but the latter is misleadingly indented as if it were guarded by the ‘if’
   38 |   if(!active)return;uint64_t t=ns();for(int d=0;d<2;++d)for(int c=0;c<3;++c){if(d==1&&c==2)continue;int pick=-1;double value=-1e100;for(int l=d*24;l<(d+1)*24;++l)if(cls(l)==c)for(int e=0;e<512;++e){if(res[l*512+e]<0)continue;const auto& first=q4_tape.windows.front();bool protected_first=false;for(int j=0;j<first.T*10;++j)protected_first|=first.routes.ids[l][j]==e;if(protected_first)continue;int nx=next(l,e,0);double val=!horizon?(nx<0?1e12:nx):(nx<0?double(horizon+1)-std::log1p(std::max(0.f,heat[l*512+e])):nx);if(val>value){value=val;pick=l*512+e;}}require(pick>=0,"no same-class reserve");donor_layer[d][c]=pick/512;donor_expert[d][c]=pick%512;spare[d][c]=res[pick];res[pick]=-1;int old;ck(cudaGetDevice(&old));ck(cudaSetDevice(d));ck(cudaMemcpy(dres[d]+pick,res+pick,4,cudaMemcpyHostToDevice));ck(cudaSetDevice(old));std::fprintf(stderr,"Q4_ORACLE_RESERVE device=%d class=%d bytes=%llu slot=%d layer=%d expert=%d active_minus1\n",d,c,(unsigned long long)sizes[c],spare[d][c],pick/512,pick%512);}planner_ns+=ns()-t;
      |                     ^~~~~~~~
[97/270] Linking CXX static library libstrata_kernels_cpu.a
[98/270] Building CXX object CMakeFiles/strata_engine.dir/src/core/conversation_snapshot.cpp.o
[99/270] Building CUDA object CMakeFiles/strata_engine.dir/src/core/remote_expert_opt.cu.o
/srv/ai/research/iq3s-residency-20261004T230051Z/campaigns/q4-live-oracle-20261006T040656Z/src/oracle-v3/include/strata/core/expert_source.hpp(414): warning #611-D: overloaded virtual function "strata::core::ExpertSource::prefetch" is only partially overridden in class "strata::core::FileExpertSource"
  class FileExpertSource : public ExpertSource {
        ^

Remark: The warnings can be suppressed with "-diag-suppress <warning-number>"

/srv/ai/research/iq3s-residency-20261004T230051Z/campaigns/q4-live-oracle-20261006T040656Z/src/oracle-v3/include/strata/core/expert_source.hpp(653): warning #611-D: overloaded virtual function "strata::core::ExpertSource::prefetch" is only partially overridden in class "strata::core::ArenaExpertSource"
  class ArenaExpertSource : public ExpertSource {
        ^

/srv/ai/research/iq3s-residency-20261004T230051Z/campaigns/q4-live-oracle-20261006T040656Z/src/oracle-v3/include/strata/core/expert_source.hpp(414): warning #611-D: overloaded virtual function "strata::core::ExpertSource::prefetch" is only partially overridden in class "strata::core::FileExpertSource"
  class FileExpertSource : public ExpertSource {
        ^

Remark: The warnings can be suppressed with "-diag-suppress <warning-number>"

/srv/ai/research/iq3s-residency-20261004T230051Z/campaigns/q4-live-oracle-20261006T040656Z/src/oracle-v3/include/strata/core/expert_source.hpp(653): warning #611-D: overloaded virtual function "strata::core::ExpertSource::prefetch" is only partially overridden in class "strata::core::ArenaExpertSource"
  class ArenaExpertSource : public ExpertSource {
        ^

[100/270] Building CXX object CMakeFiles/strata_engine.dir/src/core/mtp.cpp.o
[101/270] Building CXX object CMakeFiles/strata_engine.dir/src/core/conversation_state.cpp.o
[102/270] Building CXX object CMakeFiles/strata_engine.dir/src/core/peer_experts.cpp.o
[103/270] Building CUDA object CMakeFiles/strata_kernels.dir/src/kernels/cuda/native_mmvq.cu.o
[104/270] Linking CXX static library libstrata_kernels.a
[105/270] Building CXX object CMakeFiles/strata_engine.dir/src/core/verify.cpp.o
/srv/ai/research/iq3s-residency-20261004T230051Z/campaigns/q4-live-oracle-20261006T040656Z/src/oracle-v3/src/core/verify.cpp: In static member function ‘static void strata::core::Verifier::raise_flag(uint32_t*, uint32_t)’:
/srv/ai/research/iq3s-residency-20261004T230051Z/campaigns/q4-live-oracle-20261006T040656Z/src/oracle-v3/src/core/verify.cpp:1607:20: warning: unused variable ‘f’ [-Wunused-variable]
 1607 |     volatile long* f = (volatile long*) flag;
      |                    ^
[106/270] Building CUDA object CMakeFiles/strata_mmq.dir/src/prefill/moe_fused.cu.o
