PASS balanced conservative kappa 994451920984712422898588106827/625000000000000000000000000000000000000 strict conditions 37 cutoff 15083685472
PASS balanced tight kappa 15911230743666875756818042088353/10000000000000000000000000000000000000000 strict conditions 37 cutoff 55340232221128654848
	Command being timed: "python3 -B /srv/ai/research/research/integer-multiplication-bounds/code/review_balanced_assembly.py --certificate /srv/ai/research/research/integer-multiplication-bounds/runs/20261008T015046Z-downstream-balanced-repaired473026/results/certificate.json --previous /srv/ai/research/research/integer-multiplication-bounds/runs/20261008T014759Z-downstream-generic-compact473026/results/certificate.json --previous-review /srv/ai/research/research/integer-multiplication-bounds/runs/20261008T015019Z-review-compact-generic473026/results/certificate.json --layout /srv/ai/research/research/integer-multiplication-bounds/runs/20261008T014406Z-downstream-balanced-layout/results/certificate.json --operator-review /srv/ai/research/research/integer-multiplication-bounds/runs/20261008T015953Z-review-balanced-operators/results/certificate.json --reference /srv/ai/work/rad/integer-multiplication-bounds/20261007T222521Z/repos/upstream-compact-control-6e564879 --output /srv/ai/work/rad/integer-multiplication-bounds/20261007T222521Z/derived/review/20261008T020903Z-review-balanced-assembly473026/certificate.json"
	User time (seconds): 0.04
	System time (seconds): 0.01
	Percent of CPU this job got: 52%
	Elapsed (wall clock) time (h:mm:ss or m:ss): 0:00.12
	Average shared text size (kbytes): 0
	Average unshared data size (kbytes): 0
	Average stack size (kbytes): 0
	Average total size (kbytes): 0
	Maximum resident set size (kbytes): 23352
	Average resident set size (kbytes): 0
	Major (requiring I/O) page faults: 0
	Minor (reclaiming a frame) page faults: 3352
	Voluntary context switches: 247
	Involuntary context switches: 21
	Swaps: 0
	File system inputs: 0
	File system outputs: 40
	Socket messages sent: 0
	Socket messages received: 0
	Signals delivered: 0
	Page size (bytes): 4096
	Exit status: 0
