PASS two-family conservative original 27703305955152165950310679437763/2500000000000000000000000000000000000000
PASS two-family conservative balanced 110813225048568076904762074492383/10000000000000000000000000000000000000000
PASS two-family tight original 22162708172097413588838096632793/2000000000000000000000000000000000000000
PASS two-family tight balanced 55406771044225582677789575167479/5000000000000000000000000000000000000000
PASS tensor-data conservative original 24227080359359478293664341417121/2000000000000000000000000000000000000000
PASS tensor-data conservative balanced 121135403264178764895846675650541/10000000000000000000000000000000000000000
PASS tensor-data tight original 60567874184364451154344927021321/5000000000000000000000000000000000000000
PASS tensor-data tight balanced 30283937459028968342298108616971/2500000000000000000000000000000000000000
	Command being timed: "timeout 60 /srv/ai/work/rad/integer-multiplication-bounds/20261007T222521Z/envs/math/bin/python -B /srv/ai/research/research/integer-multiplication-bounds/code/review_uncapped_assembly.py --certificate /srv/ai/research/research/integer-multiplication-bounds/runs/20261008T053614Z-downstream-uncapped-middle-semantic-bulk/results/certificate.json --previous /srv/ai/research/research/integer-multiplication-bounds/runs/20261008T050958Z-downstream-rotated-batched-semantic-bulk/results/certificate.json --previous-review /srv/ai/research/research/integer-multiplication-bounds/runs/20261008T052819Z-review-axis-assembly/results/certificate.json --primitive /srv/ai/research/research/integer-multiplication-bounds/runs/20261008T052835Z-downstream-uncapped-middle-repair/results/certificate.json --uncapped-review /srv/ai/research/research/integer-multiplication-bounds/runs/20261008T0533Z-review-uncapped-middle/results/certificate.json --finite-review /srv/ai/research/research/integer-multiplication-bounds/runs/20261008T051931Z-review-explicit-clone-repair/results/certificate.json --clone-proof /srv/ai/research/research/integer-multiplication-bounds/runs/20261008T0517Z-review-clone-proof/results/certificate.json --output /srv/ai/work/rad/integer-multiplication-bounds/20261007T222521Z/derived/20261008T054255Z-review-uncapped-assembly/certificate.json"
	User time (seconds): 1.56
	System time (seconds): 0.01
	Percent of CPU this job got: 81%
	Elapsed (wall clock) time (h:mm:ss or m:ss): 0:01.94
	Average shared text size (kbytes): 0
	Average unshared data size (kbytes): 0
	Average stack size (kbytes): 0
	Average total size (kbytes): 0
	Maximum resident set size (kbytes): 26584
	Average resident set size (kbytes): 0
	Major (requiring I/O) page faults: 0
	Minor (reclaiming a frame) page faults: 5084
	Voluntary context switches: 351
	Involuntary context switches: 63
	Swaps: 0
	File system inputs: 0
	File system outputs: 100
	Socket messages sent: 0
	Socket messages received: 0
	Signals delivered: 0
	Page size (bytes): 4096
	Exit status: 0
