PASS generic {'bit_roles': 472985, 'bit_candidate': '2af21b3008b368a4d6533a1fe5df2b4dc82979de24ac58260e708c2da8a16b04', 'bit_compiled_sha256': 'a915626899ba308501e0abae7d187822fe29cd655941375996d0cbcfcaada077', 'complex_ground': 28, 'complex_roles': 97586, 'complex_coefficients': 7780500, 'complex_logical_frames': 94310, 'complex_physical_transitions': 559308, 'complete_dirty_h8_basis_dimension': 1019, 'immutable_source_hashes_checked': True} rows 2
	Command being timed: "python3 -B /srv/ai/research/research/integer-multiplication-bounds/code/review_compact_generic.py --certificate /srv/ai/research/research/integer-multiplication-bounds/runs/20261008T021722Z-downstream-generic-compact472985/results/certificate.json --reference /srv/ai/work/rad/integer-multiplication-bounds/20261007T222521Z/repos/upstream-compact-control-6e564879 --bit-review /srv/ai/research/research/integer-multiplication-bounds/runs/20261008T021221Z-review-singleton-structured450/results/certificate.json --complex-review /srv/ai/research/research/integer-multiplication-bounds/runs/20261008T013158Z-review-complex28/results/independent-audit.json --complex-candidate /srv/ai/research/research/integer-multiplication-bounds/runs/20261008T013158Z-review-complex28/results/producer-copy.json --calibration /srv/ai/research/research/integer-multiplication-bounds/runs/20261008T004215Z-review-complex-transfer/results/small-binary-independent.json --output /srv/ai/work/rad/integer-multiplication-bounds/20261007T222521Z/derived/review/20261008T021825Z-review-compact-generic472985/certificate.json"
	User time (seconds): 0.05
	System time (seconds): 0.01
	Percent of CPU this job got: 89%
	Elapsed (wall clock) time (h:mm:ss or m:ss): 0:00.06
	Average shared text size (kbytes): 0
	Average unshared data size (kbytes): 0
	Average stack size (kbytes): 0
	Average total size (kbytes): 0
	Maximum resident set size (kbytes): 23624
	Average resident set size (kbytes): 0
	Major (requiring I/O) page faults: 0
	Minor (reclaiming a frame) page faults: 3346
	Voluntary context switches: 175
	Involuntary context switches: 14
	Swaps: 0
	File system inputs: 0
	File system outputs: 43
	Socket messages sent: 0
	Socket messages received: 0
	Signals delivered: 0
	Page size (bytes): 4096
	Exit status: 0
