PASS generic {'bit_roles': 484264, 'bit_candidate': '6a112b577b3feb05a94dcdfee41c449777edf0894e7fb73513ad805a5b141bd4', 'bit_compiled_sha256': '91788d65aebb8fc9fb12a20350004f6cd766f5c36b6a226e9495bdd8a3ac55b5', 'complex_ground': 28, 'complex_roles': 97586, 'complex_coefficients': 7780500, 'complex_logical_frames': 94310, 'complex_physical_transitions': 559308, 'complete_dirty_h8_basis_dimension': 1019, 'immutable_source_hashes_checked': True} rows 2
	Command being timed: "python3 -B /srv/ai/research/research/integer-multiplication-bounds/code/review_compact_generic.py --certificate /srv/ai/research/research/integer-multiplication-bounds/runs/20261008T013716Z-downstream-generic-compact28/results/certificate.json --reference /srv/ai/work/rad/integer-multiplication-bounds/20261007T222521Z/repos/upstream-compact-control-6e564879 --bit-review /srv/ai/research/research/integer-multiplication-bounds/runs/20261008T010700Z-review-singleton-final219/results/certificate.json --complex-review /srv/ai/research/research/integer-multiplication-bounds/runs/20261008T013158Z-review-complex28/results/independent-audit.json --complex-candidate /srv/ai/research/research/integer-multiplication-bounds/runs/20261008T013158Z-review-complex28/results/producer-copy.json --calibration /srv/ai/research/research/integer-multiplication-bounds/runs/20261008T004215Z-review-complex-transfer/results/small-binary-independent.json --output /srv/ai/work/rad/integer-multiplication-bounds/20261007T222521Z/derived/review/20261008T014611Z-review-compact-generic28/certificate.json"
	User time (seconds): 0.06
	System time (seconds): 0.01
	Percent of CPU this job got: 37%
	Elapsed (wall clock) time (h:mm:ss or m:ss): 0:00.20
	Average shared text size (kbytes): 0
	Average unshared data size (kbytes): 0
	Average stack size (kbytes): 0
	Average total size (kbytes): 0
	Maximum resident set size (kbytes): 23612
	Average resident set size (kbytes): 0
	Major (requiring I/O) page faults: 0
	Minor (reclaiming a frame) page faults: 3418
	Voluntary context switches: 185
	Involuntary context switches: 19
	Swaps: 0
	File system inputs: 0
	File system outputs: 43
	Socket messages sent: 0
	Socket messages received: 0
	Signals delivered: 0
	Page size (bytes): 4096
	Exit status: 0
